

================================================================
== Vitis HLS Report for 'B_Buf_to_stream579'
================================================================
* Date:           Mon Aug 31 18:31:22 2026

* Version:        2023.2 (Build 4023990 on Oct 11 2023)
* Project:        hls_project
* Solution:       gemm2 (Vitis Kernel Flow Target)
* Product family: versalaicore
* Target device:  xcvc1902-vsva2197-2MP-e-S


================================================================
== Performance Estimates
================================================================
+ Timing: 
    * Summary: 
    +--------+---------+----------+------------+
    |  Clock |  Target | Estimated| Uncertainty|
    +--------+---------+----------+------------+
    |ap_clk  |  3.33 ns|  1.397 ns|     0.90 ns|
    +--------+---------+----------+------------+

+ Latency: 
    * Summary: 
    +---------+---------+-----------+-----------+-----+-----+---------+
    |  Latency (cycles) |   Latency (absolute)  |  Interval | Pipeline|
    |   min   |   max   |    min    |    max    | min | max |   Type  |
    +---------+---------+-----------+-----------+-----+-----+---------+
    |       10|       10|  33.330 ns|  33.330 ns|   10|   10|       no|
    +---------+---------+-----------+-----------+-----+-----+---------+

    + Detail: 
        * Instance: 
        N/A

        * Loop: 
        +-------------------+---------+---------+----------+-----------+-----------+------+----------+
        |                   |  Latency (cycles) | Iteration|  Initiation Interval  | Trip |          |
        |     Loop Name     |   min   |   max   |  Latency |  achieved |   target  | Count| Pipelined|
        +-------------------+---------+---------+----------+-----------+-----------+------+----------+
        |- VITIS_LOOP_30_1  |        8|        8|         2|          1|          1|     8|       yes|
        +-------------------+---------+---------+----------+-----------+-----------+------+----------+



================================================================
== Utilization Estimates
================================================================
* Summary: 
+-----------------+---------+------+---------+--------+-----+
|       Name      | BRAM_18K|  DSP |    FF   |   LUT  | URAM|
+-----------------+---------+------+---------+--------+-----+
|DSP              |        -|     -|        -|       -|    -|
|Expression       |        -|     -|        0|      18|    -|
|FIFO             |        -|     -|        -|       -|    -|
|Instance         |        -|     -|        0|     744|    -|
|Memory           |        -|     -|        -|       -|    -|
|Multiplexer      |        -|     -|        -|      30|    -|
|Register         |        -|     -|      264|       -|    -|
+-----------------+---------+------+---------+--------+-----+
|Total            |        0|     0|      264|     792|    0|
+-----------------+---------+------+---------+--------+-----+
|Available        |     1934|  1968|  1799680|  899840|  463|
+-----------------+---------+------+---------+--------+-----+
|Utilization (%)  |        0|     0|       ~0|      ~0|    0|
+-----------------+---------+------+---------+--------+-----+

+ Detail: 
    * Instance: 
    +----------------------------+-----------------------+---------+----+---+----+-----+
    |          Instance          |         Module        | BRAM_18K| DSP| FF| LUT| URAM|
    +----------------------------+-----------------------+---------+----+---+----+-----+
    |sparsemux_17_3_32_1_1_U180  |sparsemux_17_3_32_1_1  |        0|   0|  0|  93|    0|
    |sparsemux_17_3_32_1_1_U181  |sparsemux_17_3_32_1_1  |        0|   0|  0|  93|    0|
    |sparsemux_17_3_32_1_1_U182  |sparsemux_17_3_32_1_1  |        0|   0|  0|  93|    0|
    |sparsemux_17_3_32_1_1_U183  |sparsemux_17_3_32_1_1  |        0|   0|  0|  93|    0|
    |sparsemux_17_3_32_1_1_U184  |sparsemux_17_3_32_1_1  |        0|   0|  0|  93|    0|
    |sparsemux_17_3_32_1_1_U185  |sparsemux_17_3_32_1_1  |        0|   0|  0|  93|    0|
    |sparsemux_17_3_32_1_1_U186  |sparsemux_17_3_32_1_1  |        0|   0|  0|  93|    0|
    |sparsemux_17_3_32_1_1_U187  |sparsemux_17_3_32_1_1  |        0|   0|  0|  93|    0|
    +----------------------------+-----------------------+---------+----+---+----+-----+
    |Total                       |                       |        0|   0|  0| 744|    0|
    +----------------------------+-----------------------+---------+----+---+----+-----+

    * DSP: 
    N/A

    * Memory: 
    N/A

    * FIFO: 
    N/A

    * Expression: 
    +----------------------------------+----------+----+---+----+------------+------------+
    |           Variable Name          | Operation| DSP| FF| LUT| Bitwidth P0| Bitwidth P1|
    +----------------------------------+----------+----+---+----+------------+------------+
    |add_ln30_fu_790_p2                |         +|   0|  0|   5|           4|           1|
    |ap_condition_238                  |       and|   0|  0|   2|           1|           1|
    |icmp_ln30_fu_796_p2               |      icmp|   0|  0|   5|           4|           5|
    |ap_block_pp0_stage0_01001         |        or|   0|  0|   2|           1|           1|
    |ap_block_state2_pp0_stage0_iter1  |        or|   0|  0|   2|           1|           1|
    |ap_enable_pp0                     |       xor|   0|  0|   2|           1|           2|
    +----------------------------------+----------+----+---+----+------------+------------+
    |Total                             |          |   0|  0|  18|          12|          11|
    +----------------------------------+----------+----+---+----+------------+------------+

    * Multiplexer: 
    +-------------------------+----+-----------+-----+-----------+
    |           Name          | LUT| Input Size| Bits| Total Bits|
    +-------------------------+----+-----------+-----+-----------+
    |B_stream_0_0_blk_n       |   2|          2|    1|          2|
    |B_stream_0_1_blk_n       |   2|          2|    1|          2|
    |B_stream_0_2_blk_n       |   2|          2|    1|          2|
    |B_stream_0_3_blk_n       |   2|          2|    1|          2|
    |B_stream_0_4_blk_n       |   2|          2|    1|          2|
    |B_stream_0_5_blk_n       |   2|          2|    1|          2|
    |B_stream_0_6_blk_n       |   2|          2|    1|          2|
    |B_stream_0_7_blk_n       |   2|          2|    1|          2|
    |ap_done_int              |   2|          2|    1|          2|
    |ap_enable_reg_pp0_iter1  |   2|          2|    1|          2|
    |ap_sig_allocacmp_k_1     |   4|          2|    4|          8|
    |k_fu_200                 |   4|          2|    4|          8|
    |real_start               |   2|          2|    1|          2|
    +-------------------------+----+-----------+-----+-----------+
    |Total                    |  30|         26|   19|         38|
    +-------------------------+----+-----------+-----+-----------+

    * Register: 
    +-------------------------+----+----+-----+-----------+
    |           Name          | FF | LUT| Bits| Const Bits|
    +-------------------------+----+----+-----+-----------+
    |ap_CS_fsm                |   1|   0|    1|          0|
    |ap_done_reg              |   1|   0|    1|          0|
    |ap_enable_reg_pp0_iter1  |   1|   0|    1|          0|
    |k_fu_200                 |   4|   0|    4|          0|
    |start_once_reg           |   1|   0|    1|          0|
    |tmp_1_reg_1245           |  32|   0|   32|          0|
    |tmp_2_reg_1250           |  32|   0|   32|          0|
    |tmp_6_reg_1225           |  32|   0|   32|          0|
    |tmp_7_reg_1230           |  32|   0|   32|          0|
    |tmp_8_reg_1235           |  32|   0|   32|          0|
    |tmp_9_reg_1240           |  32|   0|   32|          0|
    |tmp_reg_1215             |  32|   0|   32|          0|
    |tmp_s_reg_1220           |  32|   0|   32|          0|
    +-------------------------+----+----+-----+-----------+
    |Total                    | 264|   0|  264|          0|
    +-------------------------+----+----+-----+-----------+



================================================================
== Interface
================================================================
* Summary: 
+-----------------------------+-----+-----+------------+--------------------+--------------+
|          RTL Ports          | Dir | Bits|  Protocol  |    Source Object   |    C Type    |
+-----------------------------+-----+-----+------------+--------------------+--------------+
|ap_clk                       |   in|    1|  ap_ctrl_hs|  B_Buf_to_stream579|  return value|
|ap_rst                       |   in|    1|  ap_ctrl_hs|  B_Buf_to_stream579|  return value|
|ap_start                     |   in|    1|  ap_ctrl_hs|  B_Buf_to_stream579|  return value|
|start_full_n                 |   in|    1|  ap_ctrl_hs|  B_Buf_to_stream579|  return value|
|ap_done                      |  out|    1|  ap_ctrl_hs|  B_Buf_to_stream579|  return value|
|ap_continue                  |   in|    1|  ap_ctrl_hs|  B_Buf_to_stream579|  return value|
|ap_idle                      |  out|    1|  ap_ctrl_hs|  B_Buf_to_stream579|  return value|
|ap_ready                     |  out|    1|  ap_ctrl_hs|  B_Buf_to_stream579|  return value|
|start_out                    |  out|    1|  ap_ctrl_hs|  B_Buf_to_stream579|  return value|
|start_write                  |  out|    1|  ap_ctrl_hs|  B_Buf_to_stream579|  return value|
|B_stream_0_0_din             |  out|   32|     ap_fifo|        B_stream_0_0|       pointer|
|B_stream_0_0_num_data_valid  |   in|    5|     ap_fifo|        B_stream_0_0|       pointer|
|B_stream_0_0_fifo_cap        |   in|    5|     ap_fifo|        B_stream_0_0|       pointer|
|B_stream_0_0_full_n          |   in|    1|     ap_fifo|        B_stream_0_0|       pointer|
|B_stream_0_0_write           |  out|    1|     ap_fifo|        B_stream_0_0|       pointer|
|B_stream_0_1_din             |  out|   32|     ap_fifo|        B_stream_0_1|       pointer|
|B_stream_0_1_num_data_valid  |   in|    5|     ap_fifo|        B_stream_0_1|       pointer|
|B_stream_0_1_fifo_cap        |   in|    5|     ap_fifo|        B_stream_0_1|       pointer|
|B_stream_0_1_full_n          |   in|    1|     ap_fifo|        B_stream_0_1|       pointer|
|B_stream_0_1_write           |  out|    1|     ap_fifo|        B_stream_0_1|       pointer|
|B_stream_0_2_din             |  out|   32|     ap_fifo|        B_stream_0_2|       pointer|
|B_stream_0_2_num_data_valid  |   in|    5|     ap_fifo|        B_stream_0_2|       pointer|
|B_stream_0_2_fifo_cap        |   in|    5|     ap_fifo|        B_stream_0_2|       pointer|
|B_stream_0_2_full_n          |   in|    1|     ap_fifo|        B_stream_0_2|       pointer|
|B_stream_0_2_write           |  out|    1|     ap_fifo|        B_stream_0_2|       pointer|
|B_stream_0_3_din             |  out|   32|     ap_fifo|        B_stream_0_3|       pointer|
|B_stream_0_3_num_data_valid  |   in|    5|     ap_fifo|        B_stream_0_3|       pointer|
|B_stream_0_3_fifo_cap        |   in|    5|     ap_fifo|        B_stream_0_3|       pointer|
|B_stream_0_3_full_n          |   in|    1|     ap_fifo|        B_stream_0_3|       pointer|
|B_stream_0_3_write           |  out|    1|     ap_fifo|        B_stream_0_3|       pointer|
|B_stream_0_4_din             |  out|   32|     ap_fifo|        B_stream_0_4|       pointer|
|B_stream_0_4_num_data_valid  |   in|    5|     ap_fifo|        B_stream_0_4|       pointer|
|B_stream_0_4_fifo_cap        |   in|    5|     ap_fifo|        B_stream_0_4|       pointer|
|B_stream_0_4_full_n          |   in|    1|     ap_fifo|        B_stream_0_4|       pointer|
|B_stream_0_4_write           |  out|    1|     ap_fifo|        B_stream_0_4|       pointer|
|B_stream_0_5_din             |  out|   32|     ap_fifo|        B_stream_0_5|       pointer|
|B_stream_0_5_num_data_valid  |   in|    5|     ap_fifo|        B_stream_0_5|       pointer|
|B_stream_0_5_fifo_cap        |   in|    5|     ap_fifo|        B_stream_0_5|       pointer|
|B_stream_0_5_full_n          |   in|    1|     ap_fifo|        B_stream_0_5|       pointer|
|B_stream_0_5_write           |  out|    1|     ap_fifo|        B_stream_0_5|       pointer|
|B_stream_0_6_din             |  out|   32|     ap_fifo|        B_stream_0_6|       pointer|
|B_stream_0_6_num_data_valid  |   in|    5|     ap_fifo|        B_stream_0_6|       pointer|
|B_stream_0_6_fifo_cap        |   in|    5|     ap_fifo|        B_stream_0_6|       pointer|
|B_stream_0_6_full_n          |   in|    1|     ap_fifo|        B_stream_0_6|       pointer|
|B_stream_0_6_write           |  out|    1|     ap_fifo|        B_stream_0_6|       pointer|
|B_stream_0_7_din             |  out|   32|     ap_fifo|        B_stream_0_7|       pointer|
|B_stream_0_7_num_data_valid  |   in|    5|     ap_fifo|        B_stream_0_7|       pointer|
|B_stream_0_7_fifo_cap        |   in|    5|     ap_fifo|        B_stream_0_7|       pointer|
|B_stream_0_7_full_n          |   in|    1|     ap_fifo|        B_stream_0_7|       pointer|
|B_stream_0_7_write           |  out|    1|     ap_fifo|        B_stream_0_7|       pointer|
|B_TILE_0_0                   |   in|   32|   ap_stable|          B_TILE_0_0|       pointer|
|B_TILE_0_1                   |   in|   32|   ap_stable|          B_TILE_0_1|       pointer|
|B_TILE_0_2                   |   in|   32|   ap_stable|          B_TILE_0_2|       pointer|
|B_TILE_0_3                   |   in|   32|   ap_stable|          B_TILE_0_3|       pointer|
|B_TILE_0_4                   |   in|   32|   ap_stable|          B_TILE_0_4|       pointer|
|B_TILE_0_5                   |   in|   32|   ap_stable|          B_TILE_0_5|       pointer|
|B_TILE_0_6                   |   in|   32|   ap_stable|          B_TILE_0_6|       pointer|
|B_TILE_0_7                   |   in|   32|   ap_stable|          B_TILE_0_7|       pointer|
|B_TILE_1_0                   |   in|   32|   ap_stable|          B_TILE_1_0|       pointer|
|B_TILE_1_1                   |   in|   32|   ap_stable|          B_TILE_1_1|       pointer|
|B_TILE_1_2                   |   in|   32|   ap_stable|          B_TILE_1_2|       pointer|
|B_TILE_1_3                   |   in|   32|   ap_stable|          B_TILE_1_3|       pointer|
|B_TILE_1_4                   |   in|   32|   ap_stable|          B_TILE_1_4|       pointer|
|B_TILE_1_5                   |   in|   32|   ap_stable|          B_TILE_1_5|       pointer|
|B_TILE_1_6                   |   in|   32|   ap_stable|          B_TILE_1_6|       pointer|
|B_TILE_1_7                   |   in|   32|   ap_stable|          B_TILE_1_7|       pointer|
|B_TILE_2_0                   |   in|   32|   ap_stable|          B_TILE_2_0|       pointer|
|B_TILE_2_1                   |   in|   32|   ap_stable|          B_TILE_2_1|       pointer|
|B_TILE_2_2                   |   in|   32|   ap_stable|          B_TILE_2_2|       pointer|
|B_TILE_2_3                   |   in|   32|   ap_stable|          B_TILE_2_3|       pointer|
|B_TILE_2_4                   |   in|   32|   ap_stable|          B_TILE_2_4|       pointer|
|B_TILE_2_5                   |   in|   32|   ap_stable|          B_TILE_2_5|       pointer|
|B_TILE_2_6                   |   in|   32|   ap_stable|          B_TILE_2_6|       pointer|
|B_TILE_2_7                   |   in|   32|   ap_stable|          B_TILE_2_7|       pointer|
|B_TILE_3_0                   |   in|   32|   ap_stable|          B_TILE_3_0|       pointer|
|B_TILE_3_1                   |   in|   32|   ap_stable|          B_TILE_3_1|       pointer|
|B_TILE_3_2                   |   in|   32|   ap_stable|          B_TILE_3_2|       pointer|
|B_TILE_3_3                   |   in|   32|   ap_stable|          B_TILE_3_3|       pointer|
|B_TILE_3_4                   |   in|   32|   ap_stable|          B_TILE_3_4|       pointer|
|B_TILE_3_5                   |   in|   32|   ap_stable|          B_TILE_3_5|       pointer|
|B_TILE_3_6                   |   in|   32|   ap_stable|          B_TILE_3_6|       pointer|
|B_TILE_3_7                   |   in|   32|   ap_stable|          B_TILE_3_7|       pointer|
|B_TILE_4_0                   |   in|   32|   ap_stable|          B_TILE_4_0|       pointer|
|B_TILE_4_1                   |   in|   32|   ap_stable|          B_TILE_4_1|       pointer|
|B_TILE_4_2                   |   in|   32|   ap_stable|          B_TILE_4_2|       pointer|
|B_TILE_4_3                   |   in|   32|   ap_stable|          B_TILE_4_3|       pointer|
|B_TILE_4_4                   |   in|   32|   ap_stable|          B_TILE_4_4|       pointer|
|B_TILE_4_5                   |   in|   32|   ap_stable|          B_TILE_4_5|       pointer|
|B_TILE_4_6                   |   in|   32|   ap_stable|          B_TILE_4_6|       pointer|
|B_TILE_4_7                   |   in|   32|   ap_stable|          B_TILE_4_7|       pointer|
|B_TILE_5_0                   |   in|   32|   ap_stable|          B_TILE_5_0|       pointer|
|B_TILE_5_1                   |   in|   32|   ap_stable|          B_TILE_5_1|       pointer|
|B_TILE_5_2                   |   in|   32|   ap_stable|          B_TILE_5_2|       pointer|
|B_TILE_5_3                   |   in|   32|   ap_stable|          B_TILE_5_3|       pointer|
|B_TILE_5_4                   |   in|   32|   ap_stable|          B_TILE_5_4|       pointer|
|B_TILE_5_5                   |   in|   32|   ap_stable|          B_TILE_5_5|       pointer|
|B_TILE_5_6                   |   in|   32|   ap_stable|          B_TILE_5_6|       pointer|
|B_TILE_5_7                   |   in|   32|   ap_stable|          B_TILE_5_7|       pointer|
|B_TILE_6_0                   |   in|   32|   ap_stable|          B_TILE_6_0|       pointer|
|B_TILE_6_1                   |   in|   32|   ap_stable|          B_TILE_6_1|       pointer|
|B_TILE_6_2                   |   in|   32|   ap_stable|          B_TILE_6_2|       pointer|
|B_TILE_6_3                   |   in|   32|   ap_stable|          B_TILE_6_3|       pointer|
|B_TILE_6_4                   |   in|   32|   ap_stable|          B_TILE_6_4|       pointer|
|B_TILE_6_5                   |   in|   32|   ap_stable|          B_TILE_6_5|       pointer|
|B_TILE_6_6                   |   in|   32|   ap_stable|          B_TILE_6_6|       pointer|
|B_TILE_6_7                   |   in|   32|   ap_stable|          B_TILE_6_7|       pointer|
|B_TILE_7_0                   |   in|   32|   ap_stable|          B_TILE_7_0|       pointer|
|B_TILE_7_1                   |   in|   32|   ap_stable|          B_TILE_7_1|       pointer|
|B_TILE_7_2                   |   in|   32|   ap_stable|          B_TILE_7_2|       pointer|
|B_TILE_7_3                   |   in|   32|   ap_stable|          B_TILE_7_3|       pointer|
|B_TILE_7_4                   |   in|   32|   ap_stable|          B_TILE_7_4|       pointer|
|B_TILE_7_5                   |   in|   32|   ap_stable|          B_TILE_7_5|       pointer|
|B_TILE_7_6                   |   in|   32|   ap_stable|          B_TILE_7_6|       pointer|
|B_TILE_7_7                   |   in|   32|   ap_stable|          B_TILE_7_7|       pointer|
+-----------------------------+-----+-----+------------+--------------------+--------------+

