

================================================================
== Vitis HLS Report for 'B_Buf_to_stream5282'
================================================================
* Date:           Tue Sep  1 15:24:34 2026

* Version:        2023.2 (Build 4023990 on Oct 11 2023)
* Project:        hls_project
* Solution:       gemm2 (Vitis Kernel Flow Target)
* Product family: versalaicore
* Target device:  xcvc1902-vsva2197-2MP-e-S


================================================================
== Performance Estimates
================================================================
+ Timing: 
    * Summary: 
    +--------+---------+----------+------------+
    |  Clock |  Target | Estimated| Uncertainty|
    +--------+---------+----------+------------+
    |ap_clk  |  3.33 ns|  1.861 ns|     0.90 ns|
    +--------+---------+----------+------------+

+ Latency: 
    * Summary: 
    +---------+---------+----------+----------+-----+-----+---------+
    |  Latency (cycles) |  Latency (absolute) |  Interval | Pipeline|
    |   min   |   max   |    min   |    max   | min | max |   Type  |
    +---------+---------+----------+----------+-----+-----+---------+
    |       34|       34|  0.113 us|  0.113 us|   34|   34|       no|
    +---------+---------+----------+----------+-----+-----+---------+

    + Detail: 
        * Instance: 
        N/A

        * Loop: 
        +-------------------+---------+---------+----------+-----------+-----------+------+----------+
        |                   |  Latency (cycles) | Iteration|  Initiation Interval  | Trip |          |
        |     Loop Name     |   min   |   max   |  Latency |  achieved |   target  | Count| Pipelined|
        +-------------------+---------+---------+----------+-----------+-----------+------+----------+
        |- VITIS_LOOP_30_1  |       32|       32|         2|          1|          1|    32|       yes|
        +-------------------+---------+---------+----------+-----------+-----------+------+----------+



================================================================
== Utilization Estimates
================================================================
* Summary: 
+-----------------+---------+------+---------+--------+-----+
|       Name      | BRAM_18K|  DSP |    FF   |   LUT  | URAM|
+-----------------+---------+------+---------+--------+-----+
|DSP              |        -|     -|        -|       -|    -|
|Expression       |        -|     -|        0|      21|    -|
|FIFO             |        -|     -|        -|       -|    -|
|Instance         |        -|     -|        0|    5632|    -|
|Memory           |        -|     -|        -|       -|    -|
|Multiplexer      |        -|     -|        -|      48|    -|
|Register         |        -|     -|      522|       -|    -|
+-----------------+---------+------+---------+--------+-----+
|Total            |        0|     0|      522|    5701|    0|
+-----------------+---------+------+---------+--------+-----+
|Available        |     1934|  1968|  1799680|  899840|  463|
+-----------------+---------+------+---------+--------+-----+
|Utilization (%)  |        0|     0|       ~0|      ~0|    0|
+-----------------+---------+------+---------+--------+-----+

+ Detail: 
    * Instance: 
    +-----------------------------+-----------------------+---------+----+---+-----+-----+
    |           Instance          |         Module        | BRAM_18K| DSP| FF| LUT | URAM|
    +-----------------------------+-----------------------+---------+----+---+-----+-----+
    |sparsemux_65_5_32_1_1_U1137  |sparsemux_65_5_32_1_1  |        0|   0|  0|  352|    0|
    |sparsemux_65_5_32_1_1_U1138  |sparsemux_65_5_32_1_1  |        0|   0|  0|  352|    0|
    |sparsemux_65_5_32_1_1_U1139  |sparsemux_65_5_32_1_1  |        0|   0|  0|  352|    0|
    |sparsemux_65_5_32_1_1_U1140  |sparsemux_65_5_32_1_1  |        0|   0|  0|  352|    0|
    |sparsemux_65_5_32_1_1_U1141  |sparsemux_65_5_32_1_1  |        0|   0|  0|  352|    0|
    |sparsemux_65_5_32_1_1_U1142  |sparsemux_65_5_32_1_1  |        0|   0|  0|  352|    0|
    |sparsemux_65_5_32_1_1_U1143  |sparsemux_65_5_32_1_1  |        0|   0|  0|  352|    0|
    |sparsemux_65_5_32_1_1_U1144  |sparsemux_65_5_32_1_1  |        0|   0|  0|  352|    0|
    |sparsemux_65_5_32_1_1_U1145  |sparsemux_65_5_32_1_1  |        0|   0|  0|  352|    0|
    |sparsemux_65_5_32_1_1_U1146  |sparsemux_65_5_32_1_1  |        0|   0|  0|  352|    0|
    |sparsemux_65_5_32_1_1_U1147  |sparsemux_65_5_32_1_1  |        0|   0|  0|  352|    0|
    |sparsemux_65_5_32_1_1_U1148  |sparsemux_65_5_32_1_1  |        0|   0|  0|  352|    0|
    |sparsemux_65_5_32_1_1_U1149  |sparsemux_65_5_32_1_1  |        0|   0|  0|  352|    0|
    |sparsemux_65_5_32_1_1_U1150  |sparsemux_65_5_32_1_1  |        0|   0|  0|  352|    0|
    |sparsemux_65_5_32_1_1_U1151  |sparsemux_65_5_32_1_1  |        0|   0|  0|  352|    0|
    |sparsemux_65_5_32_1_1_U1152  |sparsemux_65_5_32_1_1  |        0|   0|  0|  352|    0|
    +-----------------------------+-----------------------+---------+----+---+-----+-----+
    |Total                        |                       |        0|   0|  0| 5632|    0|
    +-----------------------------+-----------------------+---------+----+---+-----+-----+

    * DSP: 
    N/A

    * Memory: 
    N/A

    * FIFO: 
    N/A

    * Expression: 
    +----------------------------------+----------+----+---+----+------------+------------+
    |           Variable Name          | Operation| DSP| FF| LUT| Bitwidth P0| Bitwidth P1|
    +----------------------------------+----------+----+---+----+------------+------------+
    |add_ln30_fu_5390_p2               |         +|   0|  0|   6|           6|           1|
    |ap_condition_774                  |       and|   0|  0|   2|           1|           1|
    |icmp_ln30_fu_5396_p2              |      icmp|   0|  0|   7|           6|           7|
    |ap_block_pp0_stage0_01001         |        or|   0|  0|   2|           1|           1|
    |ap_block_state2_pp0_stage0_iter1  |        or|   0|  0|   2|           1|           1|
    |ap_enable_pp0                     |       xor|   0|  0|   2|           1|           2|
    +----------------------------------+----------+----+---+----+------------+------------+
    |Total                             |          |   0|  0|  21|          16|          13|
    +----------------------------------+----------+----+---+----+------------+------------+

    * Multiplexer: 
    +-------------------------+----+-----------+-----+-----------+
    |           Name          | LUT| Input Size| Bits| Total Bits|
    +-------------------------+----+-----------+-----+-----------+
    |B_stream_0_0_blk_n       |   2|          2|    1|          2|
    |B_stream_0_10_blk_n      |   2|          2|    1|          2|
    |B_stream_0_11_blk_n      |   2|          2|    1|          2|
    |B_stream_0_12_blk_n      |   2|          2|    1|          2|
    |B_stream_0_13_blk_n      |   2|          2|    1|          2|
    |B_stream_0_14_blk_n      |   2|          2|    1|          2|
    |B_stream_0_15_blk_n      |   2|          2|    1|          2|
    |B_stream_0_1_blk_n       |   2|          2|    1|          2|
    |B_stream_0_2_blk_n       |   2|          2|    1|          2|
    |B_stream_0_3_blk_n       |   2|          2|    1|          2|
    |B_stream_0_4_blk_n       |   2|          2|    1|          2|
    |B_stream_0_5_blk_n       |   2|          2|    1|          2|
    |B_stream_0_6_blk_n       |   2|          2|    1|          2|
    |B_stream_0_7_blk_n       |   2|          2|    1|          2|
    |B_stream_0_8_blk_n       |   2|          2|    1|          2|
    |B_stream_0_9_blk_n       |   2|          2|    1|          2|
    |ap_done_int              |   2|          2|    1|          2|
    |ap_enable_reg_pp0_iter1  |   2|          2|    1|          2|
    |ap_sig_allocacmp_k_1     |   5|          2|    6|         12|
    |k_fu_1160                |   5|          2|    6|         12|
    |real_start               |   2|          2|    1|          2|
    +-------------------------+----+-----------+-----+-----------+
    |Total                    |  48|         42|   31|         62|
    +-------------------------+----+-----------+-----+-----------+

    * Register: 
    +-------------------------+----+----+-----+-----------+
    |           Name          | FF | LUT| Bits| Const Bits|
    +-------------------------+----+----+-----+-----------+
    |ap_CS_fsm                |   1|   0|    1|          0|
    |ap_done_reg              |   1|   0|    1|          0|
    |ap_enable_reg_pp0_iter1  |   1|   0|    1|          0|
    |k_fu_1160                |   6|   0|    6|          0|
    |start_once_reg           |   1|   0|    1|          0|
    |tmp_29_reg_7745          |  32|   0|   32|          0|
    |tmp_30_reg_7750          |  32|   0|   32|          0|
    |tmp_31_reg_7755          |  32|   0|   32|          0|
    |tmp_32_reg_7760          |  32|   0|   32|          0|
    |tmp_33_reg_7765          |  32|   0|   32|          0|
    |tmp_34_reg_7770          |  32|   0|   32|          0|
    |tmp_35_reg_7775          |  32|   0|   32|          0|
    |tmp_36_reg_7780          |  32|   0|   32|          0|
    |tmp_37_reg_7785          |  32|   0|   32|          0|
    |tmp_38_reg_7790          |  32|   0|   32|          0|
    |tmp_39_reg_7795          |  32|   0|   32|          0|
    |tmp_40_reg_7800          |  32|   0|   32|          0|
    |tmp_41_reg_7805          |  32|   0|   32|          0|
    |tmp_42_reg_7810          |  32|   0|   32|          0|
    |tmp_reg_7735             |  32|   0|   32|          0|
    |tmp_s_reg_7740           |  32|   0|   32|          0|
    +-------------------------+----+----+-----+-----------+
    |Total                    | 522|   0|  522|          0|
    +-------------------------+----+----+-----+-----------+



================================================================
== Interface
================================================================
* Summary: 
+------------------------------+-----+-----+------------+---------------------+--------------+
|           RTL Ports          | Dir | Bits|  Protocol  |    Source Object    |    C Type    |
+------------------------------+-----+-----+------------+---------------------+--------------+
|ap_clk                        |   in|    1|  ap_ctrl_hs|  B_Buf_to_stream5282|  return value|
|ap_rst                        |   in|    1|  ap_ctrl_hs|  B_Buf_to_stream5282|  return value|
|ap_start                      |   in|    1|  ap_ctrl_hs|  B_Buf_to_stream5282|  return value|
|start_full_n                  |   in|    1|  ap_ctrl_hs|  B_Buf_to_stream5282|  return value|
|ap_done                       |  out|    1|  ap_ctrl_hs|  B_Buf_to_stream5282|  return value|
|ap_continue                   |   in|    1|  ap_ctrl_hs|  B_Buf_to_stream5282|  return value|
|ap_idle                       |  out|    1|  ap_ctrl_hs|  B_Buf_to_stream5282|  return value|
|ap_ready                      |  out|    1|  ap_ctrl_hs|  B_Buf_to_stream5282|  return value|
|start_out                     |  out|    1|  ap_ctrl_hs|  B_Buf_to_stream5282|  return value|
|start_write                   |  out|    1|  ap_ctrl_hs|  B_Buf_to_stream5282|  return value|
|B_stream_0_0_din              |  out|   32|     ap_fifo|         B_stream_0_0|       pointer|
|B_stream_0_0_num_data_valid   |   in|    7|     ap_fifo|         B_stream_0_0|       pointer|
|B_stream_0_0_fifo_cap         |   in|    7|     ap_fifo|         B_stream_0_0|       pointer|
|B_stream_0_0_full_n           |   in|    1|     ap_fifo|         B_stream_0_0|       pointer|
|B_stream_0_0_write            |  out|    1|     ap_fifo|         B_stream_0_0|       pointer|
|B_stream_0_1_din              |  out|   32|     ap_fifo|         B_stream_0_1|       pointer|
|B_stream_0_1_num_data_valid   |   in|    7|     ap_fifo|         B_stream_0_1|       pointer|
|B_stream_0_1_fifo_cap         |   in|    7|     ap_fifo|         B_stream_0_1|       pointer|
|B_stream_0_1_full_n           |   in|    1|     ap_fifo|         B_stream_0_1|       pointer|
|B_stream_0_1_write            |  out|    1|     ap_fifo|         B_stream_0_1|       pointer|
|B_stream_0_2_din              |  out|   32|     ap_fifo|         B_stream_0_2|       pointer|
|B_stream_0_2_num_data_valid   |   in|    7|     ap_fifo|         B_stream_0_2|       pointer|
|B_stream_0_2_fifo_cap         |   in|    7|     ap_fifo|         B_stream_0_2|       pointer|
|B_stream_0_2_full_n           |   in|    1|     ap_fifo|         B_stream_0_2|       pointer|
|B_stream_0_2_write            |  out|    1|     ap_fifo|         B_stream_0_2|       pointer|
|B_stream_0_3_din              |  out|   32|     ap_fifo|         B_stream_0_3|       pointer|
|B_stream_0_3_num_data_valid   |   in|    7|     ap_fifo|         B_stream_0_3|       pointer|
|B_stream_0_3_fifo_cap         |   in|    7|     ap_fifo|         B_stream_0_3|       pointer|
|B_stream_0_3_full_n           |   in|    1|     ap_fifo|         B_stream_0_3|       pointer|
|B_stream_0_3_write            |  out|    1|     ap_fifo|         B_stream_0_3|       pointer|
|B_stream_0_4_din              |  out|   32|     ap_fifo|         B_stream_0_4|       pointer|
|B_stream_0_4_num_data_valid   |   in|    7|     ap_fifo|         B_stream_0_4|       pointer|
|B_stream_0_4_fifo_cap         |   in|    7|     ap_fifo|         B_stream_0_4|       pointer|
|B_stream_0_4_full_n           |   in|    1|     ap_fifo|         B_stream_0_4|       pointer|
|B_stream_0_4_write            |  out|    1|     ap_fifo|         B_stream_0_4|       pointer|
|B_stream_0_5_din              |  out|   32|     ap_fifo|         B_stream_0_5|       pointer|
|B_stream_0_5_num_data_valid   |   in|    7|     ap_fifo|         B_stream_0_5|       pointer|
|B_stream_0_5_fifo_cap         |   in|    7|     ap_fifo|         B_stream_0_5|       pointer|
|B_stream_0_5_full_n           |   in|    1|     ap_fifo|         B_stream_0_5|       pointer|
|B_stream_0_5_write            |  out|    1|     ap_fifo|         B_stream_0_5|       pointer|
|B_stream_0_6_din              |  out|   32|     ap_fifo|         B_stream_0_6|       pointer|
|B_stream_0_6_num_data_valid   |   in|    7|     ap_fifo|         B_stream_0_6|       pointer|
|B_stream_0_6_fifo_cap         |   in|    7|     ap_fifo|         B_stream_0_6|       pointer|
|B_stream_0_6_full_n           |   in|    1|     ap_fifo|         B_stream_0_6|       pointer|
|B_stream_0_6_write            |  out|    1|     ap_fifo|         B_stream_0_6|       pointer|
|B_stream_0_7_din              |  out|   32|     ap_fifo|         B_stream_0_7|       pointer|
|B_stream_0_7_num_data_valid   |   in|    7|     ap_fifo|         B_stream_0_7|       pointer|
|B_stream_0_7_fifo_cap         |   in|    7|     ap_fifo|         B_stream_0_7|       pointer|
|B_stream_0_7_full_n           |   in|    1|     ap_fifo|         B_stream_0_7|       pointer|
|B_stream_0_7_write            |  out|    1|     ap_fifo|         B_stream_0_7|       pointer|
|B_stream_0_8_din              |  out|   32|     ap_fifo|         B_stream_0_8|       pointer|
|B_stream_0_8_num_data_valid   |   in|    7|     ap_fifo|         B_stream_0_8|       pointer|
|B_stream_0_8_fifo_cap         |   in|    7|     ap_fifo|         B_stream_0_8|       pointer|
|B_stream_0_8_full_n           |   in|    1|     ap_fifo|         B_stream_0_8|       pointer|
|B_stream_0_8_write            |  out|    1|     ap_fifo|         B_stream_0_8|       pointer|
|B_stream_0_9_din              |  out|   32|     ap_fifo|         B_stream_0_9|       pointer|
|B_stream_0_9_num_data_valid   |   in|    7|     ap_fifo|         B_stream_0_9|       pointer|
|B_stream_0_9_fifo_cap         |   in|    7|     ap_fifo|         B_stream_0_9|       pointer|
|B_stream_0_9_full_n           |   in|    1|     ap_fifo|         B_stream_0_9|       pointer|
|B_stream_0_9_write            |  out|    1|     ap_fifo|         B_stream_0_9|       pointer|
|B_stream_0_10_din             |  out|   32|     ap_fifo|        B_stream_0_10|       pointer|
|B_stream_0_10_num_data_valid  |   in|    7|     ap_fifo|        B_stream_0_10|       pointer|
|B_stream_0_10_fifo_cap        |   in|    7|     ap_fifo|        B_stream_0_10|       pointer|
|B_stream_0_10_full_n          |   in|    1|     ap_fifo|        B_stream_0_10|       pointer|
|B_stream_0_10_write           |  out|    1|     ap_fifo|        B_stream_0_10|       pointer|
|B_stream_0_11_din             |  out|   32|     ap_fifo|        B_stream_0_11|       pointer|
|B_stream_0_11_num_data_valid  |   in|    7|     ap_fifo|        B_stream_0_11|       pointer|
|B_stream_0_11_fifo_cap        |   in|    7|     ap_fifo|        B_stream_0_11|       pointer|
|B_stream_0_11_full_n          |   in|    1|     ap_fifo|        B_stream_0_11|       pointer|
|B_stream_0_11_write           |  out|    1|     ap_fifo|        B_stream_0_11|       pointer|
|B_stream_0_12_din             |  out|   32|     ap_fifo|        B_stream_0_12|       pointer|
|B_stream_0_12_num_data_valid  |   in|    7|     ap_fifo|        B_stream_0_12|       pointer|
|B_stream_0_12_fifo_cap        |   in|    7|     ap_fifo|        B_stream_0_12|       pointer|
|B_stream_0_12_full_n          |   in|    1|     ap_fifo|        B_stream_0_12|       pointer|
|B_stream_0_12_write           |  out|    1|     ap_fifo|        B_stream_0_12|       pointer|
|B_stream_0_13_din             |  out|   32|     ap_fifo|        B_stream_0_13|       pointer|
|B_stream_0_13_num_data_valid  |   in|    7|     ap_fifo|        B_stream_0_13|       pointer|
|B_stream_0_13_fifo_cap        |   in|    7|     ap_fifo|        B_stream_0_13|       pointer|
|B_stream_0_13_full_n          |   in|    1|     ap_fifo|        B_stream_0_13|       pointer|
|B_stream_0_13_write           |  out|    1|     ap_fifo|        B_stream_0_13|       pointer|
|B_stream_0_14_din             |  out|   32|     ap_fifo|        B_stream_0_14|       pointer|
|B_stream_0_14_num_data_valid  |   in|    7|     ap_fifo|        B_stream_0_14|       pointer|
|B_stream_0_14_fifo_cap        |   in|    7|     ap_fifo|        B_stream_0_14|       pointer|
|B_stream_0_14_full_n          |   in|    1|     ap_fifo|        B_stream_0_14|       pointer|
|B_stream_0_14_write           |  out|    1|     ap_fifo|        B_stream_0_14|       pointer|
|B_stream_0_15_din             |  out|   32|     ap_fifo|        B_stream_0_15|       pointer|
|B_stream_0_15_num_data_valid  |   in|    7|     ap_fifo|        B_stream_0_15|       pointer|
|B_stream_0_15_fifo_cap        |   in|    7|     ap_fifo|        B_stream_0_15|       pointer|
|B_stream_0_15_full_n          |   in|    1|     ap_fifo|        B_stream_0_15|       pointer|
|B_stream_0_15_write           |  out|    1|     ap_fifo|        B_stream_0_15|       pointer|
|B_TILE_0_0                    |   in|   32|   ap_stable|           B_TILE_0_0|       pointer|
|B_TILE_0_1                    |   in|   32|   ap_stable|           B_TILE_0_1|       pointer|
|B_TILE_0_2                    |   in|   32|   ap_stable|           B_TILE_0_2|       pointer|
|B_TILE_0_3                    |   in|   32|   ap_stable|           B_TILE_0_3|       pointer|
|B_TILE_0_4                    |   in|   32|   ap_stable|           B_TILE_0_4|       pointer|
|B_TILE_0_5                    |   in|   32|   ap_stable|           B_TILE_0_5|       pointer|
|B_TILE_0_6                    |   in|   32|   ap_stable|           B_TILE_0_6|       pointer|
|B_TILE_0_7                    |   in|   32|   ap_stable|           B_TILE_0_7|       pointer|
|B_TILE_0_8                    |   in|   32|   ap_stable|           B_TILE_0_8|       pointer|
|B_TILE_0_9                    |   in|   32|   ap_stable|           B_TILE_0_9|       pointer|
|B_TILE_0_10                   |   in|   32|   ap_stable|          B_TILE_0_10|       pointer|
|B_TILE_0_11                   |   in|   32|   ap_stable|          B_TILE_0_11|       pointer|
|B_TILE_0_12                   |   in|   32|   ap_stable|          B_TILE_0_12|       pointer|
|B_TILE_0_13                   |   in|   32|   ap_stable|          B_TILE_0_13|       pointer|
|B_TILE_0_14                   |   in|   32|   ap_stable|          B_TILE_0_14|       pointer|
|B_TILE_0_15                   |   in|   32|   ap_stable|          B_TILE_0_15|       pointer|
|B_TILE_1_0                    |   in|   32|   ap_stable|           B_TILE_1_0|       pointer|
|B_TILE_1_1                    |   in|   32|   ap_stable|           B_TILE_1_1|       pointer|
|B_TILE_1_2                    |   in|   32|   ap_stable|           B_TILE_1_2|       pointer|
|B_TILE_1_3                    |   in|   32|   ap_stable|           B_TILE_1_3|       pointer|
|B_TILE_1_4                    |   in|   32|   ap_stable|           B_TILE_1_4|       pointer|
|B_TILE_1_5                    |   in|   32|   ap_stable|           B_TILE_1_5|       pointer|
|B_TILE_1_6                    |   in|   32|   ap_stable|           B_TILE_1_6|       pointer|
|B_TILE_1_7                    |   in|   32|   ap_stable|           B_TILE_1_7|       pointer|
|B_TILE_1_8                    |   in|   32|   ap_stable|           B_TILE_1_8|       pointer|
|B_TILE_1_9                    |   in|   32|   ap_stable|           B_TILE_1_9|       pointer|
|B_TILE_1_10                   |   in|   32|   ap_stable|          B_TILE_1_10|       pointer|
|B_TILE_1_11                   |   in|   32|   ap_stable|          B_TILE_1_11|       pointer|
|B_TILE_1_12                   |   in|   32|   ap_stable|          B_TILE_1_12|       pointer|
|B_TILE_1_13                   |   in|   32|   ap_stable|          B_TILE_1_13|       pointer|
|B_TILE_1_14                   |   in|   32|   ap_stable|          B_TILE_1_14|       pointer|
|B_TILE_1_15                   |   in|   32|   ap_stable|          B_TILE_1_15|       pointer|
|B_TILE_2_0                    |   in|   32|   ap_stable|           B_TILE_2_0|       pointer|
|B_TILE_2_1                    |   in|   32|   ap_stable|           B_TILE_2_1|       pointer|
|B_TILE_2_2                    |   in|   32|   ap_stable|           B_TILE_2_2|       pointer|
|B_TILE_2_3                    |   in|   32|   ap_stable|           B_TILE_2_3|       pointer|
|B_TILE_2_4                    |   in|   32|   ap_stable|           B_TILE_2_4|       pointer|
|B_TILE_2_5                    |   in|   32|   ap_stable|           B_TILE_2_5|       pointer|
|B_TILE_2_6                    |   in|   32|   ap_stable|           B_TILE_2_6|       pointer|
|B_TILE_2_7                    |   in|   32|   ap_stable|           B_TILE_2_7|       pointer|
|B_TILE_2_8                    |   in|   32|   ap_stable|           B_TILE_2_8|       pointer|
|B_TILE_2_9                    |   in|   32|   ap_stable|           B_TILE_2_9|       pointer|
|B_TILE_2_10                   |   in|   32|   ap_stable|          B_TILE_2_10|       pointer|
|B_TILE_2_11                   |   in|   32|   ap_stable|          B_TILE_2_11|       pointer|
|B_TILE_2_12                   |   in|   32|   ap_stable|          B_TILE_2_12|       pointer|
|B_TILE_2_13                   |   in|   32|   ap_stable|          B_TILE_2_13|       pointer|
|B_TILE_2_14                   |   in|   32|   ap_stable|          B_TILE_2_14|       pointer|
|B_TILE_2_15                   |   in|   32|   ap_stable|          B_TILE_2_15|       pointer|
|B_TILE_3_0                    |   in|   32|   ap_stable|           B_TILE_3_0|       pointer|
|B_TILE_3_1                    |   in|   32|   ap_stable|           B_TILE_3_1|       pointer|
|B_TILE_3_2                    |   in|   32|   ap_stable|           B_TILE_3_2|       pointer|
|B_TILE_3_3                    |   in|   32|   ap_stable|           B_TILE_3_3|       pointer|
|B_TILE_3_4                    |   in|   32|   ap_stable|           B_TILE_3_4|       pointer|
|B_TILE_3_5                    |   in|   32|   ap_stable|           B_TILE_3_5|       pointer|
|B_TILE_3_6                    |   in|   32|   ap_stable|           B_TILE_3_6|       pointer|
|B_TILE_3_7                    |   in|   32|   ap_stable|           B_TILE_3_7|       pointer|
|B_TILE_3_8                    |   in|   32|   ap_stable|           B_TILE_3_8|       pointer|
|B_TILE_3_9                    |   in|   32|   ap_stable|           B_TILE_3_9|       pointer|
|B_TILE_3_10                   |   in|   32|   ap_stable|          B_TILE_3_10|       pointer|
|B_TILE_3_11                   |   in|   32|   ap_stable|          B_TILE_3_11|       pointer|
|B_TILE_3_12                   |   in|   32|   ap_stable|          B_TILE_3_12|       pointer|
|B_TILE_3_13                   |   in|   32|   ap_stable|          B_TILE_3_13|       pointer|
|B_TILE_3_14                   |   in|   32|   ap_stable|          B_TILE_3_14|       pointer|
|B_TILE_3_15                   |   in|   32|   ap_stable|          B_TILE_3_15|       pointer|
|B_TILE_4_0                    |   in|   32|   ap_stable|           B_TILE_4_0|       pointer|
|B_TILE_4_1                    |   in|   32|   ap_stable|           B_TILE_4_1|       pointer|
|B_TILE_4_2                    |   in|   32|   ap_stable|           B_TILE_4_2|       pointer|
|B_TILE_4_3                    |   in|   32|   ap_stable|           B_TILE_4_3|       pointer|
|B_TILE_4_4                    |   in|   32|   ap_stable|           B_TILE_4_4|       pointer|
|B_TILE_4_5                    |   in|   32|   ap_stable|           B_TILE_4_5|       pointer|
|B_TILE_4_6                    |   in|   32|   ap_stable|           B_TILE_4_6|       pointer|
|B_TILE_4_7                    |   in|   32|   ap_stable|           B_TILE_4_7|       pointer|
|B_TILE_4_8                    |   in|   32|   ap_stable|           B_TILE_4_8|       pointer|
|B_TILE_4_9                    |   in|   32|   ap_stable|           B_TILE_4_9|       pointer|
|B_TILE_4_10                   |   in|   32|   ap_stable|          B_TILE_4_10|       pointer|
|B_TILE_4_11                   |   in|   32|   ap_stable|          B_TILE_4_11|       pointer|
|B_TILE_4_12                   |   in|   32|   ap_stable|          B_TILE_4_12|       pointer|
|B_TILE_4_13                   |   in|   32|   ap_stable|          B_TILE_4_13|       pointer|
|B_TILE_4_14                   |   in|   32|   ap_stable|          B_TILE_4_14|       pointer|
|B_TILE_4_15                   |   in|   32|   ap_stable|          B_TILE_4_15|       pointer|
|B_TILE_5_0                    |   in|   32|   ap_stable|           B_TILE_5_0|       pointer|
|B_TILE_5_1                    |   in|   32|   ap_stable|           B_TILE_5_1|       pointer|
|B_TILE_5_2                    |   in|   32|   ap_stable|           B_TILE_5_2|       pointer|
|B_TILE_5_3                    |   in|   32|   ap_stable|           B_TILE_5_3|       pointer|
|B_TILE_5_4                    |   in|   32|   ap_stable|           B_TILE_5_4|       pointer|
|B_TILE_5_5                    |   in|   32|   ap_stable|           B_TILE_5_5|       pointer|
|B_TILE_5_6                    |   in|   32|   ap_stable|           B_TILE_5_6|       pointer|
|B_TILE_5_7                    |   in|   32|   ap_stable|           B_TILE_5_7|       pointer|
|B_TILE_5_8                    |   in|   32|   ap_stable|           B_TILE_5_8|       pointer|
|B_TILE_5_9                    |   in|   32|   ap_stable|           B_TILE_5_9|       pointer|
|B_TILE_5_10                   |   in|   32|   ap_stable|          B_TILE_5_10|       pointer|
|B_TILE_5_11                   |   in|   32|   ap_stable|          B_TILE_5_11|       pointer|
|B_TILE_5_12                   |   in|   32|   ap_stable|          B_TILE_5_12|       pointer|
|B_TILE_5_13                   |   in|   32|   ap_stable|          B_TILE_5_13|       pointer|
|B_TILE_5_14                   |   in|   32|   ap_stable|          B_TILE_5_14|       pointer|
|B_TILE_5_15                   |   in|   32|   ap_stable|          B_TILE_5_15|       pointer|
|B_TILE_6_0                    |   in|   32|   ap_stable|           B_TILE_6_0|       pointer|
|B_TILE_6_1                    |   in|   32|   ap_stable|           B_TILE_6_1|       pointer|
|B_TILE_6_2                    |   in|   32|   ap_stable|           B_TILE_6_2|       pointer|
|B_TILE_6_3                    |   in|   32|   ap_stable|           B_TILE_6_3|       pointer|
|B_TILE_6_4                    |   in|   32|   ap_stable|           B_TILE_6_4|       pointer|
|B_TILE_6_5                    |   in|   32|   ap_stable|           B_TILE_6_5|       pointer|
|B_TILE_6_6                    |   in|   32|   ap_stable|           B_TILE_6_6|       pointer|
|B_TILE_6_7                    |   in|   32|   ap_stable|           B_TILE_6_7|       pointer|
|B_TILE_6_8                    |   in|   32|   ap_stable|           B_TILE_6_8|       pointer|
|B_TILE_6_9                    |   in|   32|   ap_stable|           B_TILE_6_9|       pointer|
|B_TILE_6_10                   |   in|   32|   ap_stable|          B_TILE_6_10|       pointer|
|B_TILE_6_11                   |   in|   32|   ap_stable|          B_TILE_6_11|       pointer|
|B_TILE_6_12                   |   in|   32|   ap_stable|          B_TILE_6_12|       pointer|
|B_TILE_6_13                   |   in|   32|   ap_stable|          B_TILE_6_13|       pointer|
|B_TILE_6_14                   |   in|   32|   ap_stable|          B_TILE_6_14|       pointer|
|B_TILE_6_15                   |   in|   32|   ap_stable|          B_TILE_6_15|       pointer|
|B_TILE_7_0                    |   in|   32|   ap_stable|           B_TILE_7_0|       pointer|
|B_TILE_7_1                    |   in|   32|   ap_stable|           B_TILE_7_1|       pointer|
|B_TILE_7_2                    |   in|   32|   ap_stable|           B_TILE_7_2|       pointer|
|B_TILE_7_3                    |   in|   32|   ap_stable|           B_TILE_7_3|       pointer|
|B_TILE_7_4                    |   in|   32|   ap_stable|           B_TILE_7_4|       pointer|
|B_TILE_7_5                    |   in|   32|   ap_stable|           B_TILE_7_5|       pointer|
|B_TILE_7_6                    |   in|   32|   ap_stable|           B_TILE_7_6|       pointer|
|B_TILE_7_7                    |   in|   32|   ap_stable|           B_TILE_7_7|       pointer|
|B_TILE_7_8                    |   in|   32|   ap_stable|           B_TILE_7_8|       pointer|
|B_TILE_7_9                    |   in|   32|   ap_stable|           B_TILE_7_9|       pointer|
|B_TILE_7_10                   |   in|   32|   ap_stable|          B_TILE_7_10|       pointer|
|B_TILE_7_11                   |   in|   32|   ap_stable|          B_TILE_7_11|       pointer|
|B_TILE_7_12                   |   in|   32|   ap_stable|          B_TILE_7_12|       pointer|
|B_TILE_7_13                   |   in|   32|   ap_stable|          B_TILE_7_13|       pointer|
|B_TILE_7_14                   |   in|   32|   ap_stable|          B_TILE_7_14|       pointer|
|B_TILE_7_15                   |   in|   32|   ap_stable|          B_TILE_7_15|       pointer|
|B_TILE_8_0                    |   in|   32|   ap_stable|           B_TILE_8_0|       pointer|
|B_TILE_8_1                    |   in|   32|   ap_stable|           B_TILE_8_1|       pointer|
|B_TILE_8_2                    |   in|   32|   ap_stable|           B_TILE_8_2|       pointer|
|B_TILE_8_3                    |   in|   32|   ap_stable|           B_TILE_8_3|       pointer|
|B_TILE_8_4                    |   in|   32|   ap_stable|           B_TILE_8_4|       pointer|
|B_TILE_8_5                    |   in|   32|   ap_stable|           B_TILE_8_5|       pointer|
|B_TILE_8_6                    |   in|   32|   ap_stable|           B_TILE_8_6|       pointer|
|B_TILE_8_7                    |   in|   32|   ap_stable|           B_TILE_8_7|       pointer|
|B_TILE_8_8                    |   in|   32|   ap_stable|           B_TILE_8_8|       pointer|
|B_TILE_8_9                    |   in|   32|   ap_stable|           B_TILE_8_9|       pointer|
|B_TILE_8_10                   |   in|   32|   ap_stable|          B_TILE_8_10|       pointer|
|B_TILE_8_11                   |   in|   32|   ap_stable|          B_TILE_8_11|       pointer|
|B_TILE_8_12                   |   in|   32|   ap_stable|          B_TILE_8_12|       pointer|
|B_TILE_8_13                   |   in|   32|   ap_stable|          B_TILE_8_13|       pointer|
|B_TILE_8_14                   |   in|   32|   ap_stable|          B_TILE_8_14|       pointer|
|B_TILE_8_15                   |   in|   32|   ap_stable|          B_TILE_8_15|       pointer|
|B_TILE_9_0                    |   in|   32|   ap_stable|           B_TILE_9_0|       pointer|
|B_TILE_9_1                    |   in|   32|   ap_stable|           B_TILE_9_1|       pointer|
|B_TILE_9_2                    |   in|   32|   ap_stable|           B_TILE_9_2|       pointer|
|B_TILE_9_3                    |   in|   32|   ap_stable|           B_TILE_9_3|       pointer|
|B_TILE_9_4                    |   in|   32|   ap_stable|           B_TILE_9_4|       pointer|
|B_TILE_9_5                    |   in|   32|   ap_stable|           B_TILE_9_5|       pointer|
|B_TILE_9_6                    |   in|   32|   ap_stable|           B_TILE_9_6|       pointer|
|B_TILE_9_7                    |   in|   32|   ap_stable|           B_TILE_9_7|       pointer|
|B_TILE_9_8                    |   in|   32|   ap_stable|           B_TILE_9_8|       pointer|
|B_TILE_9_9                    |   in|   32|   ap_stable|           B_TILE_9_9|       pointer|
|B_TILE_9_10                   |   in|   32|   ap_stable|          B_TILE_9_10|       pointer|
|B_TILE_9_11                   |   in|   32|   ap_stable|          B_TILE_9_11|       pointer|
|B_TILE_9_12                   |   in|   32|   ap_stable|          B_TILE_9_12|       pointer|
|B_TILE_9_13                   |   in|   32|   ap_stable|          B_TILE_9_13|       pointer|
|B_TILE_9_14                   |   in|   32|   ap_stable|          B_TILE_9_14|       pointer|
|B_TILE_9_15                   |   in|   32|   ap_stable|          B_TILE_9_15|       pointer|
|B_TILE_10_0                   |   in|   32|   ap_stable|          B_TILE_10_0|       pointer|
|B_TILE_10_1                   |   in|   32|   ap_stable|          B_TILE_10_1|       pointer|
|B_TILE_10_2                   |   in|   32|   ap_stable|          B_TILE_10_2|       pointer|
|B_TILE_10_3                   |   in|   32|   ap_stable|          B_TILE_10_3|       pointer|
|B_TILE_10_4                   |   in|   32|   ap_stable|          B_TILE_10_4|       pointer|
|B_TILE_10_5                   |   in|   32|   ap_stable|          B_TILE_10_5|       pointer|
|B_TILE_10_6                   |   in|   32|   ap_stable|          B_TILE_10_6|       pointer|
|B_TILE_10_7                   |   in|   32|   ap_stable|          B_TILE_10_7|       pointer|
|B_TILE_10_8                   |   in|   32|   ap_stable|          B_TILE_10_8|       pointer|
|B_TILE_10_9                   |   in|   32|   ap_stable|          B_TILE_10_9|       pointer|
|B_TILE_10_10                  |   in|   32|   ap_stable|         B_TILE_10_10|       pointer|
|B_TILE_10_11                  |   in|   32|   ap_stable|         B_TILE_10_11|       pointer|
|B_TILE_10_12                  |   in|   32|   ap_stable|         B_TILE_10_12|       pointer|
|B_TILE_10_13                  |   in|   32|   ap_stable|         B_TILE_10_13|       pointer|
|B_TILE_10_14                  |   in|   32|   ap_stable|         B_TILE_10_14|       pointer|
|B_TILE_10_15                  |   in|   32|   ap_stable|         B_TILE_10_15|       pointer|
|B_TILE_11_0                   |   in|   32|   ap_stable|          B_TILE_11_0|       pointer|
|B_TILE_11_1                   |   in|   32|   ap_stable|          B_TILE_11_1|       pointer|
|B_TILE_11_2                   |   in|   32|   ap_stable|          B_TILE_11_2|       pointer|
|B_TILE_11_3                   |   in|   32|   ap_stable|          B_TILE_11_3|       pointer|
|B_TILE_11_4                   |   in|   32|   ap_stable|          B_TILE_11_4|       pointer|
|B_TILE_11_5                   |   in|   32|   ap_stable|          B_TILE_11_5|       pointer|
|B_TILE_11_6                   |   in|   32|   ap_stable|          B_TILE_11_6|       pointer|
|B_TILE_11_7                   |   in|   32|   ap_stable|          B_TILE_11_7|       pointer|
|B_TILE_11_8                   |   in|   32|   ap_stable|          B_TILE_11_8|       pointer|
|B_TILE_11_9                   |   in|   32|   ap_stable|          B_TILE_11_9|       pointer|
|B_TILE_11_10                  |   in|   32|   ap_stable|         B_TILE_11_10|       pointer|
|B_TILE_11_11                  |   in|   32|   ap_stable|         B_TILE_11_11|       pointer|
|B_TILE_11_12                  |   in|   32|   ap_stable|         B_TILE_11_12|       pointer|
|B_TILE_11_13                  |   in|   32|   ap_stable|         B_TILE_11_13|       pointer|
|B_TILE_11_14                  |   in|   32|   ap_stable|         B_TILE_11_14|       pointer|
|B_TILE_11_15                  |   in|   32|   ap_stable|         B_TILE_11_15|       pointer|
|B_TILE_12_0                   |   in|   32|   ap_stable|          B_TILE_12_0|       pointer|
|B_TILE_12_1                   |   in|   32|   ap_stable|          B_TILE_12_1|       pointer|
|B_TILE_12_2                   |   in|   32|   ap_stable|          B_TILE_12_2|       pointer|
|B_TILE_12_3                   |   in|   32|   ap_stable|          B_TILE_12_3|       pointer|
|B_TILE_12_4                   |   in|   32|   ap_stable|          B_TILE_12_4|       pointer|
|B_TILE_12_5                   |   in|   32|   ap_stable|          B_TILE_12_5|       pointer|
|B_TILE_12_6                   |   in|   32|   ap_stable|          B_TILE_12_6|       pointer|
|B_TILE_12_7                   |   in|   32|   ap_stable|          B_TILE_12_7|       pointer|
|B_TILE_12_8                   |   in|   32|   ap_stable|          B_TILE_12_8|       pointer|
|B_TILE_12_9                   |   in|   32|   ap_stable|          B_TILE_12_9|       pointer|
|B_TILE_12_10                  |   in|   32|   ap_stable|         B_TILE_12_10|       pointer|
|B_TILE_12_11                  |   in|   32|   ap_stable|         B_TILE_12_11|       pointer|
|B_TILE_12_12                  |   in|   32|   ap_stable|         B_TILE_12_12|       pointer|
|B_TILE_12_13                  |   in|   32|   ap_stable|         B_TILE_12_13|       pointer|
|B_TILE_12_14                  |   in|   32|   ap_stable|         B_TILE_12_14|       pointer|
|B_TILE_12_15                  |   in|   32|   ap_stable|         B_TILE_12_15|       pointer|
|B_TILE_13_0                   |   in|   32|   ap_stable|          B_TILE_13_0|       pointer|
|B_TILE_13_1                   |   in|   32|   ap_stable|          B_TILE_13_1|       pointer|
|B_TILE_13_2                   |   in|   32|   ap_stable|          B_TILE_13_2|       pointer|
|B_TILE_13_3                   |   in|   32|   ap_stable|          B_TILE_13_3|       pointer|
|B_TILE_13_4                   |   in|   32|   ap_stable|          B_TILE_13_4|       pointer|
|B_TILE_13_5                   |   in|   32|   ap_stable|          B_TILE_13_5|       pointer|
|B_TILE_13_6                   |   in|   32|   ap_stable|          B_TILE_13_6|       pointer|
|B_TILE_13_7                   |   in|   32|   ap_stable|          B_TILE_13_7|       pointer|
|B_TILE_13_8                   |   in|   32|   ap_stable|          B_TILE_13_8|       pointer|
|B_TILE_13_9                   |   in|   32|   ap_stable|          B_TILE_13_9|       pointer|
|B_TILE_13_10                  |   in|   32|   ap_stable|         B_TILE_13_10|       pointer|
|B_TILE_13_11                  |   in|   32|   ap_stable|         B_TILE_13_11|       pointer|
|B_TILE_13_12                  |   in|   32|   ap_stable|         B_TILE_13_12|       pointer|
|B_TILE_13_13                  |   in|   32|   ap_stable|         B_TILE_13_13|       pointer|
|B_TILE_13_14                  |   in|   32|   ap_stable|         B_TILE_13_14|       pointer|
|B_TILE_13_15                  |   in|   32|   ap_stable|         B_TILE_13_15|       pointer|
|B_TILE_14_0                   |   in|   32|   ap_stable|          B_TILE_14_0|       pointer|
|B_TILE_14_1                   |   in|   32|   ap_stable|          B_TILE_14_1|       pointer|
|B_TILE_14_2                   |   in|   32|   ap_stable|          B_TILE_14_2|       pointer|
|B_TILE_14_3                   |   in|   32|   ap_stable|          B_TILE_14_3|       pointer|
|B_TILE_14_4                   |   in|   32|   ap_stable|          B_TILE_14_4|       pointer|
|B_TILE_14_5                   |   in|   32|   ap_stable|          B_TILE_14_5|       pointer|
|B_TILE_14_6                   |   in|   32|   ap_stable|          B_TILE_14_6|       pointer|
|B_TILE_14_7                   |   in|   32|   ap_stable|          B_TILE_14_7|       pointer|
|B_TILE_14_8                   |   in|   32|   ap_stable|          B_TILE_14_8|       pointer|
|B_TILE_14_9                   |   in|   32|   ap_stable|          B_TILE_14_9|       pointer|
|B_TILE_14_10                  |   in|   32|   ap_stable|         B_TILE_14_10|       pointer|
|B_TILE_14_11                  |   in|   32|   ap_stable|         B_TILE_14_11|       pointer|
|B_TILE_14_12                  |   in|   32|   ap_stable|         B_TILE_14_12|       pointer|
|B_TILE_14_13                  |   in|   32|   ap_stable|         B_TILE_14_13|       pointer|
|B_TILE_14_14                  |   in|   32|   ap_stable|         B_TILE_14_14|       pointer|
|B_TILE_14_15                  |   in|   32|   ap_stable|         B_TILE_14_15|       pointer|
|B_TILE_15_0                   |   in|   32|   ap_stable|          B_TILE_15_0|       pointer|
|B_TILE_15_1                   |   in|   32|   ap_stable|          B_TILE_15_1|       pointer|
|B_TILE_15_2                   |   in|   32|   ap_stable|          B_TILE_15_2|       pointer|
|B_TILE_15_3                   |   in|   32|   ap_stable|          B_TILE_15_3|       pointer|
|B_TILE_15_4                   |   in|   32|   ap_stable|          B_TILE_15_4|       pointer|
|B_TILE_15_5                   |   in|   32|   ap_stable|          B_TILE_15_5|       pointer|
|B_TILE_15_6                   |   in|   32|   ap_stable|          B_TILE_15_6|       pointer|
|B_TILE_15_7                   |   in|   32|   ap_stable|          B_TILE_15_7|       pointer|
|B_TILE_15_8                   |   in|   32|   ap_stable|          B_TILE_15_8|       pointer|
|B_TILE_15_9                   |   in|   32|   ap_stable|          B_TILE_15_9|       pointer|
|B_TILE_15_10                  |   in|   32|   ap_stable|         B_TILE_15_10|       pointer|
|B_TILE_15_11                  |   in|   32|   ap_stable|         B_TILE_15_11|       pointer|
|B_TILE_15_12                  |   in|   32|   ap_stable|         B_TILE_15_12|       pointer|
|B_TILE_15_13                  |   in|   32|   ap_stable|         B_TILE_15_13|       pointer|
|B_TILE_15_14                  |   in|   32|   ap_stable|         B_TILE_15_14|       pointer|
|B_TILE_15_15                  |   in|   32|   ap_stable|         B_TILE_15_15|       pointer|
|B_TILE_16_0                   |   in|   32|   ap_stable|          B_TILE_16_0|       pointer|
|B_TILE_16_1                   |   in|   32|   ap_stable|          B_TILE_16_1|       pointer|
|B_TILE_16_2                   |   in|   32|   ap_stable|          B_TILE_16_2|       pointer|
|B_TILE_16_3                   |   in|   32|   ap_stable|          B_TILE_16_3|       pointer|
|B_TILE_16_4                   |   in|   32|   ap_stable|          B_TILE_16_4|       pointer|
|B_TILE_16_5                   |   in|   32|   ap_stable|          B_TILE_16_5|       pointer|
|B_TILE_16_6                   |   in|   32|   ap_stable|          B_TILE_16_6|       pointer|
|B_TILE_16_7                   |   in|   32|   ap_stable|          B_TILE_16_7|       pointer|
|B_TILE_16_8                   |   in|   32|   ap_stable|          B_TILE_16_8|       pointer|
|B_TILE_16_9                   |   in|   32|   ap_stable|          B_TILE_16_9|       pointer|
|B_TILE_16_10                  |   in|   32|   ap_stable|         B_TILE_16_10|       pointer|
|B_TILE_16_11                  |   in|   32|   ap_stable|         B_TILE_16_11|       pointer|
|B_TILE_16_12                  |   in|   32|   ap_stable|         B_TILE_16_12|       pointer|
|B_TILE_16_13                  |   in|   32|   ap_stable|         B_TILE_16_13|       pointer|
|B_TILE_16_14                  |   in|   32|   ap_stable|         B_TILE_16_14|       pointer|
|B_TILE_16_15                  |   in|   32|   ap_stable|         B_TILE_16_15|       pointer|
|B_TILE_17_0                   |   in|   32|   ap_stable|          B_TILE_17_0|       pointer|
|B_TILE_17_1                   |   in|   32|   ap_stable|          B_TILE_17_1|       pointer|
|B_TILE_17_2                   |   in|   32|   ap_stable|          B_TILE_17_2|       pointer|
|B_TILE_17_3                   |   in|   32|   ap_stable|          B_TILE_17_3|       pointer|
|B_TILE_17_4                   |   in|   32|   ap_stable|          B_TILE_17_4|       pointer|
|B_TILE_17_5                   |   in|   32|   ap_stable|          B_TILE_17_5|       pointer|
|B_TILE_17_6                   |   in|   32|   ap_stable|          B_TILE_17_6|       pointer|
|B_TILE_17_7                   |   in|   32|   ap_stable|          B_TILE_17_7|       pointer|
|B_TILE_17_8                   |   in|   32|   ap_stable|          B_TILE_17_8|       pointer|
|B_TILE_17_9                   |   in|   32|   ap_stable|          B_TILE_17_9|       pointer|
|B_TILE_17_10                  |   in|   32|   ap_stable|         B_TILE_17_10|       pointer|
|B_TILE_17_11                  |   in|   32|   ap_stable|         B_TILE_17_11|       pointer|
|B_TILE_17_12                  |   in|   32|   ap_stable|         B_TILE_17_12|       pointer|
|B_TILE_17_13                  |   in|   32|   ap_stable|         B_TILE_17_13|       pointer|
|B_TILE_17_14                  |   in|   32|   ap_stable|         B_TILE_17_14|       pointer|
|B_TILE_17_15                  |   in|   32|   ap_stable|         B_TILE_17_15|       pointer|
|B_TILE_18_0                   |   in|   32|   ap_stable|          B_TILE_18_0|       pointer|
|B_TILE_18_1                   |   in|   32|   ap_stable|          B_TILE_18_1|       pointer|
|B_TILE_18_2                   |   in|   32|   ap_stable|          B_TILE_18_2|       pointer|
|B_TILE_18_3                   |   in|   32|   ap_stable|          B_TILE_18_3|       pointer|
|B_TILE_18_4                   |   in|   32|   ap_stable|          B_TILE_18_4|       pointer|
|B_TILE_18_5                   |   in|   32|   ap_stable|          B_TILE_18_5|       pointer|
|B_TILE_18_6                   |   in|   32|   ap_stable|          B_TILE_18_6|       pointer|
|B_TILE_18_7                   |   in|   32|   ap_stable|          B_TILE_18_7|       pointer|
|B_TILE_18_8                   |   in|   32|   ap_stable|          B_TILE_18_8|       pointer|
|B_TILE_18_9                   |   in|   32|   ap_stable|          B_TILE_18_9|       pointer|
|B_TILE_18_10                  |   in|   32|   ap_stable|         B_TILE_18_10|       pointer|
|B_TILE_18_11                  |   in|   32|   ap_stable|         B_TILE_18_11|       pointer|
|B_TILE_18_12                  |   in|   32|   ap_stable|         B_TILE_18_12|       pointer|
|B_TILE_18_13                  |   in|   32|   ap_stable|         B_TILE_18_13|       pointer|
|B_TILE_18_14                  |   in|   32|   ap_stable|         B_TILE_18_14|       pointer|
|B_TILE_18_15                  |   in|   32|   ap_stable|         B_TILE_18_15|       pointer|
|B_TILE_19_0                   |   in|   32|   ap_stable|          B_TILE_19_0|       pointer|
|B_TILE_19_1                   |   in|   32|   ap_stable|          B_TILE_19_1|       pointer|
|B_TILE_19_2                   |   in|   32|   ap_stable|          B_TILE_19_2|       pointer|
|B_TILE_19_3                   |   in|   32|   ap_stable|          B_TILE_19_3|       pointer|
|B_TILE_19_4                   |   in|   32|   ap_stable|          B_TILE_19_4|       pointer|
|B_TILE_19_5                   |   in|   32|   ap_stable|          B_TILE_19_5|       pointer|
|B_TILE_19_6                   |   in|   32|   ap_stable|          B_TILE_19_6|       pointer|
|B_TILE_19_7                   |   in|   32|   ap_stable|          B_TILE_19_7|       pointer|
|B_TILE_19_8                   |   in|   32|   ap_stable|          B_TILE_19_8|       pointer|
|B_TILE_19_9                   |   in|   32|   ap_stable|          B_TILE_19_9|       pointer|
|B_TILE_19_10                  |   in|   32|   ap_stable|         B_TILE_19_10|       pointer|
|B_TILE_19_11                  |   in|   32|   ap_stable|         B_TILE_19_11|       pointer|
|B_TILE_19_12                  |   in|   32|   ap_stable|         B_TILE_19_12|       pointer|
|B_TILE_19_13                  |   in|   32|   ap_stable|         B_TILE_19_13|       pointer|
|B_TILE_19_14                  |   in|   32|   ap_stable|         B_TILE_19_14|       pointer|
|B_TILE_19_15                  |   in|   32|   ap_stable|         B_TILE_19_15|       pointer|
|B_TILE_20_0                   |   in|   32|   ap_stable|          B_TILE_20_0|       pointer|
|B_TILE_20_1                   |   in|   32|   ap_stable|          B_TILE_20_1|       pointer|
|B_TILE_20_2                   |   in|   32|   ap_stable|          B_TILE_20_2|       pointer|
|B_TILE_20_3                   |   in|   32|   ap_stable|          B_TILE_20_3|       pointer|
|B_TILE_20_4                   |   in|   32|   ap_stable|          B_TILE_20_4|       pointer|
|B_TILE_20_5                   |   in|   32|   ap_stable|          B_TILE_20_5|       pointer|
|B_TILE_20_6                   |   in|   32|   ap_stable|          B_TILE_20_6|       pointer|
|B_TILE_20_7                   |   in|   32|   ap_stable|          B_TILE_20_7|       pointer|
|B_TILE_20_8                   |   in|   32|   ap_stable|          B_TILE_20_8|       pointer|
|B_TILE_20_9                   |   in|   32|   ap_stable|          B_TILE_20_9|       pointer|
|B_TILE_20_10                  |   in|   32|   ap_stable|         B_TILE_20_10|       pointer|
|B_TILE_20_11                  |   in|   32|   ap_stable|         B_TILE_20_11|       pointer|
|B_TILE_20_12                  |   in|   32|   ap_stable|         B_TILE_20_12|       pointer|
|B_TILE_20_13                  |   in|   32|   ap_stable|         B_TILE_20_13|       pointer|
|B_TILE_20_14                  |   in|   32|   ap_stable|         B_TILE_20_14|       pointer|
|B_TILE_20_15                  |   in|   32|   ap_stable|         B_TILE_20_15|       pointer|
|B_TILE_21_0                   |   in|   32|   ap_stable|          B_TILE_21_0|       pointer|
|B_TILE_21_1                   |   in|   32|   ap_stable|          B_TILE_21_1|       pointer|
|B_TILE_21_2                   |   in|   32|   ap_stable|          B_TILE_21_2|       pointer|
|B_TILE_21_3                   |   in|   32|   ap_stable|          B_TILE_21_3|       pointer|
|B_TILE_21_4                   |   in|   32|   ap_stable|          B_TILE_21_4|       pointer|
|B_TILE_21_5                   |   in|   32|   ap_stable|          B_TILE_21_5|       pointer|
|B_TILE_21_6                   |   in|   32|   ap_stable|          B_TILE_21_6|       pointer|
|B_TILE_21_7                   |   in|   32|   ap_stable|          B_TILE_21_7|       pointer|
|B_TILE_21_8                   |   in|   32|   ap_stable|          B_TILE_21_8|       pointer|
|B_TILE_21_9                   |   in|   32|   ap_stable|          B_TILE_21_9|       pointer|
|B_TILE_21_10                  |   in|   32|   ap_stable|         B_TILE_21_10|       pointer|
|B_TILE_21_11                  |   in|   32|   ap_stable|         B_TILE_21_11|       pointer|
|B_TILE_21_12                  |   in|   32|   ap_stable|         B_TILE_21_12|       pointer|
|B_TILE_21_13                  |   in|   32|   ap_stable|         B_TILE_21_13|       pointer|
|B_TILE_21_14                  |   in|   32|   ap_stable|         B_TILE_21_14|       pointer|
|B_TILE_21_15                  |   in|   32|   ap_stable|         B_TILE_21_15|       pointer|
|B_TILE_22_0                   |   in|   32|   ap_stable|          B_TILE_22_0|       pointer|
|B_TILE_22_1                   |   in|   32|   ap_stable|          B_TILE_22_1|       pointer|
|B_TILE_22_2                   |   in|   32|   ap_stable|          B_TILE_22_2|       pointer|
|B_TILE_22_3                   |   in|   32|   ap_stable|          B_TILE_22_3|       pointer|
|B_TILE_22_4                   |   in|   32|   ap_stable|          B_TILE_22_4|       pointer|
|B_TILE_22_5                   |   in|   32|   ap_stable|          B_TILE_22_5|       pointer|
|B_TILE_22_6                   |   in|   32|   ap_stable|          B_TILE_22_6|       pointer|
|B_TILE_22_7                   |   in|   32|   ap_stable|          B_TILE_22_7|       pointer|
|B_TILE_22_8                   |   in|   32|   ap_stable|          B_TILE_22_8|       pointer|
|B_TILE_22_9                   |   in|   32|   ap_stable|          B_TILE_22_9|       pointer|
|B_TILE_22_10                  |   in|   32|   ap_stable|         B_TILE_22_10|       pointer|
|B_TILE_22_11                  |   in|   32|   ap_stable|         B_TILE_22_11|       pointer|
|B_TILE_22_12                  |   in|   32|   ap_stable|         B_TILE_22_12|       pointer|
|B_TILE_22_13                  |   in|   32|   ap_stable|         B_TILE_22_13|       pointer|
|B_TILE_22_14                  |   in|   32|   ap_stable|         B_TILE_22_14|       pointer|
|B_TILE_22_15                  |   in|   32|   ap_stable|         B_TILE_22_15|       pointer|
|B_TILE_23_0                   |   in|   32|   ap_stable|          B_TILE_23_0|       pointer|
|B_TILE_23_1                   |   in|   32|   ap_stable|          B_TILE_23_1|       pointer|
|B_TILE_23_2                   |   in|   32|   ap_stable|          B_TILE_23_2|       pointer|
|B_TILE_23_3                   |   in|   32|   ap_stable|          B_TILE_23_3|       pointer|
|B_TILE_23_4                   |   in|   32|   ap_stable|          B_TILE_23_4|       pointer|
|B_TILE_23_5                   |   in|   32|   ap_stable|          B_TILE_23_5|       pointer|
|B_TILE_23_6                   |   in|   32|   ap_stable|          B_TILE_23_6|       pointer|
|B_TILE_23_7                   |   in|   32|   ap_stable|          B_TILE_23_7|       pointer|
|B_TILE_23_8                   |   in|   32|   ap_stable|          B_TILE_23_8|       pointer|
|B_TILE_23_9                   |   in|   32|   ap_stable|          B_TILE_23_9|       pointer|
|B_TILE_23_10                  |   in|   32|   ap_stable|         B_TILE_23_10|       pointer|
|B_TILE_23_11                  |   in|   32|   ap_stable|         B_TILE_23_11|       pointer|
|B_TILE_23_12                  |   in|   32|   ap_stable|         B_TILE_23_12|       pointer|
|B_TILE_23_13                  |   in|   32|   ap_stable|         B_TILE_23_13|       pointer|
|B_TILE_23_14                  |   in|   32|   ap_stable|         B_TILE_23_14|       pointer|
|B_TILE_23_15                  |   in|   32|   ap_stable|         B_TILE_23_15|       pointer|
|B_TILE_24_0                   |   in|   32|   ap_stable|          B_TILE_24_0|       pointer|
|B_TILE_24_1                   |   in|   32|   ap_stable|          B_TILE_24_1|       pointer|
|B_TILE_24_2                   |   in|   32|   ap_stable|          B_TILE_24_2|       pointer|
|B_TILE_24_3                   |   in|   32|   ap_stable|          B_TILE_24_3|       pointer|
|B_TILE_24_4                   |   in|   32|   ap_stable|          B_TILE_24_4|       pointer|
|B_TILE_24_5                   |   in|   32|   ap_stable|          B_TILE_24_5|       pointer|
|B_TILE_24_6                   |   in|   32|   ap_stable|          B_TILE_24_6|       pointer|
|B_TILE_24_7                   |   in|   32|   ap_stable|          B_TILE_24_7|       pointer|
|B_TILE_24_8                   |   in|   32|   ap_stable|          B_TILE_24_8|       pointer|
|B_TILE_24_9                   |   in|   32|   ap_stable|          B_TILE_24_9|       pointer|
|B_TILE_24_10                  |   in|   32|   ap_stable|         B_TILE_24_10|       pointer|
|B_TILE_24_11                  |   in|   32|   ap_stable|         B_TILE_24_11|       pointer|
|B_TILE_24_12                  |   in|   32|   ap_stable|         B_TILE_24_12|       pointer|
|B_TILE_24_13                  |   in|   32|   ap_stable|         B_TILE_24_13|       pointer|
|B_TILE_24_14                  |   in|   32|   ap_stable|         B_TILE_24_14|       pointer|
|B_TILE_24_15                  |   in|   32|   ap_stable|         B_TILE_24_15|       pointer|
|B_TILE_25_0                   |   in|   32|   ap_stable|          B_TILE_25_0|       pointer|
|B_TILE_25_1                   |   in|   32|   ap_stable|          B_TILE_25_1|       pointer|
|B_TILE_25_2                   |   in|   32|   ap_stable|          B_TILE_25_2|       pointer|
|B_TILE_25_3                   |   in|   32|   ap_stable|          B_TILE_25_3|       pointer|
|B_TILE_25_4                   |   in|   32|   ap_stable|          B_TILE_25_4|       pointer|
|B_TILE_25_5                   |   in|   32|   ap_stable|          B_TILE_25_5|       pointer|
|B_TILE_25_6                   |   in|   32|   ap_stable|          B_TILE_25_6|       pointer|
|B_TILE_25_7                   |   in|   32|   ap_stable|          B_TILE_25_7|       pointer|
|B_TILE_25_8                   |   in|   32|   ap_stable|          B_TILE_25_8|       pointer|
|B_TILE_25_9                   |   in|   32|   ap_stable|          B_TILE_25_9|       pointer|
|B_TILE_25_10                  |   in|   32|   ap_stable|         B_TILE_25_10|       pointer|
|B_TILE_25_11                  |   in|   32|   ap_stable|         B_TILE_25_11|       pointer|
|B_TILE_25_12                  |   in|   32|   ap_stable|         B_TILE_25_12|       pointer|
|B_TILE_25_13                  |   in|   32|   ap_stable|         B_TILE_25_13|       pointer|
|B_TILE_25_14                  |   in|   32|   ap_stable|         B_TILE_25_14|       pointer|
|B_TILE_25_15                  |   in|   32|   ap_stable|         B_TILE_25_15|       pointer|
|B_TILE_26_0                   |   in|   32|   ap_stable|          B_TILE_26_0|       pointer|
|B_TILE_26_1                   |   in|   32|   ap_stable|          B_TILE_26_1|       pointer|
|B_TILE_26_2                   |   in|   32|   ap_stable|          B_TILE_26_2|       pointer|
|B_TILE_26_3                   |   in|   32|   ap_stable|          B_TILE_26_3|       pointer|
|B_TILE_26_4                   |   in|   32|   ap_stable|          B_TILE_26_4|       pointer|
|B_TILE_26_5                   |   in|   32|   ap_stable|          B_TILE_26_5|       pointer|
|B_TILE_26_6                   |   in|   32|   ap_stable|          B_TILE_26_6|       pointer|
|B_TILE_26_7                   |   in|   32|   ap_stable|          B_TILE_26_7|       pointer|
|B_TILE_26_8                   |   in|   32|   ap_stable|          B_TILE_26_8|       pointer|
|B_TILE_26_9                   |   in|   32|   ap_stable|          B_TILE_26_9|       pointer|
|B_TILE_26_10                  |   in|   32|   ap_stable|         B_TILE_26_10|       pointer|
|B_TILE_26_11                  |   in|   32|   ap_stable|         B_TILE_26_11|       pointer|
|B_TILE_26_12                  |   in|   32|   ap_stable|         B_TILE_26_12|       pointer|
|B_TILE_26_13                  |   in|   32|   ap_stable|         B_TILE_26_13|       pointer|
|B_TILE_26_14                  |   in|   32|   ap_stable|         B_TILE_26_14|       pointer|
|B_TILE_26_15                  |   in|   32|   ap_stable|         B_TILE_26_15|       pointer|
|B_TILE_27_0                   |   in|   32|   ap_stable|          B_TILE_27_0|       pointer|
|B_TILE_27_1                   |   in|   32|   ap_stable|          B_TILE_27_1|       pointer|
|B_TILE_27_2                   |   in|   32|   ap_stable|          B_TILE_27_2|       pointer|
|B_TILE_27_3                   |   in|   32|   ap_stable|          B_TILE_27_3|       pointer|
|B_TILE_27_4                   |   in|   32|   ap_stable|          B_TILE_27_4|       pointer|
|B_TILE_27_5                   |   in|   32|   ap_stable|          B_TILE_27_5|       pointer|
|B_TILE_27_6                   |   in|   32|   ap_stable|          B_TILE_27_6|       pointer|
|B_TILE_27_7                   |   in|   32|   ap_stable|          B_TILE_27_7|       pointer|
|B_TILE_27_8                   |   in|   32|   ap_stable|          B_TILE_27_8|       pointer|
|B_TILE_27_9                   |   in|   32|   ap_stable|          B_TILE_27_9|       pointer|
|B_TILE_27_10                  |   in|   32|   ap_stable|         B_TILE_27_10|       pointer|
|B_TILE_27_11                  |   in|   32|   ap_stable|         B_TILE_27_11|       pointer|
|B_TILE_27_12                  |   in|   32|   ap_stable|         B_TILE_27_12|       pointer|
|B_TILE_27_13                  |   in|   32|   ap_stable|         B_TILE_27_13|       pointer|
|B_TILE_27_14                  |   in|   32|   ap_stable|         B_TILE_27_14|       pointer|
|B_TILE_27_15                  |   in|   32|   ap_stable|         B_TILE_27_15|       pointer|
|B_TILE_28_0                   |   in|   32|   ap_stable|          B_TILE_28_0|       pointer|
|B_TILE_28_1                   |   in|   32|   ap_stable|          B_TILE_28_1|       pointer|
|B_TILE_28_2                   |   in|   32|   ap_stable|          B_TILE_28_2|       pointer|
|B_TILE_28_3                   |   in|   32|   ap_stable|          B_TILE_28_3|       pointer|
|B_TILE_28_4                   |   in|   32|   ap_stable|          B_TILE_28_4|       pointer|
|B_TILE_28_5                   |   in|   32|   ap_stable|          B_TILE_28_5|       pointer|
|B_TILE_28_6                   |   in|   32|   ap_stable|          B_TILE_28_6|       pointer|
|B_TILE_28_7                   |   in|   32|   ap_stable|          B_TILE_28_7|       pointer|
|B_TILE_28_8                   |   in|   32|   ap_stable|          B_TILE_28_8|       pointer|
|B_TILE_28_9                   |   in|   32|   ap_stable|          B_TILE_28_9|       pointer|
|B_TILE_28_10                  |   in|   32|   ap_stable|         B_TILE_28_10|       pointer|
|B_TILE_28_11                  |   in|   32|   ap_stable|         B_TILE_28_11|       pointer|
|B_TILE_28_12                  |   in|   32|   ap_stable|         B_TILE_28_12|       pointer|
|B_TILE_28_13                  |   in|   32|   ap_stable|         B_TILE_28_13|       pointer|
|B_TILE_28_14                  |   in|   32|   ap_stable|         B_TILE_28_14|       pointer|
|B_TILE_28_15                  |   in|   32|   ap_stable|         B_TILE_28_15|       pointer|
|B_TILE_29_0                   |   in|   32|   ap_stable|          B_TILE_29_0|       pointer|
|B_TILE_29_1                   |   in|   32|   ap_stable|          B_TILE_29_1|       pointer|
|B_TILE_29_2                   |   in|   32|   ap_stable|          B_TILE_29_2|       pointer|
|B_TILE_29_3                   |   in|   32|   ap_stable|          B_TILE_29_3|       pointer|
|B_TILE_29_4                   |   in|   32|   ap_stable|          B_TILE_29_4|       pointer|
|B_TILE_29_5                   |   in|   32|   ap_stable|          B_TILE_29_5|       pointer|
|B_TILE_29_6                   |   in|   32|   ap_stable|          B_TILE_29_6|       pointer|
|B_TILE_29_7                   |   in|   32|   ap_stable|          B_TILE_29_7|       pointer|
|B_TILE_29_8                   |   in|   32|   ap_stable|          B_TILE_29_8|       pointer|
|B_TILE_29_9                   |   in|   32|   ap_stable|          B_TILE_29_9|       pointer|
|B_TILE_29_10                  |   in|   32|   ap_stable|         B_TILE_29_10|       pointer|
|B_TILE_29_11                  |   in|   32|   ap_stable|         B_TILE_29_11|       pointer|
|B_TILE_29_12                  |   in|   32|   ap_stable|         B_TILE_29_12|       pointer|
|B_TILE_29_13                  |   in|   32|   ap_stable|         B_TILE_29_13|       pointer|
|B_TILE_29_14                  |   in|   32|   ap_stable|         B_TILE_29_14|       pointer|
|B_TILE_29_15                  |   in|   32|   ap_stable|         B_TILE_29_15|       pointer|
|B_TILE_30_0                   |   in|   32|   ap_stable|          B_TILE_30_0|       pointer|
|B_TILE_30_1                   |   in|   32|   ap_stable|          B_TILE_30_1|       pointer|
|B_TILE_30_2                   |   in|   32|   ap_stable|          B_TILE_30_2|       pointer|
|B_TILE_30_3                   |   in|   32|   ap_stable|          B_TILE_30_3|       pointer|
|B_TILE_30_4                   |   in|   32|   ap_stable|          B_TILE_30_4|       pointer|
|B_TILE_30_5                   |   in|   32|   ap_stable|          B_TILE_30_5|       pointer|
|B_TILE_30_6                   |   in|   32|   ap_stable|          B_TILE_30_6|       pointer|
|B_TILE_30_7                   |   in|   32|   ap_stable|          B_TILE_30_7|       pointer|
|B_TILE_30_8                   |   in|   32|   ap_stable|          B_TILE_30_8|       pointer|
|B_TILE_30_9                   |   in|   32|   ap_stable|          B_TILE_30_9|       pointer|
|B_TILE_30_10                  |   in|   32|   ap_stable|         B_TILE_30_10|       pointer|
|B_TILE_30_11                  |   in|   32|   ap_stable|         B_TILE_30_11|       pointer|
|B_TILE_30_12                  |   in|   32|   ap_stable|         B_TILE_30_12|       pointer|
|B_TILE_30_13                  |   in|   32|   ap_stable|         B_TILE_30_13|       pointer|
|B_TILE_30_14                  |   in|   32|   ap_stable|         B_TILE_30_14|       pointer|
|B_TILE_30_15                  |   in|   32|   ap_stable|         B_TILE_30_15|       pointer|
|B_TILE_31_0                   |   in|   32|   ap_stable|          B_TILE_31_0|       pointer|
|B_TILE_31_1                   |   in|   32|   ap_stable|          B_TILE_31_1|       pointer|
|B_TILE_31_2                   |   in|   32|   ap_stable|          B_TILE_31_2|       pointer|
|B_TILE_31_3                   |   in|   32|   ap_stable|          B_TILE_31_3|       pointer|
|B_TILE_31_4                   |   in|   32|   ap_stable|          B_TILE_31_4|       pointer|
|B_TILE_31_5                   |   in|   32|   ap_stable|          B_TILE_31_5|       pointer|
|B_TILE_31_6                   |   in|   32|   ap_stable|          B_TILE_31_6|       pointer|
|B_TILE_31_7                   |   in|   32|   ap_stable|          B_TILE_31_7|       pointer|
|B_TILE_31_8                   |   in|   32|   ap_stable|          B_TILE_31_8|       pointer|
|B_TILE_31_9                   |   in|   32|   ap_stable|          B_TILE_31_9|       pointer|
|B_TILE_31_10                  |   in|   32|   ap_stable|         B_TILE_31_10|       pointer|
|B_TILE_31_11                  |   in|   32|   ap_stable|         B_TILE_31_11|       pointer|
|B_TILE_31_12                  |   in|   32|   ap_stable|         B_TILE_31_12|       pointer|
|B_TILE_31_13                  |   in|   32|   ap_stable|         B_TILE_31_13|       pointer|
|B_TILE_31_14                  |   in|   32|   ap_stable|         B_TILE_31_14|       pointer|
|B_TILE_31_15                  |   in|   32|   ap_stable|         B_TILE_31_15|       pointer|
+------------------------------+-----+-----+------------+---------------------+--------------+

