

================================================================
== Vitis HLS Report for 'B_Buf_to_stream'
================================================================
* Date:           Tue Jul 28 13:11:29 2026

* Version:        2023.2 (Build 4023990 on Oct 11 2023)
* Project:        hls_project
* Solution:       gemm2 (Vitis Kernel Flow Target)
* Product family: versalaicore
* Target device:  xcvc1902-vsva2197-2MP-e-S


================================================================
== Performance Estimates
================================================================
+ Timing: 
    * Summary: 
    +--------+---------+----------+------------+
    |  Clock |  Target | Estimated| Uncertainty|
    +--------+---------+----------+------------+
    |ap_clk  |  3.33 ns|  2.000 ns|     0.90 ns|
    +--------+---------+----------+------------+

+ Latency: 
    * Summary: 
    +---------+---------+-----------+-----------+-----+-----+------------------------------------------+
    |  Latency (cycles) |   Latency (absolute)  |  Interval |                 Pipeline                 |
    |   min   |   max   |    min    |    max    | min | max |                   Type                   |
    +---------+---------+-----------+-----------+-----+-----+------------------------------------------+
    |        8|        9|  26.664 ns|  29.997 ns|    8|    8|  loop rewind stp(delay=0 clock cycles(s))|
    +---------+---------+-----------+-----------+-----+-----+------------------------------------------+

    + Detail: 
        * Instance: 
        N/A

        * Loop: 
        +-------------------+---------+---------+----------+-----------+-----------+------+----------+
        |                   |  Latency (cycles) | Iteration|  Initiation Interval  | Trip |          |
        |     Loop Name     |   min   |   max   |  Latency |  achieved |   target  | Count| Pipelined|
        +-------------------+---------+---------+----------+-----------+-----------+------+----------+
        |- VITIS_LOOP_19_1  |        8|        8|         2|          1|          1|     8|       yes|
        +-------------------+---------+---------+----------+-----------+-----------+------+----------+



================================================================
== Utilization Estimates
================================================================
* Summary: 
+-----------------+---------+------+---------+--------+-----+
|       Name      | BRAM_18K|  DSP |    FF   |   LUT  | URAM|
+-----------------+---------+------+---------+--------+-----+
|DSP              |        -|     -|        -|       -|    -|
|Expression       |        -|     -|        0|      18|    -|
|FIFO             |        -|     -|        -|       -|    -|
|Instance         |        -|     -|        -|       -|    -|
|Memory           |        -|     -|        -|       -|    -|
|Multiplexer      |        -|     -|        -|      26|    -|
|Register         |        -|     -|       10|       -|    -|
+-----------------+---------+------+---------+--------+-----+
|Total            |        0|     0|       10|      44|    0|
+-----------------+---------+------+---------+--------+-----+
|Available        |     1934|  1968|  1799680|  899840|  463|
+-----------------+---------+------+---------+--------+-----+
|Utilization (%)  |        0|     0|       ~0|      ~0|    0|
+-----------------+---------+------+---------+--------+-----+

+ Detail: 
    * Instance: 
    N/A

    * DSP: 
    N/A

    * Memory: 
    N/A

    * FIFO: 
    N/A

    * Expression: 
    +----------------------------------+----------+----+---+----+------------+------------+
    |           Variable Name          | Operation| DSP| FF| LUT| Bitwidth P0| Bitwidth P1|
    +----------------------------------+----------+----+---+----+------------+------------+
    |k_fu_273_p2                       |         +|   0|  0|   5|           3|           1|
    |ap_block_pp0_stage0_01001         |       and|   0|  0|   2|           1|           1|
    |ap_condition_280                  |       and|   0|  0|   2|           1|           1|
    |icmp_ln19_fu_323_p2               |      icmp|   0|  0|   5|           3|           2|
    |ap_block_state3_pp0_stage0_iter1  |        or|   0|  0|   2|           1|           1|
    |ap_enable_pp0                     |       xor|   0|  0|   2|           1|           2|
    +----------------------------------+----------+----+---+----+------------+------------+
    |Total                             |          |   0|  0|  18|          10|           8|
    +----------------------------------+----------+----+---+----+------------+------------+

    * Multiplexer: 
    +------------------------------+----+-----------+-----+-----------+
    |             Name             | LUT| Input Size| Bits| Total Bits|
    +------------------------------+----+-----------+-----+-----------+
    |B_stream_0_0_blk_n            |   2|          2|    1|          2|
    |B_stream_0_1_blk_n            |   2|          2|    1|          2|
    |B_stream_0_2_blk_n            |   2|          2|    1|          2|
    |B_stream_0_3_blk_n            |   2|          2|    1|          2|
    |B_stream_0_4_blk_n            |   2|          2|    1|          2|
    |B_stream_0_5_blk_n            |   2|          2|    1|          2|
    |B_stream_0_6_blk_n            |   2|          2|    1|          2|
    |B_stream_0_7_blk_n            |   2|          2|    1|          2|
    |ap_NS_fsm                     |   2|          3|    1|          3|
    |ap_enable_reg_pp0_iter1       |   2|          2|    1|          2|
    |ap_phi_mux_k45_phi_fu_263_p6  |   3|          3|    3|          9|
    |k45_reg_259                   |   3|          2|    3|          6|
    +------------------------------+----+-----------+-----+-----------+
    |Total                         |  26|         26|   16|         36|
    +------------------------------+----+-----------+-----+-----------+

    * Register: 
    +-------------------------+---+----+-----+-----------+
    |           Name          | FF| LUT| Bits| Const Bits|
    +-------------------------+---+----+-----+-----------+
    |ap_CS_fsm                |  2|   0|    2|          0|
    |ap_enable_reg_pp0_iter1  |  1|   0|    1|          0|
    |icmp_ln19_reg_448        |  1|   0|    1|          0|
    |k45_reg_259              |  3|   0|    3|          0|
    |k_reg_403                |  3|   0|    3|          0|
    +-------------------------+---+----+-----+-----------+
    |Total                    | 10|   0|   10|          0|
    +-------------------------+---+----+-----+-----------+



================================================================
== Interface
================================================================
* Summary: 
+-----------------------------+-----+-----+------------+-----------------+--------------+
|          RTL Ports          | Dir | Bits|  Protocol  |  Source Object  |    C Type    |
+-----------------------------+-----+-----+------------+-----------------+--------------+
|ap_clk                       |   in|    1|  ap_ctrl_hs|  B_Buf_to_stream|  return value|
|ap_rst                       |   in|    1|  ap_ctrl_hs|  B_Buf_to_stream|  return value|
|ap_start                     |   in|    1|  ap_ctrl_hs|  B_Buf_to_stream|  return value|
|ap_done                      |  out|    1|  ap_ctrl_hs|  B_Buf_to_stream|  return value|
|ap_idle                      |  out|    1|  ap_ctrl_hs|  B_Buf_to_stream|  return value|
|ap_ready                     |  out|    1|  ap_ctrl_hs|  B_Buf_to_stream|  return value|
|B_stream_0_0_din             |  out|   32|     ap_fifo|     B_stream_0_0|       pointer|
|B_stream_0_0_num_data_valid  |   in|    4|     ap_fifo|     B_stream_0_0|       pointer|
|B_stream_0_0_fifo_cap        |   in|    4|     ap_fifo|     B_stream_0_0|       pointer|
|B_stream_0_0_full_n          |   in|    1|     ap_fifo|     B_stream_0_0|       pointer|
|B_stream_0_0_write           |  out|    1|     ap_fifo|     B_stream_0_0|       pointer|
|B_stream_0_1_din             |  out|   32|     ap_fifo|     B_stream_0_1|       pointer|
|B_stream_0_1_num_data_valid  |   in|    4|     ap_fifo|     B_stream_0_1|       pointer|
|B_stream_0_1_fifo_cap        |   in|    4|     ap_fifo|     B_stream_0_1|       pointer|
|B_stream_0_1_full_n          |   in|    1|     ap_fifo|     B_stream_0_1|       pointer|
|B_stream_0_1_write           |  out|    1|     ap_fifo|     B_stream_0_1|       pointer|
|B_stream_0_2_din             |  out|   32|     ap_fifo|     B_stream_0_2|       pointer|
|B_stream_0_2_num_data_valid  |   in|    4|     ap_fifo|     B_stream_0_2|       pointer|
|B_stream_0_2_fifo_cap        |   in|    4|     ap_fifo|     B_stream_0_2|       pointer|
|B_stream_0_2_full_n          |   in|    1|     ap_fifo|     B_stream_0_2|       pointer|
|B_stream_0_2_write           |  out|    1|     ap_fifo|     B_stream_0_2|       pointer|
|B_stream_0_3_din             |  out|   32|     ap_fifo|     B_stream_0_3|       pointer|
|B_stream_0_3_num_data_valid  |   in|    4|     ap_fifo|     B_stream_0_3|       pointer|
|B_stream_0_3_fifo_cap        |   in|    4|     ap_fifo|     B_stream_0_3|       pointer|
|B_stream_0_3_full_n          |   in|    1|     ap_fifo|     B_stream_0_3|       pointer|
|B_stream_0_3_write           |  out|    1|     ap_fifo|     B_stream_0_3|       pointer|
|B_stream_0_4_din             |  out|   32|     ap_fifo|     B_stream_0_4|       pointer|
|B_stream_0_4_num_data_valid  |   in|    4|     ap_fifo|     B_stream_0_4|       pointer|
|B_stream_0_4_fifo_cap        |   in|    4|     ap_fifo|     B_stream_0_4|       pointer|
|B_stream_0_4_full_n          |   in|    1|     ap_fifo|     B_stream_0_4|       pointer|
|B_stream_0_4_write           |  out|    1|     ap_fifo|     B_stream_0_4|       pointer|
|B_stream_0_5_din             |  out|   32|     ap_fifo|     B_stream_0_5|       pointer|
|B_stream_0_5_num_data_valid  |   in|    4|     ap_fifo|     B_stream_0_5|       pointer|
|B_stream_0_5_fifo_cap        |   in|    4|     ap_fifo|     B_stream_0_5|       pointer|
|B_stream_0_5_full_n          |   in|    1|     ap_fifo|     B_stream_0_5|       pointer|
|B_stream_0_5_write           |  out|    1|     ap_fifo|     B_stream_0_5|       pointer|
|B_stream_0_6_din             |  out|   32|     ap_fifo|     B_stream_0_6|       pointer|
|B_stream_0_6_num_data_valid  |   in|    4|     ap_fifo|     B_stream_0_6|       pointer|
|B_stream_0_6_fifo_cap        |   in|    4|     ap_fifo|     B_stream_0_6|       pointer|
|B_stream_0_6_full_n          |   in|    1|     ap_fifo|     B_stream_0_6|       pointer|
|B_stream_0_6_write           |  out|    1|     ap_fifo|     B_stream_0_6|       pointer|
|B_stream_0_7_din             |  out|   32|     ap_fifo|     B_stream_0_7|       pointer|
|B_stream_0_7_num_data_valid  |   in|    4|     ap_fifo|     B_stream_0_7|       pointer|
|B_stream_0_7_fifo_cap        |   in|    4|     ap_fifo|     B_stream_0_7|       pointer|
|B_stream_0_7_full_n          |   in|    1|     ap_fifo|     B_stream_0_7|       pointer|
|B_stream_0_7_write           |  out|    1|     ap_fifo|     B_stream_0_7|       pointer|
|B_BUF_0_address0             |  out|    3|   ap_memory|          B_BUF_0|         array|
|B_BUF_0_ce0                  |  out|    1|   ap_memory|          B_BUF_0|         array|
|B_BUF_0_q0                   |   in|   32|   ap_memory|          B_BUF_0|         array|
|B_BUF_1_address0             |  out|    3|   ap_memory|          B_BUF_1|         array|
|B_BUF_1_ce0                  |  out|    1|   ap_memory|          B_BUF_1|         array|
|B_BUF_1_q0                   |   in|   32|   ap_memory|          B_BUF_1|         array|
|B_BUF_2_address0             |  out|    3|   ap_memory|          B_BUF_2|         array|
|B_BUF_2_ce0                  |  out|    1|   ap_memory|          B_BUF_2|         array|
|B_BUF_2_q0                   |   in|   32|   ap_memory|          B_BUF_2|         array|
|B_BUF_3_address0             |  out|    3|   ap_memory|          B_BUF_3|         array|
|B_BUF_3_ce0                  |  out|    1|   ap_memory|          B_BUF_3|         array|
|B_BUF_3_q0                   |   in|   32|   ap_memory|          B_BUF_3|         array|
|B_BUF_4_address0             |  out|    3|   ap_memory|          B_BUF_4|         array|
|B_BUF_4_ce0                  |  out|    1|   ap_memory|          B_BUF_4|         array|
|B_BUF_4_q0                   |   in|   32|   ap_memory|          B_BUF_4|         array|
|B_BUF_5_address0             |  out|    3|   ap_memory|          B_BUF_5|         array|
|B_BUF_5_ce0                  |  out|    1|   ap_memory|          B_BUF_5|         array|
|B_BUF_5_q0                   |   in|   32|   ap_memory|          B_BUF_5|         array|
|B_BUF_6_address0             |  out|    3|   ap_memory|          B_BUF_6|         array|
|B_BUF_6_ce0                  |  out|    1|   ap_memory|          B_BUF_6|         array|
|B_BUF_6_q0                   |   in|   32|   ap_memory|          B_BUF_6|         array|
|B_BUF_7_address0             |  out|    3|   ap_memory|          B_BUF_7|         array|
|B_BUF_7_ce0                  |  out|    1|   ap_memory|          B_BUF_7|         array|
|B_BUF_7_q0                   |   in|   32|   ap_memory|          B_BUF_7|         array|
+-----------------------------+-----+-----+------------+-----------------+--------------+

