

================================================================
== Vitis HLS Report for 'B_Vec_to_Buf'
================================================================
* Date:           Fri Jul 31 15:18:53 2026

* Version:        2023.2.2 (Build 4101106 on Feb  9 2024)
* Project:        hls_project
* Solution:       gemm2 (Vitis Kernel Flow Target)
* Product family: versalaicore
* Target device:  xcvc1902-vsva2197-2MP-e-S


================================================================
== Performance Estimates
================================================================
+ Timing: 
    * Summary: 
    +--------+---------+----------+------------+
    |  Clock |  Target | Estimated| Uncertainty|
    +--------+---------+----------+------------+
    |ap_clk  |  3.33 ns|  1.099 ns|     0.90 ns|
    +--------+---------+----------+------------+

+ Latency: 
    * Summary: 
    +---------+---------+-----------+-----------+-----+-----+---------+
    |  Latency (cycles) |   Latency (absolute)  |  Interval | Pipeline|
    |   min   |   max   |    min    |    max    | min | max |   Type  |
    +---------+---------+-----------+-----------+-----+-----+---------+
    |       10|       10|  33.330 ns|  33.330 ns|   10|   10|       no|
    +---------+---------+-----------+-----------+-----+-----+---------+

    + Detail: 
        * Instance: 
        N/A

        * Loop: 
        +-------------------+---------+---------+----------+-----------+-----------+------+----------+
        |                   |  Latency (cycles) | Iteration|  Initiation Interval  | Trip |          |
        |     Loop Name     |   min   |   max   |  Latency |  achieved |   target  | Count| Pipelined|
        +-------------------+---------+---------+----------+-----------+-----------+------+----------+
        |- VITIS_LOOP_18_1  |        8|        8|         2|          1|          1|     8|       yes|
        +-------------------+---------+---------+----------+-----------+-----------+------+----------+



================================================================
== Utilization Estimates
================================================================
* Summary: 
+-----------------+---------+------+---------+--------+-----+
|       Name      | BRAM_18K|  DSP |    FF   |   LUT  | URAM|
+-----------------+---------+------+---------+--------+-----+
|DSP              |        -|     -|        -|       -|    -|
|Expression       |        -|     -|        0|      18|    -|
|FIFO             |        -|     -|        -|       -|    -|
|Instance         |        -|     -|        -|       -|    -|
|Memory           |        -|     -|        -|       -|    -|
|Multiplexer      |        -|     -|        -|    2060|    -|
|Register         |        -|     -|     4109|       -|    -|
+-----------------+---------+------+---------+--------+-----+
|Total            |        0|     0|     4109|    2078|    0|
+-----------------+---------+------+---------+--------+-----+
|Available        |     1934|  1968|  1799680|  899840|  463|
+-----------------+---------+------+---------+--------+-----+
|Utilization (%)  |        0|     0|       ~0|      ~0|    0|
+-----------------+---------+------+---------+--------+-----+

+ Detail: 
    * Instance: 
    N/A

    * DSP: 
    N/A

    * Memory: 
    N/A

    * FIFO: 
    N/A

    * Expression: 
    +---------------------------+----------+----+---+----+------------+------------+
    |       Variable Name       | Operation| DSP| FF| LUT| Bitwidth P0| Bitwidth P1|
    +---------------------------+----------+----+---+----+------------+------------+
    |add_ln18_fu_1244_p2        |         +|   0|  0|   5|           4|           1|
    |ap_block_pp0_stage0_11001  |       and|   0|  0|   2|           1|           1|
    |icmp_ln18_fu_1250_p2       |      icmp|   0|  0|   5|           4|           5|
    |ap_block_state1            |        or|   0|  0|   2|           1|           1|
    |ap_enable_pp0              |       xor|   0|  0|   2|           1|           2|
    |ap_enable_reg_pp0_iter1    |       xor|   0|  0|   2|           2|           1|
    +---------------------------+----------+----+---+----+------------+------------+
    |Total                      |          |   0|  0|  18|          13|          11|
    +---------------------------+----------+----+---+----+------------+------------+

    * Multiplexer: 
    +-------------------------+----+-----------+-----+-----------+
    |           Name          | LUT| Input Size| Bits| Total Bits|
    +-------------------------+----+-----------+-----+-----------+
    |B_BUF_0_0_out            |  32|          2|   32|         64|
    |B_BUF_0_1_out            |  32|          2|   32|         64|
    |B_BUF_0_2_out            |  32|          2|   32|         64|
    |B_BUF_0_3_out            |  32|          2|   32|         64|
    |B_BUF_0_4_out            |  32|          2|   32|         64|
    |B_BUF_0_5_out            |  32|          2|   32|         64|
    |B_BUF_0_6_out            |  32|          2|   32|         64|
    |B_BUF_0_7_out            |  32|          2|   32|         64|
    |B_BUF_1_0_out            |  32|          2|   32|         64|
    |B_BUF_1_1_out            |  32|          2|   32|         64|
    |B_BUF_1_2_out            |  32|          2|   32|         64|
    |B_BUF_1_3_out            |  32|          2|   32|         64|
    |B_BUF_1_4_out            |  32|          2|   32|         64|
    |B_BUF_1_5_out            |  32|          2|   32|         64|
    |B_BUF_1_6_out            |  32|          2|   32|         64|
    |B_BUF_1_7_out            |  32|          2|   32|         64|
    |B_BUF_2_0_out            |  32|          2|   32|         64|
    |B_BUF_2_1_out            |  32|          2|   32|         64|
    |B_BUF_2_2_out            |  32|          2|   32|         64|
    |B_BUF_2_3_out            |  32|          2|   32|         64|
    |B_BUF_2_4_out            |  32|          2|   32|         64|
    |B_BUF_2_5_out            |  32|          2|   32|         64|
    |B_BUF_2_6_out            |  32|          2|   32|         64|
    |B_BUF_2_7_out            |  32|          2|   32|         64|
    |B_BUF_3_0_out            |  32|          2|   32|         64|
    |B_BUF_3_1_out            |  32|          2|   32|         64|
    |B_BUF_3_2_out            |  32|          2|   32|         64|
    |B_BUF_3_3_out            |  32|          2|   32|         64|
    |B_BUF_3_4_out            |  32|          2|   32|         64|
    |B_BUF_3_5_out            |  32|          2|   32|         64|
    |B_BUF_3_6_out            |  32|          2|   32|         64|
    |B_BUF_3_7_out            |  32|          2|   32|         64|
    |B_BUF_4_0_out            |  32|          2|   32|         64|
    |B_BUF_4_1_out            |  32|          2|   32|         64|
    |B_BUF_4_2_out            |  32|          2|   32|         64|
    |B_BUF_4_3_out            |  32|          2|   32|         64|
    |B_BUF_4_4_out            |  32|          2|   32|         64|
    |B_BUF_4_5_out            |  32|          2|   32|         64|
    |B_BUF_4_6_out            |  32|          2|   32|         64|
    |B_BUF_4_7_out            |  32|          2|   32|         64|
    |B_BUF_5_0_out            |  32|          2|   32|         64|
    |B_BUF_5_1_out            |  32|          2|   32|         64|
    |B_BUF_5_2_out            |  32|          2|   32|         64|
    |B_BUF_5_3_out            |  32|          2|   32|         64|
    |B_BUF_5_4_out            |  32|          2|   32|         64|
    |B_BUF_5_5_out            |  32|          2|   32|         64|
    |B_BUF_5_6_out            |  32|          2|   32|         64|
    |B_BUF_5_7_out            |  32|          2|   32|         64|
    |B_BUF_6_0_out            |  32|          2|   32|         64|
    |B_BUF_6_1_out            |  32|          2|   32|         64|
    |B_BUF_6_2_out            |  32|          2|   32|         64|
    |B_BUF_6_3_out            |  32|          2|   32|         64|
    |B_BUF_6_4_out            |  32|          2|   32|         64|
    |B_BUF_6_5_out            |  32|          2|   32|         64|
    |B_BUF_6_6_out            |  32|          2|   32|         64|
    |B_BUF_6_7_out            |  32|          2|   32|         64|
    |B_BUF_7_0_out            |  32|          2|   32|         64|
    |B_BUF_7_1_out            |  32|          2|   32|         64|
    |B_BUF_7_2_out            |  32|          2|   32|         64|
    |B_BUF_7_3_out            |  32|          2|   32|         64|
    |B_BUF_7_4_out            |  32|          2|   32|         64|
    |B_BUF_7_5_out            |  32|          2|   32|         64|
    |B_BUF_7_6_out            |  32|          2|   32|         64|
    |B_BUF_7_7_out            |  32|          2|   32|         64|
    |B_in_blk_n               |   2|          2|    1|          2|
    |ap_NS_fsm                |   2|          4|    1|          4|
    |ap_done                  |   2|          2|    1|          2|
    |ap_enable_reg_pp0_iter1  |   2|          3|    1|          3|
    |j_fu_208                 |   4|          2|    4|          8|
    +-------------------------+----+-----------+-----+-----------+
    |Total                    |2060|        141| 2056|       4115|
    +-------------------------+----+-----------+-----+-----------+

    * Register: 
    +-------------------------+----+----+-----+-----------+
    |           Name          | FF | LUT| Bits| Const Bits|
    +-------------------------+----+----+-----+-----------+
    |B_BUF_0_0_out_preg       |  32|   0|   32|          0|
    |B_BUF_0_1_out_preg       |  32|   0|   32|          0|
    |B_BUF_0_2_out_preg       |  32|   0|   32|          0|
    |B_BUF_0_3_out_preg       |  32|   0|   32|          0|
    |B_BUF_0_4_out_preg       |  32|   0|   32|          0|
    |B_BUF_0_5_out_preg       |  32|   0|   32|          0|
    |B_BUF_0_6_out_preg       |  32|   0|   32|          0|
    |B_BUF_0_7_out_preg       |  32|   0|   32|          0|
    |B_BUF_100_load_fu_360    |  32|   0|   32|          0|
    |B_BUF_101_load_fu_364    |  32|   0|   32|          0|
    |B_BUF_102_load_fu_368    |  32|   0|   32|          0|
    |B_BUF_103_load_fu_372    |  32|   0|   32|          0|
    |B_BUF_104_load_fu_376    |  32|   0|   32|          0|
    |B_BUF_105_load_fu_380    |  32|   0|   32|          0|
    |B_BUF_106_load_fu_384    |  32|   0|   32|          0|
    |B_BUF_107_load_fu_388    |  32|   0|   32|          0|
    |B_BUF_108_load_fu_392    |  32|   0|   32|          0|
    |B_BUF_109_load_fu_396    |  32|   0|   32|          0|
    |B_BUF_110_load_fu_400    |  32|   0|   32|          0|
    |B_BUF_111_load_fu_404    |  32|   0|   32|          0|
    |B_BUF_112_load_fu_408    |  32|   0|   32|          0|
    |B_BUF_113_load_fu_412    |  32|   0|   32|          0|
    |B_BUF_114_load_fu_416    |  32|   0|   32|          0|
    |B_BUF_115_load_fu_420    |  32|   0|   32|          0|
    |B_BUF_116_load_fu_424    |  32|   0|   32|          0|
    |B_BUF_117_load_fu_428    |  32|   0|   32|          0|
    |B_BUF_118_load_fu_432    |  32|   0|   32|          0|
    |B_BUF_119_load_fu_436    |  32|   0|   32|          0|
    |B_BUF_120_load_fu_440    |  32|   0|   32|          0|
    |B_BUF_121_load_fu_444    |  32|   0|   32|          0|
    |B_BUF_122_load_fu_448    |  32|   0|   32|          0|
    |B_BUF_123_load_fu_452    |  32|   0|   32|          0|
    |B_BUF_124_load_fu_456    |  32|   0|   32|          0|
    |B_BUF_125_load_fu_460    |  32|   0|   32|          0|
    |B_BUF_126_load_fu_464    |  32|   0|   32|          0|
    |B_BUF_1_0_out_preg       |  32|   0|   32|          0|
    |B_BUF_1_1_out_preg       |  32|   0|   32|          0|
    |B_BUF_1_2_out_preg       |  32|   0|   32|          0|
    |B_BUF_1_3_out_preg       |  32|   0|   32|          0|
    |B_BUF_1_4_out_preg       |  32|   0|   32|          0|
    |B_BUF_1_5_out_preg       |  32|   0|   32|          0|
    |B_BUF_1_6_out_preg       |  32|   0|   32|          0|
    |B_BUF_1_7_out_preg       |  32|   0|   32|          0|
    |B_BUF_2_0_out_preg       |  32|   0|   32|          0|
    |B_BUF_2_1_out_preg       |  32|   0|   32|          0|
    |B_BUF_2_2_out_preg       |  32|   0|   32|          0|
    |B_BUF_2_3_out_preg       |  32|   0|   32|          0|
    |B_BUF_2_4_out_preg       |  32|   0|   32|          0|
    |B_BUF_2_5_out_preg       |  32|   0|   32|          0|
    |B_BUF_2_6_out_preg       |  32|   0|   32|          0|
    |B_BUF_2_7_out_preg       |  32|   0|   32|          0|
    |B_BUF_3_0_out_preg       |  32|   0|   32|          0|
    |B_BUF_3_1_out_preg       |  32|   0|   32|          0|
    |B_BUF_3_2_out_preg       |  32|   0|   32|          0|
    |B_BUF_3_3_out_preg       |  32|   0|   32|          0|
    |B_BUF_3_4_out_preg       |  32|   0|   32|          0|
    |B_BUF_3_5_out_preg       |  32|   0|   32|          0|
    |B_BUF_3_6_out_preg       |  32|   0|   32|          0|
    |B_BUF_3_7_out_preg       |  32|   0|   32|          0|
    |B_BUF_4_0_out_preg       |  32|   0|   32|          0|
    |B_BUF_4_1_out_preg       |  32|   0|   32|          0|
    |B_BUF_4_2_out_preg       |  32|   0|   32|          0|
    |B_BUF_4_3_out_preg       |  32|   0|   32|          0|
    |B_BUF_4_4_out_preg       |  32|   0|   32|          0|
    |B_BUF_4_5_out_preg       |  32|   0|   32|          0|
    |B_BUF_4_6_out_preg       |  32|   0|   32|          0|
    |B_BUF_4_7_out_preg       |  32|   0|   32|          0|
    |B_BUF_5_0_out_preg       |  32|   0|   32|          0|
    |B_BUF_5_1_out_preg       |  32|   0|   32|          0|
    |B_BUF_5_2_out_preg       |  32|   0|   32|          0|
    |B_BUF_5_3_out_preg       |  32|   0|   32|          0|
    |B_BUF_5_4_out_preg       |  32|   0|   32|          0|
    |B_BUF_5_5_out_preg       |  32|   0|   32|          0|
    |B_BUF_5_6_out_preg       |  32|   0|   32|          0|
    |B_BUF_5_7_out_preg       |  32|   0|   32|          0|
    |B_BUF_64_load_fu_216     |  32|   0|   32|          0|
    |B_BUF_65_load_fu_220     |  32|   0|   32|          0|
    |B_BUF_66_load_fu_224     |  32|   0|   32|          0|
    |B_BUF_67_load_fu_228     |  32|   0|   32|          0|
    |B_BUF_68_load_fu_232     |  32|   0|   32|          0|
    |B_BUF_69_load_fu_236     |  32|   0|   32|          0|
    |B_BUF_6_0_out_preg       |  32|   0|   32|          0|
    |B_BUF_6_1_out_preg       |  32|   0|   32|          0|
    |B_BUF_6_2_out_preg       |  32|   0|   32|          0|
    |B_BUF_6_3_out_preg       |  32|   0|   32|          0|
    |B_BUF_6_4_out_preg       |  32|   0|   32|          0|
    |B_BUF_6_5_out_preg       |  32|   0|   32|          0|
    |B_BUF_6_6_out_preg       |  32|   0|   32|          0|
    |B_BUF_6_7_out_preg       |  32|   0|   32|          0|
    |B_BUF_70_load_fu_240     |  32|   0|   32|          0|
    |B_BUF_71_load_fu_244     |  32|   0|   32|          0|
    |B_BUF_72_load_fu_248     |  32|   0|   32|          0|
    |B_BUF_73_load_fu_252     |  32|   0|   32|          0|
    |B_BUF_74_load_fu_256     |  32|   0|   32|          0|
    |B_BUF_75_load_fu_260     |  32|   0|   32|          0|
    |B_BUF_76_load_fu_264     |  32|   0|   32|          0|
    |B_BUF_77_load_fu_268     |  32|   0|   32|          0|
    |B_BUF_78_load_fu_272     |  32|   0|   32|          0|
    |B_BUF_79_load_fu_276     |  32|   0|   32|          0|
    |B_BUF_7_0_out_preg       |  32|   0|   32|          0|
    |B_BUF_7_1_out_preg       |  32|   0|   32|          0|
    |B_BUF_7_2_out_preg       |  32|   0|   32|          0|
    |B_BUF_7_3_out_preg       |  32|   0|   32|          0|
    |B_BUF_7_4_out_preg       |  32|   0|   32|          0|
    |B_BUF_7_5_out_preg       |  32|   0|   32|          0|
    |B_BUF_7_6_out_preg       |  32|   0|   32|          0|
    |B_BUF_7_7_out_preg       |  32|   0|   32|          0|
    |B_BUF_80_load_fu_280     |  32|   0|   32|          0|
    |B_BUF_81_load_fu_284     |  32|   0|   32|          0|
    |B_BUF_82_load_fu_288     |  32|   0|   32|          0|
    |B_BUF_83_load_fu_292     |  32|   0|   32|          0|
    |B_BUF_84_load_fu_296     |  32|   0|   32|          0|
    |B_BUF_85_load_fu_300     |  32|   0|   32|          0|
    |B_BUF_86_load_fu_304     |  32|   0|   32|          0|
    |B_BUF_87_load_fu_308     |  32|   0|   32|          0|
    |B_BUF_88_load_fu_312     |  32|   0|   32|          0|
    |B_BUF_89_load_fu_316     |  32|   0|   32|          0|
    |B_BUF_90_load_fu_320     |  32|   0|   32|          0|
    |B_BUF_91_load_fu_324     |  32|   0|   32|          0|
    |B_BUF_92_load_fu_328     |  32|   0|   32|          0|
    |B_BUF_93_load_fu_332     |  32|   0|   32|          0|
    |B_BUF_94_load_fu_336     |  32|   0|   32|          0|
    |B_BUF_95_load_fu_340     |  32|   0|   32|          0|
    |B_BUF_96_load_fu_344     |  32|   0|   32|          0|
    |B_BUF_97_load_fu_348     |  32|   0|   32|          0|
    |B_BUF_98_load_fu_352     |  32|   0|   32|          0|
    |B_BUF_99_load_fu_356     |  32|   0|   32|          0|
    |B_BUF_load_fu_212        |  32|   0|   32|          0|
    |ap_CS_fsm                |   3|   0|    3|          0|
    |ap_done_reg              |   1|   0|    1|          0|
    |ap_enable_reg_pp0_iter0  |   1|   0|    1|          0|
    |ap_enable_reg_pp0_iter1  |   1|   0|    1|          0|
    |j_fu_208                 |   4|   0|    4|          0|
    |trunc_ln18_reg_4033      |   3|   0|    3|          0|
    +-------------------------+----+----+-----+-----------+
    |Total                    |4109|   0| 4109|          0|
    +-------------------------+----+----+-----+-----------+



================================================================
== Interface
================================================================
* Summary: 
+---------------------+-----+-----+------------+---------------+--------------+
|      RTL Ports      | Dir | Bits|  Protocol  | Source Object |    C Type    |
+---------------------+-----+-----+------------+---------------+--------------+
|ap_clk               |   in|    1|  ap_ctrl_hs|   B_Vec_to_Buf|  return value|
|ap_rst               |   in|    1|  ap_ctrl_hs|   B_Vec_to_Buf|  return value|
|ap_start             |   in|    1|  ap_ctrl_hs|   B_Vec_to_Buf|  return value|
|ap_done              |  out|    1|  ap_ctrl_hs|   B_Vec_to_Buf|  return value|
|ap_continue          |   in|    1|  ap_ctrl_hs|   B_Vec_to_Buf|  return value|
|ap_idle              |  out|    1|  ap_ctrl_hs|   B_Vec_to_Buf|  return value|
|ap_ready             |  out|    1|  ap_ctrl_hs|   B_Vec_to_Buf|  return value|
|B_in_dout            |   in|  256|     ap_fifo|           B_in|       pointer|
|B_in_num_data_valid  |   in|    4|     ap_fifo|           B_in|       pointer|
|B_in_fifo_cap        |   in|    4|     ap_fifo|           B_in|       pointer|
|B_in_empty_n         |   in|    1|     ap_fifo|           B_in|       pointer|
|B_in_read            |  out|    1|     ap_fifo|           B_in|       pointer|
|B_BUF_0_0_out        |  out|   32|     ap_none|  B_BUF_0_0_out|       pointer|
|B_BUF_0_1_out        |  out|   32|     ap_none|  B_BUF_0_1_out|       pointer|
|B_BUF_0_2_out        |  out|   32|     ap_none|  B_BUF_0_2_out|       pointer|
|B_BUF_0_3_out        |  out|   32|     ap_none|  B_BUF_0_3_out|       pointer|
|B_BUF_0_4_out        |  out|   32|     ap_none|  B_BUF_0_4_out|       pointer|
|B_BUF_0_5_out        |  out|   32|     ap_none|  B_BUF_0_5_out|       pointer|
|B_BUF_0_6_out        |  out|   32|     ap_none|  B_BUF_0_6_out|       pointer|
|B_BUF_0_7_out        |  out|   32|     ap_none|  B_BUF_0_7_out|       pointer|
|B_BUF_1_0_out        |  out|   32|     ap_none|  B_BUF_1_0_out|       pointer|
|B_BUF_1_1_out        |  out|   32|     ap_none|  B_BUF_1_1_out|       pointer|
|B_BUF_1_2_out        |  out|   32|     ap_none|  B_BUF_1_2_out|       pointer|
|B_BUF_1_3_out        |  out|   32|     ap_none|  B_BUF_1_3_out|       pointer|
|B_BUF_1_4_out        |  out|   32|     ap_none|  B_BUF_1_4_out|       pointer|
|B_BUF_1_5_out        |  out|   32|     ap_none|  B_BUF_1_5_out|       pointer|
|B_BUF_1_6_out        |  out|   32|     ap_none|  B_BUF_1_6_out|       pointer|
|B_BUF_1_7_out        |  out|   32|     ap_none|  B_BUF_1_7_out|       pointer|
|B_BUF_2_0_out        |  out|   32|     ap_none|  B_BUF_2_0_out|       pointer|
|B_BUF_2_1_out        |  out|   32|     ap_none|  B_BUF_2_1_out|       pointer|
|B_BUF_2_2_out        |  out|   32|     ap_none|  B_BUF_2_2_out|       pointer|
|B_BUF_2_3_out        |  out|   32|     ap_none|  B_BUF_2_3_out|       pointer|
|B_BUF_2_4_out        |  out|   32|     ap_none|  B_BUF_2_4_out|       pointer|
|B_BUF_2_5_out        |  out|   32|     ap_none|  B_BUF_2_5_out|       pointer|
|B_BUF_2_6_out        |  out|   32|     ap_none|  B_BUF_2_6_out|       pointer|
|B_BUF_2_7_out        |  out|   32|     ap_none|  B_BUF_2_7_out|       pointer|
|B_BUF_3_0_out        |  out|   32|     ap_none|  B_BUF_3_0_out|       pointer|
|B_BUF_3_1_out        |  out|   32|     ap_none|  B_BUF_3_1_out|       pointer|
|B_BUF_3_2_out        |  out|   32|     ap_none|  B_BUF_3_2_out|       pointer|
|B_BUF_3_3_out        |  out|   32|     ap_none|  B_BUF_3_3_out|       pointer|
|B_BUF_3_4_out        |  out|   32|     ap_none|  B_BUF_3_4_out|       pointer|
|B_BUF_3_5_out        |  out|   32|     ap_none|  B_BUF_3_5_out|       pointer|
|B_BUF_3_6_out        |  out|   32|     ap_none|  B_BUF_3_6_out|       pointer|
|B_BUF_3_7_out        |  out|   32|     ap_none|  B_BUF_3_7_out|       pointer|
|B_BUF_4_0_out        |  out|   32|     ap_none|  B_BUF_4_0_out|       pointer|
|B_BUF_4_1_out        |  out|   32|     ap_none|  B_BUF_4_1_out|       pointer|
|B_BUF_4_2_out        |  out|   32|     ap_none|  B_BUF_4_2_out|       pointer|
|B_BUF_4_3_out        |  out|   32|     ap_none|  B_BUF_4_3_out|       pointer|
|B_BUF_4_4_out        |  out|   32|     ap_none|  B_BUF_4_4_out|       pointer|
|B_BUF_4_5_out        |  out|   32|     ap_none|  B_BUF_4_5_out|       pointer|
|B_BUF_4_6_out        |  out|   32|     ap_none|  B_BUF_4_6_out|       pointer|
|B_BUF_4_7_out        |  out|   32|     ap_none|  B_BUF_4_7_out|       pointer|
|B_BUF_5_0_out        |  out|   32|     ap_none|  B_BUF_5_0_out|       pointer|
|B_BUF_5_1_out        |  out|   32|     ap_none|  B_BUF_5_1_out|       pointer|
|B_BUF_5_2_out        |  out|   32|     ap_none|  B_BUF_5_2_out|       pointer|
|B_BUF_5_3_out        |  out|   32|     ap_none|  B_BUF_5_3_out|       pointer|
|B_BUF_5_4_out        |  out|   32|     ap_none|  B_BUF_5_4_out|       pointer|
|B_BUF_5_5_out        |  out|   32|     ap_none|  B_BUF_5_5_out|       pointer|
|B_BUF_5_6_out        |  out|   32|     ap_none|  B_BUF_5_6_out|       pointer|
|B_BUF_5_7_out        |  out|   32|     ap_none|  B_BUF_5_7_out|       pointer|
|B_BUF_6_0_out        |  out|   32|     ap_none|  B_BUF_6_0_out|       pointer|
|B_BUF_6_1_out        |  out|   32|     ap_none|  B_BUF_6_1_out|       pointer|
|B_BUF_6_2_out        |  out|   32|     ap_none|  B_BUF_6_2_out|       pointer|
|B_BUF_6_3_out        |  out|   32|     ap_none|  B_BUF_6_3_out|       pointer|
|B_BUF_6_4_out        |  out|   32|     ap_none|  B_BUF_6_4_out|       pointer|
|B_BUF_6_5_out        |  out|   32|     ap_none|  B_BUF_6_5_out|       pointer|
|B_BUF_6_6_out        |  out|   32|     ap_none|  B_BUF_6_6_out|       pointer|
|B_BUF_6_7_out        |  out|   32|     ap_none|  B_BUF_6_7_out|       pointer|
|B_BUF_7_0_out        |  out|   32|     ap_none|  B_BUF_7_0_out|       pointer|
|B_BUF_7_1_out        |  out|   32|     ap_none|  B_BUF_7_1_out|       pointer|
|B_BUF_7_2_out        |  out|   32|     ap_none|  B_BUF_7_2_out|       pointer|
|B_BUF_7_3_out        |  out|   32|     ap_none|  B_BUF_7_3_out|       pointer|
|B_BUF_7_4_out        |  out|   32|     ap_none|  B_BUF_7_4_out|       pointer|
|B_BUF_7_5_out        |  out|   32|     ap_none|  B_BUF_7_5_out|       pointer|
|B_BUF_7_6_out        |  out|   32|     ap_none|  B_BUF_7_6_out|       pointer|
|B_BUF_7_7_out        |  out|   32|     ap_none|  B_BUF_7_7_out|       pointer|
+---------------------+-----+-----+------------+---------------+--------------+

