================================================================
== Design Size Report
================================================================

* Total Instructions per Compilation Phase
+---------------+-----------------------------+--------------+----------------------------------------------------------------------------------------+
| Phase         | Step                        | Instructions | Description                                                                            |
+---------------+-----------------------------+--------------+----------------------------------------------------------------------------------------+
| Compile/Link  |                             |  1,231       | After all functions are compiled and linked into a single design                       |
|               |                             |              |                                                                                        |
| Unroll/Inline |                             |              | After user unroll and inline pragmas are applied                                       |
|               | (1) unroll                  | 36,077       | user unroll pragmas are applied                                                        |
|               | (2) simplification          | 12,151       | simplification of applied user unroll pragmas                                          |
|               | (3) inline                  | 11,249       | user inline pragmas are applied                                                        |
|               | (4) simplification          |  8,559       | simplification of applied user inline pragmas                                          |
|               |                             |              |                                                                                        |
| Array/Struct  |                             |              | After user array partition and struct aggregate/disaggregate pragmas are applied       |
|               | (1) array partition         | 57,965       | user array partition pragmas are applied                                               |
|               | (2) simplification          | 37,516       | simplification of applied user array partition & struct aggregate/disaggregate pragmas |
|               | (3) aggregate/disaggregate  | 36,833       | user struct aggregate/disaggregate pragmas are applied                                 |
|               | (4) array reshape           | 48,549       | apply array reshape pragmas                                                            |
|               | (5) access patterns         | 48,770       | array access pattern optmizations                                                      |
|               |                             |              |                                                                                        |
| Performance   |                             |              | After transformations are applied to meet performance pragma targets                   |
|               | (1) loop simplification     | 48,676       | loop and instruction simplification                                                    |
|               | (2) parallelization         | 48,497       | loops are unrolled or pipelined to meet performance targets                            |
|               | (3) simplification          | 48,497       | simplification of design after performance transformations                             |
|               |                             |              |                                                                                        |
| HW Transforms |                             |              | After hardware transfomations                                                          |
|               | (1) lowering                | 68,754       | initial conversion to HW specific instructions                                         |
|               | (2) optimizations           | 88,108       | high level synthesis optimizations                                                     |
+---------------+-----------------------------+--------------+----------------------------------------------------------------------------------------+

* Instructions per Function for each Compilation Phase
+--------------------------+-----------------------+--------------+-------------------+-------------------+-------------------+---------------+
| Function                 | Location              | Compile/Link | Unroll/Inline     | Array/Struct      | Performance       | HW Transforms |
+--------------------------+-----------------------+--------------+-------------------+-------------------+-------------------+---------------+
| + gemm                   | gemm.cpp:6            | 1,231        | 8,559             | 48,770            | 48,497            | 88,108        |
|  + loadInputsFromDRAM    | dram.hpp:62           |  262         |  414              |   875             |   875             |   877         |
|     load_A               | dram.hpp:3            |  114         |  226              |   375             |   375             |   479         |
|     load_B               | dram.hpp:33           |  127         |  181              |   497             |   497             |   393         |
|  + runSystolicArray      | sa_functions.hpp:26   |  744         | 8,030             | 43,288            | 43,015            | 81,776        |
|     B_Vec_to_Buf         | tiling_manager.hpp:16 |   50         |  109              | 1,211             | 1,210             |               |
|   + tm_A                 | tiling_manager.hpp:62 |   94         |                   |                   |                   |               |
|      load_tile_A         | tiling_manager.hpp:39 |   50         |                   |                   |                   |               |
|      tile_A_to_stream    | tiling_manager.hpp:51 |   31         |                   |                   |                   |               |
|     B_Buf_to_stream      | tiling_manager.hpp:28 |   31         |   70              |   551             |   551             |               |
|   + computeSystolicArray | sa_functions.hpp:4    |  377         |                   |                   |                   |               |
|      PE<true, true>      | pe.h:4                |   51         |                   |                   |                   |               |
|      PE<true, false>     | pe.h:4                |   63         |                   |                   |                   |               |
|      PE<false, true>     | pe.h:4                |   63         |                   |                   |                   |               |
|      PE<false, false>    | pe.h:4                |   75         |                   |                   |                   |               |
|     stream_to_C_Vec      | tiling_manager.hpp:3  |   60         |   61              | 25,280 (64 calls) | 25,280 (64 calls) |               |
|     load_tile_A          | tiling_manager.hpp:39 |              | 1,589             | 3,121             | 3,105             |               |
|     tile_A_to_stream     | tiling_manager.hpp:51 |              | 1,553             | 1,025             | 1,025             |               |
|     PE<false, false>     | pe.h:4                |              | 3,150 (225 calls) | 3,375 (225 calls) | 3,150 (225 calls) |               |
|     PE<false, true>      | pe.h:4                |              |  195 (15 calls)   |   210 (15 calls)  |   195 (15 calls)  |               |
|     PE<true, false>      | pe.h:4                |              |  195 (15 calls)   |   210 (15 calls)  |   195 (15 calls)  |               |
|     PE<true, true>       | pe.h:4                |              |   12              |    13             |    12             |               |
|    storeOutputToDRAM     | dram.hpp:70           |  135         |   75              | 4,391             | 4,391             | 5,170         |
+--------------------------+-----------------------+--------------+-------------------+-------------------+-------------------+---------------+

* Design Size Message Settings
+---------------------------------------------+--------+------------------------------------------------------------------+
| Message Setting                             | Value  | Description                                                      |
+---------------------------------------------+--------+------------------------------------------------------------------+
| config_compile -design_size_maximum_warning | 100000 | Show a warning when total design instructions exceeds this value |
+---------------------------------------------+--------+------------------------------------------------------------------+


