

================================================================
== Vitis HLS Report for 'dataflow_in_loop_tile_loop_A_Block_arrayidx4212_exit77_proc74'
================================================================
* Date:           Sun Aug  2 09:34:25 2026

* Version:        2023.2.2 (Build 4101106 on Feb  9 2024)
* Project:        hls_project
* Solution:       gemm2 (Vitis Kernel Flow Target)
* Product family: versalaicore
* Target device:  xcvc1902-vsva2197-2MP-e-S


================================================================
== Performance Estimates
================================================================
+ Timing: 
    * Summary: 
    +--------+---------+----------+------------+
    |  Clock |  Target | Estimated| Uncertainty|
    +--------+---------+----------+------------+
    |ap_clk  |  3.33 ns|  2.120 ns|     0.90 ns|
    +--------+---------+----------+------------+

+ Latency: 
    * Summary: 
    +---------+---------+-----------+-----------+-----+-----+---------+
    |  Latency (cycles) |   Latency (absolute)  |  Interval | Pipeline|
    |   min   |   max   |    min    |    max    | min | max |   Type  |
    +---------+---------+-----------+-----------+-----+-----+---------+
    |       12|       12|  39.996 ns|  39.996 ns|   12|   12|       no|
    +---------+---------+-----------+-----------+-----+-----+---------+

    + Detail: 
        * Instance: 
        +----------------------------+-----------------+---------+---------+-----------+-----------+-----+-----+---------+
        |                            |                 |  Latency (cycles) |   Latency (absolute)  |  Interval | Pipeline|
        |          Instance          |      Module     |   min   |   max   |    min    |    max    | min | max |   Type  |
        +----------------------------+-----------------+---------+---------+-----------+-----------+-----+-----+---------+
        |grp_stream_to_C_Vec_fu_192  |stream_to_C_Vec  |       11|       11|  36.663 ns|  36.663 ns|   11|   11|       no|
        +----------------------------+-----------------+---------+---------+-----------+-----------+-----+-----+---------+

        * Loop: 
        N/A



================================================================
== Utilization Estimates
================================================================
* Summary: 
+-----------------+---------+------+---------+--------+-----+
|       Name      | BRAM_18K|  DSP |    FF   |   LUT  | URAM|
+-----------------+---------+------+---------+--------+-----+
|DSP              |        -|     -|        -|       -|    -|
|Expression       |        -|     -|        0|      20|    -|
|FIFO             |        -|     -|        -|       -|    -|
|Instance         |        -|     -|      525|    1456|    -|
|Memory           |        -|     -|        -|       -|    -|
|Multiplexer      |        -|     -|        -|     158|    -|
|Register         |        -|     -|        7|       -|    -|
+-----------------+---------+------+---------+--------+-----+
|Total            |        0|     0|      532|    1634|    0|
+-----------------+---------+------+---------+--------+-----+
|Available        |     1934|  1968|  1799680|  899840|  463|
+-----------------+---------+------+---------+--------+-----+
|Utilization (%)  |        0|     0|       ~0|      ~0|    0|
+-----------------+---------+------+---------+--------+-----+

+ Detail: 
    * Instance: 
    +----------------------------+-----------------+---------+----+-----+------+-----+
    |          Instance          |      Module     | BRAM_18K| DSP|  FF |  LUT | URAM|
    +----------------------------+-----------------+---------+----+-----+------+-----+
    |grp_stream_to_C_Vec_fu_192  |stream_to_C_Vec  |        0|   0|  525|  1456|    0|
    +----------------------------+-----------------+---------+----+-----+------+-----+
    |Total                       |                 |        0|   0|  525|  1456|    0|
    +----------------------------+-----------------+---------+----+-----+------+-----+

    * DSP: 
    N/A

    * Memory: 
    N/A

    * FIFO: 
    N/A

    * Expression: 
    +---------------------------------+----------+----+---+----+------------+------------+
    |          Variable Name          | Operation| DSP| FF| LUT| Bitwidth P0| Bitwidth P1|
    +---------------------------------+----------+----+---+----+------------+------------+
    |ap_predicate_op101_call_state2   |       and|   0|  0|   2|           1|           1|
    |ap_predicate_op104_call_state2   |       and|   0|  0|   2|           1|           1|
    |ap_predicate_op106_call_state2   |       and|   0|  0|   2|           1|           1|
    |ap_predicate_op109_call_state2   |       and|   0|  0|   2|           1|           1|
    |ap_predicate_op111_call_state2   |       and|   0|  0|   2|           1|           1|
    |ap_predicate_op94_call_state2    |       and|   0|  0|   2|           1|           1|
    |ap_predicate_op96_call_state2    |       and|   0|  0|   2|           1|           1|
    |ap_predicate_op99_call_state2    |       and|   0|  0|   2|           1|           1|
    |ap_block_state1                  |        or|   0|  0|   2|           1|           1|
    |ap_block_state2_on_subcall_done  |        or|   0|  0|   2|           1|           1|
    +---------------------------------+----------+----+---+----+------------+------------+
    |Total                            |          |   0|  0|  20|          10|          10|
    +---------------------------------+----------+----+---+----+------------+------------+

    * Multiplexer: 
    +---------------------------------------------+----+-----------+-----+-----------+
    |                     Name                    | LUT| Input Size| Bits| Total Bits|
    +---------------------------------------------+----+-----------+-----+-----------+
    |C_out_0_0_write                              |   2|          2|    1|          2|
    |C_out_0_1_write                              |   2|          2|    1|          2|
    |C_out_1_0_write                              |   2|          2|    1|          2|
    |C_out_1_1_write                              |   2|          2|    1|          2|
    |C_out_2_0_write                              |   2|          2|    1|          2|
    |C_out_2_1_write                              |   2|          2|    1|          2|
    |C_out_3_0_write                              |   2|          2|    1|          2|
    |C_out_3_1_write                              |   2|          2|    1|          2|
    |C_stream_10_i_read                           |   2|          2|    1|          2|
    |C_stream_11_i_read                           |   2|          2|    1|          2|
    |C_stream_12_i_read                           |   2|          2|    1|          2|
    |C_stream_13_i_read                           |   2|          2|    1|          2|
    |C_stream_14_i_read                           |   2|          2|    1|          2|
    |C_stream_15_i_read                           |   2|          2|    1|          2|
    |C_stream_16_i_read                           |   2|          2|    1|          2|
    |C_stream_17_i_read                           |   2|          2|    1|          2|
    |C_stream_18_i_read                           |   2|          2|    1|          2|
    |C_stream_19_i_read                           |   2|          2|    1|          2|
    |C_stream_1_i_read                            |   2|          2|    1|          2|
    |C_stream_20_i_read                           |   2|          2|    1|          2|
    |C_stream_21_i_read                           |   2|          2|    1|          2|
    |C_stream_22_i_read                           |   2|          2|    1|          2|
    |C_stream_23_i_read                           |   2|          2|    1|          2|
    |C_stream_24_i_read                           |   2|          2|    1|          2|
    |C_stream_25_i_read                           |   2|          2|    1|          2|
    |C_stream_26_i_read                           |   2|          2|    1|          2|
    |C_stream_27_i_read                           |   2|          2|    1|          2|
    |C_stream_28_i_read                           |   2|          2|    1|          2|
    |C_stream_29_i_read                           |   2|          2|    1|          2|
    |C_stream_2_i_read                            |   2|          2|    1|          2|
    |C_stream_30_i_read                           |   2|          2|    1|          2|
    |C_stream_31_i_read                           |   2|          2|    1|          2|
    |C_stream_32_i_read                           |   2|          2|    1|          2|
    |C_stream_33_i_read                           |   2|          2|    1|          2|
    |C_stream_34_i_read                           |   2|          2|    1|          2|
    |C_stream_35_i_read                           |   2|          2|    1|          2|
    |C_stream_36_i_read                           |   2|          2|    1|          2|
    |C_stream_37_i_read                           |   2|          2|    1|          2|
    |C_stream_38_i_read                           |   2|          2|    1|          2|
    |C_stream_39_i_read                           |   2|          2|    1|          2|
    |C_stream_3_i_read                            |   2|          2|    1|          2|
    |C_stream_40_i_read                           |   2|          2|    1|          2|
    |C_stream_41_i_read                           |   2|          2|    1|          2|
    |C_stream_42_i_read                           |   2|          2|    1|          2|
    |C_stream_43_i_read                           |   2|          2|    1|          2|
    |C_stream_44_i_read                           |   2|          2|    1|          2|
    |C_stream_45_i_read                           |   2|          2|    1|          2|
    |C_stream_46_i_read                           |   2|          2|    1|          2|
    |C_stream_47_i_read                           |   2|          2|    1|          2|
    |C_stream_48_i_read                           |   2|          2|    1|          2|
    |C_stream_49_i_read                           |   2|          2|    1|          2|
    |C_stream_4_i_read                            |   2|          2|    1|          2|
    |C_stream_50_i_read                           |   2|          2|    1|          2|
    |C_stream_51_i_read                           |   2|          2|    1|          2|
    |C_stream_52_i_read                           |   2|          2|    1|          2|
    |C_stream_53_i_read                           |   2|          2|    1|          2|
    |C_stream_54_i_read                           |   2|          2|    1|          2|
    |C_stream_55_i_read                           |   2|          2|    1|          2|
    |C_stream_56_i_read                           |   2|          2|    1|          2|
    |C_stream_57_i_read                           |   2|          2|    1|          2|
    |C_stream_58_i_read                           |   2|          2|    1|          2|
    |C_stream_59_i_read                           |   2|          2|    1|          2|
    |C_stream_5_i_read                            |   2|          2|    1|          2|
    |C_stream_60_i_read                           |   2|          2|    1|          2|
    |C_stream_61_i_read                           |   2|          2|    1|          2|
    |C_stream_62_i_read                           |   2|          2|    1|          2|
    |C_stream_63_i_read                           |   2|          2|    1|          2|
    |C_stream_6_i_read                            |   2|          2|    1|          2|
    |C_stream_7_i_read                            |   2|          2|    1|          2|
    |C_stream_8_i_read                            |   2|          2|    1|          2|
    |C_stream_9_i_read                            |   2|          2|    1|          2|
    |C_stream_i_read                              |   2|          2|    1|          2|
    |ap_NS_fsm                                    |   2|          3|    1|          3|
    |ap_done                                      |   2|          2|    1|          2|
    |grp_stream_to_C_Vec_fu_192_C_out_2_1_full_n  |   6|          8|    1|          8|
    |tileA_blk_n                                  |   2|          2|    1|          2|
    |tileB_blk_n                                  |   2|          2|    1|          2|
    +---------------------------------------------+----+-----------+-----+-----------+
    |Total                                        | 158|        161|   77|        161|
    +---------------------------------------------+----+-----------+-----+-----------+

    * Register: 
    +-----------------------------------------+---+----+-----+-----------+
    |                   Name                  | FF| LUT| Bits| Const Bits|
    +-----------------------------------------+---+----+-----+-----------+
    |ap_CS_fsm                                |  2|   0|    2|          0|
    |ap_done_reg                              |  1|   0|    1|          0|
    |grp_stream_to_C_Vec_fu_192_ap_start_reg  |  1|   0|    1|          0|
    |tileA_read_reg_341                       |  2|   0|    2|          0|
    |tileB_read_reg_337                       |  1|   0|    1|          0|
    +-----------------------------------------+---+----+-----+-----------+
    |Total                                    |  7|   0|    7|          0|
    +-----------------------------------------+---+----+-----+-----------+



================================================================
== Interface
================================================================
* Summary: 
+------------------------------+-----+-----+------------+---------------------------------------------------------------+--------------+
|           RTL Ports          | Dir | Bits|  Protocol  |                         Source Object                         |    C Type    |
+------------------------------+-----+-----+------------+---------------------------------------------------------------+--------------+
|ap_clk                        |   in|    1|  ap_ctrl_hs|  dataflow_in_loop_tile_loop_A_Block_arrayidx4212.exit77_proc74|  return value|
|ap_rst                        |   in|    1|  ap_ctrl_hs|  dataflow_in_loop_tile_loop_A_Block_arrayidx4212.exit77_proc74|  return value|
|ap_start                      |   in|    1|  ap_ctrl_hs|  dataflow_in_loop_tile_loop_A_Block_arrayidx4212.exit77_proc74|  return value|
|ap_done                       |  out|    1|  ap_ctrl_hs|  dataflow_in_loop_tile_loop_A_Block_arrayidx4212.exit77_proc74|  return value|
|ap_continue                   |   in|    1|  ap_ctrl_hs|  dataflow_in_loop_tile_loop_A_Block_arrayidx4212.exit77_proc74|  return value|
|ap_idle                       |  out|    1|  ap_ctrl_hs|  dataflow_in_loop_tile_loop_A_Block_arrayidx4212.exit77_proc74|  return value|
|ap_ready                      |  out|    1|  ap_ctrl_hs|  dataflow_in_loop_tile_loop_A_Block_arrayidx4212.exit77_proc74|  return value|
|tileA_dout                    |   in|    2|     ap_fifo|                                                          tileA|       pointer|
|tileA_num_data_valid          |   in|    6|     ap_fifo|                                                          tileA|       pointer|
|tileA_fifo_cap                |   in|    6|     ap_fifo|                                                          tileA|       pointer|
|tileA_empty_n                 |   in|    1|     ap_fifo|                                                          tileA|       pointer|
|tileA_read                    |  out|    1|     ap_fifo|                                                          tileA|       pointer|
|tileB_dout                    |   in|    1|     ap_fifo|                                                          tileB|       pointer|
|tileB_num_data_valid          |   in|    6|     ap_fifo|                                                          tileB|       pointer|
|tileB_fifo_cap                |   in|    6|     ap_fifo|                                                          tileB|       pointer|
|tileB_empty_n                 |   in|    1|     ap_fifo|                                                          tileB|       pointer|
|tileB_read                    |  out|    1|     ap_fifo|                                                          tileB|       pointer|
|C_stream_63_i_dout            |   in|   32|     ap_fifo|                                                  C_stream_63_i|       pointer|
|C_stream_63_i_num_data_valid  |   in|    4|     ap_fifo|                                                  C_stream_63_i|       pointer|
|C_stream_63_i_fifo_cap        |   in|    4|     ap_fifo|                                                  C_stream_63_i|       pointer|
|C_stream_63_i_empty_n         |   in|    1|     ap_fifo|                                                  C_stream_63_i|       pointer|
|C_stream_63_i_read            |  out|    1|     ap_fifo|                                                  C_stream_63_i|       pointer|
|C_stream_62_i_dout            |   in|   32|     ap_fifo|                                                  C_stream_62_i|       pointer|
|C_stream_62_i_num_data_valid  |   in|    4|     ap_fifo|                                                  C_stream_62_i|       pointer|
|C_stream_62_i_fifo_cap        |   in|    4|     ap_fifo|                                                  C_stream_62_i|       pointer|
|C_stream_62_i_empty_n         |   in|    1|     ap_fifo|                                                  C_stream_62_i|       pointer|
|C_stream_62_i_read            |  out|    1|     ap_fifo|                                                  C_stream_62_i|       pointer|
|C_stream_61_i_dout            |   in|   32|     ap_fifo|                                                  C_stream_61_i|       pointer|
|C_stream_61_i_num_data_valid  |   in|    4|     ap_fifo|                                                  C_stream_61_i|       pointer|
|C_stream_61_i_fifo_cap        |   in|    4|     ap_fifo|                                                  C_stream_61_i|       pointer|
|C_stream_61_i_empty_n         |   in|    1|     ap_fifo|                                                  C_stream_61_i|       pointer|
|C_stream_61_i_read            |  out|    1|     ap_fifo|                                                  C_stream_61_i|       pointer|
|C_stream_60_i_dout            |   in|   32|     ap_fifo|                                                  C_stream_60_i|       pointer|
|C_stream_60_i_num_data_valid  |   in|    4|     ap_fifo|                                                  C_stream_60_i|       pointer|
|C_stream_60_i_fifo_cap        |   in|    4|     ap_fifo|                                                  C_stream_60_i|       pointer|
|C_stream_60_i_empty_n         |   in|    1|     ap_fifo|                                                  C_stream_60_i|       pointer|
|C_stream_60_i_read            |  out|    1|     ap_fifo|                                                  C_stream_60_i|       pointer|
|C_stream_59_i_dout            |   in|   32|     ap_fifo|                                                  C_stream_59_i|       pointer|
|C_stream_59_i_num_data_valid  |   in|    4|     ap_fifo|                                                  C_stream_59_i|       pointer|
|C_stream_59_i_fifo_cap        |   in|    4|     ap_fifo|                                                  C_stream_59_i|       pointer|
|C_stream_59_i_empty_n         |   in|    1|     ap_fifo|                                                  C_stream_59_i|       pointer|
|C_stream_59_i_read            |  out|    1|     ap_fifo|                                                  C_stream_59_i|       pointer|
|C_stream_58_i_dout            |   in|   32|     ap_fifo|                                                  C_stream_58_i|       pointer|
|C_stream_58_i_num_data_valid  |   in|    4|     ap_fifo|                                                  C_stream_58_i|       pointer|
|C_stream_58_i_fifo_cap        |   in|    4|     ap_fifo|                                                  C_stream_58_i|       pointer|
|C_stream_58_i_empty_n         |   in|    1|     ap_fifo|                                                  C_stream_58_i|       pointer|
|C_stream_58_i_read            |  out|    1|     ap_fifo|                                                  C_stream_58_i|       pointer|
|C_stream_57_i_dout            |   in|   32|     ap_fifo|                                                  C_stream_57_i|       pointer|
|C_stream_57_i_num_data_valid  |   in|    4|     ap_fifo|                                                  C_stream_57_i|       pointer|
|C_stream_57_i_fifo_cap        |   in|    4|     ap_fifo|                                                  C_stream_57_i|       pointer|
|C_stream_57_i_empty_n         |   in|    1|     ap_fifo|                                                  C_stream_57_i|       pointer|
|C_stream_57_i_read            |  out|    1|     ap_fifo|                                                  C_stream_57_i|       pointer|
|C_stream_56_i_dout            |   in|   32|     ap_fifo|                                                  C_stream_56_i|       pointer|
|C_stream_56_i_num_data_valid  |   in|    4|     ap_fifo|                                                  C_stream_56_i|       pointer|
|C_stream_56_i_fifo_cap        |   in|    4|     ap_fifo|                                                  C_stream_56_i|       pointer|
|C_stream_56_i_empty_n         |   in|    1|     ap_fifo|                                                  C_stream_56_i|       pointer|
|C_stream_56_i_read            |  out|    1|     ap_fifo|                                                  C_stream_56_i|       pointer|
|C_stream_55_i_dout            |   in|   32|     ap_fifo|                                                  C_stream_55_i|       pointer|
|C_stream_55_i_num_data_valid  |   in|    4|     ap_fifo|                                                  C_stream_55_i|       pointer|
|C_stream_55_i_fifo_cap        |   in|    4|     ap_fifo|                                                  C_stream_55_i|       pointer|
|C_stream_55_i_empty_n         |   in|    1|     ap_fifo|                                                  C_stream_55_i|       pointer|
|C_stream_55_i_read            |  out|    1|     ap_fifo|                                                  C_stream_55_i|       pointer|
|C_stream_54_i_dout            |   in|   32|     ap_fifo|                                                  C_stream_54_i|       pointer|
|C_stream_54_i_num_data_valid  |   in|    4|     ap_fifo|                                                  C_stream_54_i|       pointer|
|C_stream_54_i_fifo_cap        |   in|    4|     ap_fifo|                                                  C_stream_54_i|       pointer|
|C_stream_54_i_empty_n         |   in|    1|     ap_fifo|                                                  C_stream_54_i|       pointer|
|C_stream_54_i_read            |  out|    1|     ap_fifo|                                                  C_stream_54_i|       pointer|
|C_stream_53_i_dout            |   in|   32|     ap_fifo|                                                  C_stream_53_i|       pointer|
|C_stream_53_i_num_data_valid  |   in|    4|     ap_fifo|                                                  C_stream_53_i|       pointer|
|C_stream_53_i_fifo_cap        |   in|    4|     ap_fifo|                                                  C_stream_53_i|       pointer|
|C_stream_53_i_empty_n         |   in|    1|     ap_fifo|                                                  C_stream_53_i|       pointer|
|C_stream_53_i_read            |  out|    1|     ap_fifo|                                                  C_stream_53_i|       pointer|
|C_stream_52_i_dout            |   in|   32|     ap_fifo|                                                  C_stream_52_i|       pointer|
|C_stream_52_i_num_data_valid  |   in|    4|     ap_fifo|                                                  C_stream_52_i|       pointer|
|C_stream_52_i_fifo_cap        |   in|    4|     ap_fifo|                                                  C_stream_52_i|       pointer|
|C_stream_52_i_empty_n         |   in|    1|     ap_fifo|                                                  C_stream_52_i|       pointer|
|C_stream_52_i_read            |  out|    1|     ap_fifo|                                                  C_stream_52_i|       pointer|
|C_stream_51_i_dout            |   in|   32|     ap_fifo|                                                  C_stream_51_i|       pointer|
|C_stream_51_i_num_data_valid  |   in|    4|     ap_fifo|                                                  C_stream_51_i|       pointer|
|C_stream_51_i_fifo_cap        |   in|    4|     ap_fifo|                                                  C_stream_51_i|       pointer|
|C_stream_51_i_empty_n         |   in|    1|     ap_fifo|                                                  C_stream_51_i|       pointer|
|C_stream_51_i_read            |  out|    1|     ap_fifo|                                                  C_stream_51_i|       pointer|
|C_stream_50_i_dout            |   in|   32|     ap_fifo|                                                  C_stream_50_i|       pointer|
|C_stream_50_i_num_data_valid  |   in|    4|     ap_fifo|                                                  C_stream_50_i|       pointer|
|C_stream_50_i_fifo_cap        |   in|    4|     ap_fifo|                                                  C_stream_50_i|       pointer|
|C_stream_50_i_empty_n         |   in|    1|     ap_fifo|                                                  C_stream_50_i|       pointer|
|C_stream_50_i_read            |  out|    1|     ap_fifo|                                                  C_stream_50_i|       pointer|
|C_stream_49_i_dout            |   in|   32|     ap_fifo|                                                  C_stream_49_i|       pointer|
|C_stream_49_i_num_data_valid  |   in|    4|     ap_fifo|                                                  C_stream_49_i|       pointer|
|C_stream_49_i_fifo_cap        |   in|    4|     ap_fifo|                                                  C_stream_49_i|       pointer|
|C_stream_49_i_empty_n         |   in|    1|     ap_fifo|                                                  C_stream_49_i|       pointer|
|C_stream_49_i_read            |  out|    1|     ap_fifo|                                                  C_stream_49_i|       pointer|
|C_stream_48_i_dout            |   in|   32|     ap_fifo|                                                  C_stream_48_i|       pointer|
|C_stream_48_i_num_data_valid  |   in|    4|     ap_fifo|                                                  C_stream_48_i|       pointer|
|C_stream_48_i_fifo_cap        |   in|    4|     ap_fifo|                                                  C_stream_48_i|       pointer|
|C_stream_48_i_empty_n         |   in|    1|     ap_fifo|                                                  C_stream_48_i|       pointer|
|C_stream_48_i_read            |  out|    1|     ap_fifo|                                                  C_stream_48_i|       pointer|
|C_stream_47_i_dout            |   in|   32|     ap_fifo|                                                  C_stream_47_i|       pointer|
|C_stream_47_i_num_data_valid  |   in|    4|     ap_fifo|                                                  C_stream_47_i|       pointer|
|C_stream_47_i_fifo_cap        |   in|    4|     ap_fifo|                                                  C_stream_47_i|       pointer|
|C_stream_47_i_empty_n         |   in|    1|     ap_fifo|                                                  C_stream_47_i|       pointer|
|C_stream_47_i_read            |  out|    1|     ap_fifo|                                                  C_stream_47_i|       pointer|
|C_stream_46_i_dout            |   in|   32|     ap_fifo|                                                  C_stream_46_i|       pointer|
|C_stream_46_i_num_data_valid  |   in|    4|     ap_fifo|                                                  C_stream_46_i|       pointer|
|C_stream_46_i_fifo_cap        |   in|    4|     ap_fifo|                                                  C_stream_46_i|       pointer|
|C_stream_46_i_empty_n         |   in|    1|     ap_fifo|                                                  C_stream_46_i|       pointer|
|C_stream_46_i_read            |  out|    1|     ap_fifo|                                                  C_stream_46_i|       pointer|
|C_stream_45_i_dout            |   in|   32|     ap_fifo|                                                  C_stream_45_i|       pointer|
|C_stream_45_i_num_data_valid  |   in|    4|     ap_fifo|                                                  C_stream_45_i|       pointer|
|C_stream_45_i_fifo_cap        |   in|    4|     ap_fifo|                                                  C_stream_45_i|       pointer|
|C_stream_45_i_empty_n         |   in|    1|     ap_fifo|                                                  C_stream_45_i|       pointer|
|C_stream_45_i_read            |  out|    1|     ap_fifo|                                                  C_stream_45_i|       pointer|
|C_stream_44_i_dout            |   in|   32|     ap_fifo|                                                  C_stream_44_i|       pointer|
|C_stream_44_i_num_data_valid  |   in|    4|     ap_fifo|                                                  C_stream_44_i|       pointer|
|C_stream_44_i_fifo_cap        |   in|    4|     ap_fifo|                                                  C_stream_44_i|       pointer|
|C_stream_44_i_empty_n         |   in|    1|     ap_fifo|                                                  C_stream_44_i|       pointer|
|C_stream_44_i_read            |  out|    1|     ap_fifo|                                                  C_stream_44_i|       pointer|
|C_stream_43_i_dout            |   in|   32|     ap_fifo|                                                  C_stream_43_i|       pointer|
|C_stream_43_i_num_data_valid  |   in|    4|     ap_fifo|                                                  C_stream_43_i|       pointer|
|C_stream_43_i_fifo_cap        |   in|    4|     ap_fifo|                                                  C_stream_43_i|       pointer|
|C_stream_43_i_empty_n         |   in|    1|     ap_fifo|                                                  C_stream_43_i|       pointer|
|C_stream_43_i_read            |  out|    1|     ap_fifo|                                                  C_stream_43_i|       pointer|
|C_stream_42_i_dout            |   in|   32|     ap_fifo|                                                  C_stream_42_i|       pointer|
|C_stream_42_i_num_data_valid  |   in|    4|     ap_fifo|                                                  C_stream_42_i|       pointer|
|C_stream_42_i_fifo_cap        |   in|    4|     ap_fifo|                                                  C_stream_42_i|       pointer|
|C_stream_42_i_empty_n         |   in|    1|     ap_fifo|                                                  C_stream_42_i|       pointer|
|C_stream_42_i_read            |  out|    1|     ap_fifo|                                                  C_stream_42_i|       pointer|
|C_stream_41_i_dout            |   in|   32|     ap_fifo|                                                  C_stream_41_i|       pointer|
|C_stream_41_i_num_data_valid  |   in|    4|     ap_fifo|                                                  C_stream_41_i|       pointer|
|C_stream_41_i_fifo_cap        |   in|    4|     ap_fifo|                                                  C_stream_41_i|       pointer|
|C_stream_41_i_empty_n         |   in|    1|     ap_fifo|                                                  C_stream_41_i|       pointer|
|C_stream_41_i_read            |  out|    1|     ap_fifo|                                                  C_stream_41_i|       pointer|
|C_stream_40_i_dout            |   in|   32|     ap_fifo|                                                  C_stream_40_i|       pointer|
|C_stream_40_i_num_data_valid  |   in|    4|     ap_fifo|                                                  C_stream_40_i|       pointer|
|C_stream_40_i_fifo_cap        |   in|    4|     ap_fifo|                                                  C_stream_40_i|       pointer|
|C_stream_40_i_empty_n         |   in|    1|     ap_fifo|                                                  C_stream_40_i|       pointer|
|C_stream_40_i_read            |  out|    1|     ap_fifo|                                                  C_stream_40_i|       pointer|
|C_stream_39_i_dout            |   in|   32|     ap_fifo|                                                  C_stream_39_i|       pointer|
|C_stream_39_i_num_data_valid  |   in|    4|     ap_fifo|                                                  C_stream_39_i|       pointer|
|C_stream_39_i_fifo_cap        |   in|    4|     ap_fifo|                                                  C_stream_39_i|       pointer|
|C_stream_39_i_empty_n         |   in|    1|     ap_fifo|                                                  C_stream_39_i|       pointer|
|C_stream_39_i_read            |  out|    1|     ap_fifo|                                                  C_stream_39_i|       pointer|
|C_stream_38_i_dout            |   in|   32|     ap_fifo|                                                  C_stream_38_i|       pointer|
|C_stream_38_i_num_data_valid  |   in|    4|     ap_fifo|                                                  C_stream_38_i|       pointer|
|C_stream_38_i_fifo_cap        |   in|    4|     ap_fifo|                                                  C_stream_38_i|       pointer|
|C_stream_38_i_empty_n         |   in|    1|     ap_fifo|                                                  C_stream_38_i|       pointer|
|C_stream_38_i_read            |  out|    1|     ap_fifo|                                                  C_stream_38_i|       pointer|
|C_stream_37_i_dout            |   in|   32|     ap_fifo|                                                  C_stream_37_i|       pointer|
|C_stream_37_i_num_data_valid  |   in|    4|     ap_fifo|                                                  C_stream_37_i|       pointer|
|C_stream_37_i_fifo_cap        |   in|    4|     ap_fifo|                                                  C_stream_37_i|       pointer|
|C_stream_37_i_empty_n         |   in|    1|     ap_fifo|                                                  C_stream_37_i|       pointer|
|C_stream_37_i_read            |  out|    1|     ap_fifo|                                                  C_stream_37_i|       pointer|
|C_stream_36_i_dout            |   in|   32|     ap_fifo|                                                  C_stream_36_i|       pointer|
|C_stream_36_i_num_data_valid  |   in|    4|     ap_fifo|                                                  C_stream_36_i|       pointer|
|C_stream_36_i_fifo_cap        |   in|    4|     ap_fifo|                                                  C_stream_36_i|       pointer|
|C_stream_36_i_empty_n         |   in|    1|     ap_fifo|                                                  C_stream_36_i|       pointer|
|C_stream_36_i_read            |  out|    1|     ap_fifo|                                                  C_stream_36_i|       pointer|
|C_stream_35_i_dout            |   in|   32|     ap_fifo|                                                  C_stream_35_i|       pointer|
|C_stream_35_i_num_data_valid  |   in|    4|     ap_fifo|                                                  C_stream_35_i|       pointer|
|C_stream_35_i_fifo_cap        |   in|    4|     ap_fifo|                                                  C_stream_35_i|       pointer|
|C_stream_35_i_empty_n         |   in|    1|     ap_fifo|                                                  C_stream_35_i|       pointer|
|C_stream_35_i_read            |  out|    1|     ap_fifo|                                                  C_stream_35_i|       pointer|
|C_stream_34_i_dout            |   in|   32|     ap_fifo|                                                  C_stream_34_i|       pointer|
|C_stream_34_i_num_data_valid  |   in|    4|     ap_fifo|                                                  C_stream_34_i|       pointer|
|C_stream_34_i_fifo_cap        |   in|    4|     ap_fifo|                                                  C_stream_34_i|       pointer|
|C_stream_34_i_empty_n         |   in|    1|     ap_fifo|                                                  C_stream_34_i|       pointer|
|C_stream_34_i_read            |  out|    1|     ap_fifo|                                                  C_stream_34_i|       pointer|
|C_stream_33_i_dout            |   in|   32|     ap_fifo|                                                  C_stream_33_i|       pointer|
|C_stream_33_i_num_data_valid  |   in|    4|     ap_fifo|                                                  C_stream_33_i|       pointer|
|C_stream_33_i_fifo_cap        |   in|    4|     ap_fifo|                                                  C_stream_33_i|       pointer|
|C_stream_33_i_empty_n         |   in|    1|     ap_fifo|                                                  C_stream_33_i|       pointer|
|C_stream_33_i_read            |  out|    1|     ap_fifo|                                                  C_stream_33_i|       pointer|
|C_stream_32_i_dout            |   in|   32|     ap_fifo|                                                  C_stream_32_i|       pointer|
|C_stream_32_i_num_data_valid  |   in|    4|     ap_fifo|                                                  C_stream_32_i|       pointer|
|C_stream_32_i_fifo_cap        |   in|    4|     ap_fifo|                                                  C_stream_32_i|       pointer|
|C_stream_32_i_empty_n         |   in|    1|     ap_fifo|                                                  C_stream_32_i|       pointer|
|C_stream_32_i_read            |  out|    1|     ap_fifo|                                                  C_stream_32_i|       pointer|
|C_stream_31_i_dout            |   in|   32|     ap_fifo|                                                  C_stream_31_i|       pointer|
|C_stream_31_i_num_data_valid  |   in|    4|     ap_fifo|                                                  C_stream_31_i|       pointer|
|C_stream_31_i_fifo_cap        |   in|    4|     ap_fifo|                                                  C_stream_31_i|       pointer|
|C_stream_31_i_empty_n         |   in|    1|     ap_fifo|                                                  C_stream_31_i|       pointer|
|C_stream_31_i_read            |  out|    1|     ap_fifo|                                                  C_stream_31_i|       pointer|
|C_stream_30_i_dout            |   in|   32|     ap_fifo|                                                  C_stream_30_i|       pointer|
|C_stream_30_i_num_data_valid  |   in|    4|     ap_fifo|                                                  C_stream_30_i|       pointer|
|C_stream_30_i_fifo_cap        |   in|    4|     ap_fifo|                                                  C_stream_30_i|       pointer|
|C_stream_30_i_empty_n         |   in|    1|     ap_fifo|                                                  C_stream_30_i|       pointer|
|C_stream_30_i_read            |  out|    1|     ap_fifo|                                                  C_stream_30_i|       pointer|
|C_stream_29_i_dout            |   in|   32|     ap_fifo|                                                  C_stream_29_i|       pointer|
|C_stream_29_i_num_data_valid  |   in|    4|     ap_fifo|                                                  C_stream_29_i|       pointer|
|C_stream_29_i_fifo_cap        |   in|    4|     ap_fifo|                                                  C_stream_29_i|       pointer|
|C_stream_29_i_empty_n         |   in|    1|     ap_fifo|                                                  C_stream_29_i|       pointer|
|C_stream_29_i_read            |  out|    1|     ap_fifo|                                                  C_stream_29_i|       pointer|
|C_stream_28_i_dout            |   in|   32|     ap_fifo|                                                  C_stream_28_i|       pointer|
|C_stream_28_i_num_data_valid  |   in|    4|     ap_fifo|                                                  C_stream_28_i|       pointer|
|C_stream_28_i_fifo_cap        |   in|    4|     ap_fifo|                                                  C_stream_28_i|       pointer|
|C_stream_28_i_empty_n         |   in|    1|     ap_fifo|                                                  C_stream_28_i|       pointer|
|C_stream_28_i_read            |  out|    1|     ap_fifo|                                                  C_stream_28_i|       pointer|
|C_stream_27_i_dout            |   in|   32|     ap_fifo|                                                  C_stream_27_i|       pointer|
|C_stream_27_i_num_data_valid  |   in|    4|     ap_fifo|                                                  C_stream_27_i|       pointer|
|C_stream_27_i_fifo_cap        |   in|    4|     ap_fifo|                                                  C_stream_27_i|       pointer|
|C_stream_27_i_empty_n         |   in|    1|     ap_fifo|                                                  C_stream_27_i|       pointer|
|C_stream_27_i_read            |  out|    1|     ap_fifo|                                                  C_stream_27_i|       pointer|
|C_stream_26_i_dout            |   in|   32|     ap_fifo|                                                  C_stream_26_i|       pointer|
|C_stream_26_i_num_data_valid  |   in|    4|     ap_fifo|                                                  C_stream_26_i|       pointer|
|C_stream_26_i_fifo_cap        |   in|    4|     ap_fifo|                                                  C_stream_26_i|       pointer|
|C_stream_26_i_empty_n         |   in|    1|     ap_fifo|                                                  C_stream_26_i|       pointer|
|C_stream_26_i_read            |  out|    1|     ap_fifo|                                                  C_stream_26_i|       pointer|
|C_stream_25_i_dout            |   in|   32|     ap_fifo|                                                  C_stream_25_i|       pointer|
|C_stream_25_i_num_data_valid  |   in|    4|     ap_fifo|                                                  C_stream_25_i|       pointer|
|C_stream_25_i_fifo_cap        |   in|    4|     ap_fifo|                                                  C_stream_25_i|       pointer|
|C_stream_25_i_empty_n         |   in|    1|     ap_fifo|                                                  C_stream_25_i|       pointer|
|C_stream_25_i_read            |  out|    1|     ap_fifo|                                                  C_stream_25_i|       pointer|
|C_stream_24_i_dout            |   in|   32|     ap_fifo|                                                  C_stream_24_i|       pointer|
|C_stream_24_i_num_data_valid  |   in|    4|     ap_fifo|                                                  C_stream_24_i|       pointer|
|C_stream_24_i_fifo_cap        |   in|    4|     ap_fifo|                                                  C_stream_24_i|       pointer|
|C_stream_24_i_empty_n         |   in|    1|     ap_fifo|                                                  C_stream_24_i|       pointer|
|C_stream_24_i_read            |  out|    1|     ap_fifo|                                                  C_stream_24_i|       pointer|
|C_stream_23_i_dout            |   in|   32|     ap_fifo|                                                  C_stream_23_i|       pointer|
|C_stream_23_i_num_data_valid  |   in|    4|     ap_fifo|                                                  C_stream_23_i|       pointer|
|C_stream_23_i_fifo_cap        |   in|    4|     ap_fifo|                                                  C_stream_23_i|       pointer|
|C_stream_23_i_empty_n         |   in|    1|     ap_fifo|                                                  C_stream_23_i|       pointer|
|C_stream_23_i_read            |  out|    1|     ap_fifo|                                                  C_stream_23_i|       pointer|
|C_stream_22_i_dout            |   in|   32|     ap_fifo|                                                  C_stream_22_i|       pointer|
|C_stream_22_i_num_data_valid  |   in|    4|     ap_fifo|                                                  C_stream_22_i|       pointer|
|C_stream_22_i_fifo_cap        |   in|    4|     ap_fifo|                                                  C_stream_22_i|       pointer|
|C_stream_22_i_empty_n         |   in|    1|     ap_fifo|                                                  C_stream_22_i|       pointer|
|C_stream_22_i_read            |  out|    1|     ap_fifo|                                                  C_stream_22_i|       pointer|
|C_stream_21_i_dout            |   in|   32|     ap_fifo|                                                  C_stream_21_i|       pointer|
|C_stream_21_i_num_data_valid  |   in|    4|     ap_fifo|                                                  C_stream_21_i|       pointer|
|C_stream_21_i_fifo_cap        |   in|    4|     ap_fifo|                                                  C_stream_21_i|       pointer|
|C_stream_21_i_empty_n         |   in|    1|     ap_fifo|                                                  C_stream_21_i|       pointer|
|C_stream_21_i_read            |  out|    1|     ap_fifo|                                                  C_stream_21_i|       pointer|
|C_stream_20_i_dout            |   in|   32|     ap_fifo|                                                  C_stream_20_i|       pointer|
|C_stream_20_i_num_data_valid  |   in|    4|     ap_fifo|                                                  C_stream_20_i|       pointer|
|C_stream_20_i_fifo_cap        |   in|    4|     ap_fifo|                                                  C_stream_20_i|       pointer|
|C_stream_20_i_empty_n         |   in|    1|     ap_fifo|                                                  C_stream_20_i|       pointer|
|C_stream_20_i_read            |  out|    1|     ap_fifo|                                                  C_stream_20_i|       pointer|
|C_stream_19_i_dout            |   in|   32|     ap_fifo|                                                  C_stream_19_i|       pointer|
|C_stream_19_i_num_data_valid  |   in|    4|     ap_fifo|                                                  C_stream_19_i|       pointer|
|C_stream_19_i_fifo_cap        |   in|    4|     ap_fifo|                                                  C_stream_19_i|       pointer|
|C_stream_19_i_empty_n         |   in|    1|     ap_fifo|                                                  C_stream_19_i|       pointer|
|C_stream_19_i_read            |  out|    1|     ap_fifo|                                                  C_stream_19_i|       pointer|
|C_stream_18_i_dout            |   in|   32|     ap_fifo|                                                  C_stream_18_i|       pointer|
|C_stream_18_i_num_data_valid  |   in|    4|     ap_fifo|                                                  C_stream_18_i|       pointer|
|C_stream_18_i_fifo_cap        |   in|    4|     ap_fifo|                                                  C_stream_18_i|       pointer|
|C_stream_18_i_empty_n         |   in|    1|     ap_fifo|                                                  C_stream_18_i|       pointer|
|C_stream_18_i_read            |  out|    1|     ap_fifo|                                                  C_stream_18_i|       pointer|
|C_stream_17_i_dout            |   in|   32|     ap_fifo|                                                  C_stream_17_i|       pointer|
|C_stream_17_i_num_data_valid  |   in|    4|     ap_fifo|                                                  C_stream_17_i|       pointer|
|C_stream_17_i_fifo_cap        |   in|    4|     ap_fifo|                                                  C_stream_17_i|       pointer|
|C_stream_17_i_empty_n         |   in|    1|     ap_fifo|                                                  C_stream_17_i|       pointer|
|C_stream_17_i_read            |  out|    1|     ap_fifo|                                                  C_stream_17_i|       pointer|
|C_stream_16_i_dout            |   in|   32|     ap_fifo|                                                  C_stream_16_i|       pointer|
|C_stream_16_i_num_data_valid  |   in|    4|     ap_fifo|                                                  C_stream_16_i|       pointer|
|C_stream_16_i_fifo_cap        |   in|    4|     ap_fifo|                                                  C_stream_16_i|       pointer|
|C_stream_16_i_empty_n         |   in|    1|     ap_fifo|                                                  C_stream_16_i|       pointer|
|C_stream_16_i_read            |  out|    1|     ap_fifo|                                                  C_stream_16_i|       pointer|
|C_stream_15_i_dout            |   in|   32|     ap_fifo|                                                  C_stream_15_i|       pointer|
|C_stream_15_i_num_data_valid  |   in|    4|     ap_fifo|                                                  C_stream_15_i|       pointer|
|C_stream_15_i_fifo_cap        |   in|    4|     ap_fifo|                                                  C_stream_15_i|       pointer|
|C_stream_15_i_empty_n         |   in|    1|     ap_fifo|                                                  C_stream_15_i|       pointer|
|C_stream_15_i_read            |  out|    1|     ap_fifo|                                                  C_stream_15_i|       pointer|
|C_stream_14_i_dout            |   in|   32|     ap_fifo|                                                  C_stream_14_i|       pointer|
|C_stream_14_i_num_data_valid  |   in|    4|     ap_fifo|                                                  C_stream_14_i|       pointer|
|C_stream_14_i_fifo_cap        |   in|    4|     ap_fifo|                                                  C_stream_14_i|       pointer|
|C_stream_14_i_empty_n         |   in|    1|     ap_fifo|                                                  C_stream_14_i|       pointer|
|C_stream_14_i_read            |  out|    1|     ap_fifo|                                                  C_stream_14_i|       pointer|
|C_stream_13_i_dout            |   in|   32|     ap_fifo|                                                  C_stream_13_i|       pointer|
|C_stream_13_i_num_data_valid  |   in|    4|     ap_fifo|                                                  C_stream_13_i|       pointer|
|C_stream_13_i_fifo_cap        |   in|    4|     ap_fifo|                                                  C_stream_13_i|       pointer|
|C_stream_13_i_empty_n         |   in|    1|     ap_fifo|                                                  C_stream_13_i|       pointer|
|C_stream_13_i_read            |  out|    1|     ap_fifo|                                                  C_stream_13_i|       pointer|
|C_stream_12_i_dout            |   in|   32|     ap_fifo|                                                  C_stream_12_i|       pointer|
|C_stream_12_i_num_data_valid  |   in|    4|     ap_fifo|                                                  C_stream_12_i|       pointer|
|C_stream_12_i_fifo_cap        |   in|    4|     ap_fifo|                                                  C_stream_12_i|       pointer|
|C_stream_12_i_empty_n         |   in|    1|     ap_fifo|                                                  C_stream_12_i|       pointer|
|C_stream_12_i_read            |  out|    1|     ap_fifo|                                                  C_stream_12_i|       pointer|
|C_stream_11_i_dout            |   in|   32|     ap_fifo|                                                  C_stream_11_i|       pointer|
|C_stream_11_i_num_data_valid  |   in|    4|     ap_fifo|                                                  C_stream_11_i|       pointer|
|C_stream_11_i_fifo_cap        |   in|    4|     ap_fifo|                                                  C_stream_11_i|       pointer|
|C_stream_11_i_empty_n         |   in|    1|     ap_fifo|                                                  C_stream_11_i|       pointer|
|C_stream_11_i_read            |  out|    1|     ap_fifo|                                                  C_stream_11_i|       pointer|
|C_stream_10_i_dout            |   in|   32|     ap_fifo|                                                  C_stream_10_i|       pointer|
|C_stream_10_i_num_data_valid  |   in|    4|     ap_fifo|                                                  C_stream_10_i|       pointer|
|C_stream_10_i_fifo_cap        |   in|    4|     ap_fifo|                                                  C_stream_10_i|       pointer|
|C_stream_10_i_empty_n         |   in|    1|     ap_fifo|                                                  C_stream_10_i|       pointer|
|C_stream_10_i_read            |  out|    1|     ap_fifo|                                                  C_stream_10_i|       pointer|
|C_stream_9_i_dout             |   in|   32|     ap_fifo|                                                   C_stream_9_i|       pointer|
|C_stream_9_i_num_data_valid   |   in|    4|     ap_fifo|                                                   C_stream_9_i|       pointer|
|C_stream_9_i_fifo_cap         |   in|    4|     ap_fifo|                                                   C_stream_9_i|       pointer|
|C_stream_9_i_empty_n          |   in|    1|     ap_fifo|                                                   C_stream_9_i|       pointer|
|C_stream_9_i_read             |  out|    1|     ap_fifo|                                                   C_stream_9_i|       pointer|
|C_stream_8_i_dout             |   in|   32|     ap_fifo|                                                   C_stream_8_i|       pointer|
|C_stream_8_i_num_data_valid   |   in|    4|     ap_fifo|                                                   C_stream_8_i|       pointer|
|C_stream_8_i_fifo_cap         |   in|    4|     ap_fifo|                                                   C_stream_8_i|       pointer|
|C_stream_8_i_empty_n          |   in|    1|     ap_fifo|                                                   C_stream_8_i|       pointer|
|C_stream_8_i_read             |  out|    1|     ap_fifo|                                                   C_stream_8_i|       pointer|
|C_stream_7_i_dout             |   in|   32|     ap_fifo|                                                   C_stream_7_i|       pointer|
|C_stream_7_i_num_data_valid   |   in|    4|     ap_fifo|                                                   C_stream_7_i|       pointer|
|C_stream_7_i_fifo_cap         |   in|    4|     ap_fifo|                                                   C_stream_7_i|       pointer|
|C_stream_7_i_empty_n          |   in|    1|     ap_fifo|                                                   C_stream_7_i|       pointer|
|C_stream_7_i_read             |  out|    1|     ap_fifo|                                                   C_stream_7_i|       pointer|
|C_stream_6_i_dout             |   in|   32|     ap_fifo|                                                   C_stream_6_i|       pointer|
|C_stream_6_i_num_data_valid   |   in|    4|     ap_fifo|                                                   C_stream_6_i|       pointer|
|C_stream_6_i_fifo_cap         |   in|    4|     ap_fifo|                                                   C_stream_6_i|       pointer|
|C_stream_6_i_empty_n          |   in|    1|     ap_fifo|                                                   C_stream_6_i|       pointer|
|C_stream_6_i_read             |  out|    1|     ap_fifo|                                                   C_stream_6_i|       pointer|
|C_stream_5_i_dout             |   in|   32|     ap_fifo|                                                   C_stream_5_i|       pointer|
|C_stream_5_i_num_data_valid   |   in|    4|     ap_fifo|                                                   C_stream_5_i|       pointer|
|C_stream_5_i_fifo_cap         |   in|    4|     ap_fifo|                                                   C_stream_5_i|       pointer|
|C_stream_5_i_empty_n          |   in|    1|     ap_fifo|                                                   C_stream_5_i|       pointer|
|C_stream_5_i_read             |  out|    1|     ap_fifo|                                                   C_stream_5_i|       pointer|
|C_stream_4_i_dout             |   in|   32|     ap_fifo|                                                   C_stream_4_i|       pointer|
|C_stream_4_i_num_data_valid   |   in|    4|     ap_fifo|                                                   C_stream_4_i|       pointer|
|C_stream_4_i_fifo_cap         |   in|    4|     ap_fifo|                                                   C_stream_4_i|       pointer|
|C_stream_4_i_empty_n          |   in|    1|     ap_fifo|                                                   C_stream_4_i|       pointer|
|C_stream_4_i_read             |  out|    1|     ap_fifo|                                                   C_stream_4_i|       pointer|
|C_stream_3_i_dout             |   in|   32|     ap_fifo|                                                   C_stream_3_i|       pointer|
|C_stream_3_i_num_data_valid   |   in|    4|     ap_fifo|                                                   C_stream_3_i|       pointer|
|C_stream_3_i_fifo_cap         |   in|    4|     ap_fifo|                                                   C_stream_3_i|       pointer|
|C_stream_3_i_empty_n          |   in|    1|     ap_fifo|                                                   C_stream_3_i|       pointer|
|C_stream_3_i_read             |  out|    1|     ap_fifo|                                                   C_stream_3_i|       pointer|
|C_stream_2_i_dout             |   in|   32|     ap_fifo|                                                   C_stream_2_i|       pointer|
|C_stream_2_i_num_data_valid   |   in|    4|     ap_fifo|                                                   C_stream_2_i|       pointer|
|C_stream_2_i_fifo_cap         |   in|    4|     ap_fifo|                                                   C_stream_2_i|       pointer|
|C_stream_2_i_empty_n          |   in|    1|     ap_fifo|                                                   C_stream_2_i|       pointer|
|C_stream_2_i_read             |  out|    1|     ap_fifo|                                                   C_stream_2_i|       pointer|
|C_stream_1_i_dout             |   in|   32|     ap_fifo|                                                   C_stream_1_i|       pointer|
|C_stream_1_i_num_data_valid   |   in|    4|     ap_fifo|                                                   C_stream_1_i|       pointer|
|C_stream_1_i_fifo_cap         |   in|    4|     ap_fifo|                                                   C_stream_1_i|       pointer|
|C_stream_1_i_empty_n          |   in|    1|     ap_fifo|                                                   C_stream_1_i|       pointer|
|C_stream_1_i_read             |  out|    1|     ap_fifo|                                                   C_stream_1_i|       pointer|
|C_stream_i_dout               |   in|   32|     ap_fifo|                                                     C_stream_i|       pointer|
|C_stream_i_num_data_valid     |   in|    4|     ap_fifo|                                                     C_stream_i|       pointer|
|C_stream_i_fifo_cap           |   in|    4|     ap_fifo|                                                     C_stream_i|       pointer|
|C_stream_i_empty_n            |   in|    1|     ap_fifo|                                                     C_stream_i|       pointer|
|C_stream_i_read               |  out|    1|     ap_fifo|                                                     C_stream_i|       pointer|
|C_out_3_0_din                 |  out|  256|     ap_fifo|                                                      C_out_3_0|       pointer|
|C_out_3_0_num_data_valid      |   in|    4|     ap_fifo|                                                      C_out_3_0|       pointer|
|C_out_3_0_fifo_cap            |   in|    4|     ap_fifo|                                                      C_out_3_0|       pointer|
|C_out_3_0_full_n              |   in|    1|     ap_fifo|                                                      C_out_3_0|       pointer|
|C_out_3_0_write               |  out|    1|     ap_fifo|                                                      C_out_3_0|       pointer|
|C_out_3_1_din                 |  out|  256|     ap_fifo|                                                      C_out_3_1|       pointer|
|C_out_3_1_num_data_valid      |   in|    4|     ap_fifo|                                                      C_out_3_1|       pointer|
|C_out_3_1_fifo_cap            |   in|    4|     ap_fifo|                                                      C_out_3_1|       pointer|
|C_out_3_1_full_n              |   in|    1|     ap_fifo|                                                      C_out_3_1|       pointer|
|C_out_3_1_write               |  out|    1|     ap_fifo|                                                      C_out_3_1|       pointer|
|C_out_0_0_din                 |  out|  256|     ap_fifo|                                                      C_out_0_0|       pointer|
|C_out_0_0_num_data_valid      |   in|    4|     ap_fifo|                                                      C_out_0_0|       pointer|
|C_out_0_0_fifo_cap            |   in|    4|     ap_fifo|                                                      C_out_0_0|       pointer|
|C_out_0_0_full_n              |   in|    1|     ap_fifo|                                                      C_out_0_0|       pointer|
|C_out_0_0_write               |  out|    1|     ap_fifo|                                                      C_out_0_0|       pointer|
|C_out_0_1_din                 |  out|  256|     ap_fifo|                                                      C_out_0_1|       pointer|
|C_out_0_1_num_data_valid      |   in|    4|     ap_fifo|                                                      C_out_0_1|       pointer|
|C_out_0_1_fifo_cap            |   in|    4|     ap_fifo|                                                      C_out_0_1|       pointer|
|C_out_0_1_full_n              |   in|    1|     ap_fifo|                                                      C_out_0_1|       pointer|
|C_out_0_1_write               |  out|    1|     ap_fifo|                                                      C_out_0_1|       pointer|
|C_out_1_0_din                 |  out|  256|     ap_fifo|                                                      C_out_1_0|       pointer|
|C_out_1_0_num_data_valid      |   in|    4|     ap_fifo|                                                      C_out_1_0|       pointer|
|C_out_1_0_fifo_cap            |   in|    4|     ap_fifo|                                                      C_out_1_0|       pointer|
|C_out_1_0_full_n              |   in|    1|     ap_fifo|                                                      C_out_1_0|       pointer|
|C_out_1_0_write               |  out|    1|     ap_fifo|                                                      C_out_1_0|       pointer|
|C_out_1_1_din                 |  out|  256|     ap_fifo|                                                      C_out_1_1|       pointer|
|C_out_1_1_num_data_valid      |   in|    4|     ap_fifo|                                                      C_out_1_1|       pointer|
|C_out_1_1_fifo_cap            |   in|    4|     ap_fifo|                                                      C_out_1_1|       pointer|
|C_out_1_1_full_n              |   in|    1|     ap_fifo|                                                      C_out_1_1|       pointer|
|C_out_1_1_write               |  out|    1|     ap_fifo|                                                      C_out_1_1|       pointer|
|C_out_2_0_din                 |  out|  256|     ap_fifo|                                                      C_out_2_0|       pointer|
|C_out_2_0_num_data_valid      |   in|    4|     ap_fifo|                                                      C_out_2_0|       pointer|
|C_out_2_0_fifo_cap            |   in|    4|     ap_fifo|                                                      C_out_2_0|       pointer|
|C_out_2_0_full_n              |   in|    1|     ap_fifo|                                                      C_out_2_0|       pointer|
|C_out_2_0_write               |  out|    1|     ap_fifo|                                                      C_out_2_0|       pointer|
|C_out_2_1_din                 |  out|  256|     ap_fifo|                                                      C_out_2_1|       pointer|
|C_out_2_1_num_data_valid      |   in|    4|     ap_fifo|                                                      C_out_2_1|       pointer|
|C_out_2_1_fifo_cap            |   in|    4|     ap_fifo|                                                      C_out_2_1|       pointer|
|C_out_2_1_full_n              |   in|    1|     ap_fifo|                                                      C_out_2_1|       pointer|
|C_out_2_1_write               |  out|    1|     ap_fifo|                                                      C_out_2_1|       pointer|
+------------------------------+-----+-----+------------+---------------------------------------------------------------+--------------+

