

================================================================
== Vitis HLS Report for 'dataflow_in_loop_tile_loop_A'
================================================================
* Date:           Mon Aug 31 18:21:43 2026

* Version:        2023.2 (Build 4023990 on Oct 11 2023)
* Project:        hls_project
* Solution:       gemm2 (Vitis Kernel Flow Target)
* Product family: versalaicore
* Target device:  xcvc1902-vsva2197-2MP-e-S


================================================================
== Performance Estimates
================================================================
+ Timing: 
    * Summary: 
    +--------+---------+----------+------------+
    |  Clock |  Target | Estimated| Uncertainty|
    +--------+---------+----------+------------+
    |ap_clk  |  3.33 ns|  2.641 ns|     0.90 ns|
    +--------+---------+----------+------------+

+ Latency: 
    * Summary: 
    +---------+---------+----------+----------+-----+-----+----------+
    |  Latency (cycles) |  Latency (absolute) |  Interval | Pipeline |
    |   min   |   max   |    min   |    max   | min | max |   Type   |
    +---------+---------+----------+----------+-----+-----+----------+
    |       36|       36|  0.120 us|  0.120 us|   13|   13|  dataflow|
    +---------+---------+----------+----------+-----+-----+----------+

    + Detail: 
        * Instance: 
        +-------------------------------------------------------------+----------------------------------------------------------+---------+---------+-----------+-----------+-----+-----+------------------------------------------+
        |                                                             |                                                          |  Latency (cycles) |   Latency (absolute)  |  Interval |                 Pipeline                 |
        |                           Instance                          |                          Module                          |   min   |   max   |    min    |    max    | min | max |                   Type                   |
        +-------------------------------------------------------------+----------------------------------------------------------+---------+---------+-----------+-----------+-----+-----+------------------------------------------+
        |entry_proc_U0                                                |entry_proc                                                |        0|        0|       0 ns|       0 ns|    0|    0|                                        no|
        |load_tile_A2_U0                                              |load_tile_A2                                              |        7|        7|  23.331 ns|  23.331 ns|    7|    7|                                        no|
        |B_Buf_to_stream4_U0                                          |B_Buf_to_stream4                                          |       10|       10|  33.330 ns|  33.330 ns|   10|   10|                                        no|
        |tile_A_to_stream3_U0                                         |tile_A_to_stream3                                         |        7|        7|  23.331 ns|  23.331 ns|    7|    7|                                        no|
        |PE_false_false_5_U0                                          |PE_false_false_5                                          |       10|       11|  33.330 ns|  36.663 ns|    8|    8|  loop rewind stp(delay=0 clock cycles(s))|
        |PE_false_false_110_U0                                        |PE_false_false_110                                        |       10|       11|  33.330 ns|  36.663 ns|    8|    8|  loop rewind stp(delay=0 clock cycles(s))|
        |PE_false_false_717_U0                                        |PE_false_false_717                                        |       10|       11|  33.330 ns|  36.663 ns|    8|    8|  loop rewind stp(delay=0 clock cycles(s))|
        |PE_false_false_211_U0                                        |PE_false_false_211                                        |       10|       11|  33.330 ns|  36.663 ns|    8|    8|  loop rewind stp(delay=0 clock cycles(s))|
        |PE_false_false_818_U0                                        |PE_false_false_818                                        |       10|       11|  33.330 ns|  36.663 ns|    8|    8|  loop rewind stp(delay=0 clock cycles(s))|
        |PE_false_false_1525_U0                                       |PE_false_false_1525                                       |       10|       11|  33.330 ns|  36.663 ns|    8|    8|  loop rewind stp(delay=0 clock cycles(s))|
        |PE_false_false_312_U0                                        |PE_false_false_312                                        |       10|       11|  33.330 ns|  36.663 ns|    8|    8|  loop rewind stp(delay=0 clock cycles(s))|
        |PE_false_false_919_U0                                        |PE_false_false_919                                        |       10|       11|  33.330 ns|  36.663 ns|    8|    8|  loop rewind stp(delay=0 clock cycles(s))|
        |PE_false_false_1626_U0                                       |PE_false_false_1626                                       |       10|       11|  33.330 ns|  36.663 ns|    8|    8|  loop rewind stp(delay=0 clock cycles(s))|
        |PE_false_false_2333_U0                                       |PE_false_false_2333                                       |       10|       11|  33.330 ns|  36.663 ns|    8|    8|  loop rewind stp(delay=0 clock cycles(s))|
        |PE_false_false_413_U0                                        |PE_false_false_413                                        |       10|       11|  33.330 ns|  36.663 ns|    8|    8|  loop rewind stp(delay=0 clock cycles(s))|
        |PE_false_false_1020_U0                                       |PE_false_false_1020                                       |       10|       11|  33.330 ns|  36.663 ns|    8|    8|  loop rewind stp(delay=0 clock cycles(s))|
        |PE_false_false_1727_U0                                       |PE_false_false_1727                                       |       10|       11|  33.330 ns|  36.663 ns|    8|    8|  loop rewind stp(delay=0 clock cycles(s))|
        |PE_false_false_2434_U0                                       |PE_false_false_2434                                       |       10|       11|  33.330 ns|  36.663 ns|    8|    8|  loop rewind stp(delay=0 clock cycles(s))|
        |PE_false_false_3141_U0                                       |PE_false_false_3141                                       |       10|       11|  33.330 ns|  36.663 ns|    8|    8|  loop rewind stp(delay=0 clock cycles(s))|
        |PE_false_false_514_U0                                        |PE_false_false_514                                        |       10|       11|  33.330 ns|  36.663 ns|    8|    8|  loop rewind stp(delay=0 clock cycles(s))|
        |PE_false_false_1121_U0                                       |PE_false_false_1121                                       |       10|       11|  33.330 ns|  36.663 ns|    8|    8|  loop rewind stp(delay=0 clock cycles(s))|
        |PE_false_false_1828_U0                                       |PE_false_false_1828                                       |       10|       11|  33.330 ns|  36.663 ns|    8|    8|  loop rewind stp(delay=0 clock cycles(s))|
        |PE_false_false_2535_U0                                       |PE_false_false_2535                                       |       10|       11|  33.330 ns|  36.663 ns|    8|    8|  loop rewind stp(delay=0 clock cycles(s))|
        |PE_false_false_3242_U0                                       |PE_false_false_3242                                       |       10|       11|  33.330 ns|  36.663 ns|    8|    8|  loop rewind stp(delay=0 clock cycles(s))|
        |PE_false_false_3949_U0                                       |PE_false_false_3949                                       |       10|       11|  33.330 ns|  36.663 ns|    8|    8|  loop rewind stp(delay=0 clock cycles(s))|
        |PE_false_false_615_U0                                        |PE_false_false_615                                        |       10|       11|  33.330 ns|  36.663 ns|    8|    8|  loop rewind stp(delay=0 clock cycles(s))|
        |PE_false_false_1222_U0                                       |PE_false_false_1222                                       |       10|       11|  33.330 ns|  36.663 ns|    8|    8|  loop rewind stp(delay=0 clock cycles(s))|
        |PE_false_false_1929_U0                                       |PE_false_false_1929                                       |       10|       11|  33.330 ns|  36.663 ns|    8|    8|  loop rewind stp(delay=0 clock cycles(s))|
        |PE_false_false_2636_U0                                       |PE_false_false_2636                                       |       10|       11|  33.330 ns|  36.663 ns|    8|    8|  loop rewind stp(delay=0 clock cycles(s))|
        |PE_false_false_3343_U0                                       |PE_false_false_3343                                       |       10|       11|  33.330 ns|  36.663 ns|    8|    8|  loop rewind stp(delay=0 clock cycles(s))|
        |PE_false_false_4050_U0                                       |PE_false_false_4050                                       |       10|       11|  33.330 ns|  36.663 ns|    8|    8|  loop rewind stp(delay=0 clock cycles(s))|
        |PE_false_false_4757_U0                                       |PE_false_false_4757                                       |       10|       11|  33.330 ns|  36.663 ns|    8|    8|  loop rewind stp(delay=0 clock cycles(s))|
        |PE_false_true_16_U0                                          |PE_false_true_16                                          |       10|       11|  33.330 ns|  36.663 ns|    8|    8|  loop rewind stp(delay=0 clock cycles(s))|
        |PE_false_false_1323_U0                                       |PE_false_false_1323                                       |       10|       11|  33.330 ns|  36.663 ns|    8|    8|  loop rewind stp(delay=0 clock cycles(s))|
        |PE_false_false_2030_U0                                       |PE_false_false_2030                                       |       10|       11|  33.330 ns|  36.663 ns|    8|    8|  loop rewind stp(delay=0 clock cycles(s))|
        |PE_false_false_2737_U0                                       |PE_false_false_2737                                       |       10|       11|  33.330 ns|  36.663 ns|    8|    8|  loop rewind stp(delay=0 clock cycles(s))|
        |PE_false_false_3444_U0                                       |PE_false_false_3444                                       |       10|       11|  33.330 ns|  36.663 ns|    8|    8|  loop rewind stp(delay=0 clock cycles(s))|
        |PE_false_false_4151_U0                                       |PE_false_false_4151                                       |       10|       11|  33.330 ns|  36.663 ns|    8|    8|  loop rewind stp(delay=0 clock cycles(s))|
        |PE_false_false_4858_U0                                       |PE_false_false_4858                                       |       10|       11|  33.330 ns|  36.663 ns|    8|    8|  loop rewind stp(delay=0 clock cycles(s))|
        |PE_true_false_65_U0                                          |PE_true_false_65                                          |       10|       11|  33.330 ns|  36.663 ns|    8|    8|  loop rewind stp(delay=0 clock cycles(s))|
        |PE_false_true_1424_U0                                        |PE_false_true_1424                                        |       10|       11|  33.330 ns|  36.663 ns|    8|    8|  loop rewind stp(delay=0 clock cycles(s))|
        |PE_false_false_2131_U0                                       |PE_false_false_2131                                       |       10|       11|  33.330 ns|  36.663 ns|    8|    8|  loop rewind stp(delay=0 clock cycles(s))|
        |PE_false_false_2838_U0                                       |PE_false_false_2838                                       |       10|       11|  33.330 ns|  36.663 ns|    8|    8|  loop rewind stp(delay=0 clock cycles(s))|
        |PE_false_false_3545_U0                                       |PE_false_false_3545                                       |       10|       11|  33.330 ns|  36.663 ns|    8|    8|  loop rewind stp(delay=0 clock cycles(s))|
        |PE_false_false_4252_U0                                       |PE_false_false_4252                                       |       10|       11|  33.330 ns|  36.663 ns|    8|    8|  loop rewind stp(delay=0 clock cycles(s))|
        |PE_false_false_4959_U0                                       |PE_false_false_4959                                       |       10|       11|  33.330 ns|  36.663 ns|    8|    8|  loop rewind stp(delay=0 clock cycles(s))|
        |PE_true_false_5566_U0                                        |PE_true_false_5566                                        |       10|       11|  33.330 ns|  36.663 ns|    8|    8|  loop rewind stp(delay=0 clock cycles(s))|
        |PE_false_true_2232_U0                                        |PE_false_true_2232                                        |       10|       11|  33.330 ns|  36.663 ns|    8|    8|  loop rewind stp(delay=0 clock cycles(s))|
        |PE_false_false_2939_U0                                       |PE_false_false_2939                                       |       10|       11|  33.330 ns|  36.663 ns|    8|    8|  loop rewind stp(delay=0 clock cycles(s))|
        |PE_false_false_3646_U0                                       |PE_false_false_3646                                       |       10|       11|  33.330 ns|  36.663 ns|    8|    8|  loop rewind stp(delay=0 clock cycles(s))|
        |PE_false_false_4353_U0                                       |PE_false_false_4353                                       |       10|       11|  33.330 ns|  36.663 ns|    8|    8|  loop rewind stp(delay=0 clock cycles(s))|
        |PE_false_false_5060_U0                                       |PE_false_false_5060                                       |       10|       11|  33.330 ns|  36.663 ns|    8|    8|  loop rewind stp(delay=0 clock cycles(s))|
        |PE_true_false_5667_U0                                        |PE_true_false_5667                                        |       10|       11|  33.330 ns|  36.663 ns|    8|    8|  loop rewind stp(delay=0 clock cycles(s))|
        |PE_false_true_3040_U0                                        |PE_false_true_3040                                        |       10|       11|  33.330 ns|  36.663 ns|    8|    8|  loop rewind stp(delay=0 clock cycles(s))|
        |PE_false_false_3747_U0                                       |PE_false_false_3747                                       |       10|       11|  33.330 ns|  36.663 ns|    8|    8|  loop rewind stp(delay=0 clock cycles(s))|
        |PE_false_false_4454_U0                                       |PE_false_false_4454                                       |       10|       11|  33.330 ns|  36.663 ns|    8|    8|  loop rewind stp(delay=0 clock cycles(s))|
        |PE_false_false_5161_U0                                       |PE_false_false_5161                                       |       10|       11|  33.330 ns|  36.663 ns|    8|    8|  loop rewind stp(delay=0 clock cycles(s))|
        |PE_true_false_5768_U0                                        |PE_true_false_5768                                        |       10|       11|  33.330 ns|  36.663 ns|    8|    8|  loop rewind stp(delay=0 clock cycles(s))|
        |PE_false_true_3848_U0                                        |PE_false_true_3848                                        |       10|       11|  33.330 ns|  36.663 ns|    8|    8|  loop rewind stp(delay=0 clock cycles(s))|
        |PE_false_false_4555_U0                                       |PE_false_false_4555                                       |       10|       11|  33.330 ns|  36.663 ns|    8|    8|  loop rewind stp(delay=0 clock cycles(s))|
        |PE_false_false_5262_U0                                       |PE_false_false_5262                                       |       10|       11|  33.330 ns|  36.663 ns|    8|    8|  loop rewind stp(delay=0 clock cycles(s))|
        |PE_true_false_5869_U0                                        |PE_true_false_5869                                        |       10|       11|  33.330 ns|  36.663 ns|    8|    8|  loop rewind stp(delay=0 clock cycles(s))|
        |PE_false_true_4656_U0                                        |PE_false_true_4656                                        |       10|       11|  33.330 ns|  36.663 ns|    8|    8|  loop rewind stp(delay=0 clock cycles(s))|
        |PE_false_false_5363_U0                                       |PE_false_false_5363                                       |       10|       11|  33.330 ns|  36.663 ns|    8|    8|  loop rewind stp(delay=0 clock cycles(s))|
        |PE_true_false_5970_U0                                        |PE_true_false_5970                                        |       10|       11|  33.330 ns|  36.663 ns|    8|    8|  loop rewind stp(delay=0 clock cycles(s))|
        |PE_false_true_5464_U0                                        |PE_false_true_5464                                        |       10|       11|  33.330 ns|  36.663 ns|    8|    8|  loop rewind stp(delay=0 clock cycles(s))|
        |PE_true_false_6071_U0                                        |PE_true_false_6071                                        |       10|       11|  33.330 ns|  36.663 ns|    8|    8|  loop rewind stp(delay=0 clock cycles(s))|
        |PE_true_true_72_U0                                           |PE_true_true_72                                           |       10|       11|  33.330 ns|  36.663 ns|    8|    8|  loop rewind stp(delay=0 clock cycles(s))|
        |dataflow_in_loop_tile_loop_A_Block_newFuncRoot177_proc73_U0  |dataflow_in_loop_tile_loop_A_Block_newFuncRoot177_proc73  |       12|       12|  39.996 ns|  39.996 ns|   12|   12|                                        no|
        +-------------------------------------------------------------+----------------------------------------------------------+---------+---------+-----------+-----------+-----+-----+------------------------------------------+

        * Loop: 
        N/A



================================================================
== Utilization Estimates
================================================================
* Summary: 
+-----------------+---------+------+---------+--------+-----+
|       Name      | BRAM_18K|  DSP |    FF   |   LUT  | URAM|
+-----------------+---------+------+---------+--------+-----+
|DSP              |        -|     -|        -|       -|    -|
|Expression       |        -|     -|        0|     280|    -|
|FIFO             |        0|     -|    28146|   19266|    -|
|Instance         |        -|    64|    10211|    9080|    -|
|Memory           |        -|     -|        -|       -|    -|
|Multiplexer      |        -|     -|        -|     134|    -|
|Register         |        -|     -|       67|       -|    -|
+-----------------+---------+------+---------+--------+-----+
|Total            |        0|    64|    38424|   28760|    0|
+-----------------+---------+------+---------+--------+-----+
|Available        |     1934|  1968|  1799680|  899840|  463|
+-----------------+---------+------+---------+--------+-----+
|Utilization (%)  |        0|     3|        2|       3|    0|
+-----------------+---------+------+---------+--------+-----+

+ Detail: 
    * Instance: 
    +-------------------------------------------------------------+----------------------------------------------------------+---------+----+------+------+-----+
    |                           Instance                          |                          Module                          | BRAM_18K| DSP|  FF  |  LUT | URAM|
    +-------------------------------------------------------------+----------------------------------------------------------+---------+----+------+------+-----+
    |B_Buf_to_stream4_U0                                          |B_Buf_to_stream4                                          |        0|   0|   264|   792|    0|
    |PE_false_false_1020_U0                                       |PE_false_false_1020                                       |        0|   1|    87|    52|    0|
    |PE_false_false_110_U0                                        |PE_false_false_110                                        |        0|   1|    87|    52|    0|
    |PE_false_false_1121_U0                                       |PE_false_false_1121                                       |        0|   1|    87|    52|    0|
    |PE_false_false_1222_U0                                       |PE_false_false_1222                                       |        0|   1|    87|    52|    0|
    |PE_false_false_1323_U0                                       |PE_false_false_1323                                       |        0|   1|    87|    52|    0|
    |PE_false_false_1525_U0                                       |PE_false_false_1525                                       |        0|   1|    86|    50|    0|
    |PE_false_false_1626_U0                                       |PE_false_false_1626                                       |        0|   1|    86|    50|    0|
    |PE_false_false_1727_U0                                       |PE_false_false_1727                                       |        0|   1|    87|    52|    0|
    |PE_false_false_1828_U0                                       |PE_false_false_1828                                       |        0|   1|    87|    52|    0|
    |PE_false_false_1929_U0                                       |PE_false_false_1929                                       |        0|   1|    87|    52|    0|
    |PE_false_false_2030_U0                                       |PE_false_false_2030                                       |        0|   1|    87|    52|    0|
    |PE_false_false_211_U0                                        |PE_false_false_211                                        |        0|   1|    87|    52|    0|
    |PE_false_false_2131_U0                                       |PE_false_false_2131                                       |        0|   1|    87|    52|    0|
    |PE_false_false_2333_U0                                       |PE_false_false_2333                                       |        0|   1|    87|    52|    0|
    |PE_false_false_2434_U0                                       |PE_false_false_2434                                       |        0|   1|    86|    50|    0|
    |PE_false_false_2535_U0                                       |PE_false_false_2535                                       |        0|   1|    86|    50|    0|
    |PE_false_false_2636_U0                                       |PE_false_false_2636                                       |        0|   1|    87|    52|    0|
    |PE_false_false_2737_U0                                       |PE_false_false_2737                                       |        0|   1|    87|    52|    0|
    |PE_false_false_2838_U0                                       |PE_false_false_2838                                       |        0|   1|    87|    52|    0|
    |PE_false_false_2939_U0                                       |PE_false_false_2939                                       |        0|   1|    87|    52|    0|
    |PE_false_false_312_U0                                        |PE_false_false_312                                        |        0|   1|    87|    52|    0|
    |PE_false_false_3141_U0                                       |PE_false_false_3141                                       |        0|   1|    87|    52|    0|
    |PE_false_false_3242_U0                                       |PE_false_false_3242                                       |        0|   1|    87|    52|    0|
    |PE_false_false_3343_U0                                       |PE_false_false_3343                                       |        0|   1|    86|    50|    0|
    |PE_false_false_3444_U0                                       |PE_false_false_3444                                       |        0|   1|    86|    50|    0|
    |PE_false_false_3545_U0                                       |PE_false_false_3545                                       |        0|   1|    87|    52|    0|
    |PE_false_false_3646_U0                                       |PE_false_false_3646                                       |        0|   1|    87|    52|    0|
    |PE_false_false_3747_U0                                       |PE_false_false_3747                                       |        0|   1|    87|    52|    0|
    |PE_false_false_3949_U0                                       |PE_false_false_3949                                       |        0|   1|    87|    52|    0|
    |PE_false_false_4050_U0                                       |PE_false_false_4050                                       |        0|   1|    87|    52|    0|
    |PE_false_false_413_U0                                        |PE_false_false_413                                        |        0|   1|    87|    52|    0|
    |PE_false_false_4151_U0                                       |PE_false_false_4151                                       |        0|   1|    87|    52|    0|
    |PE_false_false_4252_U0                                       |PE_false_false_4252                                       |        0|   1|    86|    50|    0|
    |PE_false_false_4353_U0                                       |PE_false_false_4353                                       |        0|   1|    86|    50|    0|
    |PE_false_false_4454_U0                                       |PE_false_false_4454                                       |        0|   1|    87|    52|    0|
    |PE_false_false_4555_U0                                       |PE_false_false_4555                                       |        0|   1|    87|    52|    0|
    |PE_false_false_4757_U0                                       |PE_false_false_4757                                       |        0|   1|    87|    52|    0|
    |PE_false_false_4858_U0                                       |PE_false_false_4858                                       |        0|   1|    87|    52|    0|
    |PE_false_false_4959_U0                                       |PE_false_false_4959                                       |        0|   1|    87|    52|    0|
    |PE_false_false_5_U0                                          |PE_false_false_5                                          |        0|   1|    86|    50|    0|
    |PE_false_false_5060_U0                                       |PE_false_false_5060                                       |        0|   1|    87|    52|    0|
    |PE_false_false_514_U0                                        |PE_false_false_514                                        |        0|   1|    87|    52|    0|
    |PE_false_false_5161_U0                                       |PE_false_false_5161                                       |        0|   1|    86|    50|    0|
    |PE_false_false_5262_U0                                       |PE_false_false_5262                                       |        0|   1|    86|    50|    0|
    |PE_false_false_5363_U0                                       |PE_false_false_5363                                       |        0|   1|    87|    52|    0|
    |PE_false_false_615_U0                                        |PE_false_false_615                                        |        0|   1|    87|    52|    0|
    |PE_false_false_717_U0                                        |PE_false_false_717                                        |        0|   1|    86|    50|    0|
    |PE_false_false_818_U0                                        |PE_false_false_818                                        |        0|   1|    87|    52|    0|
    |PE_false_false_919_U0                                        |PE_false_false_919                                        |        0|   1|    87|    52|    0|
    |PE_false_true_1424_U0                                        |PE_false_true_1424                                        |        0|   1|    87|    50|    0|
    |PE_false_true_16_U0                                          |PE_false_true_16                                          |        0|   1|    87|    50|    0|
    |PE_false_true_2232_U0                                        |PE_false_true_2232                                        |        0|   1|    87|    50|    0|
    |PE_false_true_3040_U0                                        |PE_false_true_3040                                        |        0|   1|    87|    50|    0|
    |PE_false_true_3848_U0                                        |PE_false_true_3848                                        |        0|   1|    87|    50|    0|
    |PE_false_true_4656_U0                                        |PE_false_true_4656                                        |        0|   1|    87|    50|    0|
    |PE_false_true_5464_U0                                        |PE_false_true_5464                                        |        0|   1|    87|    50|    0|
    |PE_true_false_5566_U0                                        |PE_true_false_5566                                        |        0|   1|    87|    50|    0|
    |PE_true_false_5667_U0                                        |PE_true_false_5667                                        |        0|   1|    87|    50|    0|
    |PE_true_false_5768_U0                                        |PE_true_false_5768                                        |        0|   1|    87|    50|    0|
    |PE_true_false_5869_U0                                        |PE_true_false_5869                                        |        0|   1|    87|    50|    0|
    |PE_true_false_5970_U0                                        |PE_true_false_5970                                        |        0|   1|    86|    48|    0|
    |PE_true_false_6071_U0                                        |PE_true_false_6071                                        |        0|   1|    86|    48|    0|
    |PE_true_false_65_U0                                          |PE_true_false_65                                          |        0|   1|    87|    50|    0|
    |PE_true_true_72_U0                                           |PE_true_true_72                                           |        0|   1|    86|    46|    0|
    |dataflow_in_loop_tile_loop_A_Block_newFuncRoot177_proc73_U0  |dataflow_in_loop_tile_loop_A_Block_newFuncRoot177_proc73  |        0|   0|   532|  1634|    0|
    |entry_proc_U0                                                |entry_proc                                                |        0|   0|     3|    10|    0|
    |load_tile_A2_U0                                              |load_tile_A2                                              |        0|   0|  3849|  2064|    0|
    |tile_A_to_stream3_U0                                         |tile_A_to_stream3                                         |        0|   0|    10|  1314|    0|
    +-------------------------------------------------------------+----------------------------------------------------------+---------+----+------+------+-----+
    |Total                                                        |                                                          |        0|  64| 10211|  9080|    0|
    +-------------------------------------------------------------+----------------------------------------------------------+---------+----+------+------+-----+

    * DSP: 
    N/A

    * Memory: 
    N/A

    * FIFO: 
    +---------------+---------+-----+----+-----+------+-----+---------+
    |      Name     | BRAM_18K|  FF | LUT| URAM| Depth| Bits| Size:D*B|
    +---------------+---------+-----+----+-----+------+-----+---------+
    |A_TILE63_U     |        0|  103|   0|    -|     2|   32|       64|
    |A_TILE_10_U    |        0|  103|   0|    -|     2|   32|       64|
    |A_TILE_11_U    |        0|  103|   0|    -|     2|   32|       64|
    |A_TILE_12_U    |        0|  103|   0|    -|     2|   32|       64|
    |A_TILE_13_U    |        0|  103|   0|    -|     2|   32|       64|
    |A_TILE_14_U    |        0|  103|   0|    -|     2|   32|       64|
    |A_TILE_15_U    |        0|  103|   0|    -|     2|   32|       64|
    |A_TILE_16_U    |        0|  103|   0|    -|     2|   32|       64|
    |A_TILE_17_U    |        0|  103|   0|    -|     2|   32|       64|
    |A_TILE_18_U    |        0|  103|   0|    -|     2|   32|       64|
    |A_TILE_19_U    |        0|  103|   0|    -|     2|   32|       64|
    |A_TILE_1_U     |        0|  103|   0|    -|     2|   32|       64|
    |A_TILE_20_U    |        0|  103|   0|    -|     2|   32|       64|
    |A_TILE_21_U    |        0|  103|   0|    -|     2|   32|       64|
    |A_TILE_22_U    |        0|  103|   0|    -|     2|   32|       64|
    |A_TILE_23_U    |        0|  103|   0|    -|     2|   32|       64|
    |A_TILE_24_U    |        0|  103|   0|    -|     2|   32|       64|
    |A_TILE_25_U    |        0|  103|   0|    -|     2|   32|       64|
    |A_TILE_26_U    |        0|  103|   0|    -|     2|   32|       64|
    |A_TILE_27_U    |        0|  103|   0|    -|     2|   32|       64|
    |A_TILE_28_U    |        0|  103|   0|    -|     2|   32|       64|
    |A_TILE_29_U    |        0|  103|   0|    -|     2|   32|       64|
    |A_TILE_2_U     |        0|  103|   0|    -|     2|   32|       64|
    |A_TILE_30_U    |        0|  103|   0|    -|     2|   32|       64|
    |A_TILE_31_U    |        0|  103|   0|    -|     2|   32|       64|
    |A_TILE_32_U    |        0|  103|   0|    -|     2|   32|       64|
    |A_TILE_33_U    |        0|  103|   0|    -|     2|   32|       64|
    |A_TILE_34_U    |        0|  103|   0|    -|     2|   32|       64|
    |A_TILE_35_U    |        0|  103|   0|    -|     2|   32|       64|
    |A_TILE_36_U    |        0|  103|   0|    -|     2|   32|       64|
    |A_TILE_37_U    |        0|  103|   0|    -|     2|   32|       64|
    |A_TILE_38_U    |        0|  103|   0|    -|     2|   32|       64|
    |A_TILE_39_U    |        0|  103|   0|    -|     2|   32|       64|
    |A_TILE_3_U     |        0|  103|   0|    -|     2|   32|       64|
    |A_TILE_40_U    |        0|  103|   0|    -|     2|   32|       64|
    |A_TILE_41_U    |        0|  103|   0|    -|     2|   32|       64|
    |A_TILE_42_U    |        0|  103|   0|    -|     2|   32|       64|
    |A_TILE_43_U    |        0|  103|   0|    -|     2|   32|       64|
    |A_TILE_44_U    |        0|  103|   0|    -|     2|   32|       64|
    |A_TILE_45_U    |        0|  103|   0|    -|     2|   32|       64|
    |A_TILE_46_U    |        0|  103|   0|    -|     2|   32|       64|
    |A_TILE_47_U    |        0|  103|   0|    -|     2|   32|       64|
    |A_TILE_48_U    |        0|  103|   0|    -|     2|   32|       64|
    |A_TILE_49_U    |        0|  103|   0|    -|     2|   32|       64|
    |A_TILE_4_U     |        0|  103|   0|    -|     2|   32|       64|
    |A_TILE_50_U    |        0|  103|   0|    -|     2|   32|       64|
    |A_TILE_51_U    |        0|  103|   0|    -|     2|   32|       64|
    |A_TILE_52_U    |        0|  103|   0|    -|     2|   32|       64|
    |A_TILE_53_U    |        0|  103|   0|    -|     2|   32|       64|
    |A_TILE_54_U    |        0|  103|   0|    -|     2|   32|       64|
    |A_TILE_55_U    |        0|  103|   0|    -|     2|   32|       64|
    |A_TILE_56_U    |        0|  103|   0|    -|     2|   32|       64|
    |A_TILE_57_U    |        0|  103|   0|    -|     2|   32|       64|
    |A_TILE_58_U    |        0|  103|   0|    -|     2|   32|       64|
    |A_TILE_59_U    |        0|  103|   0|    -|     2|   32|       64|
    |A_TILE_5_U     |        0|  103|   0|    -|     2|   32|       64|
    |A_TILE_60_U    |        0|  103|   0|    -|     2|   32|       64|
    |A_TILE_61_U    |        0|  103|   0|    -|     2|   32|       64|
    |A_TILE_62_U    |        0|  103|   0|    -|     2|   32|       64|
    |A_TILE_6_U     |        0|  103|   0|    -|     2|   32|       64|
    |A_TILE_7_U     |        0|  103|   0|    -|     2|   32|       64|
    |A_TILE_8_U     |        0|  103|   0|    -|     2|   32|       64|
    |A_TILE_9_U     |        0|  103|   0|    -|     2|   32|       64|
    |A_TILE_U       |        0|  103|   0|    -|     2|   32|       64|
    |A_stream_10_U  |        0|  112|   0|    -|    16|   32|      512|
    |A_stream_11_U  |        0|  112|   0|    -|    16|   32|      512|
    |A_stream_12_U  |        0|  112|   0|    -|    16|   32|      512|
    |A_stream_13_U  |        0|  112|   0|    -|    16|   32|      512|
    |A_stream_14_U  |        0|  112|   0|    -|    16|   32|      512|
    |A_stream_15_U  |        0|  112|   0|    -|    16|   32|      512|
    |A_stream_16_U  |        0|  112|   0|    -|    16|   32|      512|
    |A_stream_17_U  |        0|  112|   0|    -|    16|   32|      512|
    |A_stream_18_U  |        0|  112|   0|    -|    16|   32|      512|
    |A_stream_19_U  |        0|  112|   0|    -|    16|   32|      512|
    |A_stream_1_U   |        0|  112|   0|    -|    16|   32|      512|
    |A_stream_20_U  |        0|  112|   0|    -|    16|   32|      512|
    |A_stream_21_U  |        0|  112|   0|    -|    16|   32|      512|
    |A_stream_22_U  |        0|  112|   0|    -|    16|   32|      512|
    |A_stream_23_U  |        0|  112|   0|    -|    16|   32|      512|
    |A_stream_24_U  |        0|  112|   0|    -|    16|   32|      512|
    |A_stream_25_U  |        0|  112|   0|    -|    16|   32|      512|
    |A_stream_26_U  |        0|  112|   0|    -|    16|   32|      512|
    |A_stream_27_U  |        0|  112|   0|    -|    16|   32|      512|
    |A_stream_28_U  |        0|  112|   0|    -|    16|   32|      512|
    |A_stream_29_U  |        0|  112|   0|    -|    16|   32|      512|
    |A_stream_2_U   |        0|  112|   0|    -|    16|   32|      512|
    |A_stream_30_U  |        0|  112|   0|    -|    16|   32|      512|
    |A_stream_31_U  |        0|  112|   0|    -|    16|   32|      512|
    |A_stream_32_U  |        0|  112|   0|    -|    16|   32|      512|
    |A_stream_33_U  |        0|  112|   0|    -|    16|   32|      512|
    |A_stream_34_U  |        0|  112|   0|    -|    16|   32|      512|
    |A_stream_35_U  |        0|  112|   0|    -|    16|   32|      512|
    |A_stream_36_U  |        0|  112|   0|    -|    16|   32|      512|
    |A_stream_37_U  |        0|  112|   0|    -|    16|   32|      512|
    |A_stream_38_U  |        0|  112|   0|    -|    16|   32|      512|
    |A_stream_39_U  |        0|  112|   0|    -|    16|   32|      512|
    |A_stream_3_U   |        0|  112|   0|    -|    16|   32|      512|
    |A_stream_40_U  |        0|  112|   0|    -|    16|   32|      512|
    |A_stream_41_U  |        0|  112|   0|    -|    16|   32|      512|
    |A_stream_42_U  |        0|  112|   0|    -|    16|   32|      512|
    |A_stream_43_U  |        0|  112|   0|    -|    16|   32|      512|
    |A_stream_44_U  |        0|  112|   0|    -|    16|   32|      512|
    |A_stream_45_U  |        0|  112|   0|    -|    16|   32|      512|
    |A_stream_46_U  |        0|  112|   0|    -|    16|   32|      512|
    |A_stream_47_U  |        0|  112|   0|    -|    16|   32|      512|
    |A_stream_48_U  |        0|  112|   0|    -|    16|   32|      512|
    |A_stream_49_U  |        0|  112|   0|    -|    16|   32|      512|
    |A_stream_4_U   |        0|  112|   0|    -|    16|   32|      512|
    |A_stream_50_U  |        0|  112|   0|    -|    16|   32|      512|
    |A_stream_51_U  |        0|  112|   0|    -|    16|   32|      512|
    |A_stream_52_U  |        0|  112|   0|    -|    16|   32|      512|
    |A_stream_53_U  |        0|  112|   0|    -|    16|   32|      512|
    |A_stream_54_U  |        0|  112|   0|    -|    16|   32|      512|
    |A_stream_55_U  |        0|  112|   0|    -|    16|   32|      512|
    |A_stream_56_U  |        0|  112|   0|    -|    16|   32|      512|
    |A_stream_57_U  |        0|  112|   0|    -|    16|   32|      512|
    |A_stream_58_U  |        0|  112|   0|    -|    16|   32|      512|
    |A_stream_59_U  |        0|  112|   0|    -|    16|   32|      512|
    |A_stream_5_U   |        0|  112|   0|    -|    16|   32|      512|
    |A_stream_60_U  |        0|  112|   0|    -|    16|   32|      512|
    |A_stream_61_U  |        0|  112|   0|    -|    16|   32|      512|
    |A_stream_62_U  |        0|  112|   0|    -|    16|   32|      512|
    |A_stream_63_U  |        0|  112|   0|    -|    16|   32|      512|
    |A_stream_6_U   |        0|  112|   0|    -|    16|   32|      512|
    |A_stream_7_U   |        0|  112|   0|    -|    16|   32|      512|
    |A_stream_8_U   |        0|  112|   0|    -|    16|   32|      512|
    |A_stream_9_U   |        0|  112|   0|    -|    16|   32|      512|
    |A_stream_U     |        0|  112|   0|    -|    16|   32|      512|
    |B_stream_10_U  |        0|  112|   0|    -|    16|   32|      512|
    |B_stream_11_U  |        0|  112|   0|    -|    16|   32|      512|
    |B_stream_12_U  |        0|  112|   0|    -|    16|   32|      512|
    |B_stream_13_U  |        0|  112|   0|    -|    16|   32|      512|
    |B_stream_14_U  |        0|  112|   0|    -|    16|   32|      512|
    |B_stream_15_U  |        0|  112|   0|    -|    16|   32|      512|
    |B_stream_16_U  |        0|  112|   0|    -|    16|   32|      512|
    |B_stream_17_U  |        0|  112|   0|    -|    16|   32|      512|
    |B_stream_18_U  |        0|  112|   0|    -|    16|   32|      512|
    |B_stream_19_U  |        0|  112|   0|    -|    16|   32|      512|
    |B_stream_1_U   |        0|  112|   0|    -|    16|   32|      512|
    |B_stream_20_U  |        0|  112|   0|    -|    16|   32|      512|
    |B_stream_21_U  |        0|  112|   0|    -|    16|   32|      512|
    |B_stream_22_U  |        0|  112|   0|    -|    16|   32|      512|
    |B_stream_23_U  |        0|  112|   0|    -|    16|   32|      512|
    |B_stream_24_U  |        0|  112|   0|    -|    16|   32|      512|
    |B_stream_25_U  |        0|  112|   0|    -|    16|   32|      512|
    |B_stream_26_U  |        0|  112|   0|    -|    16|   32|      512|
    |B_stream_27_U  |        0|  112|   0|    -|    16|   32|      512|
    |B_stream_28_U  |        0|  112|   0|    -|    16|   32|      512|
    |B_stream_29_U  |        0|  112|   0|    -|    16|   32|      512|
    |B_stream_2_U   |        0|  112|   0|    -|    16|   32|      512|
    |B_stream_30_U  |        0|  112|   0|    -|    16|   32|      512|
    |B_stream_31_U  |        0|  112|   0|    -|    16|   32|      512|
    |B_stream_32_U  |        0|  112|   0|    -|    16|   32|      512|
    |B_stream_33_U  |        0|  112|   0|    -|    16|   32|      512|
    |B_stream_34_U  |        0|  112|   0|    -|    16|   32|      512|
    |B_stream_35_U  |        0|  112|   0|    -|    16|   32|      512|
    |B_stream_36_U  |        0|  112|   0|    -|    16|   32|      512|
    |B_stream_37_U  |        0|  112|   0|    -|    16|   32|      512|
    |B_stream_38_U  |        0|  112|   0|    -|    16|   32|      512|
    |B_stream_39_U  |        0|  112|   0|    -|    16|   32|      512|
    |B_stream_3_U   |        0|  112|   0|    -|    16|   32|      512|
    |B_stream_40_U  |        0|  112|   0|    -|    16|   32|      512|
    |B_stream_41_U  |        0|  112|   0|    -|    16|   32|      512|
    |B_stream_42_U  |        0|  112|   0|    -|    16|   32|      512|
    |B_stream_43_U  |        0|  112|   0|    -|    16|   32|      512|
    |B_stream_44_U  |        0|  112|   0|    -|    16|   32|      512|
    |B_stream_45_U  |        0|  112|   0|    -|    16|   32|      512|
    |B_stream_46_U  |        0|  112|   0|    -|    16|   32|      512|
    |B_stream_47_U  |        0|  112|   0|    -|    16|   32|      512|
    |B_stream_48_U  |        0|  112|   0|    -|    16|   32|      512|
    |B_stream_49_U  |        0|  112|   0|    -|    16|   32|      512|
    |B_stream_4_U   |        0|  112|   0|    -|    16|   32|      512|
    |B_stream_50_U  |        0|  112|   0|    -|    16|   32|      512|
    |B_stream_51_U  |        0|  112|   0|    -|    16|   32|      512|
    |B_stream_52_U  |        0|  112|   0|    -|    16|   32|      512|
    |B_stream_53_U  |        0|  112|   0|    -|    16|   32|      512|
    |B_stream_54_U  |        0|  112|   0|    -|    16|   32|      512|
    |B_stream_55_U  |        0|  112|   0|    -|    16|   32|      512|
    |B_stream_56_U  |        0|  112|   0|    -|    16|   32|      512|
    |B_stream_57_U  |        0|  112|   0|    -|    16|   32|      512|
    |B_stream_58_U  |        0|  112|   0|    -|    16|   32|      512|
    |B_stream_59_U  |        0|  112|   0|    -|    16|   32|      512|
    |B_stream_5_U   |        0|  112|   0|    -|    16|   32|      512|
    |B_stream_60_U  |        0|  112|   0|    -|    16|   32|      512|
    |B_stream_61_U  |        0|  112|   0|    -|    16|   32|      512|
    |B_stream_62_U  |        0|  112|   0|    -|    16|   32|      512|
    |B_stream_63_U  |        0|  112|   0|    -|    16|   32|      512|
    |B_stream_6_U   |        0|  112|   0|    -|    16|   32|      512|
    |B_stream_7_U   |        0|  112|   0|    -|    16|   32|      512|
    |B_stream_8_U   |        0|  112|   0|    -|    16|   32|      512|
    |B_stream_9_U   |        0|  112|   0|    -|    16|   32|      512|
    |B_stream_U     |        0|  112|   0|    -|    16|   32|      512|
    |C_stream_10_U  |        0|  112|   0|    -|    16|   32|      512|
    |C_stream_11_U  |        0|  112|   0|    -|    16|   32|      512|
    |C_stream_12_U  |        0|  112|   0|    -|    16|   32|      512|
    |C_stream_13_U  |        0|  112|   0|    -|    16|   32|      512|
    |C_stream_14_U  |        0|  112|   0|    -|    16|   32|      512|
    |C_stream_15_U  |        0|  112|   0|    -|    16|   32|      512|
    |C_stream_16_U  |        0|  112|   0|    -|    16|   32|      512|
    |C_stream_17_U  |        0|  112|   0|    -|    16|   32|      512|
    |C_stream_18_U  |        0|  112|   0|    -|    16|   32|      512|
    |C_stream_19_U  |        0|  112|   0|    -|    16|   32|      512|
    |C_stream_1_U   |        0|  112|   0|    -|    16|   32|      512|
    |C_stream_20_U  |        0|  112|   0|    -|    16|   32|      512|
    |C_stream_21_U  |        0|  112|   0|    -|    16|   32|      512|
    |C_stream_22_U  |        0|  112|   0|    -|    16|   32|      512|
    |C_stream_23_U  |        0|  112|   0|    -|    16|   32|      512|
    |C_stream_24_U  |        0|  112|   0|    -|    16|   32|      512|
    |C_stream_25_U  |        0|  112|   0|    -|    16|   32|      512|
    |C_stream_26_U  |        0|  112|   0|    -|    16|   32|      512|
    |C_stream_27_U  |        0|  112|   0|    -|    16|   32|      512|
    |C_stream_28_U  |        0|  112|   0|    -|    16|   32|      512|
    |C_stream_29_U  |        0|  112|   0|    -|    16|   32|      512|
    |C_stream_2_U   |        0|  112|   0|    -|    16|   32|      512|
    |C_stream_30_U  |        0|  112|   0|    -|    16|   32|      512|
    |C_stream_31_U  |        0|  112|   0|    -|    16|   32|      512|
    |C_stream_32_U  |        0|  112|   0|    -|    16|   32|      512|
    |C_stream_33_U  |        0|  112|   0|    -|    16|   32|      512|
    |C_stream_34_U  |        0|  112|   0|    -|    16|   32|      512|
    |C_stream_35_U  |        0|  112|   0|    -|    16|   32|      512|
    |C_stream_36_U  |        0|  112|   0|    -|    16|   32|      512|
    |C_stream_37_U  |        0|  112|   0|    -|    16|   32|      512|
    |C_stream_38_U  |        0|  112|   0|    -|    16|   32|      512|
    |C_stream_39_U  |        0|  112|   0|    -|    16|   32|      512|
    |C_stream_3_U   |        0|  112|   0|    -|    16|   32|      512|
    |C_stream_40_U  |        0|  112|   0|    -|    16|   32|      512|
    |C_stream_41_U  |        0|  112|   0|    -|    16|   32|      512|
    |C_stream_42_U  |        0|  112|   0|    -|    16|   32|      512|
    |C_stream_43_U  |        0|  112|   0|    -|    16|   32|      512|
    |C_stream_44_U  |        0|  112|   0|    -|    16|   32|      512|
    |C_stream_45_U  |        0|  112|   0|    -|    16|   32|      512|
    |C_stream_46_U  |        0|  112|   0|    -|    16|   32|      512|
    |C_stream_47_U  |        0|  112|   0|    -|    16|   32|      512|
    |C_stream_48_U  |        0|  112|   0|    -|    16|   32|      512|
    |C_stream_49_U  |        0|  112|   0|    -|    16|   32|      512|
    |C_stream_4_U   |        0|  112|   0|    -|    16|   32|      512|
    |C_stream_50_U  |        0|  112|   0|    -|    16|   32|      512|
    |C_stream_51_U  |        0|  112|   0|    -|    16|   32|      512|
    |C_stream_52_U  |        0|  112|   0|    -|    16|   32|      512|
    |C_stream_53_U  |        0|  112|   0|    -|    16|   32|      512|
    |C_stream_54_U  |        0|  112|   0|    -|    16|   32|      512|
    |C_stream_55_U  |        0|  112|   0|    -|    16|   32|      512|
    |C_stream_56_U  |        0|  112|   0|    -|    16|   32|      512|
    |C_stream_57_U  |        0|  112|   0|    -|    16|   32|      512|
    |C_stream_58_U  |        0|  112|   0|    -|    16|   32|      512|
    |C_stream_59_U  |        0|  112|   0|    -|    16|   32|      512|
    |C_stream_5_U   |        0|  112|   0|    -|    16|   32|      512|
    |C_stream_60_U  |        0|  112|   0|    -|    16|   32|      512|
    |C_stream_61_U  |        0|  112|   0|    -|    16|   32|      512|
    |C_stream_62_U  |        0|  112|   0|    -|    16|   32|      512|
    |C_stream_63_U  |        0|  112|   0|    -|    16|   32|      512|
    |C_stream_6_U   |        0|  112|   0|    -|    16|   32|      512|
    |C_stream_7_U   |        0|  112|   0|    -|    16|   32|      512|
    |C_stream_8_U   |        0|  112|   0|    -|    16|   32|      512|
    |C_stream_9_U   |        0|  112|   0|    -|    16|   32|      512|
    |C_stream_U     |        0|  112|   0|    -|    16|   32|      512|
    |tileA_c_U      |        0|   25|   0|    -|    19|    2|       38|
    |tileB_c_U      |        0|   25|   0|    -|    19|    1|       19|
    +---------------+---------+-----+----+-----+------+-----+---------+
    |Total          |        0|28146|   0|    0|  3238| 8195|   102457|
    +---------------+---------+-----+----+-----+------+-----+---------+

    * Expression: 
    +--------------------------------------+----------+----+---+----+------------+------------+
    |             Variable Name            | Operation| DSP| FF| LUT| Bitwidth P0| Bitwidth P1|
    +--------------------------------------+----------+----+---+----+------------+------------+
    |B_Buf_to_stream4_U0_ap_start          |       and|   0|  0|   2|           1|           1|
    |B_Buf_to_stream4_U0_start_full_n      |       and|   0|  0|   2|           1|           1|
    |ap_channel_done_A_TILE                |       and|   0|  0|   2|           1|           1|
    |ap_channel_done_A_TILE63              |       and|   0|  0|   2|           1|           1|
    |ap_channel_done_A_TILE_1              |       and|   0|  0|   2|           1|           1|
    |ap_channel_done_A_TILE_10             |       and|   0|  0|   2|           1|           1|
    |ap_channel_done_A_TILE_11             |       and|   0|  0|   2|           1|           1|
    |ap_channel_done_A_TILE_12             |       and|   0|  0|   2|           1|           1|
    |ap_channel_done_A_TILE_13             |       and|   0|  0|   2|           1|           1|
    |ap_channel_done_A_TILE_14             |       and|   0|  0|   2|           1|           1|
    |ap_channel_done_A_TILE_15             |       and|   0|  0|   2|           1|           1|
    |ap_channel_done_A_TILE_16             |       and|   0|  0|   2|           1|           1|
    |ap_channel_done_A_TILE_17             |       and|   0|  0|   2|           1|           1|
    |ap_channel_done_A_TILE_18             |       and|   0|  0|   2|           1|           1|
    |ap_channel_done_A_TILE_19             |       and|   0|  0|   2|           1|           1|
    |ap_channel_done_A_TILE_2              |       and|   0|  0|   2|           1|           1|
    |ap_channel_done_A_TILE_20             |       and|   0|  0|   2|           1|           1|
    |ap_channel_done_A_TILE_21             |       and|   0|  0|   2|           1|           1|
    |ap_channel_done_A_TILE_22             |       and|   0|  0|   2|           1|           1|
    |ap_channel_done_A_TILE_23             |       and|   0|  0|   2|           1|           1|
    |ap_channel_done_A_TILE_24             |       and|   0|  0|   2|           1|           1|
    |ap_channel_done_A_TILE_25             |       and|   0|  0|   2|           1|           1|
    |ap_channel_done_A_TILE_26             |       and|   0|  0|   2|           1|           1|
    |ap_channel_done_A_TILE_27             |       and|   0|  0|   2|           1|           1|
    |ap_channel_done_A_TILE_28             |       and|   0|  0|   2|           1|           1|
    |ap_channel_done_A_TILE_29             |       and|   0|  0|   2|           1|           1|
    |ap_channel_done_A_TILE_3              |       and|   0|  0|   2|           1|           1|
    |ap_channel_done_A_TILE_30             |       and|   0|  0|   2|           1|           1|
    |ap_channel_done_A_TILE_31             |       and|   0|  0|   2|           1|           1|
    |ap_channel_done_A_TILE_32             |       and|   0|  0|   2|           1|           1|
    |ap_channel_done_A_TILE_33             |       and|   0|  0|   2|           1|           1|
    |ap_channel_done_A_TILE_34             |       and|   0|  0|   2|           1|           1|
    |ap_channel_done_A_TILE_35             |       and|   0|  0|   2|           1|           1|
    |ap_channel_done_A_TILE_36             |       and|   0|  0|   2|           1|           1|
    |ap_channel_done_A_TILE_37             |       and|   0|  0|   2|           1|           1|
    |ap_channel_done_A_TILE_38             |       and|   0|  0|   2|           1|           1|
    |ap_channel_done_A_TILE_39             |       and|   0|  0|   2|           1|           1|
    |ap_channel_done_A_TILE_4              |       and|   0|  0|   2|           1|           1|
    |ap_channel_done_A_TILE_40             |       and|   0|  0|   2|           1|           1|
    |ap_channel_done_A_TILE_41             |       and|   0|  0|   2|           1|           1|
    |ap_channel_done_A_TILE_42             |       and|   0|  0|   2|           1|           1|
    |ap_channel_done_A_TILE_43             |       and|   0|  0|   2|           1|           1|
    |ap_channel_done_A_TILE_44             |       and|   0|  0|   2|           1|           1|
    |ap_channel_done_A_TILE_45             |       and|   0|  0|   2|           1|           1|
    |ap_channel_done_A_TILE_46             |       and|   0|  0|   2|           1|           1|
    |ap_channel_done_A_TILE_47             |       and|   0|  0|   2|           1|           1|
    |ap_channel_done_A_TILE_48             |       and|   0|  0|   2|           1|           1|
    |ap_channel_done_A_TILE_49             |       and|   0|  0|   2|           1|           1|
    |ap_channel_done_A_TILE_5              |       and|   0|  0|   2|           1|           1|
    |ap_channel_done_A_TILE_50             |       and|   0|  0|   2|           1|           1|
    |ap_channel_done_A_TILE_51             |       and|   0|  0|   2|           1|           1|
    |ap_channel_done_A_TILE_52             |       and|   0|  0|   2|           1|           1|
    |ap_channel_done_A_TILE_53             |       and|   0|  0|   2|           1|           1|
    |ap_channel_done_A_TILE_54             |       and|   0|  0|   2|           1|           1|
    |ap_channel_done_A_TILE_55             |       and|   0|  0|   2|           1|           1|
    |ap_channel_done_A_TILE_56             |       and|   0|  0|   2|           1|           1|
    |ap_channel_done_A_TILE_57             |       and|   0|  0|   2|           1|           1|
    |ap_channel_done_A_TILE_58             |       and|   0|  0|   2|           1|           1|
    |ap_channel_done_A_TILE_59             |       and|   0|  0|   2|           1|           1|
    |ap_channel_done_A_TILE_6              |       and|   0|  0|   2|           1|           1|
    |ap_channel_done_A_TILE_60             |       and|   0|  0|   2|           1|           1|
    |ap_channel_done_A_TILE_61             |       and|   0|  0|   2|           1|           1|
    |ap_channel_done_A_TILE_62             |       and|   0|  0|   2|           1|           1|
    |ap_channel_done_A_TILE_7              |       and|   0|  0|   2|           1|           1|
    |ap_channel_done_A_TILE_8              |       and|   0|  0|   2|           1|           1|
    |ap_channel_done_A_TILE_9              |       and|   0|  0|   2|           1|           1|
    |ap_idle                               |       and|   0|  0|   2|           1|           1|
    |ap_sync_ready                         |       and|   0|  0|   2|           1|           1|
    |entry_proc_U0_ap_start                |       and|   0|  0|   2|           1|           1|
    |load_tile_A2_U0_ap_continue           |       and|   0|  0|   2|           1|           1|
    |load_tile_A2_U0_ap_start              |       and|   0|  0|   2|           1|           1|
    |tile_A_to_stream3_U0_ap_start         |       and|   0|  0|   2|           1|           1|
    |tile_A_to_stream3_U0_start_full_n     |       and|   0|  0|   2|           1|           1|
    |ap_sync_B_Buf_to_stream4_U0_ap_ready  |        or|   0|  0|   2|           1|           1|
    |ap_sync_channel_write_A_TILE          |        or|   0|  0|   2|           1|           1|
    |ap_sync_channel_write_A_TILE63        |        or|   0|  0|   2|           1|           1|
    |ap_sync_channel_write_A_TILE_1        |        or|   0|  0|   2|           1|           1|
    |ap_sync_channel_write_A_TILE_10       |        or|   0|  0|   2|           1|           1|
    |ap_sync_channel_write_A_TILE_11       |        or|   0|  0|   2|           1|           1|
    |ap_sync_channel_write_A_TILE_12       |        or|   0|  0|   2|           1|           1|
    |ap_sync_channel_write_A_TILE_13       |        or|   0|  0|   2|           1|           1|
    |ap_sync_channel_write_A_TILE_14       |        or|   0|  0|   2|           1|           1|
    |ap_sync_channel_write_A_TILE_15       |        or|   0|  0|   2|           1|           1|
    |ap_sync_channel_write_A_TILE_16       |        or|   0|  0|   2|           1|           1|
    |ap_sync_channel_write_A_TILE_17       |        or|   0|  0|   2|           1|           1|
    |ap_sync_channel_write_A_TILE_18       |        or|   0|  0|   2|           1|           1|
    |ap_sync_channel_write_A_TILE_19       |        or|   0|  0|   2|           1|           1|
    |ap_sync_channel_write_A_TILE_2        |        or|   0|  0|   2|           1|           1|
    |ap_sync_channel_write_A_TILE_20       |        or|   0|  0|   2|           1|           1|
    |ap_sync_channel_write_A_TILE_21       |        or|   0|  0|   2|           1|           1|
    |ap_sync_channel_write_A_TILE_22       |        or|   0|  0|   2|           1|           1|
    |ap_sync_channel_write_A_TILE_23       |        or|   0|  0|   2|           1|           1|
    |ap_sync_channel_write_A_TILE_24       |        or|   0|  0|   2|           1|           1|
    |ap_sync_channel_write_A_TILE_25       |        or|   0|  0|   2|           1|           1|
    |ap_sync_channel_write_A_TILE_26       |        or|   0|  0|   2|           1|           1|
    |ap_sync_channel_write_A_TILE_27       |        or|   0|  0|   2|           1|           1|
    |ap_sync_channel_write_A_TILE_28       |        or|   0|  0|   2|           1|           1|
    |ap_sync_channel_write_A_TILE_29       |        or|   0|  0|   2|           1|           1|
    |ap_sync_channel_write_A_TILE_3        |        or|   0|  0|   2|           1|           1|
    |ap_sync_channel_write_A_TILE_30       |        or|   0|  0|   2|           1|           1|
    |ap_sync_channel_write_A_TILE_31       |        or|   0|  0|   2|           1|           1|
    |ap_sync_channel_write_A_TILE_32       |        or|   0|  0|   2|           1|           1|
    |ap_sync_channel_write_A_TILE_33       |        or|   0|  0|   2|           1|           1|
    |ap_sync_channel_write_A_TILE_34       |        or|   0|  0|   2|           1|           1|
    |ap_sync_channel_write_A_TILE_35       |        or|   0|  0|   2|           1|           1|
    |ap_sync_channel_write_A_TILE_36       |        or|   0|  0|   2|           1|           1|
    |ap_sync_channel_write_A_TILE_37       |        or|   0|  0|   2|           1|           1|
    |ap_sync_channel_write_A_TILE_38       |        or|   0|  0|   2|           1|           1|
    |ap_sync_channel_write_A_TILE_39       |        or|   0|  0|   2|           1|           1|
    |ap_sync_channel_write_A_TILE_4        |        or|   0|  0|   2|           1|           1|
    |ap_sync_channel_write_A_TILE_40       |        or|   0|  0|   2|           1|           1|
    |ap_sync_channel_write_A_TILE_41       |        or|   0|  0|   2|           1|           1|
    |ap_sync_channel_write_A_TILE_42       |        or|   0|  0|   2|           1|           1|
    |ap_sync_channel_write_A_TILE_43       |        or|   0|  0|   2|           1|           1|
    |ap_sync_channel_write_A_TILE_44       |        or|   0|  0|   2|           1|           1|
    |ap_sync_channel_write_A_TILE_45       |        or|   0|  0|   2|           1|           1|
    |ap_sync_channel_write_A_TILE_46       |        or|   0|  0|   2|           1|           1|
    |ap_sync_channel_write_A_TILE_47       |        or|   0|  0|   2|           1|           1|
    |ap_sync_channel_write_A_TILE_48       |        or|   0|  0|   2|           1|           1|
    |ap_sync_channel_write_A_TILE_49       |        or|   0|  0|   2|           1|           1|
    |ap_sync_channel_write_A_TILE_5        |        or|   0|  0|   2|           1|           1|
    |ap_sync_channel_write_A_TILE_50       |        or|   0|  0|   2|           1|           1|
    |ap_sync_channel_write_A_TILE_51       |        or|   0|  0|   2|           1|           1|
    |ap_sync_channel_write_A_TILE_52       |        or|   0|  0|   2|           1|           1|
    |ap_sync_channel_write_A_TILE_53       |        or|   0|  0|   2|           1|           1|
    |ap_sync_channel_write_A_TILE_54       |        or|   0|  0|   2|           1|           1|
    |ap_sync_channel_write_A_TILE_55       |        or|   0|  0|   2|           1|           1|
    |ap_sync_channel_write_A_TILE_56       |        or|   0|  0|   2|           1|           1|
    |ap_sync_channel_write_A_TILE_57       |        or|   0|  0|   2|           1|           1|
    |ap_sync_channel_write_A_TILE_58       |        or|   0|  0|   2|           1|           1|
    |ap_sync_channel_write_A_TILE_59       |        or|   0|  0|   2|           1|           1|
    |ap_sync_channel_write_A_TILE_6        |        or|   0|  0|   2|           1|           1|
    |ap_sync_channel_write_A_TILE_60       |        or|   0|  0|   2|           1|           1|
    |ap_sync_channel_write_A_TILE_61       |        or|   0|  0|   2|           1|           1|
    |ap_sync_channel_write_A_TILE_62       |        or|   0|  0|   2|           1|           1|
    |ap_sync_channel_write_A_TILE_7        |        or|   0|  0|   2|           1|           1|
    |ap_sync_channel_write_A_TILE_8        |        or|   0|  0|   2|           1|           1|
    |ap_sync_channel_write_A_TILE_9        |        or|   0|  0|   2|           1|           1|
    |ap_sync_entry_proc_U0_ap_ready        |        or|   0|  0|   2|           1|           1|
    |ap_sync_load_tile_A2_U0_ap_ready      |        or|   0|  0|   2|           1|           1|
    +--------------------------------------+----------+----+---+----+------------+------------+
    |Total                                 |          |   0|  0| 280|         140|         140|
    +--------------------------------------+----------+----+---+----+------------+------------+

    * Multiplexer: 
    +------------------------------------------+----+-----------+-----+-----------+
    |                   Name                   | LUT| Input Size| Bits| Total Bits|
    +------------------------------------------+----+-----------+-----+-----------+
    |ap_sync_reg_B_Buf_to_stream4_U0_ap_ready  |   2|          2|    1|          2|
    |ap_sync_reg_channel_write_A_TILE          |   2|          2|    1|          2|
    |ap_sync_reg_channel_write_A_TILE63        |   2|          2|    1|          2|
    |ap_sync_reg_channel_write_A_TILE_1        |   2|          2|    1|          2|
    |ap_sync_reg_channel_write_A_TILE_10       |   2|          2|    1|          2|
    |ap_sync_reg_channel_write_A_TILE_11       |   2|          2|    1|          2|
    |ap_sync_reg_channel_write_A_TILE_12       |   2|          2|    1|          2|
    |ap_sync_reg_channel_write_A_TILE_13       |   2|          2|    1|          2|
    |ap_sync_reg_channel_write_A_TILE_14       |   2|          2|    1|          2|
    |ap_sync_reg_channel_write_A_TILE_15       |   2|          2|    1|          2|
    |ap_sync_reg_channel_write_A_TILE_16       |   2|          2|    1|          2|
    |ap_sync_reg_channel_write_A_TILE_17       |   2|          2|    1|          2|
    |ap_sync_reg_channel_write_A_TILE_18       |   2|          2|    1|          2|
    |ap_sync_reg_channel_write_A_TILE_19       |   2|          2|    1|          2|
    |ap_sync_reg_channel_write_A_TILE_2        |   2|          2|    1|          2|
    |ap_sync_reg_channel_write_A_TILE_20       |   2|          2|    1|          2|
    |ap_sync_reg_channel_write_A_TILE_21       |   2|          2|    1|          2|
    |ap_sync_reg_channel_write_A_TILE_22       |   2|          2|    1|          2|
    |ap_sync_reg_channel_write_A_TILE_23       |   2|          2|    1|          2|
    |ap_sync_reg_channel_write_A_TILE_24       |   2|          2|    1|          2|
    |ap_sync_reg_channel_write_A_TILE_25       |   2|          2|    1|          2|
    |ap_sync_reg_channel_write_A_TILE_26       |   2|          2|    1|          2|
    |ap_sync_reg_channel_write_A_TILE_27       |   2|          2|    1|          2|
    |ap_sync_reg_channel_write_A_TILE_28       |   2|          2|    1|          2|
    |ap_sync_reg_channel_write_A_TILE_29       |   2|          2|    1|          2|
    |ap_sync_reg_channel_write_A_TILE_3        |   2|          2|    1|          2|
    |ap_sync_reg_channel_write_A_TILE_30       |   2|          2|    1|          2|
    |ap_sync_reg_channel_write_A_TILE_31       |   2|          2|    1|          2|
    |ap_sync_reg_channel_write_A_TILE_32       |   2|          2|    1|          2|
    |ap_sync_reg_channel_write_A_TILE_33       |   2|          2|    1|          2|
    |ap_sync_reg_channel_write_A_TILE_34       |   2|          2|    1|          2|
    |ap_sync_reg_channel_write_A_TILE_35       |   2|          2|    1|          2|
    |ap_sync_reg_channel_write_A_TILE_36       |   2|          2|    1|          2|
    |ap_sync_reg_channel_write_A_TILE_37       |   2|          2|    1|          2|
    |ap_sync_reg_channel_write_A_TILE_38       |   2|          2|    1|          2|
    |ap_sync_reg_channel_write_A_TILE_39       |   2|          2|    1|          2|
    |ap_sync_reg_channel_write_A_TILE_4        |   2|          2|    1|          2|
    |ap_sync_reg_channel_write_A_TILE_40       |   2|          2|    1|          2|
    |ap_sync_reg_channel_write_A_TILE_41       |   2|          2|    1|          2|
    |ap_sync_reg_channel_write_A_TILE_42       |   2|          2|    1|          2|
    |ap_sync_reg_channel_write_A_TILE_43       |   2|          2|    1|          2|
    |ap_sync_reg_channel_write_A_TILE_44       |   2|          2|    1|          2|
    |ap_sync_reg_channel_write_A_TILE_45       |   2|          2|    1|          2|
    |ap_sync_reg_channel_write_A_TILE_46       |   2|          2|    1|          2|
    |ap_sync_reg_channel_write_A_TILE_47       |   2|          2|    1|          2|
    |ap_sync_reg_channel_write_A_TILE_48       |   2|          2|    1|          2|
    |ap_sync_reg_channel_write_A_TILE_49       |   2|          2|    1|          2|
    |ap_sync_reg_channel_write_A_TILE_5        |   2|          2|    1|          2|
    |ap_sync_reg_channel_write_A_TILE_50       |   2|          2|    1|          2|
    |ap_sync_reg_channel_write_A_TILE_51       |   2|          2|    1|          2|
    |ap_sync_reg_channel_write_A_TILE_52       |   2|          2|    1|          2|
    |ap_sync_reg_channel_write_A_TILE_53       |   2|          2|    1|          2|
    |ap_sync_reg_channel_write_A_TILE_54       |   2|          2|    1|          2|
    |ap_sync_reg_channel_write_A_TILE_55       |   2|          2|    1|          2|
    |ap_sync_reg_channel_write_A_TILE_56       |   2|          2|    1|          2|
    |ap_sync_reg_channel_write_A_TILE_57       |   2|          2|    1|          2|
    |ap_sync_reg_channel_write_A_TILE_58       |   2|          2|    1|          2|
    |ap_sync_reg_channel_write_A_TILE_59       |   2|          2|    1|          2|
    |ap_sync_reg_channel_write_A_TILE_6        |   2|          2|    1|          2|
    |ap_sync_reg_channel_write_A_TILE_60       |   2|          2|    1|          2|
    |ap_sync_reg_channel_write_A_TILE_61       |   2|          2|    1|          2|
    |ap_sync_reg_channel_write_A_TILE_62       |   2|          2|    1|          2|
    |ap_sync_reg_channel_write_A_TILE_7        |   2|          2|    1|          2|
    |ap_sync_reg_channel_write_A_TILE_8        |   2|          2|    1|          2|
    |ap_sync_reg_channel_write_A_TILE_9        |   2|          2|    1|          2|
    |ap_sync_reg_entry_proc_U0_ap_ready        |   2|          2|    1|          2|
    |ap_sync_reg_load_tile_A2_U0_ap_ready      |   2|          2|    1|          2|
    +------------------------------------------+----+-----------+-----+-----------+
    |Total                                     | 134|        134|   67|        134|
    +------------------------------------------+----+-----------+-----+-----------+

    * Register: 
    +------------------------------------------+---+----+-----+-----------+
    |                   Name                   | FF| LUT| Bits| Const Bits|
    +------------------------------------------+---+----+-----+-----------+
    |ap_sync_reg_B_Buf_to_stream4_U0_ap_ready  |  1|   0|    1|          0|
    |ap_sync_reg_channel_write_A_TILE          |  1|   0|    1|          0|
    |ap_sync_reg_channel_write_A_TILE63        |  1|   0|    1|          0|
    |ap_sync_reg_channel_write_A_TILE_1        |  1|   0|    1|          0|
    |ap_sync_reg_channel_write_A_TILE_10       |  1|   0|    1|          0|
    |ap_sync_reg_channel_write_A_TILE_11       |  1|   0|    1|          0|
    |ap_sync_reg_channel_write_A_TILE_12       |  1|   0|    1|          0|
    |ap_sync_reg_channel_write_A_TILE_13       |  1|   0|    1|          0|
    |ap_sync_reg_channel_write_A_TILE_14       |  1|   0|    1|          0|
    |ap_sync_reg_channel_write_A_TILE_15       |  1|   0|    1|          0|
    |ap_sync_reg_channel_write_A_TILE_16       |  1|   0|    1|          0|
    |ap_sync_reg_channel_write_A_TILE_17       |  1|   0|    1|          0|
    |ap_sync_reg_channel_write_A_TILE_18       |  1|   0|    1|          0|
    |ap_sync_reg_channel_write_A_TILE_19       |  1|   0|    1|          0|
    |ap_sync_reg_channel_write_A_TILE_2        |  1|   0|    1|          0|
    |ap_sync_reg_channel_write_A_TILE_20       |  1|   0|    1|          0|
    |ap_sync_reg_channel_write_A_TILE_21       |  1|   0|    1|          0|
    |ap_sync_reg_channel_write_A_TILE_22       |  1|   0|    1|          0|
    |ap_sync_reg_channel_write_A_TILE_23       |  1|   0|    1|          0|
    |ap_sync_reg_channel_write_A_TILE_24       |  1|   0|    1|          0|
    |ap_sync_reg_channel_write_A_TILE_25       |  1|   0|    1|          0|
    |ap_sync_reg_channel_write_A_TILE_26       |  1|   0|    1|          0|
    |ap_sync_reg_channel_write_A_TILE_27       |  1|   0|    1|          0|
    |ap_sync_reg_channel_write_A_TILE_28       |  1|   0|    1|          0|
    |ap_sync_reg_channel_write_A_TILE_29       |  1|   0|    1|          0|
    |ap_sync_reg_channel_write_A_TILE_3        |  1|   0|    1|          0|
    |ap_sync_reg_channel_write_A_TILE_30       |  1|   0|    1|          0|
    |ap_sync_reg_channel_write_A_TILE_31       |  1|   0|    1|          0|
    |ap_sync_reg_channel_write_A_TILE_32       |  1|   0|    1|          0|
    |ap_sync_reg_channel_write_A_TILE_33       |  1|   0|    1|          0|
    |ap_sync_reg_channel_write_A_TILE_34       |  1|   0|    1|          0|
    |ap_sync_reg_channel_write_A_TILE_35       |  1|   0|    1|          0|
    |ap_sync_reg_channel_write_A_TILE_36       |  1|   0|    1|          0|
    |ap_sync_reg_channel_write_A_TILE_37       |  1|   0|    1|          0|
    |ap_sync_reg_channel_write_A_TILE_38       |  1|   0|    1|          0|
    |ap_sync_reg_channel_write_A_TILE_39       |  1|   0|    1|          0|
    |ap_sync_reg_channel_write_A_TILE_4        |  1|   0|    1|          0|
    |ap_sync_reg_channel_write_A_TILE_40       |  1|   0|    1|          0|
    |ap_sync_reg_channel_write_A_TILE_41       |  1|   0|    1|          0|
    |ap_sync_reg_channel_write_A_TILE_42       |  1|   0|    1|          0|
    |ap_sync_reg_channel_write_A_TILE_43       |  1|   0|    1|          0|
    |ap_sync_reg_channel_write_A_TILE_44       |  1|   0|    1|          0|
    |ap_sync_reg_channel_write_A_TILE_45       |  1|   0|    1|          0|
    |ap_sync_reg_channel_write_A_TILE_46       |  1|   0|    1|          0|
    |ap_sync_reg_channel_write_A_TILE_47       |  1|   0|    1|          0|
    |ap_sync_reg_channel_write_A_TILE_48       |  1|   0|    1|          0|
    |ap_sync_reg_channel_write_A_TILE_49       |  1|   0|    1|          0|
    |ap_sync_reg_channel_write_A_TILE_5        |  1|   0|    1|          0|
    |ap_sync_reg_channel_write_A_TILE_50       |  1|   0|    1|          0|
    |ap_sync_reg_channel_write_A_TILE_51       |  1|   0|    1|          0|
    |ap_sync_reg_channel_write_A_TILE_52       |  1|   0|    1|          0|
    |ap_sync_reg_channel_write_A_TILE_53       |  1|   0|    1|          0|
    |ap_sync_reg_channel_write_A_TILE_54       |  1|   0|    1|          0|
    |ap_sync_reg_channel_write_A_TILE_55       |  1|   0|    1|          0|
    |ap_sync_reg_channel_write_A_TILE_56       |  1|   0|    1|          0|
    |ap_sync_reg_channel_write_A_TILE_57       |  1|   0|    1|          0|
    |ap_sync_reg_channel_write_A_TILE_58       |  1|   0|    1|          0|
    |ap_sync_reg_channel_write_A_TILE_59       |  1|   0|    1|          0|
    |ap_sync_reg_channel_write_A_TILE_6        |  1|   0|    1|          0|
    |ap_sync_reg_channel_write_A_TILE_60       |  1|   0|    1|          0|
    |ap_sync_reg_channel_write_A_TILE_61       |  1|   0|    1|          0|
    |ap_sync_reg_channel_write_A_TILE_62       |  1|   0|    1|          0|
    |ap_sync_reg_channel_write_A_TILE_7        |  1|   0|    1|          0|
    |ap_sync_reg_channel_write_A_TILE_8        |  1|   0|    1|          0|
    |ap_sync_reg_channel_write_A_TILE_9        |  1|   0|    1|          0|
    |ap_sync_reg_entry_proc_U0_ap_ready        |  1|   0|    1|          0|
    |ap_sync_reg_load_tile_A2_U0_ap_ready      |  1|   0|    1|          0|
    +------------------------------------------+---+----+-----+-----------+
    |Total                                     | 67|   0|   67|          0|
    +------------------------------------------+---+----+-----+-----------+



================================================================
== Interface
================================================================
* Summary: 
+------------------+-----+-----+------------+------------------------------+--------------+
|     RTL Ports    | Dir | Bits|  Protocol  |         Source Object        |    C Type    |
+------------------+-----+-----+------------+------------------------------+--------------+
|B_TILE_63         |   in|   32|     ap_none|                     B_TILE_63|       pointer|
|B_TILE_63_ap_vld  |   in|    1|     ap_none|                     B_TILE_63|       pointer|
|B_TILE_62         |   in|   32|     ap_none|                     B_TILE_62|       pointer|
|B_TILE_62_ap_vld  |   in|    1|     ap_none|                     B_TILE_62|       pointer|
|B_TILE_61         |   in|   32|     ap_none|                     B_TILE_61|       pointer|
|B_TILE_61_ap_vld  |   in|    1|     ap_none|                     B_TILE_61|       pointer|
|B_TILE_60         |   in|   32|     ap_none|                     B_TILE_60|       pointer|
|B_TILE_60_ap_vld  |   in|    1|     ap_none|                     B_TILE_60|       pointer|
|B_TILE_59         |   in|   32|     ap_none|                     B_TILE_59|       pointer|
|B_TILE_59_ap_vld  |   in|    1|     ap_none|                     B_TILE_59|       pointer|
|B_TILE_58         |   in|   32|     ap_none|                     B_TILE_58|       pointer|
|B_TILE_58_ap_vld  |   in|    1|     ap_none|                     B_TILE_58|       pointer|
|B_TILE_57         |   in|   32|     ap_none|                     B_TILE_57|       pointer|
|B_TILE_57_ap_vld  |   in|    1|     ap_none|                     B_TILE_57|       pointer|
|B_TILE_56         |   in|   32|     ap_none|                     B_TILE_56|       pointer|
|B_TILE_56_ap_vld  |   in|    1|     ap_none|                     B_TILE_56|       pointer|
|B_TILE_55         |   in|   32|     ap_none|                     B_TILE_55|       pointer|
|B_TILE_55_ap_vld  |   in|    1|     ap_none|                     B_TILE_55|       pointer|
|B_TILE_54         |   in|   32|     ap_none|                     B_TILE_54|       pointer|
|B_TILE_54_ap_vld  |   in|    1|     ap_none|                     B_TILE_54|       pointer|
|B_TILE_53         |   in|   32|     ap_none|                     B_TILE_53|       pointer|
|B_TILE_53_ap_vld  |   in|    1|     ap_none|                     B_TILE_53|       pointer|
|B_TILE_52         |   in|   32|     ap_none|                     B_TILE_52|       pointer|
|B_TILE_52_ap_vld  |   in|    1|     ap_none|                     B_TILE_52|       pointer|
|B_TILE_51         |   in|   32|     ap_none|                     B_TILE_51|       pointer|
|B_TILE_51_ap_vld  |   in|    1|     ap_none|                     B_TILE_51|       pointer|
|B_TILE_50         |   in|   32|     ap_none|                     B_TILE_50|       pointer|
|B_TILE_50_ap_vld  |   in|    1|     ap_none|                     B_TILE_50|       pointer|
|B_TILE_49         |   in|   32|     ap_none|                     B_TILE_49|       pointer|
|B_TILE_49_ap_vld  |   in|    1|     ap_none|                     B_TILE_49|       pointer|
|B_TILE_48         |   in|   32|     ap_none|                     B_TILE_48|       pointer|
|B_TILE_48_ap_vld  |   in|    1|     ap_none|                     B_TILE_48|       pointer|
|B_TILE_47         |   in|   32|     ap_none|                     B_TILE_47|       pointer|
|B_TILE_47_ap_vld  |   in|    1|     ap_none|                     B_TILE_47|       pointer|
|B_TILE_46         |   in|   32|     ap_none|                     B_TILE_46|       pointer|
|B_TILE_46_ap_vld  |   in|    1|     ap_none|                     B_TILE_46|       pointer|
|B_TILE_45         |   in|   32|     ap_none|                     B_TILE_45|       pointer|
|B_TILE_45_ap_vld  |   in|    1|     ap_none|                     B_TILE_45|       pointer|
|B_TILE_44         |   in|   32|     ap_none|                     B_TILE_44|       pointer|
|B_TILE_44_ap_vld  |   in|    1|     ap_none|                     B_TILE_44|       pointer|
|B_TILE_43         |   in|   32|     ap_none|                     B_TILE_43|       pointer|
|B_TILE_43_ap_vld  |   in|    1|     ap_none|                     B_TILE_43|       pointer|
|B_TILE_42         |   in|   32|     ap_none|                     B_TILE_42|       pointer|
|B_TILE_42_ap_vld  |   in|    1|     ap_none|                     B_TILE_42|       pointer|
|B_TILE_41         |   in|   32|     ap_none|                     B_TILE_41|       pointer|
|B_TILE_41_ap_vld  |   in|    1|     ap_none|                     B_TILE_41|       pointer|
|B_TILE_40         |   in|   32|     ap_none|                     B_TILE_40|       pointer|
|B_TILE_40_ap_vld  |   in|    1|     ap_none|                     B_TILE_40|       pointer|
|B_TILE_39         |   in|   32|     ap_none|                     B_TILE_39|       pointer|
|B_TILE_39_ap_vld  |   in|    1|     ap_none|                     B_TILE_39|       pointer|
|B_TILE_38         |   in|   32|     ap_none|                     B_TILE_38|       pointer|
|B_TILE_38_ap_vld  |   in|    1|     ap_none|                     B_TILE_38|       pointer|
|B_TILE_37         |   in|   32|     ap_none|                     B_TILE_37|       pointer|
|B_TILE_37_ap_vld  |   in|    1|     ap_none|                     B_TILE_37|       pointer|
|B_TILE_36         |   in|   32|     ap_none|                     B_TILE_36|       pointer|
|B_TILE_36_ap_vld  |   in|    1|     ap_none|                     B_TILE_36|       pointer|
|B_TILE_35         |   in|   32|     ap_none|                     B_TILE_35|       pointer|
|B_TILE_35_ap_vld  |   in|    1|     ap_none|                     B_TILE_35|       pointer|
|B_TILE_34         |   in|   32|     ap_none|                     B_TILE_34|       pointer|
|B_TILE_34_ap_vld  |   in|    1|     ap_none|                     B_TILE_34|       pointer|
|B_TILE_33         |   in|   32|     ap_none|                     B_TILE_33|       pointer|
|B_TILE_33_ap_vld  |   in|    1|     ap_none|                     B_TILE_33|       pointer|
|B_TILE_32         |   in|   32|     ap_none|                     B_TILE_32|       pointer|
|B_TILE_32_ap_vld  |   in|    1|     ap_none|                     B_TILE_32|       pointer|
|B_TILE_31         |   in|   32|     ap_none|                     B_TILE_31|       pointer|
|B_TILE_31_ap_vld  |   in|    1|     ap_none|                     B_TILE_31|       pointer|
|B_TILE_30         |   in|   32|     ap_none|                     B_TILE_30|       pointer|
|B_TILE_30_ap_vld  |   in|    1|     ap_none|                     B_TILE_30|       pointer|
|B_TILE_29         |   in|   32|     ap_none|                     B_TILE_29|       pointer|
|B_TILE_29_ap_vld  |   in|    1|     ap_none|                     B_TILE_29|       pointer|
|B_TILE_28         |   in|   32|     ap_none|                     B_TILE_28|       pointer|
|B_TILE_28_ap_vld  |   in|    1|     ap_none|                     B_TILE_28|       pointer|
|B_TILE_27         |   in|   32|     ap_none|                     B_TILE_27|       pointer|
|B_TILE_27_ap_vld  |   in|    1|     ap_none|                     B_TILE_27|       pointer|
|B_TILE_26         |   in|   32|     ap_none|                     B_TILE_26|       pointer|
|B_TILE_26_ap_vld  |   in|    1|     ap_none|                     B_TILE_26|       pointer|
|B_TILE_25         |   in|   32|     ap_none|                     B_TILE_25|       pointer|
|B_TILE_25_ap_vld  |   in|    1|     ap_none|                     B_TILE_25|       pointer|
|B_TILE_24         |   in|   32|     ap_none|                     B_TILE_24|       pointer|
|B_TILE_24_ap_vld  |   in|    1|     ap_none|                     B_TILE_24|       pointer|
|B_TILE_23         |   in|   32|     ap_none|                     B_TILE_23|       pointer|
|B_TILE_23_ap_vld  |   in|    1|     ap_none|                     B_TILE_23|       pointer|
|B_TILE_22         |   in|   32|     ap_none|                     B_TILE_22|       pointer|
|B_TILE_22_ap_vld  |   in|    1|     ap_none|                     B_TILE_22|       pointer|
|B_TILE_21         |   in|   32|     ap_none|                     B_TILE_21|       pointer|
|B_TILE_21_ap_vld  |   in|    1|     ap_none|                     B_TILE_21|       pointer|
|B_TILE_20         |   in|   32|     ap_none|                     B_TILE_20|       pointer|
|B_TILE_20_ap_vld  |   in|    1|     ap_none|                     B_TILE_20|       pointer|
|B_TILE_19         |   in|   32|     ap_none|                     B_TILE_19|       pointer|
|B_TILE_19_ap_vld  |   in|    1|     ap_none|                     B_TILE_19|       pointer|
|B_TILE_18         |   in|   32|     ap_none|                     B_TILE_18|       pointer|
|B_TILE_18_ap_vld  |   in|    1|     ap_none|                     B_TILE_18|       pointer|
|B_TILE_17         |   in|   32|     ap_none|                     B_TILE_17|       pointer|
|B_TILE_17_ap_vld  |   in|    1|     ap_none|                     B_TILE_17|       pointer|
|B_TILE_16         |   in|   32|     ap_none|                     B_TILE_16|       pointer|
|B_TILE_16_ap_vld  |   in|    1|     ap_none|                     B_TILE_16|       pointer|
|B_TILE_15         |   in|   32|     ap_none|                     B_TILE_15|       pointer|
|B_TILE_15_ap_vld  |   in|    1|     ap_none|                     B_TILE_15|       pointer|
|B_TILE_14         |   in|   32|     ap_none|                     B_TILE_14|       pointer|
|B_TILE_14_ap_vld  |   in|    1|     ap_none|                     B_TILE_14|       pointer|
|B_TILE_13         |   in|   32|     ap_none|                     B_TILE_13|       pointer|
|B_TILE_13_ap_vld  |   in|    1|     ap_none|                     B_TILE_13|       pointer|
|B_TILE_12         |   in|   32|     ap_none|                     B_TILE_12|       pointer|
|B_TILE_12_ap_vld  |   in|    1|     ap_none|                     B_TILE_12|       pointer|
|B_TILE_11         |   in|   32|     ap_none|                     B_TILE_11|       pointer|
|B_TILE_11_ap_vld  |   in|    1|     ap_none|                     B_TILE_11|       pointer|
|B_TILE_10         |   in|   32|     ap_none|                     B_TILE_10|       pointer|
|B_TILE_10_ap_vld  |   in|    1|     ap_none|                     B_TILE_10|       pointer|
|B_TILE_9          |   in|   32|     ap_none|                      B_TILE_9|       pointer|
|B_TILE_9_ap_vld   |   in|    1|     ap_none|                      B_TILE_9|       pointer|
|B_TILE_8          |   in|   32|     ap_none|                      B_TILE_8|       pointer|
|B_TILE_8_ap_vld   |   in|    1|     ap_none|                      B_TILE_8|       pointer|
|B_TILE_7          |   in|   32|     ap_none|                      B_TILE_7|       pointer|
|B_TILE_7_ap_vld   |   in|    1|     ap_none|                      B_TILE_7|       pointer|
|B_TILE_6          |   in|   32|     ap_none|                      B_TILE_6|       pointer|
|B_TILE_6_ap_vld   |   in|    1|     ap_none|                      B_TILE_6|       pointer|
|B_TILE_5          |   in|   32|     ap_none|                      B_TILE_5|       pointer|
|B_TILE_5_ap_vld   |   in|    1|     ap_none|                      B_TILE_5|       pointer|
|B_TILE_4          |   in|   32|     ap_none|                      B_TILE_4|       pointer|
|B_TILE_4_ap_vld   |   in|    1|     ap_none|                      B_TILE_4|       pointer|
|B_TILE_3          |   in|   32|     ap_none|                      B_TILE_3|       pointer|
|B_TILE_3_ap_vld   |   in|    1|     ap_none|                      B_TILE_3|       pointer|
|B_TILE_2          |   in|   32|     ap_none|                      B_TILE_2|       pointer|
|B_TILE_2_ap_vld   |   in|    1|     ap_none|                      B_TILE_2|       pointer|
|B_TILE_1          |   in|   32|     ap_none|                      B_TILE_1|       pointer|
|B_TILE_1_ap_vld   |   in|    1|     ap_none|                      B_TILE_1|       pointer|
|B_TILE            |   in|   32|     ap_none|                        B_TILE|       pointer|
|B_TILE_ap_vld     |   in|    1|     ap_none|                        B_TILE|       pointer|
|A_in_dout         |   in|  256|     ap_fifo|                          A_in|       pointer|
|A_in_empty_n      |   in|    1|     ap_fifo|                          A_in|       pointer|
|A_in_read         |  out|    1|     ap_fifo|                          A_in|       pointer|
|tileA             |   in|    3|     ap_none|                         tileA|        scalar|
|tileA_ap_vld      |   in|    1|     ap_none|                         tileA|        scalar|
|tileB             |   in|    1|     ap_none|                         tileB|        scalar|
|tileB_ap_vld      |   in|    1|     ap_none|                         tileB|        scalar|
|C_out_2_1_din     |  out|  256|     ap_fifo|                     C_out_2_1|       pointer|
|C_out_2_1_full_n  |   in|    1|     ap_fifo|                     C_out_2_1|       pointer|
|C_out_2_1_write   |  out|    1|     ap_fifo|                     C_out_2_1|       pointer|
|C_out_2_0_din     |  out|  256|     ap_fifo|                     C_out_2_0|       pointer|
|C_out_2_0_full_n  |   in|    1|     ap_fifo|                     C_out_2_0|       pointer|
|C_out_2_0_write   |  out|    1|     ap_fifo|                     C_out_2_0|       pointer|
|C_out_1_1_din     |  out|  256|     ap_fifo|                     C_out_1_1|       pointer|
|C_out_1_1_full_n  |   in|    1|     ap_fifo|                     C_out_1_1|       pointer|
|C_out_1_1_write   |  out|    1|     ap_fifo|                     C_out_1_1|       pointer|
|C_out_1_0_din     |  out|  256|     ap_fifo|                     C_out_1_0|       pointer|
|C_out_1_0_full_n  |   in|    1|     ap_fifo|                     C_out_1_0|       pointer|
|C_out_1_0_write   |  out|    1|     ap_fifo|                     C_out_1_0|       pointer|
|C_out_0_1_din     |  out|  256|     ap_fifo|                     C_out_0_1|       pointer|
|C_out_0_1_full_n  |   in|    1|     ap_fifo|                     C_out_0_1|       pointer|
|C_out_0_1_write   |  out|    1|     ap_fifo|                     C_out_0_1|       pointer|
|C_out_0_0_din     |  out|  256|     ap_fifo|                     C_out_0_0|       pointer|
|C_out_0_0_full_n  |   in|    1|     ap_fifo|                     C_out_0_0|       pointer|
|C_out_0_0_write   |  out|    1|     ap_fifo|                     C_out_0_0|       pointer|
|C_out_3_1_din     |  out|  256|     ap_fifo|                     C_out_3_1|       pointer|
|C_out_3_1_full_n  |   in|    1|     ap_fifo|                     C_out_3_1|       pointer|
|C_out_3_1_write   |  out|    1|     ap_fifo|                     C_out_3_1|       pointer|
|C_out_3_0_din     |  out|  256|     ap_fifo|                     C_out_3_0|       pointer|
|C_out_3_0_full_n  |   in|    1|     ap_fifo|                     C_out_3_0|       pointer|
|C_out_3_0_write   |  out|    1|     ap_fifo|                     C_out_3_0|       pointer|
|ap_clk            |   in|    1|  ap_ctrl_hs|  dataflow_in_loop_tile_loop_A|  return value|
|ap_rst            |   in|    1|  ap_ctrl_hs|  dataflow_in_loop_tile_loop_A|  return value|
|ap_start          |   in|    1|  ap_ctrl_hs|  dataflow_in_loop_tile_loop_A|  return value|
|ap_done           |  out|    1|  ap_ctrl_hs|  dataflow_in_loop_tile_loop_A|  return value|
|ap_ready          |  out|    1|  ap_ctrl_hs|  dataflow_in_loop_tile_loop_A|  return value|
|ap_idle           |  out|    1|  ap_ctrl_hs|  dataflow_in_loop_tile_loop_A|  return value|
|ap_continue       |   in|    1|  ap_ctrl_hs|  dataflow_in_loop_tile_loop_A|  return value|
+------------------+-----+-----+------------+------------------------------+--------------+

