

================================================================
== Vitis HLS Report for 'dataflow_in_loop_tile_loop_B'
================================================================
* Date:           Mon Aug 31 18:31:36 2026

* Version:        2023.2 (Build 4023990 on Oct 11 2023)
* Project:        hls_project
* Solution:       gemm2 (Vitis Kernel Flow Target)
* Product family: versalaicore
* Target device:  xcvc1902-vsva2197-2MP-e-S


================================================================
== Performance Estimates
================================================================
+ Timing: 
    * Summary: 
    +--------+---------+----------+------------+
    |  Clock |  Target | Estimated| Uncertainty|
    +--------+---------+----------+------------+
    |ap_clk  |  3.33 ns|  2.897 ns|     0.90 ns|
    +--------+---------+----------+------------+

+ Latency: 
    * Summary: 
    +---------+---------+----------+----------+-----+-----+----------+
    |  Latency (cycles) |  Latency (absolute) |  Interval | Pipeline |
    |   min   |   max   |    min   |    max   | min | max |   Type   |
    +---------+---------+----------+----------+-----+-----+----------+
    |       89|       89|  0.297 us|  0.297 us|   78|   78|  dataflow|
    +---------+---------+----------+----------+-----+-----+----------+

    + Detail: 
        * Instance: 
        +-------------------------------+----------------------------+---------+---------+-----------+-----------+-----+-----+----------+
        |                               |                            |  Latency (cycles) |   Latency (absolute)  |  Interval | Pipeline |
        |            Instance           |           Module           |   min   |   max   |    min    |    max    | min | max |   Type   |
        +-------------------------------+----------------------------+---------+---------+-----------+-----------+-----+-----+----------+
        |entry_proc151_U0               |entry_proc151               |        0|        0|       0 ns|       0 ns|    0|    0|        no|
        |B_Vec_to_Buf74_U0              |B_Vec_to_Buf74              |       10|       10|  33.330 ns|  33.330 ns|   10|   10|        no|
        |tile_loop_A_proc75_wrapper_U0  |tile_loop_A_proc75_wrapper  |       78|       78|   0.260 us|   0.260 us|   78|   78|  dataflow|
        +-------------------------------+----------------------------+---------+---------+-----------+-----------+-----+-----+----------+

        * Loop: 
        N/A



================================================================
== Utilization Estimates
================================================================
* Summary: 
+-----------------+---------+------+---------+--------+-----+
|       Name      | BRAM_18K|  DSP |    FF   |   LUT  | URAM|
+-----------------+---------+------+---------+--------+-----+
|DSP              |        -|     -|        -|       -|    -|
|Expression       |        -|     -|        0|     272|    -|
|FIFO             |        0|     -|     6608|    4244|    -|
|Instance         |        0|    64|    42616|   30911|    -|
|Memory           |        -|     -|        -|       -|    -|
|Multiplexer      |        -|     -|        -|     132|    -|
|Register         |        -|     -|       66|       -|    -|
+-----------------+---------+------+---------+--------+-----+
|Total            |        0|    64|    49290|   35559|    0|
+-----------------+---------+------+---------+--------+-----+
|Available        |     1934|  1968|  1799680|  899840|  463|
+-----------------+---------+------+---------+--------+-----+
|Utilization (%)  |        0|     3|        2|       3|    0|
+-----------------+---------+------+---------+--------+-----+

+ Detail: 
    * Instance: 
    +-------------------------------+----------------------------+---------+----+-------+-------+-----+
    |            Instance           |           Module           | BRAM_18K| DSP|   FF  |  LUT  | URAM|
    +-------------------------------+----------------------------+---------+----+-------+-------+-----+
    |B_Vec_to_Buf74_U0              |B_Vec_to_Buf74              |        0|   0|   4109|   2078|    0|
    |entry_proc151_U0               |entry_proc151               |        0|   0|      2|      6|    0|
    |tile_loop_A_proc75_wrapper_U0  |tile_loop_A_proc75_wrapper  |        0|  64|  38505|  28827|    0|
    +-------------------------------+----------------------------+---------+----+-------+-------+-----+
    |Total                          |                            |        0|  64|  42616|  30911|    0|
    +-------------------------------+----------------------------+---------+----+-------+-------+-----+

    * DSP: 
    N/A

    * Memory: 
    N/A

    * FIFO: 
    +-------------+---------+-----+----+-----+------+-----+---------+
    |     Name    | BRAM_18K|  FF | LUT| URAM| Depth| Bits| Size:D*B|
    +-------------+---------+-----+----+-----+------+-----+---------+
    |B_TILE_10_U  |        0|  103|   0|    -|     2|   32|       64|
    |B_TILE_11_U  |        0|  103|   0|    -|     2|   32|       64|
    |B_TILE_12_U  |        0|  103|   0|    -|     2|   32|       64|
    |B_TILE_13_U  |        0|  103|   0|    -|     2|   32|       64|
    |B_TILE_14_U  |        0|  103|   0|    -|     2|   32|       64|
    |B_TILE_15_U  |        0|  103|   0|    -|     2|   32|       64|
    |B_TILE_16_U  |        0|  103|   0|    -|     2|   32|       64|
    |B_TILE_17_U  |        0|  103|   0|    -|     2|   32|       64|
    |B_TILE_18_U  |        0|  103|   0|    -|     2|   32|       64|
    |B_TILE_19_U  |        0|  103|   0|    -|     2|   32|       64|
    |B_TILE_1_U   |        0|  103|   0|    -|     2|   32|       64|
    |B_TILE_20_U  |        0|  103|   0|    -|     2|   32|       64|
    |B_TILE_21_U  |        0|  103|   0|    -|     2|   32|       64|
    |B_TILE_22_U  |        0|  103|   0|    -|     2|   32|       64|
    |B_TILE_23_U  |        0|  103|   0|    -|     2|   32|       64|
    |B_TILE_24_U  |        0|  103|   0|    -|     2|   32|       64|
    |B_TILE_25_U  |        0|  103|   0|    -|     2|   32|       64|
    |B_TILE_26_U  |        0|  103|   0|    -|     2|   32|       64|
    |B_TILE_27_U  |        0|  103|   0|    -|     2|   32|       64|
    |B_TILE_28_U  |        0|  103|   0|    -|     2|   32|       64|
    |B_TILE_29_U  |        0|  103|   0|    -|     2|   32|       64|
    |B_TILE_2_U   |        0|  103|   0|    -|     2|   32|       64|
    |B_TILE_30_U  |        0|  103|   0|    -|     2|   32|       64|
    |B_TILE_31_U  |        0|  103|   0|    -|     2|   32|       64|
    |B_TILE_32_U  |        0|  103|   0|    -|     2|   32|       64|
    |B_TILE_33_U  |        0|  103|   0|    -|     2|   32|       64|
    |B_TILE_34_U  |        0|  103|   0|    -|     2|   32|       64|
    |B_TILE_35_U  |        0|  103|   0|    -|     2|   32|       64|
    |B_TILE_36_U  |        0|  103|   0|    -|     2|   32|       64|
    |B_TILE_37_U  |        0|  103|   0|    -|     2|   32|       64|
    |B_TILE_38_U  |        0|  103|   0|    -|     2|   32|       64|
    |B_TILE_39_U  |        0|  103|   0|    -|     2|   32|       64|
    |B_TILE_3_U   |        0|  103|   0|    -|     2|   32|       64|
    |B_TILE_40_U  |        0|  103|   0|    -|     2|   32|       64|
    |B_TILE_41_U  |        0|  103|   0|    -|     2|   32|       64|
    |B_TILE_42_U  |        0|  103|   0|    -|     2|   32|       64|
    |B_TILE_43_U  |        0|  103|   0|    -|     2|   32|       64|
    |B_TILE_44_U  |        0|  103|   0|    -|     2|   32|       64|
    |B_TILE_45_U  |        0|  103|   0|    -|     2|   32|       64|
    |B_TILE_46_U  |        0|  103|   0|    -|     2|   32|       64|
    |B_TILE_47_U  |        0|  103|   0|    -|     2|   32|       64|
    |B_TILE_48_U  |        0|  103|   0|    -|     2|   32|       64|
    |B_TILE_49_U  |        0|  103|   0|    -|     2|   32|       64|
    |B_TILE_4_U   |        0|  103|   0|    -|     2|   32|       64|
    |B_TILE_50_U  |        0|  103|   0|    -|     2|   32|       64|
    |B_TILE_51_U  |        0|  103|   0|    -|     2|   32|       64|
    |B_TILE_52_U  |        0|  103|   0|    -|     2|   32|       64|
    |B_TILE_53_U  |        0|  103|   0|    -|     2|   32|       64|
    |B_TILE_54_U  |        0|  103|   0|    -|     2|   32|       64|
    |B_TILE_55_U  |        0|  103|   0|    -|     2|   32|       64|
    |B_TILE_56_U  |        0|  103|   0|    -|     2|   32|       64|
    |B_TILE_57_U  |        0|  103|   0|    -|     2|   32|       64|
    |B_TILE_58_U  |        0|  103|   0|    -|     2|   32|       64|
    |B_TILE_59_U  |        0|  103|   0|    -|     2|   32|       64|
    |B_TILE_5_U   |        0|  103|   0|    -|     2|   32|       64|
    |B_TILE_60_U  |        0|  103|   0|    -|     2|   32|       64|
    |B_TILE_61_U  |        0|  103|   0|    -|     2|   32|       64|
    |B_TILE_62_U  |        0|  103|   0|    -|     2|   32|       64|
    |B_TILE_63_U  |        0|  103|   0|    -|     2|   32|       64|
    |B_TILE_6_U   |        0|  103|   0|    -|     2|   32|       64|
    |B_TILE_7_U   |        0|  103|   0|    -|     2|   32|       64|
    |B_TILE_8_U   |        0|  103|   0|    -|     2|   32|       64|
    |B_TILE_9_U   |        0|  103|   0|    -|     2|   32|       64|
    |B_TILE_U     |        0|  103|   0|    -|     2|   32|       64|
    |tileB_c_U    |        0|   16|   0|    -|     3|    1|        3|
    +-------------+---------+-----+----+-----+------+-----+---------+
    |Total        |        0| 6608|   0|    0|   131| 2049|     4099|
    +-------------+---------+-----+----+-----+------+-----+---------+

    * Expression: 
    +----------------------------------------+----------+----+---+----+------------+------------+
    |              Variable Name             | Operation| DSP| FF| LUT| Bitwidth P0| Bitwidth P1|
    +----------------------------------------+----------+----+---+----+------------+------------+
    |B_Vec_to_Buf74_U0_ap_continue           |       and|   0|  0|   2|           1|           1|
    |B_Vec_to_Buf74_U0_ap_start              |       and|   0|  0|   2|           1|           1|
    |ap_channel_done_B_TILE                  |       and|   0|  0|   2|           1|           1|
    |ap_channel_done_B_TILE_1                |       and|   0|  0|   2|           1|           1|
    |ap_channel_done_B_TILE_10               |       and|   0|  0|   2|           1|           1|
    |ap_channel_done_B_TILE_11               |       and|   0|  0|   2|           1|           1|
    |ap_channel_done_B_TILE_12               |       and|   0|  0|   2|           1|           1|
    |ap_channel_done_B_TILE_13               |       and|   0|  0|   2|           1|           1|
    |ap_channel_done_B_TILE_14               |       and|   0|  0|   2|           1|           1|
    |ap_channel_done_B_TILE_15               |       and|   0|  0|   2|           1|           1|
    |ap_channel_done_B_TILE_16               |       and|   0|  0|   2|           1|           1|
    |ap_channel_done_B_TILE_17               |       and|   0|  0|   2|           1|           1|
    |ap_channel_done_B_TILE_18               |       and|   0|  0|   2|           1|           1|
    |ap_channel_done_B_TILE_19               |       and|   0|  0|   2|           1|           1|
    |ap_channel_done_B_TILE_2                |       and|   0|  0|   2|           1|           1|
    |ap_channel_done_B_TILE_20               |       and|   0|  0|   2|           1|           1|
    |ap_channel_done_B_TILE_21               |       and|   0|  0|   2|           1|           1|
    |ap_channel_done_B_TILE_22               |       and|   0|  0|   2|           1|           1|
    |ap_channel_done_B_TILE_23               |       and|   0|  0|   2|           1|           1|
    |ap_channel_done_B_TILE_24               |       and|   0|  0|   2|           1|           1|
    |ap_channel_done_B_TILE_25               |       and|   0|  0|   2|           1|           1|
    |ap_channel_done_B_TILE_26               |       and|   0|  0|   2|           1|           1|
    |ap_channel_done_B_TILE_27               |       and|   0|  0|   2|           1|           1|
    |ap_channel_done_B_TILE_28               |       and|   0|  0|   2|           1|           1|
    |ap_channel_done_B_TILE_29               |       and|   0|  0|   2|           1|           1|
    |ap_channel_done_B_TILE_3                |       and|   0|  0|   2|           1|           1|
    |ap_channel_done_B_TILE_30               |       and|   0|  0|   2|           1|           1|
    |ap_channel_done_B_TILE_31               |       and|   0|  0|   2|           1|           1|
    |ap_channel_done_B_TILE_32               |       and|   0|  0|   2|           1|           1|
    |ap_channel_done_B_TILE_33               |       and|   0|  0|   2|           1|           1|
    |ap_channel_done_B_TILE_34               |       and|   0|  0|   2|           1|           1|
    |ap_channel_done_B_TILE_35               |       and|   0|  0|   2|           1|           1|
    |ap_channel_done_B_TILE_36               |       and|   0|  0|   2|           1|           1|
    |ap_channel_done_B_TILE_37               |       and|   0|  0|   2|           1|           1|
    |ap_channel_done_B_TILE_38               |       and|   0|  0|   2|           1|           1|
    |ap_channel_done_B_TILE_39               |       and|   0|  0|   2|           1|           1|
    |ap_channel_done_B_TILE_4                |       and|   0|  0|   2|           1|           1|
    |ap_channel_done_B_TILE_40               |       and|   0|  0|   2|           1|           1|
    |ap_channel_done_B_TILE_41               |       and|   0|  0|   2|           1|           1|
    |ap_channel_done_B_TILE_42               |       and|   0|  0|   2|           1|           1|
    |ap_channel_done_B_TILE_43               |       and|   0|  0|   2|           1|           1|
    |ap_channel_done_B_TILE_44               |       and|   0|  0|   2|           1|           1|
    |ap_channel_done_B_TILE_45               |       and|   0|  0|   2|           1|           1|
    |ap_channel_done_B_TILE_46               |       and|   0|  0|   2|           1|           1|
    |ap_channel_done_B_TILE_47               |       and|   0|  0|   2|           1|           1|
    |ap_channel_done_B_TILE_48               |       and|   0|  0|   2|           1|           1|
    |ap_channel_done_B_TILE_49               |       and|   0|  0|   2|           1|           1|
    |ap_channel_done_B_TILE_5                |       and|   0|  0|   2|           1|           1|
    |ap_channel_done_B_TILE_50               |       and|   0|  0|   2|           1|           1|
    |ap_channel_done_B_TILE_51               |       and|   0|  0|   2|           1|           1|
    |ap_channel_done_B_TILE_52               |       and|   0|  0|   2|           1|           1|
    |ap_channel_done_B_TILE_53               |       and|   0|  0|   2|           1|           1|
    |ap_channel_done_B_TILE_54               |       and|   0|  0|   2|           1|           1|
    |ap_channel_done_B_TILE_55               |       and|   0|  0|   2|           1|           1|
    |ap_channel_done_B_TILE_56               |       and|   0|  0|   2|           1|           1|
    |ap_channel_done_B_TILE_57               |       and|   0|  0|   2|           1|           1|
    |ap_channel_done_B_TILE_58               |       and|   0|  0|   2|           1|           1|
    |ap_channel_done_B_TILE_59               |       and|   0|  0|   2|           1|           1|
    |ap_channel_done_B_TILE_6                |       and|   0|  0|   2|           1|           1|
    |ap_channel_done_B_TILE_60               |       and|   0|  0|   2|           1|           1|
    |ap_channel_done_B_TILE_61               |       and|   0|  0|   2|           1|           1|
    |ap_channel_done_B_TILE_62               |       and|   0|  0|   2|           1|           1|
    |ap_channel_done_B_TILE_63               |       and|   0|  0|   2|           1|           1|
    |ap_channel_done_B_TILE_7                |       and|   0|  0|   2|           1|           1|
    |ap_channel_done_B_TILE_8                |       and|   0|  0|   2|           1|           1|
    |ap_channel_done_B_TILE_9                |       and|   0|  0|   2|           1|           1|
    |ap_idle                                 |       and|   0|  0|   2|           1|           1|
    |ap_sync_ready                           |       and|   0|  0|   2|           1|           1|
    |entry_proc151_U0_ap_start               |       and|   0|  0|   2|           1|           1|
    |tile_loop_A_proc75_wrapper_U0_ap_start  |       and|   0|  0|   2|           1|           1|
    |ap_sync_B_Vec_to_Buf74_U0_ap_ready      |        or|   0|  0|   2|           1|           1|
    |ap_sync_channel_write_B_TILE            |        or|   0|  0|   2|           1|           1|
    |ap_sync_channel_write_B_TILE_1          |        or|   0|  0|   2|           1|           1|
    |ap_sync_channel_write_B_TILE_10         |        or|   0|  0|   2|           1|           1|
    |ap_sync_channel_write_B_TILE_11         |        or|   0|  0|   2|           1|           1|
    |ap_sync_channel_write_B_TILE_12         |        or|   0|  0|   2|           1|           1|
    |ap_sync_channel_write_B_TILE_13         |        or|   0|  0|   2|           1|           1|
    |ap_sync_channel_write_B_TILE_14         |        or|   0|  0|   2|           1|           1|
    |ap_sync_channel_write_B_TILE_15         |        or|   0|  0|   2|           1|           1|
    |ap_sync_channel_write_B_TILE_16         |        or|   0|  0|   2|           1|           1|
    |ap_sync_channel_write_B_TILE_17         |        or|   0|  0|   2|           1|           1|
    |ap_sync_channel_write_B_TILE_18         |        or|   0|  0|   2|           1|           1|
    |ap_sync_channel_write_B_TILE_19         |        or|   0|  0|   2|           1|           1|
    |ap_sync_channel_write_B_TILE_2          |        or|   0|  0|   2|           1|           1|
    |ap_sync_channel_write_B_TILE_20         |        or|   0|  0|   2|           1|           1|
    |ap_sync_channel_write_B_TILE_21         |        or|   0|  0|   2|           1|           1|
    |ap_sync_channel_write_B_TILE_22         |        or|   0|  0|   2|           1|           1|
    |ap_sync_channel_write_B_TILE_23         |        or|   0|  0|   2|           1|           1|
    |ap_sync_channel_write_B_TILE_24         |        or|   0|  0|   2|           1|           1|
    |ap_sync_channel_write_B_TILE_25         |        or|   0|  0|   2|           1|           1|
    |ap_sync_channel_write_B_TILE_26         |        or|   0|  0|   2|           1|           1|
    |ap_sync_channel_write_B_TILE_27         |        or|   0|  0|   2|           1|           1|
    |ap_sync_channel_write_B_TILE_28         |        or|   0|  0|   2|           1|           1|
    |ap_sync_channel_write_B_TILE_29         |        or|   0|  0|   2|           1|           1|
    |ap_sync_channel_write_B_TILE_3          |        or|   0|  0|   2|           1|           1|
    |ap_sync_channel_write_B_TILE_30         |        or|   0|  0|   2|           1|           1|
    |ap_sync_channel_write_B_TILE_31         |        or|   0|  0|   2|           1|           1|
    |ap_sync_channel_write_B_TILE_32         |        or|   0|  0|   2|           1|           1|
    |ap_sync_channel_write_B_TILE_33         |        or|   0|  0|   2|           1|           1|
    |ap_sync_channel_write_B_TILE_34         |        or|   0|  0|   2|           1|           1|
    |ap_sync_channel_write_B_TILE_35         |        or|   0|  0|   2|           1|           1|
    |ap_sync_channel_write_B_TILE_36         |        or|   0|  0|   2|           1|           1|
    |ap_sync_channel_write_B_TILE_37         |        or|   0|  0|   2|           1|           1|
    |ap_sync_channel_write_B_TILE_38         |        or|   0|  0|   2|           1|           1|
    |ap_sync_channel_write_B_TILE_39         |        or|   0|  0|   2|           1|           1|
    |ap_sync_channel_write_B_TILE_4          |        or|   0|  0|   2|           1|           1|
    |ap_sync_channel_write_B_TILE_40         |        or|   0|  0|   2|           1|           1|
    |ap_sync_channel_write_B_TILE_41         |        or|   0|  0|   2|           1|           1|
    |ap_sync_channel_write_B_TILE_42         |        or|   0|  0|   2|           1|           1|
    |ap_sync_channel_write_B_TILE_43         |        or|   0|  0|   2|           1|           1|
    |ap_sync_channel_write_B_TILE_44         |        or|   0|  0|   2|           1|           1|
    |ap_sync_channel_write_B_TILE_45         |        or|   0|  0|   2|           1|           1|
    |ap_sync_channel_write_B_TILE_46         |        or|   0|  0|   2|           1|           1|
    |ap_sync_channel_write_B_TILE_47         |        or|   0|  0|   2|           1|           1|
    |ap_sync_channel_write_B_TILE_48         |        or|   0|  0|   2|           1|           1|
    |ap_sync_channel_write_B_TILE_49         |        or|   0|  0|   2|           1|           1|
    |ap_sync_channel_write_B_TILE_5          |        or|   0|  0|   2|           1|           1|
    |ap_sync_channel_write_B_TILE_50         |        or|   0|  0|   2|           1|           1|
    |ap_sync_channel_write_B_TILE_51         |        or|   0|  0|   2|           1|           1|
    |ap_sync_channel_write_B_TILE_52         |        or|   0|  0|   2|           1|           1|
    |ap_sync_channel_write_B_TILE_53         |        or|   0|  0|   2|           1|           1|
    |ap_sync_channel_write_B_TILE_54         |        or|   0|  0|   2|           1|           1|
    |ap_sync_channel_write_B_TILE_55         |        or|   0|  0|   2|           1|           1|
    |ap_sync_channel_write_B_TILE_56         |        or|   0|  0|   2|           1|           1|
    |ap_sync_channel_write_B_TILE_57         |        or|   0|  0|   2|           1|           1|
    |ap_sync_channel_write_B_TILE_58         |        or|   0|  0|   2|           1|           1|
    |ap_sync_channel_write_B_TILE_59         |        or|   0|  0|   2|           1|           1|
    |ap_sync_channel_write_B_TILE_6          |        or|   0|  0|   2|           1|           1|
    |ap_sync_channel_write_B_TILE_60         |        or|   0|  0|   2|           1|           1|
    |ap_sync_channel_write_B_TILE_61         |        or|   0|  0|   2|           1|           1|
    |ap_sync_channel_write_B_TILE_62         |        or|   0|  0|   2|           1|           1|
    |ap_sync_channel_write_B_TILE_63         |        or|   0|  0|   2|           1|           1|
    |ap_sync_channel_write_B_TILE_7          |        or|   0|  0|   2|           1|           1|
    |ap_sync_channel_write_B_TILE_8          |        or|   0|  0|   2|           1|           1|
    |ap_sync_channel_write_B_TILE_9          |        or|   0|  0|   2|           1|           1|
    |ap_sync_entry_proc151_U0_ap_ready       |        or|   0|  0|   2|           1|           1|
    +----------------------------------------+----------+----+---+----+------------+------------+
    |Total                                   |          |   0|  0| 272|         136|         136|
    +----------------------------------------+----------+----+---+----+------------+------------+

    * Multiplexer: 
    +----------------------------------------+----+-----------+-----+-----------+
    |                  Name                  | LUT| Input Size| Bits| Total Bits|
    +----------------------------------------+----+-----------+-----+-----------+
    |ap_sync_reg_B_Vec_to_Buf74_U0_ap_ready  |   2|          2|    1|          2|
    |ap_sync_reg_channel_write_B_TILE        |   2|          2|    1|          2|
    |ap_sync_reg_channel_write_B_TILE_1      |   2|          2|    1|          2|
    |ap_sync_reg_channel_write_B_TILE_10     |   2|          2|    1|          2|
    |ap_sync_reg_channel_write_B_TILE_11     |   2|          2|    1|          2|
    |ap_sync_reg_channel_write_B_TILE_12     |   2|          2|    1|          2|
    |ap_sync_reg_channel_write_B_TILE_13     |   2|          2|    1|          2|
    |ap_sync_reg_channel_write_B_TILE_14     |   2|          2|    1|          2|
    |ap_sync_reg_channel_write_B_TILE_15     |   2|          2|    1|          2|
    |ap_sync_reg_channel_write_B_TILE_16     |   2|          2|    1|          2|
    |ap_sync_reg_channel_write_B_TILE_17     |   2|          2|    1|          2|
    |ap_sync_reg_channel_write_B_TILE_18     |   2|          2|    1|          2|
    |ap_sync_reg_channel_write_B_TILE_19     |   2|          2|    1|          2|
    |ap_sync_reg_channel_write_B_TILE_2      |   2|          2|    1|          2|
    |ap_sync_reg_channel_write_B_TILE_20     |   2|          2|    1|          2|
    |ap_sync_reg_channel_write_B_TILE_21     |   2|          2|    1|          2|
    |ap_sync_reg_channel_write_B_TILE_22     |   2|          2|    1|          2|
    |ap_sync_reg_channel_write_B_TILE_23     |   2|          2|    1|          2|
    |ap_sync_reg_channel_write_B_TILE_24     |   2|          2|    1|          2|
    |ap_sync_reg_channel_write_B_TILE_25     |   2|          2|    1|          2|
    |ap_sync_reg_channel_write_B_TILE_26     |   2|          2|    1|          2|
    |ap_sync_reg_channel_write_B_TILE_27     |   2|          2|    1|          2|
    |ap_sync_reg_channel_write_B_TILE_28     |   2|          2|    1|          2|
    |ap_sync_reg_channel_write_B_TILE_29     |   2|          2|    1|          2|
    |ap_sync_reg_channel_write_B_TILE_3      |   2|          2|    1|          2|
    |ap_sync_reg_channel_write_B_TILE_30     |   2|          2|    1|          2|
    |ap_sync_reg_channel_write_B_TILE_31     |   2|          2|    1|          2|
    |ap_sync_reg_channel_write_B_TILE_32     |   2|          2|    1|          2|
    |ap_sync_reg_channel_write_B_TILE_33     |   2|          2|    1|          2|
    |ap_sync_reg_channel_write_B_TILE_34     |   2|          2|    1|          2|
    |ap_sync_reg_channel_write_B_TILE_35     |   2|          2|    1|          2|
    |ap_sync_reg_channel_write_B_TILE_36     |   2|          2|    1|          2|
    |ap_sync_reg_channel_write_B_TILE_37     |   2|          2|    1|          2|
    |ap_sync_reg_channel_write_B_TILE_38     |   2|          2|    1|          2|
    |ap_sync_reg_channel_write_B_TILE_39     |   2|          2|    1|          2|
    |ap_sync_reg_channel_write_B_TILE_4      |   2|          2|    1|          2|
    |ap_sync_reg_channel_write_B_TILE_40     |   2|          2|    1|          2|
    |ap_sync_reg_channel_write_B_TILE_41     |   2|          2|    1|          2|
    |ap_sync_reg_channel_write_B_TILE_42     |   2|          2|    1|          2|
    |ap_sync_reg_channel_write_B_TILE_43     |   2|          2|    1|          2|
    |ap_sync_reg_channel_write_B_TILE_44     |   2|          2|    1|          2|
    |ap_sync_reg_channel_write_B_TILE_45     |   2|          2|    1|          2|
    |ap_sync_reg_channel_write_B_TILE_46     |   2|          2|    1|          2|
    |ap_sync_reg_channel_write_B_TILE_47     |   2|          2|    1|          2|
    |ap_sync_reg_channel_write_B_TILE_48     |   2|          2|    1|          2|
    |ap_sync_reg_channel_write_B_TILE_49     |   2|          2|    1|          2|
    |ap_sync_reg_channel_write_B_TILE_5      |   2|          2|    1|          2|
    |ap_sync_reg_channel_write_B_TILE_50     |   2|          2|    1|          2|
    |ap_sync_reg_channel_write_B_TILE_51     |   2|          2|    1|          2|
    |ap_sync_reg_channel_write_B_TILE_52     |   2|          2|    1|          2|
    |ap_sync_reg_channel_write_B_TILE_53     |   2|          2|    1|          2|
    |ap_sync_reg_channel_write_B_TILE_54     |   2|          2|    1|          2|
    |ap_sync_reg_channel_write_B_TILE_55     |   2|          2|    1|          2|
    |ap_sync_reg_channel_write_B_TILE_56     |   2|          2|    1|          2|
    |ap_sync_reg_channel_write_B_TILE_57     |   2|          2|    1|          2|
    |ap_sync_reg_channel_write_B_TILE_58     |   2|          2|    1|          2|
    |ap_sync_reg_channel_write_B_TILE_59     |   2|          2|    1|          2|
    |ap_sync_reg_channel_write_B_TILE_6      |   2|          2|    1|          2|
    |ap_sync_reg_channel_write_B_TILE_60     |   2|          2|    1|          2|
    |ap_sync_reg_channel_write_B_TILE_61     |   2|          2|    1|          2|
    |ap_sync_reg_channel_write_B_TILE_62     |   2|          2|    1|          2|
    |ap_sync_reg_channel_write_B_TILE_63     |   2|          2|    1|          2|
    |ap_sync_reg_channel_write_B_TILE_7      |   2|          2|    1|          2|
    |ap_sync_reg_channel_write_B_TILE_8      |   2|          2|    1|          2|
    |ap_sync_reg_channel_write_B_TILE_9      |   2|          2|    1|          2|
    |ap_sync_reg_entry_proc151_U0_ap_ready   |   2|          2|    1|          2|
    +----------------------------------------+----+-----------+-----+-----------+
    |Total                                   | 132|        132|   66|        132|
    +----------------------------------------+----+-----------+-----+-----------+

    * Register: 
    +----------------------------------------+---+----+-----+-----------+
    |                  Name                  | FF| LUT| Bits| Const Bits|
    +----------------------------------------+---+----+-----+-----------+
    |ap_sync_reg_B_Vec_to_Buf74_U0_ap_ready  |  1|   0|    1|          0|
    |ap_sync_reg_channel_write_B_TILE        |  1|   0|    1|          0|
    |ap_sync_reg_channel_write_B_TILE_1      |  1|   0|    1|          0|
    |ap_sync_reg_channel_write_B_TILE_10     |  1|   0|    1|          0|
    |ap_sync_reg_channel_write_B_TILE_11     |  1|   0|    1|          0|
    |ap_sync_reg_channel_write_B_TILE_12     |  1|   0|    1|          0|
    |ap_sync_reg_channel_write_B_TILE_13     |  1|   0|    1|          0|
    |ap_sync_reg_channel_write_B_TILE_14     |  1|   0|    1|          0|
    |ap_sync_reg_channel_write_B_TILE_15     |  1|   0|    1|          0|
    |ap_sync_reg_channel_write_B_TILE_16     |  1|   0|    1|          0|
    |ap_sync_reg_channel_write_B_TILE_17     |  1|   0|    1|          0|
    |ap_sync_reg_channel_write_B_TILE_18     |  1|   0|    1|          0|
    |ap_sync_reg_channel_write_B_TILE_19     |  1|   0|    1|          0|
    |ap_sync_reg_channel_write_B_TILE_2      |  1|   0|    1|          0|
    |ap_sync_reg_channel_write_B_TILE_20     |  1|   0|    1|          0|
    |ap_sync_reg_channel_write_B_TILE_21     |  1|   0|    1|          0|
    |ap_sync_reg_channel_write_B_TILE_22     |  1|   0|    1|          0|
    |ap_sync_reg_channel_write_B_TILE_23     |  1|   0|    1|          0|
    |ap_sync_reg_channel_write_B_TILE_24     |  1|   0|    1|          0|
    |ap_sync_reg_channel_write_B_TILE_25     |  1|   0|    1|          0|
    |ap_sync_reg_channel_write_B_TILE_26     |  1|   0|    1|          0|
    |ap_sync_reg_channel_write_B_TILE_27     |  1|   0|    1|          0|
    |ap_sync_reg_channel_write_B_TILE_28     |  1|   0|    1|          0|
    |ap_sync_reg_channel_write_B_TILE_29     |  1|   0|    1|          0|
    |ap_sync_reg_channel_write_B_TILE_3      |  1|   0|    1|          0|
    |ap_sync_reg_channel_write_B_TILE_30     |  1|   0|    1|          0|
    |ap_sync_reg_channel_write_B_TILE_31     |  1|   0|    1|          0|
    |ap_sync_reg_channel_write_B_TILE_32     |  1|   0|    1|          0|
    |ap_sync_reg_channel_write_B_TILE_33     |  1|   0|    1|          0|
    |ap_sync_reg_channel_write_B_TILE_34     |  1|   0|    1|          0|
    |ap_sync_reg_channel_write_B_TILE_35     |  1|   0|    1|          0|
    |ap_sync_reg_channel_write_B_TILE_36     |  1|   0|    1|          0|
    |ap_sync_reg_channel_write_B_TILE_37     |  1|   0|    1|          0|
    |ap_sync_reg_channel_write_B_TILE_38     |  1|   0|    1|          0|
    |ap_sync_reg_channel_write_B_TILE_39     |  1|   0|    1|          0|
    |ap_sync_reg_channel_write_B_TILE_4      |  1|   0|    1|          0|
    |ap_sync_reg_channel_write_B_TILE_40     |  1|   0|    1|          0|
    |ap_sync_reg_channel_write_B_TILE_41     |  1|   0|    1|          0|
    |ap_sync_reg_channel_write_B_TILE_42     |  1|   0|    1|          0|
    |ap_sync_reg_channel_write_B_TILE_43     |  1|   0|    1|          0|
    |ap_sync_reg_channel_write_B_TILE_44     |  1|   0|    1|          0|
    |ap_sync_reg_channel_write_B_TILE_45     |  1|   0|    1|          0|
    |ap_sync_reg_channel_write_B_TILE_46     |  1|   0|    1|          0|
    |ap_sync_reg_channel_write_B_TILE_47     |  1|   0|    1|          0|
    |ap_sync_reg_channel_write_B_TILE_48     |  1|   0|    1|          0|
    |ap_sync_reg_channel_write_B_TILE_49     |  1|   0|    1|          0|
    |ap_sync_reg_channel_write_B_TILE_5      |  1|   0|    1|          0|
    |ap_sync_reg_channel_write_B_TILE_50     |  1|   0|    1|          0|
    |ap_sync_reg_channel_write_B_TILE_51     |  1|   0|    1|          0|
    |ap_sync_reg_channel_write_B_TILE_52     |  1|   0|    1|          0|
    |ap_sync_reg_channel_write_B_TILE_53     |  1|   0|    1|          0|
    |ap_sync_reg_channel_write_B_TILE_54     |  1|   0|    1|          0|
    |ap_sync_reg_channel_write_B_TILE_55     |  1|   0|    1|          0|
    |ap_sync_reg_channel_write_B_TILE_56     |  1|   0|    1|          0|
    |ap_sync_reg_channel_write_B_TILE_57     |  1|   0|    1|          0|
    |ap_sync_reg_channel_write_B_TILE_58     |  1|   0|    1|          0|
    |ap_sync_reg_channel_write_B_TILE_59     |  1|   0|    1|          0|
    |ap_sync_reg_channel_write_B_TILE_6      |  1|   0|    1|          0|
    |ap_sync_reg_channel_write_B_TILE_60     |  1|   0|    1|          0|
    |ap_sync_reg_channel_write_B_TILE_61     |  1|   0|    1|          0|
    |ap_sync_reg_channel_write_B_TILE_62     |  1|   0|    1|          0|
    |ap_sync_reg_channel_write_B_TILE_63     |  1|   0|    1|          0|
    |ap_sync_reg_channel_write_B_TILE_7      |  1|   0|    1|          0|
    |ap_sync_reg_channel_write_B_TILE_8      |  1|   0|    1|          0|
    |ap_sync_reg_channel_write_B_TILE_9      |  1|   0|    1|          0|
    |ap_sync_reg_entry_proc151_U0_ap_ready   |  1|   0|    1|          0|
    +----------------------------------------+---+----+-----+-----------+
    |Total                                   | 66|   0|   66|          0|
    +----------------------------------------+---+----+-----+-----------+



================================================================
== Interface
================================================================
* Summary: 
+------------------+-----+-----+------------+------------------------------+--------------+
|     RTL Ports    | Dir | Bits|  Protocol  |         Source Object        |    C Type    |
+------------------+-----+-----+------------+------------------------------+--------------+
|B_in_dout         |   in|  256|     ap_fifo|                          B_in|       pointer|
|B_in_empty_n      |   in|    1|     ap_fifo|                          B_in|       pointer|
|B_in_read         |  out|    1|     ap_fifo|                          B_in|       pointer|
|tileB             |   in|    2|     ap_none|                         tileB|        scalar|
|tileB_ap_vld      |   in|    1|     ap_none|                         tileB|        scalar|
|A_in_dout         |   in|  256|     ap_fifo|                          A_in|       pointer|
|A_in_empty_n      |   in|    1|     ap_fifo|                          A_in|       pointer|
|A_in_read         |  out|    1|     ap_fifo|                          A_in|       pointer|
|C_out_2_1_din     |  out|  256|     ap_fifo|                     C_out_2_1|       pointer|
|C_out_2_1_full_n  |   in|    1|     ap_fifo|                     C_out_2_1|       pointer|
|C_out_2_1_write   |  out|    1|     ap_fifo|                     C_out_2_1|       pointer|
|C_out_2_0_din     |  out|  256|     ap_fifo|                     C_out_2_0|       pointer|
|C_out_2_0_full_n  |   in|    1|     ap_fifo|                     C_out_2_0|       pointer|
|C_out_2_0_write   |  out|    1|     ap_fifo|                     C_out_2_0|       pointer|
|C_out_1_1_din     |  out|  256|     ap_fifo|                     C_out_1_1|       pointer|
|C_out_1_1_full_n  |   in|    1|     ap_fifo|                     C_out_1_1|       pointer|
|C_out_1_1_write   |  out|    1|     ap_fifo|                     C_out_1_1|       pointer|
|C_out_1_0_din     |  out|  256|     ap_fifo|                     C_out_1_0|       pointer|
|C_out_1_0_full_n  |   in|    1|     ap_fifo|                     C_out_1_0|       pointer|
|C_out_1_0_write   |  out|    1|     ap_fifo|                     C_out_1_0|       pointer|
|C_out_0_1_din     |  out|  256|     ap_fifo|                     C_out_0_1|       pointer|
|C_out_0_1_full_n  |   in|    1|     ap_fifo|                     C_out_0_1|       pointer|
|C_out_0_1_write   |  out|    1|     ap_fifo|                     C_out_0_1|       pointer|
|C_out_0_0_din     |  out|  256|     ap_fifo|                     C_out_0_0|       pointer|
|C_out_0_0_full_n  |   in|    1|     ap_fifo|                     C_out_0_0|       pointer|
|C_out_0_0_write   |  out|    1|     ap_fifo|                     C_out_0_0|       pointer|
|C_out_3_1_din     |  out|  256|     ap_fifo|                     C_out_3_1|       pointer|
|C_out_3_1_full_n  |   in|    1|     ap_fifo|                     C_out_3_1|       pointer|
|C_out_3_1_write   |  out|    1|     ap_fifo|                     C_out_3_1|       pointer|
|C_out_3_0_din     |  out|  256|     ap_fifo|                     C_out_3_0|       pointer|
|C_out_3_0_full_n  |   in|    1|     ap_fifo|                     C_out_3_0|       pointer|
|C_out_3_0_write   |  out|    1|     ap_fifo|                     C_out_3_0|       pointer|
|ap_clk            |   in|    1|  ap_ctrl_hs|  dataflow_in_loop_tile_loop_B|  return value|
|ap_rst            |   in|    1|  ap_ctrl_hs|  dataflow_in_loop_tile_loop_B|  return value|
|ap_start          |   in|    1|  ap_ctrl_hs|  dataflow_in_loop_tile_loop_B|  return value|
|ap_done           |  out|    1|  ap_ctrl_hs|  dataflow_in_loop_tile_loop_B|  return value|
|ap_ready          |  out|    1|  ap_ctrl_hs|  dataflow_in_loop_tile_loop_B|  return value|
|ap_idle           |  out|    1|  ap_ctrl_hs|  dataflow_in_loop_tile_loop_B|  return value|
|ap_continue       |   in|    1|  ap_ctrl_hs|  dataflow_in_loop_tile_loop_B|  return value|
+------------------+-----+-----+------------+------------------------------+--------------+

