

================================================================
== Vitis HLS Report for 'dataflow_in_loop_tile_loop_A_Block_newFuncRoot1_proc4'
================================================================
* Date:           Tue Jul 28 13:11:29 2026

* Version:        2023.2 (Build 4023990 on Oct 11 2023)
* Project:        hls_project
* Solution:       gemm2 (Vitis Kernel Flow Target)
* Product family: versalaicore
* Target device:  xcvc1902-vsva2197-2MP-e-S


================================================================
== Performance Estimates
================================================================
+ Timing: 
    * Summary: 
    +--------+---------+----------+------------+
    |  Clock |  Target | Estimated| Uncertainty|
    +--------+---------+----------+------------+
    |ap_clk  |  3.33 ns|  2.000 ns|     0.90 ns|
    +--------+---------+----------+------------+

+ Latency: 
    * Summary: 
    +---------+---------+----------+----------+-----+-----+---------+
    |  Latency (cycles) |  Latency (absolute) |  Interval | Pipeline|
    |   min   |   max   |    min   |    max   | min | max |   Type  |
    +---------+---------+----------+----------+-----+-----+---------+
    |       32|       33|  0.107 us|  0.110 us|   32|   33|       no|
    +---------+---------+----------+----------+-----+-----+---------+

    + Detail: 
        * Instance: 
        +-----------------------------+-----------------+---------+---------+-----------+-----------+-----+-----+------------------------------------------+
        |                             |                 |  Latency (cycles) |   Latency (absolute)  |  Interval |                 Pipeline                 |
        |           Instance          |      Module     |   min   |   max   |    min    |    max    | min | max |                   Type                   |
        +-----------------------------+-----------------+---------+---------+-----------+-----------+-----+-----+------------------------------------------+
        |grp_tm_A_fu_1276             |tm_A             |       21|       21|  69.993 ns|  69.993 ns|   11|   11|                                  dataflow|
        |grp_B_Buf_to_stream_fu_1493  |B_Buf_to_stream  |        8|        9|  26.664 ns|  29.997 ns|    8|    8|  loop rewind stp(delay=0 clock cycles(s))|
        +-----------------------------+-----------------+---------+---------+-----------+-----------+-----+-----+------------------------------------------+

        * Loop: 
        N/A



================================================================
== Utilization Estimates
================================================================
* Summary: 
+-----------------+---------+------+---------+--------+-----+
|       Name      | BRAM_18K|  DSP |    FF   |   LUT  | URAM|
+-----------------+---------+------+---------+--------+-----+
|DSP              |        -|     -|        -|       -|    -|
|Expression       |        -|     -|        0|       8|    -|
|FIFO             |        -|     -|        -|       -|    -|
|Instance         |        0|     -|    11038|    9578|    -|
|Memory           |        -|     -|        -|       -|    -|
|Multiplexer      |        -|     -|        -|    2230|    -|
|Register         |        -|     -|    10250|       -|    -|
+-----------------+---------+------+---------+--------+-----+
|Total            |        0|     0|    21288|   11816|    0|
+-----------------+---------+------+---------+--------+-----+
|Available        |     1934|  1968|  1799680|  899840|  463|
+-----------------+---------+------+---------+--------+-----+
|Utilization (%)  |        0|     0|        1|       1|    0|
+-----------------+---------+------+---------+--------+-----+

+ Detail: 
    * Instance: 
    +-----------------------------+-----------------+---------+----+-------+------+-----+
    |           Instance          |      Module     | BRAM_18K| DSP|   FF  |  LUT | URAM|
    +-----------------------------+-----------------+---------+----+-------+------+-----+
    |grp_B_Buf_to_stream_fu_1493  |B_Buf_to_stream  |        0|   0|     10|    44|    0|
    |grp_tm_A_fu_1276             |tm_A             |        0|   0|  11028|  9534|    0|
    +-----------------------------+-----------------+---------+----+-------+------+-----+
    |Total                        |                 |        0|   0|  11038|  9578|    0|
    +-----------------------------+-----------------+---------+----+-------+------+-----+

    * DSP: 
    N/A

    * Memory: 
    N/A

    * FIFO: 
    N/A

    * Expression: 
    +-----------------------------------+----------+----+---+----+------------+------------+
    |           Variable Name           | Operation| DSP| FF| LUT| Bitwidth P0| Bitwidth P1|
    +-----------------------------------+----------+----+---+----+------------+------------+
    |ap_block_state1                    |        or|   0|  0|   2|           1|           1|
    |ap_block_state2_on_subcall_done    |        or|   0|  0|   2|           1|           1|
    |ap_sync_grp_tm_A_fu_1276_ap_done   |        or|   0|  0|   2|           1|           1|
    |ap_sync_grp_tm_A_fu_1276_ap_ready  |        or|   0|  0|   2|           1|           1|
    +-----------------------------------+----------+----+---+----+------------+------------+
    |Total                              |          |   0|  0|   8|           4|           4|
    +-----------------------------------+----------+----+---+----+------------+------------+

    * Multiplexer: 
    +------------------------------------------------------------------------------+-----+-----------+-----+-----------+
    |                                     Name                                     | LUT | Input Size| Bits| Total Bits|
    +------------------------------------------------------------------------------+-----+-----------+-----+-----------+
    |A_in_0_read                                                                   |    2|          2|    1|          2|
    |A_in_1_read                                                                   |    2|          2|    1|          2|
    |A_in_2_read                                                                   |    2|          2|    1|          2|
    |A_in_3_read                                                                   |    2|          2|    1|          2|
    |A_stream_17_i_write                                                           |    2|          2|    1|          2|
    |A_stream_26_i_write                                                           |    2|          2|    1|          2|
    |A_stream_35_i_write                                                           |    2|          2|    1|          2|
    |A_stream_44_i_write                                                           |    2|          2|    1|          2|
    |A_stream_53_i_write                                                           |    2|          2|    1|          2|
    |A_stream_62_i_write                                                           |    2|          2|    1|          2|
    |A_stream_71_i_write                                                           |    2|          2|    1|          2|
    |A_stream_8_i_write                                                            |    2|          2|    1|          2|
    |B_stream_64_i_write                                                           |    2|          2|    1|          2|
    |B_stream_65_i_write                                                           |    2|          2|    1|          2|
    |B_stream_66_i_write                                                           |    2|          2|    1|          2|
    |B_stream_67_i_write                                                           |    2|          2|    1|          2|
    |B_stream_68_i_write                                                           |    2|          2|    1|          2|
    |B_stream_69_i_write                                                           |    2|          2|    1|          2|
    |B_stream_70_i_write                                                           |    2|          2|    1|          2|
    |B_stream_71_i_write                                                           |    2|          2|    1|          2|
    |ap_NS_fsm                                                                     |    6|          5|    1|          5|
    |ap_done                                                                       |    2|          2|    1|          2|
    |grp_tm_A_fu_1276_A_in_2_dout                                                  |  128|          4|  256|       1024|
    |grp_tm_A_fu_1276_A_in_2_empty_n                                               |    2|          4|    1|          4|
    |p_ZZ4tm_ARN3hls6streamINS_6vectorIfLm8EEELi0EEEPA9_NS0_IfLi0EEEiE6A_TILE_0_0  |   32|          4|   32|        128|
    |p_ZZ4tm_ARN3hls6streamINS_6vectorIfLm8EEELi0EEEPA9_NS0_IfLi0EEEiE6A_TILE_0_1  |   32|          4|   32|        128|
    |p_ZZ4tm_ARN3hls6streamINS_6vectorIfLm8EEELi0EEEPA9_NS0_IfLi0EEEiE6A_TILE_0_2  |   32|          4|   32|        128|
    |p_ZZ4tm_ARN3hls6streamINS_6vectorIfLm8EEELi0EEEPA9_NS0_IfLi0EEEiE6A_TILE_0_3  |   32|          4|   32|        128|
    |p_ZZ4tm_ARN3hls6streamINS_6vectorIfLm8EEELi0EEEPA9_NS0_IfLi0EEEiE6A_TILE_0_4  |   32|          4|   32|        128|
    |p_ZZ4tm_ARN3hls6streamINS_6vectorIfLm8EEELi0EEEPA9_NS0_IfLi0EEEiE6A_TILE_0_5  |   32|          4|   32|        128|
    |p_ZZ4tm_ARN3hls6streamINS_6vectorIfLm8EEELi0EEEPA9_NS0_IfLi0EEEiE6A_TILE_0_6  |   32|          4|   32|        128|
    |p_ZZ4tm_ARN3hls6streamINS_6vectorIfLm8EEELi0EEEPA9_NS0_IfLi0EEEiE6A_TILE_0_7  |   32|          4|   32|        128|
    |p_ZZ4tm_ARN3hls6streamINS_6vectorIfLm8EEELi0EEEPA9_NS0_IfLi0EEEiE6A_TILE_1_0  |   32|          4|   32|        128|
    |p_ZZ4tm_ARN3hls6streamINS_6vectorIfLm8EEELi0EEEPA9_NS0_IfLi0EEEiE6A_TILE_1_1  |   32|          4|   32|        128|
    |p_ZZ4tm_ARN3hls6streamINS_6vectorIfLm8EEELi0EEEPA9_NS0_IfLi0EEEiE6A_TILE_1_2  |   32|          4|   32|        128|
    |p_ZZ4tm_ARN3hls6streamINS_6vectorIfLm8EEELi0EEEPA9_NS0_IfLi0EEEiE6A_TILE_1_3  |   32|          4|   32|        128|
    |p_ZZ4tm_ARN3hls6streamINS_6vectorIfLm8EEELi0EEEPA9_NS0_IfLi0EEEiE6A_TILE_1_4  |   32|          4|   32|        128|
    |p_ZZ4tm_ARN3hls6streamINS_6vectorIfLm8EEELi0EEEPA9_NS0_IfLi0EEEiE6A_TILE_1_5  |   32|          4|   32|        128|
    |p_ZZ4tm_ARN3hls6streamINS_6vectorIfLm8EEELi0EEEPA9_NS0_IfLi0EEEiE6A_TILE_1_6  |   32|          4|   32|        128|
    |p_ZZ4tm_ARN3hls6streamINS_6vectorIfLm8EEELi0EEEPA9_NS0_IfLi0EEEiE6A_TILE_1_7  |   32|          4|   32|        128|
    |p_ZZ4tm_ARN3hls6streamINS_6vectorIfLm8EEELi0EEEPA9_NS0_IfLi0EEEiE6A_TILE_2_0  |   32|          4|   32|        128|
    |p_ZZ4tm_ARN3hls6streamINS_6vectorIfLm8EEELi0EEEPA9_NS0_IfLi0EEEiE6A_TILE_2_1  |   32|          4|   32|        128|
    |p_ZZ4tm_ARN3hls6streamINS_6vectorIfLm8EEELi0EEEPA9_NS0_IfLi0EEEiE6A_TILE_2_2  |   32|          4|   32|        128|
    |p_ZZ4tm_ARN3hls6streamINS_6vectorIfLm8EEELi0EEEPA9_NS0_IfLi0EEEiE6A_TILE_2_3  |   32|          4|   32|        128|
    |p_ZZ4tm_ARN3hls6streamINS_6vectorIfLm8EEELi0EEEPA9_NS0_IfLi0EEEiE6A_TILE_2_4  |   32|          4|   32|        128|
    |p_ZZ4tm_ARN3hls6streamINS_6vectorIfLm8EEELi0EEEPA9_NS0_IfLi0EEEiE6A_TILE_2_5  |   32|          4|   32|        128|
    |p_ZZ4tm_ARN3hls6streamINS_6vectorIfLm8EEELi0EEEPA9_NS0_IfLi0EEEiE6A_TILE_2_6  |   32|          4|   32|        128|
    |p_ZZ4tm_ARN3hls6streamINS_6vectorIfLm8EEELi0EEEPA9_NS0_IfLi0EEEiE6A_TILE_2_7  |   32|          4|   32|        128|
    |p_ZZ4tm_ARN3hls6streamINS_6vectorIfLm8EEELi0EEEPA9_NS0_IfLi0EEEiE6A_TILE_3_0  |   32|          4|   32|        128|
    |p_ZZ4tm_ARN3hls6streamINS_6vectorIfLm8EEELi0EEEPA9_NS0_IfLi0EEEiE6A_TILE_3_1  |   32|          4|   32|        128|
    |p_ZZ4tm_ARN3hls6streamINS_6vectorIfLm8EEELi0EEEPA9_NS0_IfLi0EEEiE6A_TILE_3_2  |   32|          4|   32|        128|
    |p_ZZ4tm_ARN3hls6streamINS_6vectorIfLm8EEELi0EEEPA9_NS0_IfLi0EEEiE6A_TILE_3_3  |   32|          4|   32|        128|
    |p_ZZ4tm_ARN3hls6streamINS_6vectorIfLm8EEELi0EEEPA9_NS0_IfLi0EEEiE6A_TILE_3_4  |   32|          4|   32|        128|
    |p_ZZ4tm_ARN3hls6streamINS_6vectorIfLm8EEELi0EEEPA9_NS0_IfLi0EEEiE6A_TILE_3_5  |   32|          4|   32|        128|
    |p_ZZ4tm_ARN3hls6streamINS_6vectorIfLm8EEELi0EEEPA9_NS0_IfLi0EEEiE6A_TILE_3_6  |   32|          4|   32|        128|
    |p_ZZ4tm_ARN3hls6streamINS_6vectorIfLm8EEELi0EEEPA9_NS0_IfLi0EEEiE6A_TILE_3_7  |   32|          4|   32|        128|
    |p_ZZ4tm_ARN3hls6streamINS_6vectorIfLm8EEELi0EEEPA9_NS0_IfLi0EEEiE6A_TILE_4_0  |   32|          4|   32|        128|
    |p_ZZ4tm_ARN3hls6streamINS_6vectorIfLm8EEELi0EEEPA9_NS0_IfLi0EEEiE6A_TILE_4_1  |   32|          4|   32|        128|
    |p_ZZ4tm_ARN3hls6streamINS_6vectorIfLm8EEELi0EEEPA9_NS0_IfLi0EEEiE6A_TILE_4_2  |   32|          4|   32|        128|
    |p_ZZ4tm_ARN3hls6streamINS_6vectorIfLm8EEELi0EEEPA9_NS0_IfLi0EEEiE6A_TILE_4_3  |   32|          4|   32|        128|
    |p_ZZ4tm_ARN3hls6streamINS_6vectorIfLm8EEELi0EEEPA9_NS0_IfLi0EEEiE6A_TILE_4_4  |   32|          4|   32|        128|
    |p_ZZ4tm_ARN3hls6streamINS_6vectorIfLm8EEELi0EEEPA9_NS0_IfLi0EEEiE6A_TILE_4_5  |   32|          4|   32|        128|
    |p_ZZ4tm_ARN3hls6streamINS_6vectorIfLm8EEELi0EEEPA9_NS0_IfLi0EEEiE6A_TILE_4_6  |   32|          4|   32|        128|
    |p_ZZ4tm_ARN3hls6streamINS_6vectorIfLm8EEELi0EEEPA9_NS0_IfLi0EEEiE6A_TILE_4_7  |   32|          4|   32|        128|
    |p_ZZ4tm_ARN3hls6streamINS_6vectorIfLm8EEELi0EEEPA9_NS0_IfLi0EEEiE6A_TILE_5_0  |   32|          4|   32|        128|
    |p_ZZ4tm_ARN3hls6streamINS_6vectorIfLm8EEELi0EEEPA9_NS0_IfLi0EEEiE6A_TILE_5_1  |   32|          4|   32|        128|
    |p_ZZ4tm_ARN3hls6streamINS_6vectorIfLm8EEELi0EEEPA9_NS0_IfLi0EEEiE6A_TILE_5_2  |   32|          4|   32|        128|
    |p_ZZ4tm_ARN3hls6streamINS_6vectorIfLm8EEELi0EEEPA9_NS0_IfLi0EEEiE6A_TILE_5_3  |   32|          4|   32|        128|
    |p_ZZ4tm_ARN3hls6streamINS_6vectorIfLm8EEELi0EEEPA9_NS0_IfLi0EEEiE6A_TILE_5_4  |   32|          4|   32|        128|
    |p_ZZ4tm_ARN3hls6streamINS_6vectorIfLm8EEELi0EEEPA9_NS0_IfLi0EEEiE6A_TILE_5_5  |   32|          4|   32|        128|
    |p_ZZ4tm_ARN3hls6streamINS_6vectorIfLm8EEELi0EEEPA9_NS0_IfLi0EEEiE6A_TILE_5_6  |   32|          4|   32|        128|
    |p_ZZ4tm_ARN3hls6streamINS_6vectorIfLm8EEELi0EEEPA9_NS0_IfLi0EEEiE6A_TILE_5_7  |   32|          4|   32|        128|
    |p_ZZ4tm_ARN3hls6streamINS_6vectorIfLm8EEELi0EEEPA9_NS0_IfLi0EEEiE6A_TILE_6_0  |   32|          4|   32|        128|
    |p_ZZ4tm_ARN3hls6streamINS_6vectorIfLm8EEELi0EEEPA9_NS0_IfLi0EEEiE6A_TILE_6_1  |   32|          4|   32|        128|
    |p_ZZ4tm_ARN3hls6streamINS_6vectorIfLm8EEELi0EEEPA9_NS0_IfLi0EEEiE6A_TILE_6_2  |   32|          4|   32|        128|
    |p_ZZ4tm_ARN3hls6streamINS_6vectorIfLm8EEELi0EEEPA9_NS0_IfLi0EEEiE6A_TILE_6_3  |   32|          4|   32|        128|
    |p_ZZ4tm_ARN3hls6streamINS_6vectorIfLm8EEELi0EEEPA9_NS0_IfLi0EEEiE6A_TILE_6_4  |   32|          4|   32|        128|
    |p_ZZ4tm_ARN3hls6streamINS_6vectorIfLm8EEELi0EEEPA9_NS0_IfLi0EEEiE6A_TILE_6_5  |   32|          4|   32|        128|
    |p_ZZ4tm_ARN3hls6streamINS_6vectorIfLm8EEELi0EEEPA9_NS0_IfLi0EEEiE6A_TILE_6_6  |   32|          4|   32|        128|
    |p_ZZ4tm_ARN3hls6streamINS_6vectorIfLm8EEELi0EEEPA9_NS0_IfLi0EEEiE6A_TILE_6_7  |   32|          4|   32|        128|
    |p_ZZ4tm_ARN3hls6streamINS_6vectorIfLm8EEELi0EEEPA9_NS0_IfLi0EEEiE6A_TILE_7_0  |   32|          4|   32|        128|
    |p_ZZ4tm_ARN3hls6streamINS_6vectorIfLm8EEELi0EEEPA9_NS0_IfLi0EEEiE6A_TILE_7_1  |   32|          4|   32|        128|
    |p_ZZ4tm_ARN3hls6streamINS_6vectorIfLm8EEELi0EEEPA9_NS0_IfLi0EEEiE6A_TILE_7_2  |   32|          4|   32|        128|
    |p_ZZ4tm_ARN3hls6streamINS_6vectorIfLm8EEELi0EEEPA9_NS0_IfLi0EEEiE6A_TILE_7_3  |   32|          4|   32|        128|
    |p_ZZ4tm_ARN3hls6streamINS_6vectorIfLm8EEELi0EEEPA9_NS0_IfLi0EEEiE6A_TILE_7_4  |   32|          4|   32|        128|
    |p_ZZ4tm_ARN3hls6streamINS_6vectorIfLm8EEELi0EEEPA9_NS0_IfLi0EEEiE6A_TILE_7_5  |   32|          4|   32|        128|
    |p_ZZ4tm_ARN3hls6streamINS_6vectorIfLm8EEELi0EEEPA9_NS0_IfLi0EEEiE6A_TILE_7_6  |   32|          4|   32|        128|
    |p_ZZ4tm_ARN3hls6streamINS_6vectorIfLm8EEELi0EEEPA9_NS0_IfLi0EEEiE6A_TILE_7_7  |   32|          4|   32|        128|
    |real_start                                                                    |    2|          2|    1|          2|
    |tileA_c_blk_n                                                                 |    2|          2|    1|          2|
    +------------------------------------------------------------------------------+-----+-----------+-----+-----------+
    |Total                                                                         | 2230|        315| 2329|       9271|
    +------------------------------------------------------------------------------+-----+-----------+-----+-----------+

    * Register: 
    +---------------------------------------------------------------------------------------------+-----+----+-----+-----------+
    |                                             Name                                            |  FF | LUT| Bits| Const Bits|
    +---------------------------------------------------------------------------------------------+-----+----+-----+-----------+
    |ap_CS_fsm                                                                                    |    4|   0|    4|          0|
    |ap_done_reg                                                                                  |    1|   0|    1|          0|
    |ap_sync_reg_grp_tm_A_fu_1276_ap_done                                                         |    1|   0|    1|          0|
    |ap_sync_reg_grp_tm_A_fu_1276_ap_ready                                                        |    1|   0|    1|          0|
    |grp_B_Buf_to_stream_fu_1493_ap_start_reg                                                     |    1|   0|    1|          0|
    |grp_tm_A_fu_1276_ap_start_reg                                                                |    1|   0|    1|          0|
    |p_ZZ4tm_ARN3hls6streamINS_6vectorIfLm8EEELi0EEEPA9_NS0_IfLi0EEEiE6A_TILE_0_0                 |   32|   0|   32|          0|
    |p_ZZ4tm_ARN3hls6streamINS_6vectorIfLm8EEELi0EEEPA9_NS0_IfLi0EEEiE6A_TILE_0_0_copy_1_fu_746   |   32|   0|   32|          0|
    |p_ZZ4tm_ARN3hls6streamINS_6vectorIfLm8EEELi0EEEPA9_NS0_IfLi0EEEiE6A_TILE_0_0_copy_2_fu_1002  |   32|   0|   32|          0|
    |p_ZZ4tm_ARN3hls6streamINS_6vectorIfLm8EEELi0EEEPA9_NS0_IfLi0EEEiE6A_TILE_0_0_copy_3_fu_1258  |   32|   0|   32|          0|
    |p_ZZ4tm_ARN3hls6streamINS_6vectorIfLm8EEELi0EEEPA9_NS0_IfLi0EEEiE6A_TILE_0_0_copy_fu_490     |   32|   0|   32|          0|
    |p_ZZ4tm_ARN3hls6streamINS_6vectorIfLm8EEELi0EEEPA9_NS0_IfLi0EEEiE6A_TILE_0_1                 |   32|   0|   32|          0|
    |p_ZZ4tm_ARN3hls6streamINS_6vectorIfLm8EEELi0EEEPA9_NS0_IfLi0EEEiE6A_TILE_0_1_copy_1_fu_742   |   32|   0|   32|          0|
    |p_ZZ4tm_ARN3hls6streamINS_6vectorIfLm8EEELi0EEEPA9_NS0_IfLi0EEEiE6A_TILE_0_1_copy_2_fu_998   |   32|   0|   32|          0|
    |p_ZZ4tm_ARN3hls6streamINS_6vectorIfLm8EEELi0EEEPA9_NS0_IfLi0EEEiE6A_TILE_0_1_copy_3_fu_1254  |   32|   0|   32|          0|
    |p_ZZ4tm_ARN3hls6streamINS_6vectorIfLm8EEELi0EEEPA9_NS0_IfLi0EEEiE6A_TILE_0_1_copy_fu_486     |   32|   0|   32|          0|
    |p_ZZ4tm_ARN3hls6streamINS_6vectorIfLm8EEELi0EEEPA9_NS0_IfLi0EEEiE6A_TILE_0_2                 |   32|   0|   32|          0|
    |p_ZZ4tm_ARN3hls6streamINS_6vectorIfLm8EEELi0EEEPA9_NS0_IfLi0EEEiE6A_TILE_0_2_copy_1_fu_738   |   32|   0|   32|          0|
    |p_ZZ4tm_ARN3hls6streamINS_6vectorIfLm8EEELi0EEEPA9_NS0_IfLi0EEEiE6A_TILE_0_2_copy_2_fu_994   |   32|   0|   32|          0|
    |p_ZZ4tm_ARN3hls6streamINS_6vectorIfLm8EEELi0EEEPA9_NS0_IfLi0EEEiE6A_TILE_0_2_copy_3_fu_1250  |   32|   0|   32|          0|
    |p_ZZ4tm_ARN3hls6streamINS_6vectorIfLm8EEELi0EEEPA9_NS0_IfLi0EEEiE6A_TILE_0_2_copy_fu_482     |   32|   0|   32|          0|
    |p_ZZ4tm_ARN3hls6streamINS_6vectorIfLm8EEELi0EEEPA9_NS0_IfLi0EEEiE6A_TILE_0_3                 |   32|   0|   32|          0|
    |p_ZZ4tm_ARN3hls6streamINS_6vectorIfLm8EEELi0EEEPA9_NS0_IfLi0EEEiE6A_TILE_0_3_copy_1_fu_734   |   32|   0|   32|          0|
    |p_ZZ4tm_ARN3hls6streamINS_6vectorIfLm8EEELi0EEEPA9_NS0_IfLi0EEEiE6A_TILE_0_3_copy_2_fu_990   |   32|   0|   32|          0|
    |p_ZZ4tm_ARN3hls6streamINS_6vectorIfLm8EEELi0EEEPA9_NS0_IfLi0EEEiE6A_TILE_0_3_copy_3_fu_1246  |   32|   0|   32|          0|
    |p_ZZ4tm_ARN3hls6streamINS_6vectorIfLm8EEELi0EEEPA9_NS0_IfLi0EEEiE6A_TILE_0_3_copy_fu_478     |   32|   0|   32|          0|
    |p_ZZ4tm_ARN3hls6streamINS_6vectorIfLm8EEELi0EEEPA9_NS0_IfLi0EEEiE6A_TILE_0_4                 |   32|   0|   32|          0|
    |p_ZZ4tm_ARN3hls6streamINS_6vectorIfLm8EEELi0EEEPA9_NS0_IfLi0EEEiE6A_TILE_0_4_copy_1_fu_730   |   32|   0|   32|          0|
    |p_ZZ4tm_ARN3hls6streamINS_6vectorIfLm8EEELi0EEEPA9_NS0_IfLi0EEEiE6A_TILE_0_4_copy_2_fu_986   |   32|   0|   32|          0|
    |p_ZZ4tm_ARN3hls6streamINS_6vectorIfLm8EEELi0EEEPA9_NS0_IfLi0EEEiE6A_TILE_0_4_copy_3_fu_1242  |   32|   0|   32|          0|
    |p_ZZ4tm_ARN3hls6streamINS_6vectorIfLm8EEELi0EEEPA9_NS0_IfLi0EEEiE6A_TILE_0_4_copy_fu_474     |   32|   0|   32|          0|
    |p_ZZ4tm_ARN3hls6streamINS_6vectorIfLm8EEELi0EEEPA9_NS0_IfLi0EEEiE6A_TILE_0_5                 |   32|   0|   32|          0|
    |p_ZZ4tm_ARN3hls6streamINS_6vectorIfLm8EEELi0EEEPA9_NS0_IfLi0EEEiE6A_TILE_0_5_copy_1_fu_726   |   32|   0|   32|          0|
    |p_ZZ4tm_ARN3hls6streamINS_6vectorIfLm8EEELi0EEEPA9_NS0_IfLi0EEEiE6A_TILE_0_5_copy_2_fu_982   |   32|   0|   32|          0|
    |p_ZZ4tm_ARN3hls6streamINS_6vectorIfLm8EEELi0EEEPA9_NS0_IfLi0EEEiE6A_TILE_0_5_copy_3_fu_1238  |   32|   0|   32|          0|
    |p_ZZ4tm_ARN3hls6streamINS_6vectorIfLm8EEELi0EEEPA9_NS0_IfLi0EEEiE6A_TILE_0_5_copy_fu_470     |   32|   0|   32|          0|
    |p_ZZ4tm_ARN3hls6streamINS_6vectorIfLm8EEELi0EEEPA9_NS0_IfLi0EEEiE6A_TILE_0_6                 |   32|   0|   32|          0|
    |p_ZZ4tm_ARN3hls6streamINS_6vectorIfLm8EEELi0EEEPA9_NS0_IfLi0EEEiE6A_TILE_0_6_copy_1_fu_722   |   32|   0|   32|          0|
    |p_ZZ4tm_ARN3hls6streamINS_6vectorIfLm8EEELi0EEEPA9_NS0_IfLi0EEEiE6A_TILE_0_6_copy_2_fu_978   |   32|   0|   32|          0|
    |p_ZZ4tm_ARN3hls6streamINS_6vectorIfLm8EEELi0EEEPA9_NS0_IfLi0EEEiE6A_TILE_0_6_copy_3_fu_1234  |   32|   0|   32|          0|
    |p_ZZ4tm_ARN3hls6streamINS_6vectorIfLm8EEELi0EEEPA9_NS0_IfLi0EEEiE6A_TILE_0_6_copy_fu_466     |   32|   0|   32|          0|
    |p_ZZ4tm_ARN3hls6streamINS_6vectorIfLm8EEELi0EEEPA9_NS0_IfLi0EEEiE6A_TILE_0_7                 |   32|   0|   32|          0|
    |p_ZZ4tm_ARN3hls6streamINS_6vectorIfLm8EEELi0EEEPA9_NS0_IfLi0EEEiE6A_TILE_0_7_copy_1_fu_718   |   32|   0|   32|          0|
    |p_ZZ4tm_ARN3hls6streamINS_6vectorIfLm8EEELi0EEEPA9_NS0_IfLi0EEEiE6A_TILE_0_7_copy_2_fu_974   |   32|   0|   32|          0|
    |p_ZZ4tm_ARN3hls6streamINS_6vectorIfLm8EEELi0EEEPA9_NS0_IfLi0EEEiE6A_TILE_0_7_copy_3_fu_1230  |   32|   0|   32|          0|
    |p_ZZ4tm_ARN3hls6streamINS_6vectorIfLm8EEELi0EEEPA9_NS0_IfLi0EEEiE6A_TILE_0_7_copy_fu_462     |   32|   0|   32|          0|
    |p_ZZ4tm_ARN3hls6streamINS_6vectorIfLm8EEELi0EEEPA9_NS0_IfLi0EEEiE6A_TILE_1_0                 |   32|   0|   32|          0|
    |p_ZZ4tm_ARN3hls6streamINS_6vectorIfLm8EEELi0EEEPA9_NS0_IfLi0EEEiE6A_TILE_1_0_copy_1_fu_714   |   32|   0|   32|          0|
    |p_ZZ4tm_ARN3hls6streamINS_6vectorIfLm8EEELi0EEEPA9_NS0_IfLi0EEEiE6A_TILE_1_0_copy_2_fu_970   |   32|   0|   32|          0|
    |p_ZZ4tm_ARN3hls6streamINS_6vectorIfLm8EEELi0EEEPA9_NS0_IfLi0EEEiE6A_TILE_1_0_copy_3_fu_1226  |   32|   0|   32|          0|
    |p_ZZ4tm_ARN3hls6streamINS_6vectorIfLm8EEELi0EEEPA9_NS0_IfLi0EEEiE6A_TILE_1_0_copy_fu_458     |   32|   0|   32|          0|
    |p_ZZ4tm_ARN3hls6streamINS_6vectorIfLm8EEELi0EEEPA9_NS0_IfLi0EEEiE6A_TILE_1_1                 |   32|   0|   32|          0|
    |p_ZZ4tm_ARN3hls6streamINS_6vectorIfLm8EEELi0EEEPA9_NS0_IfLi0EEEiE6A_TILE_1_1_copy_1_fu_710   |   32|   0|   32|          0|
    |p_ZZ4tm_ARN3hls6streamINS_6vectorIfLm8EEELi0EEEPA9_NS0_IfLi0EEEiE6A_TILE_1_1_copy_2_fu_966   |   32|   0|   32|          0|
    |p_ZZ4tm_ARN3hls6streamINS_6vectorIfLm8EEELi0EEEPA9_NS0_IfLi0EEEiE6A_TILE_1_1_copy_3_fu_1222  |   32|   0|   32|          0|
    |p_ZZ4tm_ARN3hls6streamINS_6vectorIfLm8EEELi0EEEPA9_NS0_IfLi0EEEiE6A_TILE_1_1_copy_fu_454     |   32|   0|   32|          0|
    |p_ZZ4tm_ARN3hls6streamINS_6vectorIfLm8EEELi0EEEPA9_NS0_IfLi0EEEiE6A_TILE_1_2                 |   32|   0|   32|          0|
    |p_ZZ4tm_ARN3hls6streamINS_6vectorIfLm8EEELi0EEEPA9_NS0_IfLi0EEEiE6A_TILE_1_2_copy_1_fu_706   |   32|   0|   32|          0|
    |p_ZZ4tm_ARN3hls6streamINS_6vectorIfLm8EEELi0EEEPA9_NS0_IfLi0EEEiE6A_TILE_1_2_copy_2_fu_962   |   32|   0|   32|          0|
    |p_ZZ4tm_ARN3hls6streamINS_6vectorIfLm8EEELi0EEEPA9_NS0_IfLi0EEEiE6A_TILE_1_2_copy_3_fu_1218  |   32|   0|   32|          0|
    |p_ZZ4tm_ARN3hls6streamINS_6vectorIfLm8EEELi0EEEPA9_NS0_IfLi0EEEiE6A_TILE_1_2_copy_fu_450     |   32|   0|   32|          0|
    |p_ZZ4tm_ARN3hls6streamINS_6vectorIfLm8EEELi0EEEPA9_NS0_IfLi0EEEiE6A_TILE_1_3                 |   32|   0|   32|          0|
    |p_ZZ4tm_ARN3hls6streamINS_6vectorIfLm8EEELi0EEEPA9_NS0_IfLi0EEEiE6A_TILE_1_3_copy_1_fu_702   |   32|   0|   32|          0|
    |p_ZZ4tm_ARN3hls6streamINS_6vectorIfLm8EEELi0EEEPA9_NS0_IfLi0EEEiE6A_TILE_1_3_copy_2_fu_958   |   32|   0|   32|          0|
    |p_ZZ4tm_ARN3hls6streamINS_6vectorIfLm8EEELi0EEEPA9_NS0_IfLi0EEEiE6A_TILE_1_3_copy_3_fu_1214  |   32|   0|   32|          0|
    |p_ZZ4tm_ARN3hls6streamINS_6vectorIfLm8EEELi0EEEPA9_NS0_IfLi0EEEiE6A_TILE_1_3_copy_fu_446     |   32|   0|   32|          0|
    |p_ZZ4tm_ARN3hls6streamINS_6vectorIfLm8EEELi0EEEPA9_NS0_IfLi0EEEiE6A_TILE_1_4                 |   32|   0|   32|          0|
    |p_ZZ4tm_ARN3hls6streamINS_6vectorIfLm8EEELi0EEEPA9_NS0_IfLi0EEEiE6A_TILE_1_4_copy_1_fu_698   |   32|   0|   32|          0|
    |p_ZZ4tm_ARN3hls6streamINS_6vectorIfLm8EEELi0EEEPA9_NS0_IfLi0EEEiE6A_TILE_1_4_copy_2_fu_954   |   32|   0|   32|          0|
    |p_ZZ4tm_ARN3hls6streamINS_6vectorIfLm8EEELi0EEEPA9_NS0_IfLi0EEEiE6A_TILE_1_4_copy_3_fu_1210  |   32|   0|   32|          0|
    |p_ZZ4tm_ARN3hls6streamINS_6vectorIfLm8EEELi0EEEPA9_NS0_IfLi0EEEiE6A_TILE_1_4_copy_fu_442     |   32|   0|   32|          0|
    |p_ZZ4tm_ARN3hls6streamINS_6vectorIfLm8EEELi0EEEPA9_NS0_IfLi0EEEiE6A_TILE_1_5                 |   32|   0|   32|          0|
    |p_ZZ4tm_ARN3hls6streamINS_6vectorIfLm8EEELi0EEEPA9_NS0_IfLi0EEEiE6A_TILE_1_5_copy_1_fu_694   |   32|   0|   32|          0|
    |p_ZZ4tm_ARN3hls6streamINS_6vectorIfLm8EEELi0EEEPA9_NS0_IfLi0EEEiE6A_TILE_1_5_copy_2_fu_950   |   32|   0|   32|          0|
    |p_ZZ4tm_ARN3hls6streamINS_6vectorIfLm8EEELi0EEEPA9_NS0_IfLi0EEEiE6A_TILE_1_5_copy_3_fu_1206  |   32|   0|   32|          0|
    |p_ZZ4tm_ARN3hls6streamINS_6vectorIfLm8EEELi0EEEPA9_NS0_IfLi0EEEiE6A_TILE_1_5_copy_fu_438     |   32|   0|   32|          0|
    |p_ZZ4tm_ARN3hls6streamINS_6vectorIfLm8EEELi0EEEPA9_NS0_IfLi0EEEiE6A_TILE_1_6                 |   32|   0|   32|          0|
    |p_ZZ4tm_ARN3hls6streamINS_6vectorIfLm8EEELi0EEEPA9_NS0_IfLi0EEEiE6A_TILE_1_6_copy_1_fu_690   |   32|   0|   32|          0|
    |p_ZZ4tm_ARN3hls6streamINS_6vectorIfLm8EEELi0EEEPA9_NS0_IfLi0EEEiE6A_TILE_1_6_copy_2_fu_946   |   32|   0|   32|          0|
    |p_ZZ4tm_ARN3hls6streamINS_6vectorIfLm8EEELi0EEEPA9_NS0_IfLi0EEEiE6A_TILE_1_6_copy_3_fu_1202  |   32|   0|   32|          0|
    |p_ZZ4tm_ARN3hls6streamINS_6vectorIfLm8EEELi0EEEPA9_NS0_IfLi0EEEiE6A_TILE_1_6_copy_fu_434     |   32|   0|   32|          0|
    |p_ZZ4tm_ARN3hls6streamINS_6vectorIfLm8EEELi0EEEPA9_NS0_IfLi0EEEiE6A_TILE_1_7                 |   32|   0|   32|          0|
    |p_ZZ4tm_ARN3hls6streamINS_6vectorIfLm8EEELi0EEEPA9_NS0_IfLi0EEEiE6A_TILE_1_7_copy_1_fu_686   |   32|   0|   32|          0|
    |p_ZZ4tm_ARN3hls6streamINS_6vectorIfLm8EEELi0EEEPA9_NS0_IfLi0EEEiE6A_TILE_1_7_copy_2_fu_942   |   32|   0|   32|          0|
    |p_ZZ4tm_ARN3hls6streamINS_6vectorIfLm8EEELi0EEEPA9_NS0_IfLi0EEEiE6A_TILE_1_7_copy_3_fu_1198  |   32|   0|   32|          0|
    |p_ZZ4tm_ARN3hls6streamINS_6vectorIfLm8EEELi0EEEPA9_NS0_IfLi0EEEiE6A_TILE_1_7_copy_fu_430     |   32|   0|   32|          0|
    |p_ZZ4tm_ARN3hls6streamINS_6vectorIfLm8EEELi0EEEPA9_NS0_IfLi0EEEiE6A_TILE_2_0                 |   32|   0|   32|          0|
    |p_ZZ4tm_ARN3hls6streamINS_6vectorIfLm8EEELi0EEEPA9_NS0_IfLi0EEEiE6A_TILE_2_0_copy_1_fu_682   |   32|   0|   32|          0|
    |p_ZZ4tm_ARN3hls6streamINS_6vectorIfLm8EEELi0EEEPA9_NS0_IfLi0EEEiE6A_TILE_2_0_copy_2_fu_938   |   32|   0|   32|          0|
    |p_ZZ4tm_ARN3hls6streamINS_6vectorIfLm8EEELi0EEEPA9_NS0_IfLi0EEEiE6A_TILE_2_0_copy_3_fu_1194  |   32|   0|   32|          0|
    |p_ZZ4tm_ARN3hls6streamINS_6vectorIfLm8EEELi0EEEPA9_NS0_IfLi0EEEiE6A_TILE_2_0_copy_fu_426     |   32|   0|   32|          0|
    |p_ZZ4tm_ARN3hls6streamINS_6vectorIfLm8EEELi0EEEPA9_NS0_IfLi0EEEiE6A_TILE_2_1                 |   32|   0|   32|          0|
    |p_ZZ4tm_ARN3hls6streamINS_6vectorIfLm8EEELi0EEEPA9_NS0_IfLi0EEEiE6A_TILE_2_1_copy_1_fu_678   |   32|   0|   32|          0|
    |p_ZZ4tm_ARN3hls6streamINS_6vectorIfLm8EEELi0EEEPA9_NS0_IfLi0EEEiE6A_TILE_2_1_copy_2_fu_934   |   32|   0|   32|          0|
    |p_ZZ4tm_ARN3hls6streamINS_6vectorIfLm8EEELi0EEEPA9_NS0_IfLi0EEEiE6A_TILE_2_1_copy_3_fu_1190  |   32|   0|   32|          0|
    |p_ZZ4tm_ARN3hls6streamINS_6vectorIfLm8EEELi0EEEPA9_NS0_IfLi0EEEiE6A_TILE_2_1_copy_fu_422     |   32|   0|   32|          0|
    |p_ZZ4tm_ARN3hls6streamINS_6vectorIfLm8EEELi0EEEPA9_NS0_IfLi0EEEiE6A_TILE_2_2                 |   32|   0|   32|          0|
    |p_ZZ4tm_ARN3hls6streamINS_6vectorIfLm8EEELi0EEEPA9_NS0_IfLi0EEEiE6A_TILE_2_2_copy_1_fu_674   |   32|   0|   32|          0|
    |p_ZZ4tm_ARN3hls6streamINS_6vectorIfLm8EEELi0EEEPA9_NS0_IfLi0EEEiE6A_TILE_2_2_copy_2_fu_930   |   32|   0|   32|          0|
    |p_ZZ4tm_ARN3hls6streamINS_6vectorIfLm8EEELi0EEEPA9_NS0_IfLi0EEEiE6A_TILE_2_2_copy_3_fu_1186  |   32|   0|   32|          0|
    |p_ZZ4tm_ARN3hls6streamINS_6vectorIfLm8EEELi0EEEPA9_NS0_IfLi0EEEiE6A_TILE_2_2_copy_fu_418     |   32|   0|   32|          0|
    |p_ZZ4tm_ARN3hls6streamINS_6vectorIfLm8EEELi0EEEPA9_NS0_IfLi0EEEiE6A_TILE_2_3                 |   32|   0|   32|          0|
    |p_ZZ4tm_ARN3hls6streamINS_6vectorIfLm8EEELi0EEEPA9_NS0_IfLi0EEEiE6A_TILE_2_3_copy_1_fu_670   |   32|   0|   32|          0|
    |p_ZZ4tm_ARN3hls6streamINS_6vectorIfLm8EEELi0EEEPA9_NS0_IfLi0EEEiE6A_TILE_2_3_copy_2_fu_926   |   32|   0|   32|          0|
    |p_ZZ4tm_ARN3hls6streamINS_6vectorIfLm8EEELi0EEEPA9_NS0_IfLi0EEEiE6A_TILE_2_3_copy_3_fu_1182  |   32|   0|   32|          0|
    |p_ZZ4tm_ARN3hls6streamINS_6vectorIfLm8EEELi0EEEPA9_NS0_IfLi0EEEiE6A_TILE_2_3_copy_fu_414     |   32|   0|   32|          0|
    |p_ZZ4tm_ARN3hls6streamINS_6vectorIfLm8EEELi0EEEPA9_NS0_IfLi0EEEiE6A_TILE_2_4                 |   32|   0|   32|          0|
    |p_ZZ4tm_ARN3hls6streamINS_6vectorIfLm8EEELi0EEEPA9_NS0_IfLi0EEEiE6A_TILE_2_4_copy_1_fu_666   |   32|   0|   32|          0|
    |p_ZZ4tm_ARN3hls6streamINS_6vectorIfLm8EEELi0EEEPA9_NS0_IfLi0EEEiE6A_TILE_2_4_copy_2_fu_922   |   32|   0|   32|          0|
    |p_ZZ4tm_ARN3hls6streamINS_6vectorIfLm8EEELi0EEEPA9_NS0_IfLi0EEEiE6A_TILE_2_4_copy_3_fu_1178  |   32|   0|   32|          0|
    |p_ZZ4tm_ARN3hls6streamINS_6vectorIfLm8EEELi0EEEPA9_NS0_IfLi0EEEiE6A_TILE_2_4_copy_fu_410     |   32|   0|   32|          0|
    |p_ZZ4tm_ARN3hls6streamINS_6vectorIfLm8EEELi0EEEPA9_NS0_IfLi0EEEiE6A_TILE_2_5                 |   32|   0|   32|          0|
    |p_ZZ4tm_ARN3hls6streamINS_6vectorIfLm8EEELi0EEEPA9_NS0_IfLi0EEEiE6A_TILE_2_5_copy_1_fu_662   |   32|   0|   32|          0|
    |p_ZZ4tm_ARN3hls6streamINS_6vectorIfLm8EEELi0EEEPA9_NS0_IfLi0EEEiE6A_TILE_2_5_copy_2_fu_918   |   32|   0|   32|          0|
    |p_ZZ4tm_ARN3hls6streamINS_6vectorIfLm8EEELi0EEEPA9_NS0_IfLi0EEEiE6A_TILE_2_5_copy_3_fu_1174  |   32|   0|   32|          0|
    |p_ZZ4tm_ARN3hls6streamINS_6vectorIfLm8EEELi0EEEPA9_NS0_IfLi0EEEiE6A_TILE_2_5_copy_fu_406     |   32|   0|   32|          0|
    |p_ZZ4tm_ARN3hls6streamINS_6vectorIfLm8EEELi0EEEPA9_NS0_IfLi0EEEiE6A_TILE_2_6                 |   32|   0|   32|          0|
    |p_ZZ4tm_ARN3hls6streamINS_6vectorIfLm8EEELi0EEEPA9_NS0_IfLi0EEEiE6A_TILE_2_6_copy_1_fu_658   |   32|   0|   32|          0|
    |p_ZZ4tm_ARN3hls6streamINS_6vectorIfLm8EEELi0EEEPA9_NS0_IfLi0EEEiE6A_TILE_2_6_copy_2_fu_914   |   32|   0|   32|          0|
    |p_ZZ4tm_ARN3hls6streamINS_6vectorIfLm8EEELi0EEEPA9_NS0_IfLi0EEEiE6A_TILE_2_6_copy_3_fu_1170  |   32|   0|   32|          0|
    |p_ZZ4tm_ARN3hls6streamINS_6vectorIfLm8EEELi0EEEPA9_NS0_IfLi0EEEiE6A_TILE_2_6_copy_fu_402     |   32|   0|   32|          0|
    |p_ZZ4tm_ARN3hls6streamINS_6vectorIfLm8EEELi0EEEPA9_NS0_IfLi0EEEiE6A_TILE_2_7                 |   32|   0|   32|          0|
    |p_ZZ4tm_ARN3hls6streamINS_6vectorIfLm8EEELi0EEEPA9_NS0_IfLi0EEEiE6A_TILE_2_7_copy_1_fu_654   |   32|   0|   32|          0|
    |p_ZZ4tm_ARN3hls6streamINS_6vectorIfLm8EEELi0EEEPA9_NS0_IfLi0EEEiE6A_TILE_2_7_copy_2_fu_910   |   32|   0|   32|          0|
    |p_ZZ4tm_ARN3hls6streamINS_6vectorIfLm8EEELi0EEEPA9_NS0_IfLi0EEEiE6A_TILE_2_7_copy_3_fu_1166  |   32|   0|   32|          0|
    |p_ZZ4tm_ARN3hls6streamINS_6vectorIfLm8EEELi0EEEPA9_NS0_IfLi0EEEiE6A_TILE_2_7_copy_fu_398     |   32|   0|   32|          0|
    |p_ZZ4tm_ARN3hls6streamINS_6vectorIfLm8EEELi0EEEPA9_NS0_IfLi0EEEiE6A_TILE_3_0                 |   32|   0|   32|          0|
    |p_ZZ4tm_ARN3hls6streamINS_6vectorIfLm8EEELi0EEEPA9_NS0_IfLi0EEEiE6A_TILE_3_0_copy_1_fu_650   |   32|   0|   32|          0|
    |p_ZZ4tm_ARN3hls6streamINS_6vectorIfLm8EEELi0EEEPA9_NS0_IfLi0EEEiE6A_TILE_3_0_copy_2_fu_906   |   32|   0|   32|          0|
    |p_ZZ4tm_ARN3hls6streamINS_6vectorIfLm8EEELi0EEEPA9_NS0_IfLi0EEEiE6A_TILE_3_0_copy_3_fu_1162  |   32|   0|   32|          0|
    |p_ZZ4tm_ARN3hls6streamINS_6vectorIfLm8EEELi0EEEPA9_NS0_IfLi0EEEiE6A_TILE_3_0_copy_fu_394     |   32|   0|   32|          0|
    |p_ZZ4tm_ARN3hls6streamINS_6vectorIfLm8EEELi0EEEPA9_NS0_IfLi0EEEiE6A_TILE_3_1                 |   32|   0|   32|          0|
    |p_ZZ4tm_ARN3hls6streamINS_6vectorIfLm8EEELi0EEEPA9_NS0_IfLi0EEEiE6A_TILE_3_1_copy_1_fu_646   |   32|   0|   32|          0|
    |p_ZZ4tm_ARN3hls6streamINS_6vectorIfLm8EEELi0EEEPA9_NS0_IfLi0EEEiE6A_TILE_3_1_copy_2_fu_902   |   32|   0|   32|          0|
    |p_ZZ4tm_ARN3hls6streamINS_6vectorIfLm8EEELi0EEEPA9_NS0_IfLi0EEEiE6A_TILE_3_1_copy_3_fu_1158  |   32|   0|   32|          0|
    |p_ZZ4tm_ARN3hls6streamINS_6vectorIfLm8EEELi0EEEPA9_NS0_IfLi0EEEiE6A_TILE_3_1_copy_fu_390     |   32|   0|   32|          0|
    |p_ZZ4tm_ARN3hls6streamINS_6vectorIfLm8EEELi0EEEPA9_NS0_IfLi0EEEiE6A_TILE_3_2                 |   32|   0|   32|          0|
    |p_ZZ4tm_ARN3hls6streamINS_6vectorIfLm8EEELi0EEEPA9_NS0_IfLi0EEEiE6A_TILE_3_2_copy_1_fu_642   |   32|   0|   32|          0|
    |p_ZZ4tm_ARN3hls6streamINS_6vectorIfLm8EEELi0EEEPA9_NS0_IfLi0EEEiE6A_TILE_3_2_copy_2_fu_898   |   32|   0|   32|          0|
    |p_ZZ4tm_ARN3hls6streamINS_6vectorIfLm8EEELi0EEEPA9_NS0_IfLi0EEEiE6A_TILE_3_2_copy_3_fu_1154  |   32|   0|   32|          0|
    |p_ZZ4tm_ARN3hls6streamINS_6vectorIfLm8EEELi0EEEPA9_NS0_IfLi0EEEiE6A_TILE_3_2_copy_fu_386     |   32|   0|   32|          0|
    |p_ZZ4tm_ARN3hls6streamINS_6vectorIfLm8EEELi0EEEPA9_NS0_IfLi0EEEiE6A_TILE_3_3                 |   32|   0|   32|          0|
    |p_ZZ4tm_ARN3hls6streamINS_6vectorIfLm8EEELi0EEEPA9_NS0_IfLi0EEEiE6A_TILE_3_3_copy_1_fu_638   |   32|   0|   32|          0|
    |p_ZZ4tm_ARN3hls6streamINS_6vectorIfLm8EEELi0EEEPA9_NS0_IfLi0EEEiE6A_TILE_3_3_copy_2_fu_894   |   32|   0|   32|          0|
    |p_ZZ4tm_ARN3hls6streamINS_6vectorIfLm8EEELi0EEEPA9_NS0_IfLi0EEEiE6A_TILE_3_3_copy_3_fu_1150  |   32|   0|   32|          0|
    |p_ZZ4tm_ARN3hls6streamINS_6vectorIfLm8EEELi0EEEPA9_NS0_IfLi0EEEiE6A_TILE_3_3_copy_fu_382     |   32|   0|   32|          0|
    |p_ZZ4tm_ARN3hls6streamINS_6vectorIfLm8EEELi0EEEPA9_NS0_IfLi0EEEiE6A_TILE_3_4                 |   32|   0|   32|          0|
    |p_ZZ4tm_ARN3hls6streamINS_6vectorIfLm8EEELi0EEEPA9_NS0_IfLi0EEEiE6A_TILE_3_4_copy_1_fu_634   |   32|   0|   32|          0|
    |p_ZZ4tm_ARN3hls6streamINS_6vectorIfLm8EEELi0EEEPA9_NS0_IfLi0EEEiE6A_TILE_3_4_copy_2_fu_890   |   32|   0|   32|          0|
    |p_ZZ4tm_ARN3hls6streamINS_6vectorIfLm8EEELi0EEEPA9_NS0_IfLi0EEEiE6A_TILE_3_4_copy_3_fu_1146  |   32|   0|   32|          0|
    |p_ZZ4tm_ARN3hls6streamINS_6vectorIfLm8EEELi0EEEPA9_NS0_IfLi0EEEiE6A_TILE_3_4_copy_fu_378     |   32|   0|   32|          0|
    |p_ZZ4tm_ARN3hls6streamINS_6vectorIfLm8EEELi0EEEPA9_NS0_IfLi0EEEiE6A_TILE_3_5                 |   32|   0|   32|          0|
    |p_ZZ4tm_ARN3hls6streamINS_6vectorIfLm8EEELi0EEEPA9_NS0_IfLi0EEEiE6A_TILE_3_5_copy_1_fu_630   |   32|   0|   32|          0|
    |p_ZZ4tm_ARN3hls6streamINS_6vectorIfLm8EEELi0EEEPA9_NS0_IfLi0EEEiE6A_TILE_3_5_copy_2_fu_886   |   32|   0|   32|          0|
    |p_ZZ4tm_ARN3hls6streamINS_6vectorIfLm8EEELi0EEEPA9_NS0_IfLi0EEEiE6A_TILE_3_5_copy_3_fu_1142  |   32|   0|   32|          0|
    |p_ZZ4tm_ARN3hls6streamINS_6vectorIfLm8EEELi0EEEPA9_NS0_IfLi0EEEiE6A_TILE_3_5_copy_fu_374     |   32|   0|   32|          0|
    |p_ZZ4tm_ARN3hls6streamINS_6vectorIfLm8EEELi0EEEPA9_NS0_IfLi0EEEiE6A_TILE_3_6                 |   32|   0|   32|          0|
    |p_ZZ4tm_ARN3hls6streamINS_6vectorIfLm8EEELi0EEEPA9_NS0_IfLi0EEEiE6A_TILE_3_6_copy_1_fu_626   |   32|   0|   32|          0|
    |p_ZZ4tm_ARN3hls6streamINS_6vectorIfLm8EEELi0EEEPA9_NS0_IfLi0EEEiE6A_TILE_3_6_copy_2_fu_882   |   32|   0|   32|          0|
    |p_ZZ4tm_ARN3hls6streamINS_6vectorIfLm8EEELi0EEEPA9_NS0_IfLi0EEEiE6A_TILE_3_6_copy_3_fu_1138  |   32|   0|   32|          0|
    |p_ZZ4tm_ARN3hls6streamINS_6vectorIfLm8EEELi0EEEPA9_NS0_IfLi0EEEiE6A_TILE_3_6_copy_fu_370     |   32|   0|   32|          0|
    |p_ZZ4tm_ARN3hls6streamINS_6vectorIfLm8EEELi0EEEPA9_NS0_IfLi0EEEiE6A_TILE_3_7                 |   32|   0|   32|          0|
    |p_ZZ4tm_ARN3hls6streamINS_6vectorIfLm8EEELi0EEEPA9_NS0_IfLi0EEEiE6A_TILE_3_7_copy_1_fu_622   |   32|   0|   32|          0|
    |p_ZZ4tm_ARN3hls6streamINS_6vectorIfLm8EEELi0EEEPA9_NS0_IfLi0EEEiE6A_TILE_3_7_copy_2_fu_878   |   32|   0|   32|          0|
    |p_ZZ4tm_ARN3hls6streamINS_6vectorIfLm8EEELi0EEEPA9_NS0_IfLi0EEEiE6A_TILE_3_7_copy_3_fu_1134  |   32|   0|   32|          0|
    |p_ZZ4tm_ARN3hls6streamINS_6vectorIfLm8EEELi0EEEPA9_NS0_IfLi0EEEiE6A_TILE_3_7_copy_fu_366     |   32|   0|   32|          0|
    |p_ZZ4tm_ARN3hls6streamINS_6vectorIfLm8EEELi0EEEPA9_NS0_IfLi0EEEiE6A_TILE_4_0                 |   32|   0|   32|          0|
    |p_ZZ4tm_ARN3hls6streamINS_6vectorIfLm8EEELi0EEEPA9_NS0_IfLi0EEEiE6A_TILE_4_0_copy_1_fu_618   |   32|   0|   32|          0|
    |p_ZZ4tm_ARN3hls6streamINS_6vectorIfLm8EEELi0EEEPA9_NS0_IfLi0EEEiE6A_TILE_4_0_copy_2_fu_874   |   32|   0|   32|          0|
    |p_ZZ4tm_ARN3hls6streamINS_6vectorIfLm8EEELi0EEEPA9_NS0_IfLi0EEEiE6A_TILE_4_0_copy_3_fu_1130  |   32|   0|   32|          0|
    |p_ZZ4tm_ARN3hls6streamINS_6vectorIfLm8EEELi0EEEPA9_NS0_IfLi0EEEiE6A_TILE_4_0_copy_fu_362     |   32|   0|   32|          0|
    |p_ZZ4tm_ARN3hls6streamINS_6vectorIfLm8EEELi0EEEPA9_NS0_IfLi0EEEiE6A_TILE_4_1                 |   32|   0|   32|          0|
    |p_ZZ4tm_ARN3hls6streamINS_6vectorIfLm8EEELi0EEEPA9_NS0_IfLi0EEEiE6A_TILE_4_1_copy_1_fu_614   |   32|   0|   32|          0|
    |p_ZZ4tm_ARN3hls6streamINS_6vectorIfLm8EEELi0EEEPA9_NS0_IfLi0EEEiE6A_TILE_4_1_copy_2_fu_870   |   32|   0|   32|          0|
    |p_ZZ4tm_ARN3hls6streamINS_6vectorIfLm8EEELi0EEEPA9_NS0_IfLi0EEEiE6A_TILE_4_1_copy_3_fu_1126  |   32|   0|   32|          0|
    |p_ZZ4tm_ARN3hls6streamINS_6vectorIfLm8EEELi0EEEPA9_NS0_IfLi0EEEiE6A_TILE_4_1_copy_fu_358     |   32|   0|   32|          0|
    |p_ZZ4tm_ARN3hls6streamINS_6vectorIfLm8EEELi0EEEPA9_NS0_IfLi0EEEiE6A_TILE_4_2                 |   32|   0|   32|          0|
    |p_ZZ4tm_ARN3hls6streamINS_6vectorIfLm8EEELi0EEEPA9_NS0_IfLi0EEEiE6A_TILE_4_2_copy_1_fu_610   |   32|   0|   32|          0|
    |p_ZZ4tm_ARN3hls6streamINS_6vectorIfLm8EEELi0EEEPA9_NS0_IfLi0EEEiE6A_TILE_4_2_copy_2_fu_866   |   32|   0|   32|          0|
    |p_ZZ4tm_ARN3hls6streamINS_6vectorIfLm8EEELi0EEEPA9_NS0_IfLi0EEEiE6A_TILE_4_2_copy_3_fu_1122  |   32|   0|   32|          0|
    |p_ZZ4tm_ARN3hls6streamINS_6vectorIfLm8EEELi0EEEPA9_NS0_IfLi0EEEiE6A_TILE_4_2_copy_fu_354     |   32|   0|   32|          0|
    |p_ZZ4tm_ARN3hls6streamINS_6vectorIfLm8EEELi0EEEPA9_NS0_IfLi0EEEiE6A_TILE_4_3                 |   32|   0|   32|          0|
    |p_ZZ4tm_ARN3hls6streamINS_6vectorIfLm8EEELi0EEEPA9_NS0_IfLi0EEEiE6A_TILE_4_3_copy_1_fu_606   |   32|   0|   32|          0|
    |p_ZZ4tm_ARN3hls6streamINS_6vectorIfLm8EEELi0EEEPA9_NS0_IfLi0EEEiE6A_TILE_4_3_copy_2_fu_862   |   32|   0|   32|          0|
    |p_ZZ4tm_ARN3hls6streamINS_6vectorIfLm8EEELi0EEEPA9_NS0_IfLi0EEEiE6A_TILE_4_3_copy_3_fu_1118  |   32|   0|   32|          0|
    |p_ZZ4tm_ARN3hls6streamINS_6vectorIfLm8EEELi0EEEPA9_NS0_IfLi0EEEiE6A_TILE_4_3_copy_fu_350     |   32|   0|   32|          0|
    |p_ZZ4tm_ARN3hls6streamINS_6vectorIfLm8EEELi0EEEPA9_NS0_IfLi0EEEiE6A_TILE_4_4                 |   32|   0|   32|          0|
    |p_ZZ4tm_ARN3hls6streamINS_6vectorIfLm8EEELi0EEEPA9_NS0_IfLi0EEEiE6A_TILE_4_4_copy_1_fu_602   |   32|   0|   32|          0|
    |p_ZZ4tm_ARN3hls6streamINS_6vectorIfLm8EEELi0EEEPA9_NS0_IfLi0EEEiE6A_TILE_4_4_copy_2_fu_858   |   32|   0|   32|          0|
    |p_ZZ4tm_ARN3hls6streamINS_6vectorIfLm8EEELi0EEEPA9_NS0_IfLi0EEEiE6A_TILE_4_4_copy_3_fu_1114  |   32|   0|   32|          0|
    |p_ZZ4tm_ARN3hls6streamINS_6vectorIfLm8EEELi0EEEPA9_NS0_IfLi0EEEiE6A_TILE_4_4_copy_fu_346     |   32|   0|   32|          0|
    |p_ZZ4tm_ARN3hls6streamINS_6vectorIfLm8EEELi0EEEPA9_NS0_IfLi0EEEiE6A_TILE_4_5                 |   32|   0|   32|          0|
    |p_ZZ4tm_ARN3hls6streamINS_6vectorIfLm8EEELi0EEEPA9_NS0_IfLi0EEEiE6A_TILE_4_5_copy_1_fu_598   |   32|   0|   32|          0|
    |p_ZZ4tm_ARN3hls6streamINS_6vectorIfLm8EEELi0EEEPA9_NS0_IfLi0EEEiE6A_TILE_4_5_copy_2_fu_854   |   32|   0|   32|          0|
    |p_ZZ4tm_ARN3hls6streamINS_6vectorIfLm8EEELi0EEEPA9_NS0_IfLi0EEEiE6A_TILE_4_5_copy_3_fu_1110  |   32|   0|   32|          0|
    |p_ZZ4tm_ARN3hls6streamINS_6vectorIfLm8EEELi0EEEPA9_NS0_IfLi0EEEiE6A_TILE_4_5_copy_fu_342     |   32|   0|   32|          0|
    |p_ZZ4tm_ARN3hls6streamINS_6vectorIfLm8EEELi0EEEPA9_NS0_IfLi0EEEiE6A_TILE_4_6                 |   32|   0|   32|          0|
    |p_ZZ4tm_ARN3hls6streamINS_6vectorIfLm8EEELi0EEEPA9_NS0_IfLi0EEEiE6A_TILE_4_6_copy_1_fu_594   |   32|   0|   32|          0|
    |p_ZZ4tm_ARN3hls6streamINS_6vectorIfLm8EEELi0EEEPA9_NS0_IfLi0EEEiE6A_TILE_4_6_copy_2_fu_850   |   32|   0|   32|          0|
    |p_ZZ4tm_ARN3hls6streamINS_6vectorIfLm8EEELi0EEEPA9_NS0_IfLi0EEEiE6A_TILE_4_6_copy_3_fu_1106  |   32|   0|   32|          0|
    |p_ZZ4tm_ARN3hls6streamINS_6vectorIfLm8EEELi0EEEPA9_NS0_IfLi0EEEiE6A_TILE_4_6_copy_fu_338     |   32|   0|   32|          0|
    |p_ZZ4tm_ARN3hls6streamINS_6vectorIfLm8EEELi0EEEPA9_NS0_IfLi0EEEiE6A_TILE_4_7                 |   32|   0|   32|          0|
    |p_ZZ4tm_ARN3hls6streamINS_6vectorIfLm8EEELi0EEEPA9_NS0_IfLi0EEEiE6A_TILE_4_7_copy_1_fu_590   |   32|   0|   32|          0|
    |p_ZZ4tm_ARN3hls6streamINS_6vectorIfLm8EEELi0EEEPA9_NS0_IfLi0EEEiE6A_TILE_4_7_copy_2_fu_846   |   32|   0|   32|          0|
    |p_ZZ4tm_ARN3hls6streamINS_6vectorIfLm8EEELi0EEEPA9_NS0_IfLi0EEEiE6A_TILE_4_7_copy_3_fu_1102  |   32|   0|   32|          0|
    |p_ZZ4tm_ARN3hls6streamINS_6vectorIfLm8EEELi0EEEPA9_NS0_IfLi0EEEiE6A_TILE_4_7_copy_fu_334     |   32|   0|   32|          0|
    |p_ZZ4tm_ARN3hls6streamINS_6vectorIfLm8EEELi0EEEPA9_NS0_IfLi0EEEiE6A_TILE_5_0                 |   32|   0|   32|          0|
    |p_ZZ4tm_ARN3hls6streamINS_6vectorIfLm8EEELi0EEEPA9_NS0_IfLi0EEEiE6A_TILE_5_0_copy_1_fu_586   |   32|   0|   32|          0|
    |p_ZZ4tm_ARN3hls6streamINS_6vectorIfLm8EEELi0EEEPA9_NS0_IfLi0EEEiE6A_TILE_5_0_copy_2_fu_842   |   32|   0|   32|          0|
    |p_ZZ4tm_ARN3hls6streamINS_6vectorIfLm8EEELi0EEEPA9_NS0_IfLi0EEEiE6A_TILE_5_0_copy_3_fu_1098  |   32|   0|   32|          0|
    |p_ZZ4tm_ARN3hls6streamINS_6vectorIfLm8EEELi0EEEPA9_NS0_IfLi0EEEiE6A_TILE_5_0_copy_fu_330     |   32|   0|   32|          0|
    |p_ZZ4tm_ARN3hls6streamINS_6vectorIfLm8EEELi0EEEPA9_NS0_IfLi0EEEiE6A_TILE_5_1                 |   32|   0|   32|          0|
    |p_ZZ4tm_ARN3hls6streamINS_6vectorIfLm8EEELi0EEEPA9_NS0_IfLi0EEEiE6A_TILE_5_1_copy_1_fu_582   |   32|   0|   32|          0|
    |p_ZZ4tm_ARN3hls6streamINS_6vectorIfLm8EEELi0EEEPA9_NS0_IfLi0EEEiE6A_TILE_5_1_copy_2_fu_838   |   32|   0|   32|          0|
    |p_ZZ4tm_ARN3hls6streamINS_6vectorIfLm8EEELi0EEEPA9_NS0_IfLi0EEEiE6A_TILE_5_1_copy_3_fu_1094  |   32|   0|   32|          0|
    |p_ZZ4tm_ARN3hls6streamINS_6vectorIfLm8EEELi0EEEPA9_NS0_IfLi0EEEiE6A_TILE_5_1_copy_fu_326     |   32|   0|   32|          0|
    |p_ZZ4tm_ARN3hls6streamINS_6vectorIfLm8EEELi0EEEPA9_NS0_IfLi0EEEiE6A_TILE_5_2                 |   32|   0|   32|          0|
    |p_ZZ4tm_ARN3hls6streamINS_6vectorIfLm8EEELi0EEEPA9_NS0_IfLi0EEEiE6A_TILE_5_2_copy_1_fu_578   |   32|   0|   32|          0|
    |p_ZZ4tm_ARN3hls6streamINS_6vectorIfLm8EEELi0EEEPA9_NS0_IfLi0EEEiE6A_TILE_5_2_copy_2_fu_834   |   32|   0|   32|          0|
    |p_ZZ4tm_ARN3hls6streamINS_6vectorIfLm8EEELi0EEEPA9_NS0_IfLi0EEEiE6A_TILE_5_2_copy_3_fu_1090  |   32|   0|   32|          0|
    |p_ZZ4tm_ARN3hls6streamINS_6vectorIfLm8EEELi0EEEPA9_NS0_IfLi0EEEiE6A_TILE_5_2_copy_fu_322     |   32|   0|   32|          0|
    |p_ZZ4tm_ARN3hls6streamINS_6vectorIfLm8EEELi0EEEPA9_NS0_IfLi0EEEiE6A_TILE_5_3                 |   32|   0|   32|          0|
    |p_ZZ4tm_ARN3hls6streamINS_6vectorIfLm8EEELi0EEEPA9_NS0_IfLi0EEEiE6A_TILE_5_3_copy_1_fu_574   |   32|   0|   32|          0|
    |p_ZZ4tm_ARN3hls6streamINS_6vectorIfLm8EEELi0EEEPA9_NS0_IfLi0EEEiE6A_TILE_5_3_copy_2_fu_830   |   32|   0|   32|          0|
    |p_ZZ4tm_ARN3hls6streamINS_6vectorIfLm8EEELi0EEEPA9_NS0_IfLi0EEEiE6A_TILE_5_3_copy_3_fu_1086  |   32|   0|   32|          0|
    |p_ZZ4tm_ARN3hls6streamINS_6vectorIfLm8EEELi0EEEPA9_NS0_IfLi0EEEiE6A_TILE_5_3_copy_fu_318     |   32|   0|   32|          0|
    |p_ZZ4tm_ARN3hls6streamINS_6vectorIfLm8EEELi0EEEPA9_NS0_IfLi0EEEiE6A_TILE_5_4                 |   32|   0|   32|          0|
    |p_ZZ4tm_ARN3hls6streamINS_6vectorIfLm8EEELi0EEEPA9_NS0_IfLi0EEEiE6A_TILE_5_4_copy_1_fu_570   |   32|   0|   32|          0|
    |p_ZZ4tm_ARN3hls6streamINS_6vectorIfLm8EEELi0EEEPA9_NS0_IfLi0EEEiE6A_TILE_5_4_copy_2_fu_826   |   32|   0|   32|          0|
    |p_ZZ4tm_ARN3hls6streamINS_6vectorIfLm8EEELi0EEEPA9_NS0_IfLi0EEEiE6A_TILE_5_4_copy_3_fu_1082  |   32|   0|   32|          0|
    |p_ZZ4tm_ARN3hls6streamINS_6vectorIfLm8EEELi0EEEPA9_NS0_IfLi0EEEiE6A_TILE_5_4_copy_fu_314     |   32|   0|   32|          0|
    |p_ZZ4tm_ARN3hls6streamINS_6vectorIfLm8EEELi0EEEPA9_NS0_IfLi0EEEiE6A_TILE_5_5                 |   32|   0|   32|          0|
    |p_ZZ4tm_ARN3hls6streamINS_6vectorIfLm8EEELi0EEEPA9_NS0_IfLi0EEEiE6A_TILE_5_5_copy_1_fu_566   |   32|   0|   32|          0|
    |p_ZZ4tm_ARN3hls6streamINS_6vectorIfLm8EEELi0EEEPA9_NS0_IfLi0EEEiE6A_TILE_5_5_copy_2_fu_822   |   32|   0|   32|          0|
    |p_ZZ4tm_ARN3hls6streamINS_6vectorIfLm8EEELi0EEEPA9_NS0_IfLi0EEEiE6A_TILE_5_5_copy_3_fu_1078  |   32|   0|   32|          0|
    |p_ZZ4tm_ARN3hls6streamINS_6vectorIfLm8EEELi0EEEPA9_NS0_IfLi0EEEiE6A_TILE_5_5_copy_fu_310     |   32|   0|   32|          0|
    |p_ZZ4tm_ARN3hls6streamINS_6vectorIfLm8EEELi0EEEPA9_NS0_IfLi0EEEiE6A_TILE_5_6                 |   32|   0|   32|          0|
    |p_ZZ4tm_ARN3hls6streamINS_6vectorIfLm8EEELi0EEEPA9_NS0_IfLi0EEEiE6A_TILE_5_6_copy_1_fu_562   |   32|   0|   32|          0|
    |p_ZZ4tm_ARN3hls6streamINS_6vectorIfLm8EEELi0EEEPA9_NS0_IfLi0EEEiE6A_TILE_5_6_copy_2_fu_818   |   32|   0|   32|          0|
    |p_ZZ4tm_ARN3hls6streamINS_6vectorIfLm8EEELi0EEEPA9_NS0_IfLi0EEEiE6A_TILE_5_6_copy_3_fu_1074  |   32|   0|   32|          0|
    |p_ZZ4tm_ARN3hls6streamINS_6vectorIfLm8EEELi0EEEPA9_NS0_IfLi0EEEiE6A_TILE_5_6_copy_fu_306     |   32|   0|   32|          0|
    |p_ZZ4tm_ARN3hls6streamINS_6vectorIfLm8EEELi0EEEPA9_NS0_IfLi0EEEiE6A_TILE_5_7                 |   32|   0|   32|          0|
    |p_ZZ4tm_ARN3hls6streamINS_6vectorIfLm8EEELi0EEEPA9_NS0_IfLi0EEEiE6A_TILE_5_7_copy_1_fu_558   |   32|   0|   32|          0|
    |p_ZZ4tm_ARN3hls6streamINS_6vectorIfLm8EEELi0EEEPA9_NS0_IfLi0EEEiE6A_TILE_5_7_copy_2_fu_814   |   32|   0|   32|          0|
    |p_ZZ4tm_ARN3hls6streamINS_6vectorIfLm8EEELi0EEEPA9_NS0_IfLi0EEEiE6A_TILE_5_7_copy_3_fu_1070  |   32|   0|   32|          0|
    |p_ZZ4tm_ARN3hls6streamINS_6vectorIfLm8EEELi0EEEPA9_NS0_IfLi0EEEiE6A_TILE_5_7_copy_fu_302     |   32|   0|   32|          0|
    |p_ZZ4tm_ARN3hls6streamINS_6vectorIfLm8EEELi0EEEPA9_NS0_IfLi0EEEiE6A_TILE_6_0                 |   32|   0|   32|          0|
    |p_ZZ4tm_ARN3hls6streamINS_6vectorIfLm8EEELi0EEEPA9_NS0_IfLi0EEEiE6A_TILE_6_0_copy_1_fu_554   |   32|   0|   32|          0|
    |p_ZZ4tm_ARN3hls6streamINS_6vectorIfLm8EEELi0EEEPA9_NS0_IfLi0EEEiE6A_TILE_6_0_copy_2_fu_810   |   32|   0|   32|          0|
    |p_ZZ4tm_ARN3hls6streamINS_6vectorIfLm8EEELi0EEEPA9_NS0_IfLi0EEEiE6A_TILE_6_0_copy_3_fu_1066  |   32|   0|   32|          0|
    |p_ZZ4tm_ARN3hls6streamINS_6vectorIfLm8EEELi0EEEPA9_NS0_IfLi0EEEiE6A_TILE_6_0_copy_fu_298     |   32|   0|   32|          0|
    |p_ZZ4tm_ARN3hls6streamINS_6vectorIfLm8EEELi0EEEPA9_NS0_IfLi0EEEiE6A_TILE_6_1                 |   32|   0|   32|          0|
    |p_ZZ4tm_ARN3hls6streamINS_6vectorIfLm8EEELi0EEEPA9_NS0_IfLi0EEEiE6A_TILE_6_1_copy_1_fu_550   |   32|   0|   32|          0|
    |p_ZZ4tm_ARN3hls6streamINS_6vectorIfLm8EEELi0EEEPA9_NS0_IfLi0EEEiE6A_TILE_6_1_copy_2_fu_806   |   32|   0|   32|          0|
    |p_ZZ4tm_ARN3hls6streamINS_6vectorIfLm8EEELi0EEEPA9_NS0_IfLi0EEEiE6A_TILE_6_1_copy_3_fu_1062  |   32|   0|   32|          0|
    |p_ZZ4tm_ARN3hls6streamINS_6vectorIfLm8EEELi0EEEPA9_NS0_IfLi0EEEiE6A_TILE_6_1_copy_fu_294     |   32|   0|   32|          0|
    |p_ZZ4tm_ARN3hls6streamINS_6vectorIfLm8EEELi0EEEPA9_NS0_IfLi0EEEiE6A_TILE_6_2                 |   32|   0|   32|          0|
    |p_ZZ4tm_ARN3hls6streamINS_6vectorIfLm8EEELi0EEEPA9_NS0_IfLi0EEEiE6A_TILE_6_2_copy_1_fu_546   |   32|   0|   32|          0|
    |p_ZZ4tm_ARN3hls6streamINS_6vectorIfLm8EEELi0EEEPA9_NS0_IfLi0EEEiE6A_TILE_6_2_copy_2_fu_802   |   32|   0|   32|          0|
    |p_ZZ4tm_ARN3hls6streamINS_6vectorIfLm8EEELi0EEEPA9_NS0_IfLi0EEEiE6A_TILE_6_2_copy_3_fu_1058  |   32|   0|   32|          0|
    |p_ZZ4tm_ARN3hls6streamINS_6vectorIfLm8EEELi0EEEPA9_NS0_IfLi0EEEiE6A_TILE_6_2_copy_fu_290     |   32|   0|   32|          0|
    |p_ZZ4tm_ARN3hls6streamINS_6vectorIfLm8EEELi0EEEPA9_NS0_IfLi0EEEiE6A_TILE_6_3                 |   32|   0|   32|          0|
    |p_ZZ4tm_ARN3hls6streamINS_6vectorIfLm8EEELi0EEEPA9_NS0_IfLi0EEEiE6A_TILE_6_3_copy_1_fu_542   |   32|   0|   32|          0|
    |p_ZZ4tm_ARN3hls6streamINS_6vectorIfLm8EEELi0EEEPA9_NS0_IfLi0EEEiE6A_TILE_6_3_copy_2_fu_798   |   32|   0|   32|          0|
    |p_ZZ4tm_ARN3hls6streamINS_6vectorIfLm8EEELi0EEEPA9_NS0_IfLi0EEEiE6A_TILE_6_3_copy_3_fu_1054  |   32|   0|   32|          0|
    |p_ZZ4tm_ARN3hls6streamINS_6vectorIfLm8EEELi0EEEPA9_NS0_IfLi0EEEiE6A_TILE_6_3_copy_fu_286     |   32|   0|   32|          0|
    |p_ZZ4tm_ARN3hls6streamINS_6vectorIfLm8EEELi0EEEPA9_NS0_IfLi0EEEiE6A_TILE_6_4                 |   32|   0|   32|          0|
    |p_ZZ4tm_ARN3hls6streamINS_6vectorIfLm8EEELi0EEEPA9_NS0_IfLi0EEEiE6A_TILE_6_4_copy_1_fu_538   |   32|   0|   32|          0|
    |p_ZZ4tm_ARN3hls6streamINS_6vectorIfLm8EEELi0EEEPA9_NS0_IfLi0EEEiE6A_TILE_6_4_copy_2_fu_794   |   32|   0|   32|          0|
    |p_ZZ4tm_ARN3hls6streamINS_6vectorIfLm8EEELi0EEEPA9_NS0_IfLi0EEEiE6A_TILE_6_4_copy_3_fu_1050  |   32|   0|   32|          0|
    |p_ZZ4tm_ARN3hls6streamINS_6vectorIfLm8EEELi0EEEPA9_NS0_IfLi0EEEiE6A_TILE_6_4_copy_fu_282     |   32|   0|   32|          0|
    |p_ZZ4tm_ARN3hls6streamINS_6vectorIfLm8EEELi0EEEPA9_NS0_IfLi0EEEiE6A_TILE_6_5                 |   32|   0|   32|          0|
    |p_ZZ4tm_ARN3hls6streamINS_6vectorIfLm8EEELi0EEEPA9_NS0_IfLi0EEEiE6A_TILE_6_5_copy_1_fu_534   |   32|   0|   32|          0|
    |p_ZZ4tm_ARN3hls6streamINS_6vectorIfLm8EEELi0EEEPA9_NS0_IfLi0EEEiE6A_TILE_6_5_copy_2_fu_790   |   32|   0|   32|          0|
    |p_ZZ4tm_ARN3hls6streamINS_6vectorIfLm8EEELi0EEEPA9_NS0_IfLi0EEEiE6A_TILE_6_5_copy_3_fu_1046  |   32|   0|   32|          0|
    |p_ZZ4tm_ARN3hls6streamINS_6vectorIfLm8EEELi0EEEPA9_NS0_IfLi0EEEiE6A_TILE_6_5_copy_fu_278     |   32|   0|   32|          0|
    |p_ZZ4tm_ARN3hls6streamINS_6vectorIfLm8EEELi0EEEPA9_NS0_IfLi0EEEiE6A_TILE_6_6                 |   32|   0|   32|          0|
    |p_ZZ4tm_ARN3hls6streamINS_6vectorIfLm8EEELi0EEEPA9_NS0_IfLi0EEEiE6A_TILE_6_6_copy_1_fu_530   |   32|   0|   32|          0|
    |p_ZZ4tm_ARN3hls6streamINS_6vectorIfLm8EEELi0EEEPA9_NS0_IfLi0EEEiE6A_TILE_6_6_copy_2_fu_786   |   32|   0|   32|          0|
    |p_ZZ4tm_ARN3hls6streamINS_6vectorIfLm8EEELi0EEEPA9_NS0_IfLi0EEEiE6A_TILE_6_6_copy_3_fu_1042  |   32|   0|   32|          0|
    |p_ZZ4tm_ARN3hls6streamINS_6vectorIfLm8EEELi0EEEPA9_NS0_IfLi0EEEiE6A_TILE_6_6_copy_fu_274     |   32|   0|   32|          0|
    |p_ZZ4tm_ARN3hls6streamINS_6vectorIfLm8EEELi0EEEPA9_NS0_IfLi0EEEiE6A_TILE_6_7                 |   32|   0|   32|          0|
    |p_ZZ4tm_ARN3hls6streamINS_6vectorIfLm8EEELi0EEEPA9_NS0_IfLi0EEEiE6A_TILE_6_7_copy_1_fu_526   |   32|   0|   32|          0|
    |p_ZZ4tm_ARN3hls6streamINS_6vectorIfLm8EEELi0EEEPA9_NS0_IfLi0EEEiE6A_TILE_6_7_copy_2_fu_782   |   32|   0|   32|          0|
    |p_ZZ4tm_ARN3hls6streamINS_6vectorIfLm8EEELi0EEEPA9_NS0_IfLi0EEEiE6A_TILE_6_7_copy_3_fu_1038  |   32|   0|   32|          0|
    |p_ZZ4tm_ARN3hls6streamINS_6vectorIfLm8EEELi0EEEPA9_NS0_IfLi0EEEiE6A_TILE_6_7_copy_fu_270     |   32|   0|   32|          0|
    |p_ZZ4tm_ARN3hls6streamINS_6vectorIfLm8EEELi0EEEPA9_NS0_IfLi0EEEiE6A_TILE_7_0                 |   32|   0|   32|          0|
    |p_ZZ4tm_ARN3hls6streamINS_6vectorIfLm8EEELi0EEEPA9_NS0_IfLi0EEEiE6A_TILE_7_0_copy_1_fu_522   |   32|   0|   32|          0|
    |p_ZZ4tm_ARN3hls6streamINS_6vectorIfLm8EEELi0EEEPA9_NS0_IfLi0EEEiE6A_TILE_7_0_copy_2_fu_778   |   32|   0|   32|          0|
    |p_ZZ4tm_ARN3hls6streamINS_6vectorIfLm8EEELi0EEEPA9_NS0_IfLi0EEEiE6A_TILE_7_0_copy_3_fu_1034  |   32|   0|   32|          0|
    |p_ZZ4tm_ARN3hls6streamINS_6vectorIfLm8EEELi0EEEPA9_NS0_IfLi0EEEiE6A_TILE_7_0_copy_fu_266     |   32|   0|   32|          0|
    |p_ZZ4tm_ARN3hls6streamINS_6vectorIfLm8EEELi0EEEPA9_NS0_IfLi0EEEiE6A_TILE_7_1                 |   32|   0|   32|          0|
    |p_ZZ4tm_ARN3hls6streamINS_6vectorIfLm8EEELi0EEEPA9_NS0_IfLi0EEEiE6A_TILE_7_1_copy_1_fu_518   |   32|   0|   32|          0|
    |p_ZZ4tm_ARN3hls6streamINS_6vectorIfLm8EEELi0EEEPA9_NS0_IfLi0EEEiE6A_TILE_7_1_copy_2_fu_774   |   32|   0|   32|          0|
    |p_ZZ4tm_ARN3hls6streamINS_6vectorIfLm8EEELi0EEEPA9_NS0_IfLi0EEEiE6A_TILE_7_1_copy_3_fu_1030  |   32|   0|   32|          0|
    |p_ZZ4tm_ARN3hls6streamINS_6vectorIfLm8EEELi0EEEPA9_NS0_IfLi0EEEiE6A_TILE_7_1_copy_fu_262     |   32|   0|   32|          0|
    |p_ZZ4tm_ARN3hls6streamINS_6vectorIfLm8EEELi0EEEPA9_NS0_IfLi0EEEiE6A_TILE_7_2                 |   32|   0|   32|          0|
    |p_ZZ4tm_ARN3hls6streamINS_6vectorIfLm8EEELi0EEEPA9_NS0_IfLi0EEEiE6A_TILE_7_2_copy_1_fu_514   |   32|   0|   32|          0|
    |p_ZZ4tm_ARN3hls6streamINS_6vectorIfLm8EEELi0EEEPA9_NS0_IfLi0EEEiE6A_TILE_7_2_copy_2_fu_770   |   32|   0|   32|          0|
    |p_ZZ4tm_ARN3hls6streamINS_6vectorIfLm8EEELi0EEEPA9_NS0_IfLi0EEEiE6A_TILE_7_2_copy_3_fu_1026  |   32|   0|   32|          0|
    |p_ZZ4tm_ARN3hls6streamINS_6vectorIfLm8EEELi0EEEPA9_NS0_IfLi0EEEiE6A_TILE_7_2_copy_fu_258     |   32|   0|   32|          0|
    |p_ZZ4tm_ARN3hls6streamINS_6vectorIfLm8EEELi0EEEPA9_NS0_IfLi0EEEiE6A_TILE_7_3                 |   32|   0|   32|          0|
    |p_ZZ4tm_ARN3hls6streamINS_6vectorIfLm8EEELi0EEEPA9_NS0_IfLi0EEEiE6A_TILE_7_3_copy_1_fu_510   |   32|   0|   32|          0|
    |p_ZZ4tm_ARN3hls6streamINS_6vectorIfLm8EEELi0EEEPA9_NS0_IfLi0EEEiE6A_TILE_7_3_copy_2_fu_766   |   32|   0|   32|          0|
    |p_ZZ4tm_ARN3hls6streamINS_6vectorIfLm8EEELi0EEEPA9_NS0_IfLi0EEEiE6A_TILE_7_3_copy_3_fu_1022  |   32|   0|   32|          0|
    |p_ZZ4tm_ARN3hls6streamINS_6vectorIfLm8EEELi0EEEPA9_NS0_IfLi0EEEiE6A_TILE_7_3_copy_fu_254     |   32|   0|   32|          0|
    |p_ZZ4tm_ARN3hls6streamINS_6vectorIfLm8EEELi0EEEPA9_NS0_IfLi0EEEiE6A_TILE_7_4                 |   32|   0|   32|          0|
    |p_ZZ4tm_ARN3hls6streamINS_6vectorIfLm8EEELi0EEEPA9_NS0_IfLi0EEEiE6A_TILE_7_4_copy_1_fu_506   |   32|   0|   32|          0|
    |p_ZZ4tm_ARN3hls6streamINS_6vectorIfLm8EEELi0EEEPA9_NS0_IfLi0EEEiE6A_TILE_7_4_copy_2_fu_762   |   32|   0|   32|          0|
    |p_ZZ4tm_ARN3hls6streamINS_6vectorIfLm8EEELi0EEEPA9_NS0_IfLi0EEEiE6A_TILE_7_4_copy_3_fu_1018  |   32|   0|   32|          0|
    |p_ZZ4tm_ARN3hls6streamINS_6vectorIfLm8EEELi0EEEPA9_NS0_IfLi0EEEiE6A_TILE_7_4_copy_fu_250     |   32|   0|   32|          0|
    |p_ZZ4tm_ARN3hls6streamINS_6vectorIfLm8EEELi0EEEPA9_NS0_IfLi0EEEiE6A_TILE_7_5                 |   32|   0|   32|          0|
    |p_ZZ4tm_ARN3hls6streamINS_6vectorIfLm8EEELi0EEEPA9_NS0_IfLi0EEEiE6A_TILE_7_5_copy_1_fu_502   |   32|   0|   32|          0|
    |p_ZZ4tm_ARN3hls6streamINS_6vectorIfLm8EEELi0EEEPA9_NS0_IfLi0EEEiE6A_TILE_7_5_copy_2_fu_758   |   32|   0|   32|          0|
    |p_ZZ4tm_ARN3hls6streamINS_6vectorIfLm8EEELi0EEEPA9_NS0_IfLi0EEEiE6A_TILE_7_5_copy_3_fu_1014  |   32|   0|   32|          0|
    |p_ZZ4tm_ARN3hls6streamINS_6vectorIfLm8EEELi0EEEPA9_NS0_IfLi0EEEiE6A_TILE_7_5_copy_fu_246     |   32|   0|   32|          0|
    |p_ZZ4tm_ARN3hls6streamINS_6vectorIfLm8EEELi0EEEPA9_NS0_IfLi0EEEiE6A_TILE_7_6                 |   32|   0|   32|          0|
    |p_ZZ4tm_ARN3hls6streamINS_6vectorIfLm8EEELi0EEEPA9_NS0_IfLi0EEEiE6A_TILE_7_6_copy_1_fu_498   |   32|   0|   32|          0|
    |p_ZZ4tm_ARN3hls6streamINS_6vectorIfLm8EEELi0EEEPA9_NS0_IfLi0EEEiE6A_TILE_7_6_copy_2_fu_754   |   32|   0|   32|          0|
    |p_ZZ4tm_ARN3hls6streamINS_6vectorIfLm8EEELi0EEEPA9_NS0_IfLi0EEEiE6A_TILE_7_6_copy_3_fu_1010  |   32|   0|   32|          0|
    |p_ZZ4tm_ARN3hls6streamINS_6vectorIfLm8EEELi0EEEPA9_NS0_IfLi0EEEiE6A_TILE_7_6_copy_fu_242     |   32|   0|   32|          0|
    |p_ZZ4tm_ARN3hls6streamINS_6vectorIfLm8EEELi0EEEPA9_NS0_IfLi0EEEiE6A_TILE_7_7                 |   32|   0|   32|          0|
    |p_ZZ4tm_ARN3hls6streamINS_6vectorIfLm8EEELi0EEEPA9_NS0_IfLi0EEEiE6A_TILE_7_7_copy_1_fu_494   |   32|   0|   32|          0|
    |p_ZZ4tm_ARN3hls6streamINS_6vectorIfLm8EEELi0EEEPA9_NS0_IfLi0EEEiE6A_TILE_7_7_copy_2_fu_750   |   32|   0|   32|          0|
    |p_ZZ4tm_ARN3hls6streamINS_6vectorIfLm8EEELi0EEEPA9_NS0_IfLi0EEEiE6A_TILE_7_7_copy_3_fu_1006  |   32|   0|   32|          0|
    |p_ZZ4tm_ARN3hls6streamINS_6vectorIfLm8EEELi0EEEPA9_NS0_IfLi0EEEiE6A_TILE_7_7_copy_fu_238     |   32|   0|   32|          0|
    |start_once_reg                                                                               |    1|   0|    1|          0|
    +---------------------------------------------------------------------------------------------+-----+----+-----+-----------+
    |Total                                                                                        |10250|   0|10250|          0|
    +---------------------------------------------------------------------------------------------+-----+----+-----+-----------+



================================================================
== Interface
================================================================
* Summary: 
+------------------------------+-----+-----+------------+-------------------------------------------------------+--------------+
|           RTL Ports          | Dir | Bits|  Protocol  |                     Source Object                     |    C Type    |
+------------------------------+-----+-----+------------+-------------------------------------------------------+--------------+
|ap_clk                        |   in|    1|  ap_ctrl_hs|  dataflow_in_loop_tile_loop_A_Block_newFuncRoot1_proc4|  return value|
|ap_rst                        |   in|    1|  ap_ctrl_hs|  dataflow_in_loop_tile_loop_A_Block_newFuncRoot1_proc4|  return value|
|ap_start                      |   in|    1|  ap_ctrl_hs|  dataflow_in_loop_tile_loop_A_Block_newFuncRoot1_proc4|  return value|
|start_full_n                  |   in|    1|  ap_ctrl_hs|  dataflow_in_loop_tile_loop_A_Block_newFuncRoot1_proc4|  return value|
|ap_done                       |  out|    1|  ap_ctrl_hs|  dataflow_in_loop_tile_loop_A_Block_newFuncRoot1_proc4|  return value|
|ap_continue                   |   in|    1|  ap_ctrl_hs|  dataflow_in_loop_tile_loop_A_Block_newFuncRoot1_proc4|  return value|
|ap_idle                       |  out|    1|  ap_ctrl_hs|  dataflow_in_loop_tile_loop_A_Block_newFuncRoot1_proc4|  return value|
|ap_ready                      |  out|    1|  ap_ctrl_hs|  dataflow_in_loop_tile_loop_A_Block_newFuncRoot1_proc4|  return value|
|start_out                     |  out|    1|  ap_ctrl_hs|  dataflow_in_loop_tile_loop_A_Block_newFuncRoot1_proc4|  return value|
|start_write                   |  out|    1|  ap_ctrl_hs|  dataflow_in_loop_tile_loop_A_Block_newFuncRoot1_proc4|  return value|
|tileA                         |   in|    2|     ap_none|                                                  tileA|        scalar|
|A_in_3_dout                   |   in|  256|     ap_fifo|                                                 A_in_3|       pointer|
|A_in_3_num_data_valid         |   in|    4|     ap_fifo|                                                 A_in_3|       pointer|
|A_in_3_fifo_cap               |   in|    4|     ap_fifo|                                                 A_in_3|       pointer|
|A_in_3_empty_n                |   in|    1|     ap_fifo|                                                 A_in_3|       pointer|
|A_in_3_read                   |  out|    1|     ap_fifo|                                                 A_in_3|       pointer|
|A_stream_71_i_din             |  out|   32|     ap_fifo|                                          A_stream_71_i|       pointer|
|A_stream_71_i_num_data_valid  |   in|    4|     ap_fifo|                                          A_stream_71_i|       pointer|
|A_stream_71_i_fifo_cap        |   in|    4|     ap_fifo|                                          A_stream_71_i|       pointer|
|A_stream_71_i_full_n          |   in|    1|     ap_fifo|                                          A_stream_71_i|       pointer|
|A_stream_71_i_write           |  out|    1|     ap_fifo|                                          A_stream_71_i|       pointer|
|A_stream_62_i_din             |  out|   32|     ap_fifo|                                          A_stream_62_i|       pointer|
|A_stream_62_i_num_data_valid  |   in|    4|     ap_fifo|                                          A_stream_62_i|       pointer|
|A_stream_62_i_fifo_cap        |   in|    4|     ap_fifo|                                          A_stream_62_i|       pointer|
|A_stream_62_i_full_n          |   in|    1|     ap_fifo|                                          A_stream_62_i|       pointer|
|A_stream_62_i_write           |  out|    1|     ap_fifo|                                          A_stream_62_i|       pointer|
|A_stream_53_i_din             |  out|   32|     ap_fifo|                                          A_stream_53_i|       pointer|
|A_stream_53_i_num_data_valid  |   in|    4|     ap_fifo|                                          A_stream_53_i|       pointer|
|A_stream_53_i_fifo_cap        |   in|    4|     ap_fifo|                                          A_stream_53_i|       pointer|
|A_stream_53_i_full_n          |   in|    1|     ap_fifo|                                          A_stream_53_i|       pointer|
|A_stream_53_i_write           |  out|    1|     ap_fifo|                                          A_stream_53_i|       pointer|
|A_stream_44_i_din             |  out|   32|     ap_fifo|                                          A_stream_44_i|       pointer|
|A_stream_44_i_num_data_valid  |   in|    4|     ap_fifo|                                          A_stream_44_i|       pointer|
|A_stream_44_i_fifo_cap        |   in|    4|     ap_fifo|                                          A_stream_44_i|       pointer|
|A_stream_44_i_full_n          |   in|    1|     ap_fifo|                                          A_stream_44_i|       pointer|
|A_stream_44_i_write           |  out|    1|     ap_fifo|                                          A_stream_44_i|       pointer|
|A_stream_35_i_din             |  out|   32|     ap_fifo|                                          A_stream_35_i|       pointer|
|A_stream_35_i_num_data_valid  |   in|    4|     ap_fifo|                                          A_stream_35_i|       pointer|
|A_stream_35_i_fifo_cap        |   in|    4|     ap_fifo|                                          A_stream_35_i|       pointer|
|A_stream_35_i_full_n          |   in|    1|     ap_fifo|                                          A_stream_35_i|       pointer|
|A_stream_35_i_write           |  out|    1|     ap_fifo|                                          A_stream_35_i|       pointer|
|A_stream_26_i_din             |  out|   32|     ap_fifo|                                          A_stream_26_i|       pointer|
|A_stream_26_i_num_data_valid  |   in|    4|     ap_fifo|                                          A_stream_26_i|       pointer|
|A_stream_26_i_fifo_cap        |   in|    4|     ap_fifo|                                          A_stream_26_i|       pointer|
|A_stream_26_i_full_n          |   in|    1|     ap_fifo|                                          A_stream_26_i|       pointer|
|A_stream_26_i_write           |  out|    1|     ap_fifo|                                          A_stream_26_i|       pointer|
|A_stream_17_i_din             |  out|   32|     ap_fifo|                                          A_stream_17_i|       pointer|
|A_stream_17_i_num_data_valid  |   in|    4|     ap_fifo|                                          A_stream_17_i|       pointer|
|A_stream_17_i_fifo_cap        |   in|    4|     ap_fifo|                                          A_stream_17_i|       pointer|
|A_stream_17_i_full_n          |   in|    1|     ap_fifo|                                          A_stream_17_i|       pointer|
|A_stream_17_i_write           |  out|    1|     ap_fifo|                                          A_stream_17_i|       pointer|
|A_stream_8_i_din              |  out|   32|     ap_fifo|                                           A_stream_8_i|       pointer|
|A_stream_8_i_num_data_valid   |   in|    4|     ap_fifo|                                           A_stream_8_i|       pointer|
|A_stream_8_i_fifo_cap         |   in|    4|     ap_fifo|                                           A_stream_8_i|       pointer|
|A_stream_8_i_full_n           |   in|    1|     ap_fifo|                                           A_stream_8_i|       pointer|
|A_stream_8_i_write            |  out|    1|     ap_fifo|                                           A_stream_8_i|       pointer|
|A_in_0_dout                   |   in|  256|     ap_fifo|                                                 A_in_0|       pointer|
|A_in_0_num_data_valid         |   in|    4|     ap_fifo|                                                 A_in_0|       pointer|
|A_in_0_fifo_cap               |   in|    4|     ap_fifo|                                                 A_in_0|       pointer|
|A_in_0_empty_n                |   in|    1|     ap_fifo|                                                 A_in_0|       pointer|
|A_in_0_read                   |  out|    1|     ap_fifo|                                                 A_in_0|       pointer|
|A_in_1_dout                   |   in|  256|     ap_fifo|                                                 A_in_1|       pointer|
|A_in_1_num_data_valid         |   in|    4|     ap_fifo|                                                 A_in_1|       pointer|
|A_in_1_fifo_cap               |   in|    4|     ap_fifo|                                                 A_in_1|       pointer|
|A_in_1_empty_n                |   in|    1|     ap_fifo|                                                 A_in_1|       pointer|
|A_in_1_read                   |  out|    1|     ap_fifo|                                                 A_in_1|       pointer|
|A_in_2_dout                   |   in|  256|     ap_fifo|                                                 A_in_2|       pointer|
|A_in_2_num_data_valid         |   in|    4|     ap_fifo|                                                 A_in_2|       pointer|
|A_in_2_fifo_cap               |   in|    4|     ap_fifo|                                                 A_in_2|       pointer|
|A_in_2_empty_n                |   in|    1|     ap_fifo|                                                 A_in_2|       pointer|
|A_in_2_read                   |  out|    1|     ap_fifo|                                                 A_in_2|       pointer|
|B_BUF_0_address0              |  out|    3|   ap_memory|                                                B_BUF_0|         array|
|B_BUF_0_ce0                   |  out|    1|   ap_memory|                                                B_BUF_0|         array|
|B_BUF_0_q0                    |   in|   32|   ap_memory|                                                B_BUF_0|         array|
|B_BUF_1_address0              |  out|    3|   ap_memory|                                                B_BUF_1|         array|
|B_BUF_1_ce0                   |  out|    1|   ap_memory|                                                B_BUF_1|         array|
|B_BUF_1_q0                    |   in|   32|   ap_memory|                                                B_BUF_1|         array|
|B_BUF_2_address0              |  out|    3|   ap_memory|                                                B_BUF_2|         array|
|B_BUF_2_ce0                   |  out|    1|   ap_memory|                                                B_BUF_2|         array|
|B_BUF_2_q0                    |   in|   32|   ap_memory|                                                B_BUF_2|         array|
|B_BUF_3_address0              |  out|    3|   ap_memory|                                                B_BUF_3|         array|
|B_BUF_3_ce0                   |  out|    1|   ap_memory|                                                B_BUF_3|         array|
|B_BUF_3_q0                    |   in|   32|   ap_memory|                                                B_BUF_3|         array|
|B_BUF_4_address0              |  out|    3|   ap_memory|                                                B_BUF_4|         array|
|B_BUF_4_ce0                   |  out|    1|   ap_memory|                                                B_BUF_4|         array|
|B_BUF_4_q0                    |   in|   32|   ap_memory|                                                B_BUF_4|         array|
|B_BUF_5_address0              |  out|    3|   ap_memory|                                                B_BUF_5|         array|
|B_BUF_5_ce0                   |  out|    1|   ap_memory|                                                B_BUF_5|         array|
|B_BUF_5_q0                    |   in|   32|   ap_memory|                                                B_BUF_5|         array|
|B_BUF_6_address0              |  out|    3|   ap_memory|                                                B_BUF_6|         array|
|B_BUF_6_ce0                   |  out|    1|   ap_memory|                                                B_BUF_6|         array|
|B_BUF_6_q0                    |   in|   32|   ap_memory|                                                B_BUF_6|         array|
|B_BUF_7_address0              |  out|    3|   ap_memory|                                                B_BUF_7|         array|
|B_BUF_7_ce0                   |  out|    1|   ap_memory|                                                B_BUF_7|         array|
|B_BUF_7_q0                    |   in|   32|   ap_memory|                                                B_BUF_7|         array|
|B_stream_71_i_din             |  out|   32|     ap_fifo|                                          B_stream_71_i|       pointer|
|B_stream_71_i_num_data_valid  |   in|    4|     ap_fifo|                                          B_stream_71_i|       pointer|
|B_stream_71_i_fifo_cap        |   in|    4|     ap_fifo|                                          B_stream_71_i|       pointer|
|B_stream_71_i_full_n          |   in|    1|     ap_fifo|                                          B_stream_71_i|       pointer|
|B_stream_71_i_write           |  out|    1|     ap_fifo|                                          B_stream_71_i|       pointer|
|B_stream_70_i_din             |  out|   32|     ap_fifo|                                          B_stream_70_i|       pointer|
|B_stream_70_i_num_data_valid  |   in|    4|     ap_fifo|                                          B_stream_70_i|       pointer|
|B_stream_70_i_fifo_cap        |   in|    4|     ap_fifo|                                          B_stream_70_i|       pointer|
|B_stream_70_i_full_n          |   in|    1|     ap_fifo|                                          B_stream_70_i|       pointer|
|B_stream_70_i_write           |  out|    1|     ap_fifo|                                          B_stream_70_i|       pointer|
|B_stream_69_i_din             |  out|   32|     ap_fifo|                                          B_stream_69_i|       pointer|
|B_stream_69_i_num_data_valid  |   in|    4|     ap_fifo|                                          B_stream_69_i|       pointer|
|B_stream_69_i_fifo_cap        |   in|    4|     ap_fifo|                                          B_stream_69_i|       pointer|
|B_stream_69_i_full_n          |   in|    1|     ap_fifo|                                          B_stream_69_i|       pointer|
|B_stream_69_i_write           |  out|    1|     ap_fifo|                                          B_stream_69_i|       pointer|
|B_stream_68_i_din             |  out|   32|     ap_fifo|                                          B_stream_68_i|       pointer|
|B_stream_68_i_num_data_valid  |   in|    4|     ap_fifo|                                          B_stream_68_i|       pointer|
|B_stream_68_i_fifo_cap        |   in|    4|     ap_fifo|                                          B_stream_68_i|       pointer|
|B_stream_68_i_full_n          |   in|    1|     ap_fifo|                                          B_stream_68_i|       pointer|
|B_stream_68_i_write           |  out|    1|     ap_fifo|                                          B_stream_68_i|       pointer|
|B_stream_67_i_din             |  out|   32|     ap_fifo|                                          B_stream_67_i|       pointer|
|B_stream_67_i_num_data_valid  |   in|    4|     ap_fifo|                                          B_stream_67_i|       pointer|
|B_stream_67_i_fifo_cap        |   in|    4|     ap_fifo|                                          B_stream_67_i|       pointer|
|B_stream_67_i_full_n          |   in|    1|     ap_fifo|                                          B_stream_67_i|       pointer|
|B_stream_67_i_write           |  out|    1|     ap_fifo|                                          B_stream_67_i|       pointer|
|B_stream_66_i_din             |  out|   32|     ap_fifo|                                          B_stream_66_i|       pointer|
|B_stream_66_i_num_data_valid  |   in|    4|     ap_fifo|                                          B_stream_66_i|       pointer|
|B_stream_66_i_fifo_cap        |   in|    4|     ap_fifo|                                          B_stream_66_i|       pointer|
|B_stream_66_i_full_n          |   in|    1|     ap_fifo|                                          B_stream_66_i|       pointer|
|B_stream_66_i_write           |  out|    1|     ap_fifo|                                          B_stream_66_i|       pointer|
|B_stream_65_i_din             |  out|   32|     ap_fifo|                                          B_stream_65_i|       pointer|
|B_stream_65_i_num_data_valid  |   in|    4|     ap_fifo|                                          B_stream_65_i|       pointer|
|B_stream_65_i_fifo_cap        |   in|    4|     ap_fifo|                                          B_stream_65_i|       pointer|
|B_stream_65_i_full_n          |   in|    1|     ap_fifo|                                          B_stream_65_i|       pointer|
|B_stream_65_i_write           |  out|    1|     ap_fifo|                                          B_stream_65_i|       pointer|
|B_stream_64_i_din             |  out|   32|     ap_fifo|                                          B_stream_64_i|       pointer|
|B_stream_64_i_num_data_valid  |   in|    4|     ap_fifo|                                          B_stream_64_i|       pointer|
|B_stream_64_i_fifo_cap        |   in|    4|     ap_fifo|                                          B_stream_64_i|       pointer|
|B_stream_64_i_full_n          |   in|    1|     ap_fifo|                                          B_stream_64_i|       pointer|
|B_stream_64_i_write           |  out|    1|     ap_fifo|                                          B_stream_64_i|       pointer|
|tileA_c_din                   |  out|    2|     ap_fifo|                                                tileA_c|       pointer|
|tileA_c_num_data_valid        |   in|    6|     ap_fifo|                                                tileA_c|       pointer|
|tileA_c_fifo_cap              |   in|    6|     ap_fifo|                                                tileA_c|       pointer|
|tileA_c_full_n                |   in|    1|     ap_fifo|                                                tileA_c|       pointer|
|tileA_c_write                 |  out|    1|     ap_fifo|                                                tileA_c|       pointer|
+------------------------------+-----+-----+------------+-------------------------------------------------------+--------------+

