

================================================================
== Vitis HLS Report for 'dataflow_in_loop_tile_loop_A76'
================================================================
* Date:           Mon Aug 31 18:31:34 2026

* Version:        2023.2 (Build 4023990 on Oct 11 2023)
* Project:        hls_project
* Solution:       gemm2 (Vitis Kernel Flow Target)
* Product family: versalaicore
* Target device:  xcvc1902-vsva2197-2MP-e-S


================================================================
== Performance Estimates
================================================================
+ Timing: 
    * Summary: 
    +--------+---------+----------+------------+
    |  Clock |  Target | Estimated| Uncertainty|
    +--------+---------+----------+------------+
    |ap_clk  |  3.33 ns|  2.641 ns|     0.90 ns|
    +--------+---------+----------+------------+

+ Latency: 
    * Summary: 
    +---------+---------+----------+----------+-----+-----+----------+
    |  Latency (cycles) |  Latency (absolute) |  Interval | Pipeline |
    |   min   |   max   |    min   |    max   | min | max |   Type   |
    +---------+---------+----------+----------+-----+-----+----------+
    |       36|       36|  0.120 us|  0.120 us|   13|   13|  dataflow|
    +---------+---------+----------+----------+-----+-----+----------+

    + Detail: 
        * Instance: 
        +----------------------------------------------------------------+-------------------------------------------------------------+---------+---------+-----------+-----------+-----+-----+------------------------------------------+
        |                                                                |                                                             |  Latency (cycles) |   Latency (absolute)  |  Interval |                 Pipeline                 |
        |                            Instance                            |                            Module                           |   min   |   max   |    min    |    max    | min | max |                   Type                   |
        +----------------------------------------------------------------+-------------------------------------------------------------+---------+---------+-----------+-----------+-----+-----+------------------------------------------+
        |entry_proc_U0                                                   |entry_proc                                                   |        0|        0|       0 ns|       0 ns|    0|    0|                                        no|
        |load_tile_A377_U0                                               |load_tile_A377                                               |        7|        7|  23.331 ns|  23.331 ns|    7|    7|                                        no|
        |B_Buf_to_stream579_U0                                           |B_Buf_to_stream579                                           |       10|       10|  33.330 ns|  33.330 ns|   10|   10|                                        no|
        |tile_A_to_stream478_U0                                          |tile_A_to_stream478                                          |        7|        7|  23.331 ns|  23.331 ns|    7|    7|                                        no|
        |PE_false_false_680_U0                                           |PE_false_false_680                                           |       10|       11|  33.330 ns|  36.663 ns|    8|    8|  loop rewind stp(delay=0 clock cycles(s))|
        |PE_false_false_11081_U0                                         |PE_false_false_11081                                         |       10|       11|  33.330 ns|  36.663 ns|    8|    8|  loop rewind stp(delay=0 clock cycles(s))|
        |PE_false_false_71788_U0                                         |PE_false_false_71788                                         |       10|       11|  33.330 ns|  36.663 ns|    8|    8|  loop rewind stp(delay=0 clock cycles(s))|
        |PE_false_false_21182_U0                                         |PE_false_false_21182                                         |       10|       11|  33.330 ns|  36.663 ns|    8|    8|  loop rewind stp(delay=0 clock cycles(s))|
        |PE_false_false_81889_U0                                         |PE_false_false_81889                                         |       10|       11|  33.330 ns|  36.663 ns|    8|    8|  loop rewind stp(delay=0 clock cycles(s))|
        |PE_false_false_152596_U0                                        |PE_false_false_152596                                        |       10|       11|  33.330 ns|  36.663 ns|    8|    8|  loop rewind stp(delay=0 clock cycles(s))|
        |PE_false_false_31283_U0                                         |PE_false_false_31283                                         |       10|       11|  33.330 ns|  36.663 ns|    8|    8|  loop rewind stp(delay=0 clock cycles(s))|
        |PE_false_false_91990_U0                                         |PE_false_false_91990                                         |       10|       11|  33.330 ns|  36.663 ns|    8|    8|  loop rewind stp(delay=0 clock cycles(s))|
        |PE_false_false_162697_U0                                        |PE_false_false_162697                                        |       10|       11|  33.330 ns|  36.663 ns|    8|    8|  loop rewind stp(delay=0 clock cycles(s))|
        |PE_false_false_2333104_U0                                       |PE_false_false_2333104                                       |       10|       11|  33.330 ns|  36.663 ns|    8|    8|  loop rewind stp(delay=0 clock cycles(s))|
        |PE_false_false_41384_U0                                         |PE_false_false_41384                                         |       10|       11|  33.330 ns|  36.663 ns|    8|    8|  loop rewind stp(delay=0 clock cycles(s))|
        |PE_false_false_102091_U0                                        |PE_false_false_102091                                        |       10|       11|  33.330 ns|  36.663 ns|    8|    8|  loop rewind stp(delay=0 clock cycles(s))|
        |PE_false_false_172798_U0                                        |PE_false_false_172798                                        |       10|       11|  33.330 ns|  36.663 ns|    8|    8|  loop rewind stp(delay=0 clock cycles(s))|
        |PE_false_false_2434105_U0                                       |PE_false_false_2434105                                       |       10|       11|  33.330 ns|  36.663 ns|    8|    8|  loop rewind stp(delay=0 clock cycles(s))|
        |PE_false_false_3141112_U0                                       |PE_false_false_3141112                                       |       10|       11|  33.330 ns|  36.663 ns|    8|    8|  loop rewind stp(delay=0 clock cycles(s))|
        |PE_false_false_51485_U0                                         |PE_false_false_51485                                         |       10|       11|  33.330 ns|  36.663 ns|    8|    8|  loop rewind stp(delay=0 clock cycles(s))|
        |PE_false_false_112192_U0                                        |PE_false_false_112192                                        |       10|       11|  33.330 ns|  36.663 ns|    8|    8|  loop rewind stp(delay=0 clock cycles(s))|
        |PE_false_false_182899_U0                                        |PE_false_false_182899                                        |       10|       11|  33.330 ns|  36.663 ns|    8|    8|  loop rewind stp(delay=0 clock cycles(s))|
        |PE_false_false_2535106_U0                                       |PE_false_false_2535106                                       |       10|       11|  33.330 ns|  36.663 ns|    8|    8|  loop rewind stp(delay=0 clock cycles(s))|
        |PE_false_false_3242113_U0                                       |PE_false_false_3242113                                       |       10|       11|  33.330 ns|  36.663 ns|    8|    8|  loop rewind stp(delay=0 clock cycles(s))|
        |PE_false_false_3949120_U0                                       |PE_false_false_3949120                                       |       10|       11|  33.330 ns|  36.663 ns|    8|    8|  loop rewind stp(delay=0 clock cycles(s))|
        |PE_false_false_61586_U0                                         |PE_false_false_61586                                         |       10|       11|  33.330 ns|  36.663 ns|    8|    8|  loop rewind stp(delay=0 clock cycles(s))|
        |PE_false_false_122293_U0                                        |PE_false_false_122293                                        |       10|       11|  33.330 ns|  36.663 ns|    8|    8|  loop rewind stp(delay=0 clock cycles(s))|
        |PE_false_false_1929100_U0                                       |PE_false_false_1929100                                       |       10|       11|  33.330 ns|  36.663 ns|    8|    8|  loop rewind stp(delay=0 clock cycles(s))|
        |PE_false_false_2636107_U0                                       |PE_false_false_2636107                                       |       10|       11|  33.330 ns|  36.663 ns|    8|    8|  loop rewind stp(delay=0 clock cycles(s))|
        |PE_false_false_3343114_U0                                       |PE_false_false_3343114                                       |       10|       11|  33.330 ns|  36.663 ns|    8|    8|  loop rewind stp(delay=0 clock cycles(s))|
        |PE_false_false_4050121_U0                                       |PE_false_false_4050121                                       |       10|       11|  33.330 ns|  36.663 ns|    8|    8|  loop rewind stp(delay=0 clock cycles(s))|
        |PE_false_false_4757128_U0                                       |PE_false_false_4757128                                       |       10|       11|  33.330 ns|  36.663 ns|    8|    8|  loop rewind stp(delay=0 clock cycles(s))|
        |PE_false_true_1687_U0                                           |PE_false_true_1687                                           |       10|       11|  33.330 ns|  36.663 ns|    8|    8|  loop rewind stp(delay=0 clock cycles(s))|
        |PE_false_false_132394_U0                                        |PE_false_false_132394                                        |       10|       11|  33.330 ns|  36.663 ns|    8|    8|  loop rewind stp(delay=0 clock cycles(s))|
        |PE_false_false_2030101_U0                                       |PE_false_false_2030101                                       |       10|       11|  33.330 ns|  36.663 ns|    8|    8|  loop rewind stp(delay=0 clock cycles(s))|
        |PE_false_false_2737108_U0                                       |PE_false_false_2737108                                       |       10|       11|  33.330 ns|  36.663 ns|    8|    8|  loop rewind stp(delay=0 clock cycles(s))|
        |PE_false_false_3444115_U0                                       |PE_false_false_3444115                                       |       10|       11|  33.330 ns|  36.663 ns|    8|    8|  loop rewind stp(delay=0 clock cycles(s))|
        |PE_false_false_4151122_U0                                       |PE_false_false_4151122                                       |       10|       11|  33.330 ns|  36.663 ns|    8|    8|  loop rewind stp(delay=0 clock cycles(s))|
        |PE_false_false_4858129_U0                                       |PE_false_false_4858129                                       |       10|       11|  33.330 ns|  36.663 ns|    8|    8|  loop rewind stp(delay=0 clock cycles(s))|
        |PE_true_false_65136_U0                                          |PE_true_false_65136                                          |       10|       11|  33.330 ns|  36.663 ns|    8|    8|  loop rewind stp(delay=0 clock cycles(s))|
        |PE_false_true_142495_U0                                         |PE_false_true_142495                                         |       10|       11|  33.330 ns|  36.663 ns|    8|    8|  loop rewind stp(delay=0 clock cycles(s))|
        |PE_false_false_2131102_U0                                       |PE_false_false_2131102                                       |       10|       11|  33.330 ns|  36.663 ns|    8|    8|  loop rewind stp(delay=0 clock cycles(s))|
        |PE_false_false_2838109_U0                                       |PE_false_false_2838109                                       |       10|       11|  33.330 ns|  36.663 ns|    8|    8|  loop rewind stp(delay=0 clock cycles(s))|
        |PE_false_false_3545116_U0                                       |PE_false_false_3545116                                       |       10|       11|  33.330 ns|  36.663 ns|    8|    8|  loop rewind stp(delay=0 clock cycles(s))|
        |PE_false_false_4252123_U0                                       |PE_false_false_4252123                                       |       10|       11|  33.330 ns|  36.663 ns|    8|    8|  loop rewind stp(delay=0 clock cycles(s))|
        |PE_false_false_4959130_U0                                       |PE_false_false_4959130                                       |       10|       11|  33.330 ns|  36.663 ns|    8|    8|  loop rewind stp(delay=0 clock cycles(s))|
        |PE_true_false_5566137_U0                                        |PE_true_false_5566137                                        |       10|       11|  33.330 ns|  36.663 ns|    8|    8|  loop rewind stp(delay=0 clock cycles(s))|
        |PE_false_true_2232103_U0                                        |PE_false_true_2232103                                        |       10|       11|  33.330 ns|  36.663 ns|    8|    8|  loop rewind stp(delay=0 clock cycles(s))|
        |PE_false_false_2939110_U0                                       |PE_false_false_2939110                                       |       10|       11|  33.330 ns|  36.663 ns|    8|    8|  loop rewind stp(delay=0 clock cycles(s))|
        |PE_false_false_3646117_U0                                       |PE_false_false_3646117                                       |       10|       11|  33.330 ns|  36.663 ns|    8|    8|  loop rewind stp(delay=0 clock cycles(s))|
        |PE_false_false_4353124_U0                                       |PE_false_false_4353124                                       |       10|       11|  33.330 ns|  36.663 ns|    8|    8|  loop rewind stp(delay=0 clock cycles(s))|
        |PE_false_false_5060131_U0                                       |PE_false_false_5060131                                       |       10|       11|  33.330 ns|  36.663 ns|    8|    8|  loop rewind stp(delay=0 clock cycles(s))|
        |PE_true_false_5667138_U0                                        |PE_true_false_5667138                                        |       10|       11|  33.330 ns|  36.663 ns|    8|    8|  loop rewind stp(delay=0 clock cycles(s))|
        |PE_false_true_3040111_U0                                        |PE_false_true_3040111                                        |       10|       11|  33.330 ns|  36.663 ns|    8|    8|  loop rewind stp(delay=0 clock cycles(s))|
        |PE_false_false_3747118_U0                                       |PE_false_false_3747118                                       |       10|       11|  33.330 ns|  36.663 ns|    8|    8|  loop rewind stp(delay=0 clock cycles(s))|
        |PE_false_false_4454125_U0                                       |PE_false_false_4454125                                       |       10|       11|  33.330 ns|  36.663 ns|    8|    8|  loop rewind stp(delay=0 clock cycles(s))|
        |PE_false_false_5161132_U0                                       |PE_false_false_5161132                                       |       10|       11|  33.330 ns|  36.663 ns|    8|    8|  loop rewind stp(delay=0 clock cycles(s))|
        |PE_true_false_5768139_U0                                        |PE_true_false_5768139                                        |       10|       11|  33.330 ns|  36.663 ns|    8|    8|  loop rewind stp(delay=0 clock cycles(s))|
        |PE_false_true_3848119_U0                                        |PE_false_true_3848119                                        |       10|       11|  33.330 ns|  36.663 ns|    8|    8|  loop rewind stp(delay=0 clock cycles(s))|
        |PE_false_false_4555126_U0                                       |PE_false_false_4555126                                       |       10|       11|  33.330 ns|  36.663 ns|    8|    8|  loop rewind stp(delay=0 clock cycles(s))|
        |PE_false_false_5262133_U0                                       |PE_false_false_5262133                                       |       10|       11|  33.330 ns|  36.663 ns|    8|    8|  loop rewind stp(delay=0 clock cycles(s))|
        |PE_true_false_5869140_U0                                        |PE_true_false_5869140                                        |       10|       11|  33.330 ns|  36.663 ns|    8|    8|  loop rewind stp(delay=0 clock cycles(s))|
        |PE_false_true_4656127_U0                                        |PE_false_true_4656127                                        |       10|       11|  33.330 ns|  36.663 ns|    8|    8|  loop rewind stp(delay=0 clock cycles(s))|
        |PE_false_false_5363134_U0                                       |PE_false_false_5363134                                       |       10|       11|  33.330 ns|  36.663 ns|    8|    8|  loop rewind stp(delay=0 clock cycles(s))|
        |PE_true_false_5970141_U0                                        |PE_true_false_5970141                                        |       10|       11|  33.330 ns|  36.663 ns|    8|    8|  loop rewind stp(delay=0 clock cycles(s))|
        |PE_false_true_5464135_U0                                        |PE_false_true_5464135                                        |       10|       11|  33.330 ns|  36.663 ns|    8|    8|  loop rewind stp(delay=0 clock cycles(s))|
        |PE_true_false_6071142_U0                                        |PE_true_false_6071142                                        |       10|       11|  33.330 ns|  36.663 ns|    8|    8|  loop rewind stp(delay=0 clock cycles(s))|
        |PE_true_true_72143_U0                                           |PE_true_true_72143                                           |       10|       11|  33.330 ns|  36.663 ns|    8|    8|  loop rewind stp(delay=0 clock cycles(s))|
        |dataflow_in_loop_tile_loop_A_Block_newFuncRoot177_proc73144_U0  |dataflow_in_loop_tile_loop_A_Block_newFuncRoot177_proc73144  |       12|       12|  39.996 ns|  39.996 ns|   12|   12|                                        no|
        +----------------------------------------------------------------+-------------------------------------------------------------+---------+---------+-----------+-----------+-----+-----+------------------------------------------+

        * Loop: 
        N/A



================================================================
== Utilization Estimates
================================================================
* Summary: 
+-----------------+---------+------+---------+--------+-----+
|       Name      | BRAM_18K|  DSP |    FF   |   LUT  | URAM|
+-----------------+---------+------+---------+--------+-----+
|DSP              |        -|     -|        -|       -|    -|
|Expression       |        -|     -|        0|     280|    -|
|FIFO             |        0|     -|    28146|   19266|    -|
|Instance         |        -|    64|    10211|    9080|    -|
|Memory           |        -|     -|        -|       -|    -|
|Multiplexer      |        -|     -|        -|     134|    -|
|Register         |        -|     -|       67|       -|    -|
+-----------------+---------+------+---------+--------+-----+
|Total            |        0|    64|    38424|   28760|    0|
+-----------------+---------+------+---------+--------+-----+
|Available        |     1934|  1968|  1799680|  899840|  463|
+-----------------+---------+------+---------+--------+-----+
|Utilization (%)  |        0|     3|        2|       3|    0|
+-----------------+---------+------+---------+--------+-----+

+ Detail: 
    * Instance: 
    +----------------------------------------------------------------+-------------------------------------------------------------+---------+----+------+------+-----+
    |                            Instance                            |                            Module                           | BRAM_18K| DSP|  FF  |  LUT | URAM|
    +----------------------------------------------------------------+-------------------------------------------------------------+---------+----+------+------+-----+
    |B_Buf_to_stream579_U0                                           |B_Buf_to_stream579                                           |        0|   0|   264|   792|    0|
    |PE_false_false_102091_U0                                        |PE_false_false_102091                                        |        0|   1|    87|    52|    0|
    |PE_false_false_11081_U0                                         |PE_false_false_11081                                         |        0|   1|    87|    52|    0|
    |PE_false_false_112192_U0                                        |PE_false_false_112192                                        |        0|   1|    87|    52|    0|
    |PE_false_false_122293_U0                                        |PE_false_false_122293                                        |        0|   1|    87|    52|    0|
    |PE_false_false_132394_U0                                        |PE_false_false_132394                                        |        0|   1|    87|    52|    0|
    |PE_false_false_152596_U0                                        |PE_false_false_152596                                        |        0|   1|    86|    50|    0|
    |PE_false_false_162697_U0                                        |PE_false_false_162697                                        |        0|   1|    86|    50|    0|
    |PE_false_false_172798_U0                                        |PE_false_false_172798                                        |        0|   1|    87|    52|    0|
    |PE_false_false_182899_U0                                        |PE_false_false_182899                                        |        0|   1|    87|    52|    0|
    |PE_false_false_1929100_U0                                       |PE_false_false_1929100                                       |        0|   1|    87|    52|    0|
    |PE_false_false_2030101_U0                                       |PE_false_false_2030101                                       |        0|   1|    87|    52|    0|
    |PE_false_false_21182_U0                                         |PE_false_false_21182                                         |        0|   1|    87|    52|    0|
    |PE_false_false_2131102_U0                                       |PE_false_false_2131102                                       |        0|   1|    87|    52|    0|
    |PE_false_false_2333104_U0                                       |PE_false_false_2333104                                       |        0|   1|    87|    52|    0|
    |PE_false_false_2434105_U0                                       |PE_false_false_2434105                                       |        0|   1|    86|    50|    0|
    |PE_false_false_2535106_U0                                       |PE_false_false_2535106                                       |        0|   1|    86|    50|    0|
    |PE_false_false_2636107_U0                                       |PE_false_false_2636107                                       |        0|   1|    87|    52|    0|
    |PE_false_false_2737108_U0                                       |PE_false_false_2737108                                       |        0|   1|    87|    52|    0|
    |PE_false_false_2838109_U0                                       |PE_false_false_2838109                                       |        0|   1|    87|    52|    0|
    |PE_false_false_2939110_U0                                       |PE_false_false_2939110                                       |        0|   1|    87|    52|    0|
    |PE_false_false_31283_U0                                         |PE_false_false_31283                                         |        0|   1|    87|    52|    0|
    |PE_false_false_3141112_U0                                       |PE_false_false_3141112                                       |        0|   1|    87|    52|    0|
    |PE_false_false_3242113_U0                                       |PE_false_false_3242113                                       |        0|   1|    87|    52|    0|
    |PE_false_false_3343114_U0                                       |PE_false_false_3343114                                       |        0|   1|    86|    50|    0|
    |PE_false_false_3444115_U0                                       |PE_false_false_3444115                                       |        0|   1|    86|    50|    0|
    |PE_false_false_3545116_U0                                       |PE_false_false_3545116                                       |        0|   1|    87|    52|    0|
    |PE_false_false_3646117_U0                                       |PE_false_false_3646117                                       |        0|   1|    87|    52|    0|
    |PE_false_false_3747118_U0                                       |PE_false_false_3747118                                       |        0|   1|    87|    52|    0|
    |PE_false_false_3949120_U0                                       |PE_false_false_3949120                                       |        0|   1|    87|    52|    0|
    |PE_false_false_4050121_U0                                       |PE_false_false_4050121                                       |        0|   1|    87|    52|    0|
    |PE_false_false_41384_U0                                         |PE_false_false_41384                                         |        0|   1|    87|    52|    0|
    |PE_false_false_4151122_U0                                       |PE_false_false_4151122                                       |        0|   1|    87|    52|    0|
    |PE_false_false_4252123_U0                                       |PE_false_false_4252123                                       |        0|   1|    86|    50|    0|
    |PE_false_false_4353124_U0                                       |PE_false_false_4353124                                       |        0|   1|    86|    50|    0|
    |PE_false_false_4454125_U0                                       |PE_false_false_4454125                                       |        0|   1|    87|    52|    0|
    |PE_false_false_4555126_U0                                       |PE_false_false_4555126                                       |        0|   1|    87|    52|    0|
    |PE_false_false_4757128_U0                                       |PE_false_false_4757128                                       |        0|   1|    87|    52|    0|
    |PE_false_false_4858129_U0                                       |PE_false_false_4858129                                       |        0|   1|    87|    52|    0|
    |PE_false_false_4959130_U0                                       |PE_false_false_4959130                                       |        0|   1|    87|    52|    0|
    |PE_false_false_5060131_U0                                       |PE_false_false_5060131                                       |        0|   1|    87|    52|    0|
    |PE_false_false_51485_U0                                         |PE_false_false_51485                                         |        0|   1|    87|    52|    0|
    |PE_false_false_5161132_U0                                       |PE_false_false_5161132                                       |        0|   1|    86|    50|    0|
    |PE_false_false_5262133_U0                                       |PE_false_false_5262133                                       |        0|   1|    86|    50|    0|
    |PE_false_false_5363134_U0                                       |PE_false_false_5363134                                       |        0|   1|    87|    52|    0|
    |PE_false_false_61586_U0                                         |PE_false_false_61586                                         |        0|   1|    87|    52|    0|
    |PE_false_false_680_U0                                           |PE_false_false_680                                           |        0|   1|    86|    50|    0|
    |PE_false_false_71788_U0                                         |PE_false_false_71788                                         |        0|   1|    86|    50|    0|
    |PE_false_false_81889_U0                                         |PE_false_false_81889                                         |        0|   1|    87|    52|    0|
    |PE_false_false_91990_U0                                         |PE_false_false_91990                                         |        0|   1|    87|    52|    0|
    |PE_false_true_142495_U0                                         |PE_false_true_142495                                         |        0|   1|    87|    50|    0|
    |PE_false_true_1687_U0                                           |PE_false_true_1687                                           |        0|   1|    87|    50|    0|
    |PE_false_true_2232103_U0                                        |PE_false_true_2232103                                        |        0|   1|    87|    50|    0|
    |PE_false_true_3040111_U0                                        |PE_false_true_3040111                                        |        0|   1|    87|    50|    0|
    |PE_false_true_3848119_U0                                        |PE_false_true_3848119                                        |        0|   1|    87|    50|    0|
    |PE_false_true_4656127_U0                                        |PE_false_true_4656127                                        |        0|   1|    87|    50|    0|
    |PE_false_true_5464135_U0                                        |PE_false_true_5464135                                        |        0|   1|    87|    50|    0|
    |PE_true_false_5566137_U0                                        |PE_true_false_5566137                                        |        0|   1|    87|    50|    0|
    |PE_true_false_5667138_U0                                        |PE_true_false_5667138                                        |        0|   1|    87|    50|    0|
    |PE_true_false_5768139_U0                                        |PE_true_false_5768139                                        |        0|   1|    87|    50|    0|
    |PE_true_false_5869140_U0                                        |PE_true_false_5869140                                        |        0|   1|    87|    50|    0|
    |PE_true_false_5970141_U0                                        |PE_true_false_5970141                                        |        0|   1|    86|    48|    0|
    |PE_true_false_6071142_U0                                        |PE_true_false_6071142                                        |        0|   1|    86|    48|    0|
    |PE_true_false_65136_U0                                          |PE_true_false_65136                                          |        0|   1|    87|    50|    0|
    |PE_true_true_72143_U0                                           |PE_true_true_72143                                           |        0|   1|    86|    46|    0|
    |dataflow_in_loop_tile_loop_A_Block_newFuncRoot177_proc73144_U0  |dataflow_in_loop_tile_loop_A_Block_newFuncRoot177_proc73144  |        0|   0|   532|  1634|    0|
    |entry_proc_U0                                                   |entry_proc                                                   |        0|   0|     3|    10|    0|
    |load_tile_A377_U0                                               |load_tile_A377                                               |        0|   0|  3849|  2064|    0|
    |tile_A_to_stream478_U0                                          |tile_A_to_stream478                                          |        0|   0|    10|  1314|    0|
    +----------------------------------------------------------------+-------------------------------------------------------------+---------+----+------+------+-----+
    |Total                                                           |                                                             |        0|  64| 10211|  9080|    0|
    +----------------------------------------------------------------+-------------------------------------------------------------+---------+----+------+------+-----+

    * DSP: 
    N/A

    * Memory: 
    N/A

    * FIFO: 
    +---------------+---------+-----+----+-----+------+-----+---------+
    |      Name     | BRAM_18K|  FF | LUT| URAM| Depth| Bits| Size:D*B|
    +---------------+---------+-----+----+-----+------+-----+---------+
    |A_TILE63_U     |        0|  103|   0|    -|     2|   32|       64|
    |A_TILE_10_U    |        0|  103|   0|    -|     2|   32|       64|
    |A_TILE_11_U    |        0|  103|   0|    -|     2|   32|       64|
    |A_TILE_12_U    |        0|  103|   0|    -|     2|   32|       64|
    |A_TILE_13_U    |        0|  103|   0|    -|     2|   32|       64|
    |A_TILE_14_U    |        0|  103|   0|    -|     2|   32|       64|
    |A_TILE_15_U    |        0|  103|   0|    -|     2|   32|       64|
    |A_TILE_16_U    |        0|  103|   0|    -|     2|   32|       64|
    |A_TILE_17_U    |        0|  103|   0|    -|     2|   32|       64|
    |A_TILE_18_U    |        0|  103|   0|    -|     2|   32|       64|
    |A_TILE_19_U    |        0|  103|   0|    -|     2|   32|       64|
    |A_TILE_1_U     |        0|  103|   0|    -|     2|   32|       64|
    |A_TILE_20_U    |        0|  103|   0|    -|     2|   32|       64|
    |A_TILE_21_U    |        0|  103|   0|    -|     2|   32|       64|
    |A_TILE_22_U    |        0|  103|   0|    -|     2|   32|       64|
    |A_TILE_23_U    |        0|  103|   0|    -|     2|   32|       64|
    |A_TILE_24_U    |        0|  103|   0|    -|     2|   32|       64|
    |A_TILE_25_U    |        0|  103|   0|    -|     2|   32|       64|
    |A_TILE_26_U    |        0|  103|   0|    -|     2|   32|       64|
    |A_TILE_27_U    |        0|  103|   0|    -|     2|   32|       64|
    |A_TILE_28_U    |        0|  103|   0|    -|     2|   32|       64|
    |A_TILE_29_U    |        0|  103|   0|    -|     2|   32|       64|
    |A_TILE_2_U     |        0|  103|   0|    -|     2|   32|       64|
    |A_TILE_30_U    |        0|  103|   0|    -|     2|   32|       64|
    |A_TILE_31_U    |        0|  103|   0|    -|     2|   32|       64|
    |A_TILE_32_U    |        0|  103|   0|    -|     2|   32|       64|
    |A_TILE_33_U    |        0|  103|   0|    -|     2|   32|       64|
    |A_TILE_34_U    |        0|  103|   0|    -|     2|   32|       64|
    |A_TILE_35_U    |        0|  103|   0|    -|     2|   32|       64|
    |A_TILE_36_U    |        0|  103|   0|    -|     2|   32|       64|
    |A_TILE_37_U    |        0|  103|   0|    -|     2|   32|       64|
    |A_TILE_38_U    |        0|  103|   0|    -|     2|   32|       64|
    |A_TILE_39_U    |        0|  103|   0|    -|     2|   32|       64|
    |A_TILE_3_U     |        0|  103|   0|    -|     2|   32|       64|
    |A_TILE_40_U    |        0|  103|   0|    -|     2|   32|       64|
    |A_TILE_41_U    |        0|  103|   0|    -|     2|   32|       64|
    |A_TILE_42_U    |        0|  103|   0|    -|     2|   32|       64|
    |A_TILE_43_U    |        0|  103|   0|    -|     2|   32|       64|
    |A_TILE_44_U    |        0|  103|   0|    -|     2|   32|       64|
    |A_TILE_45_U    |        0|  103|   0|    -|     2|   32|       64|
    |A_TILE_46_U    |        0|  103|   0|    -|     2|   32|       64|
    |A_TILE_47_U    |        0|  103|   0|    -|     2|   32|       64|
    |A_TILE_48_U    |        0|  103|   0|    -|     2|   32|       64|
    |A_TILE_49_U    |        0|  103|   0|    -|     2|   32|       64|
    |A_TILE_4_U     |        0|  103|   0|    -|     2|   32|       64|
    |A_TILE_50_U    |        0|  103|   0|    -|     2|   32|       64|
    |A_TILE_51_U    |        0|  103|   0|    -|     2|   32|       64|
    |A_TILE_52_U    |        0|  103|   0|    -|     2|   32|       64|
    |A_TILE_53_U    |        0|  103|   0|    -|     2|   32|       64|
    |A_TILE_54_U    |        0|  103|   0|    -|     2|   32|       64|
    |A_TILE_55_U    |        0|  103|   0|    -|     2|   32|       64|
    |A_TILE_56_U    |        0|  103|   0|    -|     2|   32|       64|
    |A_TILE_57_U    |        0|  103|   0|    -|     2|   32|       64|
    |A_TILE_58_U    |        0|  103|   0|    -|     2|   32|       64|
    |A_TILE_59_U    |        0|  103|   0|    -|     2|   32|       64|
    |A_TILE_5_U     |        0|  103|   0|    -|     2|   32|       64|
    |A_TILE_60_U    |        0|  103|   0|    -|     2|   32|       64|
    |A_TILE_61_U    |        0|  103|   0|    -|     2|   32|       64|
    |A_TILE_62_U    |        0|  103|   0|    -|     2|   32|       64|
    |A_TILE_6_U     |        0|  103|   0|    -|     2|   32|       64|
    |A_TILE_7_U     |        0|  103|   0|    -|     2|   32|       64|
    |A_TILE_8_U     |        0|  103|   0|    -|     2|   32|       64|
    |A_TILE_9_U     |        0|  103|   0|    -|     2|   32|       64|
    |A_TILE_U       |        0|  103|   0|    -|     2|   32|       64|
    |A_stream_10_U  |        0|  112|   0|    -|    16|   32|      512|
    |A_stream_11_U  |        0|  112|   0|    -|    16|   32|      512|
    |A_stream_12_U  |        0|  112|   0|    -|    16|   32|      512|
    |A_stream_13_U  |        0|  112|   0|    -|    16|   32|      512|
    |A_stream_14_U  |        0|  112|   0|    -|    16|   32|      512|
    |A_stream_15_U  |        0|  112|   0|    -|    16|   32|      512|
    |A_stream_16_U  |        0|  112|   0|    -|    16|   32|      512|
    |A_stream_17_U  |        0|  112|   0|    -|    16|   32|      512|
    |A_stream_18_U  |        0|  112|   0|    -|    16|   32|      512|
    |A_stream_19_U  |        0|  112|   0|    -|    16|   32|      512|
    |A_stream_1_U   |        0|  112|   0|    -|    16|   32|      512|
    |A_stream_20_U  |        0|  112|   0|    -|    16|   32|      512|
    |A_stream_21_U  |        0|  112|   0|    -|    16|   32|      512|
    |A_stream_22_U  |        0|  112|   0|    -|    16|   32|      512|
    |A_stream_23_U  |        0|  112|   0|    -|    16|   32|      512|
    |A_stream_24_U  |        0|  112|   0|    -|    16|   32|      512|
    |A_stream_25_U  |        0|  112|   0|    -|    16|   32|      512|
    |A_stream_26_U  |        0|  112|   0|    -|    16|   32|      512|
    |A_stream_27_U  |        0|  112|   0|    -|    16|   32|      512|
    |A_stream_28_U  |        0|  112|   0|    -|    16|   32|      512|
    |A_stream_29_U  |        0|  112|   0|    -|    16|   32|      512|
    |A_stream_2_U   |        0|  112|   0|    -|    16|   32|      512|
    |A_stream_30_U  |        0|  112|   0|    -|    16|   32|      512|
    |A_stream_31_U  |        0|  112|   0|    -|    16|   32|      512|
    |A_stream_32_U  |        0|  112|   0|    -|    16|   32|      512|
    |A_stream_33_U  |        0|  112|   0|    -|    16|   32|      512|
    |A_stream_34_U  |        0|  112|   0|    -|    16|   32|      512|
    |A_stream_35_U  |        0|  112|   0|    -|    16|   32|      512|
    |A_stream_36_U  |        0|  112|   0|    -|    16|   32|      512|
    |A_stream_37_U  |        0|  112|   0|    -|    16|   32|      512|
    |A_stream_38_U  |        0|  112|   0|    -|    16|   32|      512|
    |A_stream_39_U  |        0|  112|   0|    -|    16|   32|      512|
    |A_stream_3_U   |        0|  112|   0|    -|    16|   32|      512|
    |A_stream_40_U  |        0|  112|   0|    -|    16|   32|      512|
    |A_stream_41_U  |        0|  112|   0|    -|    16|   32|      512|
    |A_stream_42_U  |        0|  112|   0|    -|    16|   32|      512|
    |A_stream_43_U  |        0|  112|   0|    -|    16|   32|      512|
    |A_stream_44_U  |        0|  112|   0|    -|    16|   32|      512|
    |A_stream_45_U  |        0|  112|   0|    -|    16|   32|      512|
    |A_stream_46_U  |        0|  112|   0|    -|    16|   32|      512|
    |A_stream_47_U  |        0|  112|   0|    -|    16|   32|      512|
    |A_stream_48_U  |        0|  112|   0|    -|    16|   32|      512|
    |A_stream_49_U  |        0|  112|   0|    -|    16|   32|      512|
    |A_stream_4_U   |        0|  112|   0|    -|    16|   32|      512|
    |A_stream_50_U  |        0|  112|   0|    -|    16|   32|      512|
    |A_stream_51_U  |        0|  112|   0|    -|    16|   32|      512|
    |A_stream_52_U  |        0|  112|   0|    -|    16|   32|      512|
    |A_stream_53_U  |        0|  112|   0|    -|    16|   32|      512|
    |A_stream_54_U  |        0|  112|   0|    -|    16|   32|      512|
    |A_stream_55_U  |        0|  112|   0|    -|    16|   32|      512|
    |A_stream_56_U  |        0|  112|   0|    -|    16|   32|      512|
    |A_stream_57_U  |        0|  112|   0|    -|    16|   32|      512|
    |A_stream_58_U  |        0|  112|   0|    -|    16|   32|      512|
    |A_stream_59_U  |        0|  112|   0|    -|    16|   32|      512|
    |A_stream_5_U   |        0|  112|   0|    -|    16|   32|      512|
    |A_stream_60_U  |        0|  112|   0|    -|    16|   32|      512|
    |A_stream_61_U  |        0|  112|   0|    -|    16|   32|      512|
    |A_stream_62_U  |        0|  112|   0|    -|    16|   32|      512|
    |A_stream_63_U  |        0|  112|   0|    -|    16|   32|      512|
    |A_stream_6_U   |        0|  112|   0|    -|    16|   32|      512|
    |A_stream_7_U   |        0|  112|   0|    -|    16|   32|      512|
    |A_stream_8_U   |        0|  112|   0|    -|    16|   32|      512|
    |A_stream_9_U   |        0|  112|   0|    -|    16|   32|      512|
    |A_stream_U     |        0|  112|   0|    -|    16|   32|      512|
    |B_stream_10_U  |        0|  112|   0|    -|    16|   32|      512|
    |B_stream_11_U  |        0|  112|   0|    -|    16|   32|      512|
    |B_stream_12_U  |        0|  112|   0|    -|    16|   32|      512|
    |B_stream_13_U  |        0|  112|   0|    -|    16|   32|      512|
    |B_stream_14_U  |        0|  112|   0|    -|    16|   32|      512|
    |B_stream_15_U  |        0|  112|   0|    -|    16|   32|      512|
    |B_stream_16_U  |        0|  112|   0|    -|    16|   32|      512|
    |B_stream_17_U  |        0|  112|   0|    -|    16|   32|      512|
    |B_stream_18_U  |        0|  112|   0|    -|    16|   32|      512|
    |B_stream_19_U  |        0|  112|   0|    -|    16|   32|      512|
    |B_stream_1_U   |        0|  112|   0|    -|    16|   32|      512|
    |B_stream_20_U  |        0|  112|   0|    -|    16|   32|      512|
    |B_stream_21_U  |        0|  112|   0|    -|    16|   32|      512|
    |B_stream_22_U  |        0|  112|   0|    -|    16|   32|      512|
    |B_stream_23_U  |        0|  112|   0|    -|    16|   32|      512|
    |B_stream_24_U  |        0|  112|   0|    -|    16|   32|      512|
    |B_stream_25_U  |        0|  112|   0|    -|    16|   32|      512|
    |B_stream_26_U  |        0|  112|   0|    -|    16|   32|      512|
    |B_stream_27_U  |        0|  112|   0|    -|    16|   32|      512|
    |B_stream_28_U  |        0|  112|   0|    -|    16|   32|      512|
    |B_stream_29_U  |        0|  112|   0|    -|    16|   32|      512|
    |B_stream_2_U   |        0|  112|   0|    -|    16|   32|      512|
    |B_stream_30_U  |        0|  112|   0|    -|    16|   32|      512|
    |B_stream_31_U  |        0|  112|   0|    -|    16|   32|      512|
    |B_stream_32_U  |        0|  112|   0|    -|    16|   32|      512|
    |B_stream_33_U  |        0|  112|   0|    -|    16|   32|      512|
    |B_stream_34_U  |        0|  112|   0|    -|    16|   32|      512|
    |B_stream_35_U  |        0|  112|   0|    -|    16|   32|      512|
    |B_stream_36_U  |        0|  112|   0|    -|    16|   32|      512|
    |B_stream_37_U  |        0|  112|   0|    -|    16|   32|      512|
    |B_stream_38_U  |        0|  112|   0|    -|    16|   32|      512|
    |B_stream_39_U  |        0|  112|   0|    -|    16|   32|      512|
    |B_stream_3_U   |        0|  112|   0|    -|    16|   32|      512|
    |B_stream_40_U  |        0|  112|   0|    -|    16|   32|      512|
    |B_stream_41_U  |        0|  112|   0|    -|    16|   32|      512|
    |B_stream_42_U  |        0|  112|   0|    -|    16|   32|      512|
    |B_stream_43_U  |        0|  112|   0|    -|    16|   32|      512|
    |B_stream_44_U  |        0|  112|   0|    -|    16|   32|      512|
    |B_stream_45_U  |        0|  112|   0|    -|    16|   32|      512|
    |B_stream_46_U  |        0|  112|   0|    -|    16|   32|      512|
    |B_stream_47_U  |        0|  112|   0|    -|    16|   32|      512|
    |B_stream_48_U  |        0|  112|   0|    -|    16|   32|      512|
    |B_stream_49_U  |        0|  112|   0|    -|    16|   32|      512|
    |B_stream_4_U   |        0|  112|   0|    -|    16|   32|      512|
    |B_stream_50_U  |        0|  112|   0|    -|    16|   32|      512|
    |B_stream_51_U  |        0|  112|   0|    -|    16|   32|      512|
    |B_stream_52_U  |        0|  112|   0|    -|    16|   32|      512|
    |B_stream_53_U  |        0|  112|   0|    -|    16|   32|      512|
    |B_stream_54_U  |        0|  112|   0|    -|    16|   32|      512|
    |B_stream_55_U  |        0|  112|   0|    -|    16|   32|      512|
    |B_stream_56_U  |        0|  112|   0|    -|    16|   32|      512|
    |B_stream_57_U  |        0|  112|   0|    -|    16|   32|      512|
    |B_stream_58_U  |        0|  112|   0|    -|    16|   32|      512|
    |B_stream_59_U  |        0|  112|   0|    -|    16|   32|      512|
    |B_stream_5_U   |        0|  112|   0|    -|    16|   32|      512|
    |B_stream_60_U  |        0|  112|   0|    -|    16|   32|      512|
    |B_stream_61_U  |        0|  112|   0|    -|    16|   32|      512|
    |B_stream_62_U  |        0|  112|   0|    -|    16|   32|      512|
    |B_stream_63_U  |        0|  112|   0|    -|    16|   32|      512|
    |B_stream_6_U   |        0|  112|   0|    -|    16|   32|      512|
    |B_stream_7_U   |        0|  112|   0|    -|    16|   32|      512|
    |B_stream_8_U   |        0|  112|   0|    -|    16|   32|      512|
    |B_stream_9_U   |        0|  112|   0|    -|    16|   32|      512|
    |B_stream_U     |        0|  112|   0|    -|    16|   32|      512|
    |C_stream_10_U  |        0|  112|   0|    -|    16|   32|      512|
    |C_stream_11_U  |        0|  112|   0|    -|    16|   32|      512|
    |C_stream_12_U  |        0|  112|   0|    -|    16|   32|      512|
    |C_stream_13_U  |        0|  112|   0|    -|    16|   32|      512|
    |C_stream_14_U  |        0|  112|   0|    -|    16|   32|      512|
    |C_stream_15_U  |        0|  112|   0|    -|    16|   32|      512|
    |C_stream_16_U  |        0|  112|   0|    -|    16|   32|      512|
    |C_stream_17_U  |        0|  112|   0|    -|    16|   32|      512|
    |C_stream_18_U  |        0|  112|   0|    -|    16|   32|      512|
    |C_stream_19_U  |        0|  112|   0|    -|    16|   32|      512|
    |C_stream_1_U   |        0|  112|   0|    -|    16|   32|      512|
    |C_stream_20_U  |        0|  112|   0|    -|    16|   32|      512|
    |C_stream_21_U  |        0|  112|   0|    -|    16|   32|      512|
    |C_stream_22_U  |        0|  112|   0|    -|    16|   32|      512|
    |C_stream_23_U  |        0|  112|   0|    -|    16|   32|      512|
    |C_stream_24_U  |        0|  112|   0|    -|    16|   32|      512|
    |C_stream_25_U  |        0|  112|   0|    -|    16|   32|      512|
    |C_stream_26_U  |        0|  112|   0|    -|    16|   32|      512|
    |C_stream_27_U  |        0|  112|   0|    -|    16|   32|      512|
    |C_stream_28_U  |        0|  112|   0|    -|    16|   32|      512|
    |C_stream_29_U  |        0|  112|   0|    -|    16|   32|      512|
    |C_stream_2_U   |        0|  112|   0|    -|    16|   32|      512|
    |C_stream_30_U  |        0|  112|   0|    -|    16|   32|      512|
    |C_stream_31_U  |        0|  112|   0|    -|    16|   32|      512|
    |C_stream_32_U  |        0|  112|   0|    -|    16|   32|      512|
    |C_stream_33_U  |        0|  112|   0|    -|    16|   32|      512|
    |C_stream_34_U  |        0|  112|   0|    -|    16|   32|      512|
    |C_stream_35_U  |        0|  112|   0|    -|    16|   32|      512|
    |C_stream_36_U  |        0|  112|   0|    -|    16|   32|      512|
    |C_stream_37_U  |        0|  112|   0|    -|    16|   32|      512|
    |C_stream_38_U  |        0|  112|   0|    -|    16|   32|      512|
    |C_stream_39_U  |        0|  112|   0|    -|    16|   32|      512|
    |C_stream_3_U   |        0|  112|   0|    -|    16|   32|      512|
    |C_stream_40_U  |        0|  112|   0|    -|    16|   32|      512|
    |C_stream_41_U  |        0|  112|   0|    -|    16|   32|      512|
    |C_stream_42_U  |        0|  112|   0|    -|    16|   32|      512|
    |C_stream_43_U  |        0|  112|   0|    -|    16|   32|      512|
    |C_stream_44_U  |        0|  112|   0|    -|    16|   32|      512|
    |C_stream_45_U  |        0|  112|   0|    -|    16|   32|      512|
    |C_stream_46_U  |        0|  112|   0|    -|    16|   32|      512|
    |C_stream_47_U  |        0|  112|   0|    -|    16|   32|      512|
    |C_stream_48_U  |        0|  112|   0|    -|    16|   32|      512|
    |C_stream_49_U  |        0|  112|   0|    -|    16|   32|      512|
    |C_stream_4_U   |        0|  112|   0|    -|    16|   32|      512|
    |C_stream_50_U  |        0|  112|   0|    -|    16|   32|      512|
    |C_stream_51_U  |        0|  112|   0|    -|    16|   32|      512|
    |C_stream_52_U  |        0|  112|   0|    -|    16|   32|      512|
    |C_stream_53_U  |        0|  112|   0|    -|    16|   32|      512|
    |C_stream_54_U  |        0|  112|   0|    -|    16|   32|      512|
    |C_stream_55_U  |        0|  112|   0|    -|    16|   32|      512|
    |C_stream_56_U  |        0|  112|   0|    -|    16|   32|      512|
    |C_stream_57_U  |        0|  112|   0|    -|    16|   32|      512|
    |C_stream_58_U  |        0|  112|   0|    -|    16|   32|      512|
    |C_stream_59_U  |        0|  112|   0|    -|    16|   32|      512|
    |C_stream_5_U   |        0|  112|   0|    -|    16|   32|      512|
    |C_stream_60_U  |        0|  112|   0|    -|    16|   32|      512|
    |C_stream_61_U  |        0|  112|   0|    -|    16|   32|      512|
    |C_stream_62_U  |        0|  112|   0|    -|    16|   32|      512|
    |C_stream_63_U  |        0|  112|   0|    -|    16|   32|      512|
    |C_stream_6_U   |        0|  112|   0|    -|    16|   32|      512|
    |C_stream_7_U   |        0|  112|   0|    -|    16|   32|      512|
    |C_stream_8_U   |        0|  112|   0|    -|    16|   32|      512|
    |C_stream_9_U   |        0|  112|   0|    -|    16|   32|      512|
    |C_stream_U     |        0|  112|   0|    -|    16|   32|      512|
    |tileA_i_c_U    |        0|   25|   0|    -|    19|    2|       38|
    |tileB_c_U      |        0|   25|   0|    -|    19|    1|       19|
    +---------------+---------+-----+----+-----+------+-----+---------+
    |Total          |        0|28146|   0|    0|  3238| 8195|   102457|
    +---------------+---------+-----+----+-----+------+-----+---------+

    * Expression: 
    +----------------------------------------+----------+----+---+----+------------+------------+
    |              Variable Name             | Operation| DSP| FF| LUT| Bitwidth P0| Bitwidth P1|
    +----------------------------------------+----------+----+---+----+------------+------------+
    |B_Buf_to_stream579_U0_ap_start          |       and|   0|  0|   2|           1|           1|
    |B_Buf_to_stream579_U0_start_full_n      |       and|   0|  0|   2|           1|           1|
    |ap_channel_done_A_TILE                  |       and|   0|  0|   2|           1|           1|
    |ap_channel_done_A_TILE63                |       and|   0|  0|   2|           1|           1|
    |ap_channel_done_A_TILE_1                |       and|   0|  0|   2|           1|           1|
    |ap_channel_done_A_TILE_10               |       and|   0|  0|   2|           1|           1|
    |ap_channel_done_A_TILE_11               |       and|   0|  0|   2|           1|           1|
    |ap_channel_done_A_TILE_12               |       and|   0|  0|   2|           1|           1|
    |ap_channel_done_A_TILE_13               |       and|   0|  0|   2|           1|           1|
    |ap_channel_done_A_TILE_14               |       and|   0|  0|   2|           1|           1|
    |ap_channel_done_A_TILE_15               |       and|   0|  0|   2|           1|           1|
    |ap_channel_done_A_TILE_16               |       and|   0|  0|   2|           1|           1|
    |ap_channel_done_A_TILE_17               |       and|   0|  0|   2|           1|           1|
    |ap_channel_done_A_TILE_18               |       and|   0|  0|   2|           1|           1|
    |ap_channel_done_A_TILE_19               |       and|   0|  0|   2|           1|           1|
    |ap_channel_done_A_TILE_2                |       and|   0|  0|   2|           1|           1|
    |ap_channel_done_A_TILE_20               |       and|   0|  0|   2|           1|           1|
    |ap_channel_done_A_TILE_21               |       and|   0|  0|   2|           1|           1|
    |ap_channel_done_A_TILE_22               |       and|   0|  0|   2|           1|           1|
    |ap_channel_done_A_TILE_23               |       and|   0|  0|   2|           1|           1|
    |ap_channel_done_A_TILE_24               |       and|   0|  0|   2|           1|           1|
    |ap_channel_done_A_TILE_25               |       and|   0|  0|   2|           1|           1|
    |ap_channel_done_A_TILE_26               |       and|   0|  0|   2|           1|           1|
    |ap_channel_done_A_TILE_27               |       and|   0|  0|   2|           1|           1|
    |ap_channel_done_A_TILE_28               |       and|   0|  0|   2|           1|           1|
    |ap_channel_done_A_TILE_29               |       and|   0|  0|   2|           1|           1|
    |ap_channel_done_A_TILE_3                |       and|   0|  0|   2|           1|           1|
    |ap_channel_done_A_TILE_30               |       and|   0|  0|   2|           1|           1|
    |ap_channel_done_A_TILE_31               |       and|   0|  0|   2|           1|           1|
    |ap_channel_done_A_TILE_32               |       and|   0|  0|   2|           1|           1|
    |ap_channel_done_A_TILE_33               |       and|   0|  0|   2|           1|           1|
    |ap_channel_done_A_TILE_34               |       and|   0|  0|   2|           1|           1|
    |ap_channel_done_A_TILE_35               |       and|   0|  0|   2|           1|           1|
    |ap_channel_done_A_TILE_36               |       and|   0|  0|   2|           1|           1|
    |ap_channel_done_A_TILE_37               |       and|   0|  0|   2|           1|           1|
    |ap_channel_done_A_TILE_38               |       and|   0|  0|   2|           1|           1|
    |ap_channel_done_A_TILE_39               |       and|   0|  0|   2|           1|           1|
    |ap_channel_done_A_TILE_4                |       and|   0|  0|   2|           1|           1|
    |ap_channel_done_A_TILE_40               |       and|   0|  0|   2|           1|           1|
    |ap_channel_done_A_TILE_41               |       and|   0|  0|   2|           1|           1|
    |ap_channel_done_A_TILE_42               |       and|   0|  0|   2|           1|           1|
    |ap_channel_done_A_TILE_43               |       and|   0|  0|   2|           1|           1|
    |ap_channel_done_A_TILE_44               |       and|   0|  0|   2|           1|           1|
    |ap_channel_done_A_TILE_45               |       and|   0|  0|   2|           1|           1|
    |ap_channel_done_A_TILE_46               |       and|   0|  0|   2|           1|           1|
    |ap_channel_done_A_TILE_47               |       and|   0|  0|   2|           1|           1|
    |ap_channel_done_A_TILE_48               |       and|   0|  0|   2|           1|           1|
    |ap_channel_done_A_TILE_49               |       and|   0|  0|   2|           1|           1|
    |ap_channel_done_A_TILE_5                |       and|   0|  0|   2|           1|           1|
    |ap_channel_done_A_TILE_50               |       and|   0|  0|   2|           1|           1|
    |ap_channel_done_A_TILE_51               |       and|   0|  0|   2|           1|           1|
    |ap_channel_done_A_TILE_52               |       and|   0|  0|   2|           1|           1|
    |ap_channel_done_A_TILE_53               |       and|   0|  0|   2|           1|           1|
    |ap_channel_done_A_TILE_54               |       and|   0|  0|   2|           1|           1|
    |ap_channel_done_A_TILE_55               |       and|   0|  0|   2|           1|           1|
    |ap_channel_done_A_TILE_56               |       and|   0|  0|   2|           1|           1|
    |ap_channel_done_A_TILE_57               |       and|   0|  0|   2|           1|           1|
    |ap_channel_done_A_TILE_58               |       and|   0|  0|   2|           1|           1|
    |ap_channel_done_A_TILE_59               |       and|   0|  0|   2|           1|           1|
    |ap_channel_done_A_TILE_6                |       and|   0|  0|   2|           1|           1|
    |ap_channel_done_A_TILE_60               |       and|   0|  0|   2|           1|           1|
    |ap_channel_done_A_TILE_61               |       and|   0|  0|   2|           1|           1|
    |ap_channel_done_A_TILE_62               |       and|   0|  0|   2|           1|           1|
    |ap_channel_done_A_TILE_7                |       and|   0|  0|   2|           1|           1|
    |ap_channel_done_A_TILE_8                |       and|   0|  0|   2|           1|           1|
    |ap_channel_done_A_TILE_9                |       and|   0|  0|   2|           1|           1|
    |ap_idle                                 |       and|   0|  0|   2|           1|           1|
    |ap_sync_ready                           |       and|   0|  0|   2|           1|           1|
    |entry_proc_U0_ap_start                  |       and|   0|  0|   2|           1|           1|
    |load_tile_A377_U0_ap_continue           |       and|   0|  0|   2|           1|           1|
    |load_tile_A377_U0_ap_start              |       and|   0|  0|   2|           1|           1|
    |tile_A_to_stream478_U0_ap_start         |       and|   0|  0|   2|           1|           1|
    |tile_A_to_stream478_U0_start_full_n     |       and|   0|  0|   2|           1|           1|
    |ap_sync_B_Buf_to_stream579_U0_ap_ready  |        or|   0|  0|   2|           1|           1|
    |ap_sync_channel_write_A_TILE            |        or|   0|  0|   2|           1|           1|
    |ap_sync_channel_write_A_TILE63          |        or|   0|  0|   2|           1|           1|
    |ap_sync_channel_write_A_TILE_1          |        or|   0|  0|   2|           1|           1|
    |ap_sync_channel_write_A_TILE_10         |        or|   0|  0|   2|           1|           1|
    |ap_sync_channel_write_A_TILE_11         |        or|   0|  0|   2|           1|           1|
    |ap_sync_channel_write_A_TILE_12         |        or|   0|  0|   2|           1|           1|
    |ap_sync_channel_write_A_TILE_13         |        or|   0|  0|   2|           1|           1|
    |ap_sync_channel_write_A_TILE_14         |        or|   0|  0|   2|           1|           1|
    |ap_sync_channel_write_A_TILE_15         |        or|   0|  0|   2|           1|           1|
    |ap_sync_channel_write_A_TILE_16         |        or|   0|  0|   2|           1|           1|
    |ap_sync_channel_write_A_TILE_17         |        or|   0|  0|   2|           1|           1|
    |ap_sync_channel_write_A_TILE_18         |        or|   0|  0|   2|           1|           1|
    |ap_sync_channel_write_A_TILE_19         |        or|   0|  0|   2|           1|           1|
    |ap_sync_channel_write_A_TILE_2          |        or|   0|  0|   2|           1|           1|
    |ap_sync_channel_write_A_TILE_20         |        or|   0|  0|   2|           1|           1|
    |ap_sync_channel_write_A_TILE_21         |        or|   0|  0|   2|           1|           1|
    |ap_sync_channel_write_A_TILE_22         |        or|   0|  0|   2|           1|           1|
    |ap_sync_channel_write_A_TILE_23         |        or|   0|  0|   2|           1|           1|
    |ap_sync_channel_write_A_TILE_24         |        or|   0|  0|   2|           1|           1|
    |ap_sync_channel_write_A_TILE_25         |        or|   0|  0|   2|           1|           1|
    |ap_sync_channel_write_A_TILE_26         |        or|   0|  0|   2|           1|           1|
    |ap_sync_channel_write_A_TILE_27         |        or|   0|  0|   2|           1|           1|
    |ap_sync_channel_write_A_TILE_28         |        or|   0|  0|   2|           1|           1|
    |ap_sync_channel_write_A_TILE_29         |        or|   0|  0|   2|           1|           1|
    |ap_sync_channel_write_A_TILE_3          |        or|   0|  0|   2|           1|           1|
    |ap_sync_channel_write_A_TILE_30         |        or|   0|  0|   2|           1|           1|
    |ap_sync_channel_write_A_TILE_31         |        or|   0|  0|   2|           1|           1|
    |ap_sync_channel_write_A_TILE_32         |        or|   0|  0|   2|           1|           1|
    |ap_sync_channel_write_A_TILE_33         |        or|   0|  0|   2|           1|           1|
    |ap_sync_channel_write_A_TILE_34         |        or|   0|  0|   2|           1|           1|
    |ap_sync_channel_write_A_TILE_35         |        or|   0|  0|   2|           1|           1|
    |ap_sync_channel_write_A_TILE_36         |        or|   0|  0|   2|           1|           1|
    |ap_sync_channel_write_A_TILE_37         |        or|   0|  0|   2|           1|           1|
    |ap_sync_channel_write_A_TILE_38         |        or|   0|  0|   2|           1|           1|
    |ap_sync_channel_write_A_TILE_39         |        or|   0|  0|   2|           1|           1|
    |ap_sync_channel_write_A_TILE_4          |        or|   0|  0|   2|           1|           1|
    |ap_sync_channel_write_A_TILE_40         |        or|   0|  0|   2|           1|           1|
    |ap_sync_channel_write_A_TILE_41         |        or|   0|  0|   2|           1|           1|
    |ap_sync_channel_write_A_TILE_42         |        or|   0|  0|   2|           1|           1|
    |ap_sync_channel_write_A_TILE_43         |        or|   0|  0|   2|           1|           1|
    |ap_sync_channel_write_A_TILE_44         |        or|   0|  0|   2|           1|           1|
    |ap_sync_channel_write_A_TILE_45         |        or|   0|  0|   2|           1|           1|
    |ap_sync_channel_write_A_TILE_46         |        or|   0|  0|   2|           1|           1|
    |ap_sync_channel_write_A_TILE_47         |        or|   0|  0|   2|           1|           1|
    |ap_sync_channel_write_A_TILE_48         |        or|   0|  0|   2|           1|           1|
    |ap_sync_channel_write_A_TILE_49         |        or|   0|  0|   2|           1|           1|
    |ap_sync_channel_write_A_TILE_5          |        or|   0|  0|   2|           1|           1|
    |ap_sync_channel_write_A_TILE_50         |        or|   0|  0|   2|           1|           1|
    |ap_sync_channel_write_A_TILE_51         |        or|   0|  0|   2|           1|           1|
    |ap_sync_channel_write_A_TILE_52         |        or|   0|  0|   2|           1|           1|
    |ap_sync_channel_write_A_TILE_53         |        or|   0|  0|   2|           1|           1|
    |ap_sync_channel_write_A_TILE_54         |        or|   0|  0|   2|           1|           1|
    |ap_sync_channel_write_A_TILE_55         |        or|   0|  0|   2|           1|           1|
    |ap_sync_channel_write_A_TILE_56         |        or|   0|  0|   2|           1|           1|
    |ap_sync_channel_write_A_TILE_57         |        or|   0|  0|   2|           1|           1|
    |ap_sync_channel_write_A_TILE_58         |        or|   0|  0|   2|           1|           1|
    |ap_sync_channel_write_A_TILE_59         |        or|   0|  0|   2|           1|           1|
    |ap_sync_channel_write_A_TILE_6          |        or|   0|  0|   2|           1|           1|
    |ap_sync_channel_write_A_TILE_60         |        or|   0|  0|   2|           1|           1|
    |ap_sync_channel_write_A_TILE_61         |        or|   0|  0|   2|           1|           1|
    |ap_sync_channel_write_A_TILE_62         |        or|   0|  0|   2|           1|           1|
    |ap_sync_channel_write_A_TILE_7          |        or|   0|  0|   2|           1|           1|
    |ap_sync_channel_write_A_TILE_8          |        or|   0|  0|   2|           1|           1|
    |ap_sync_channel_write_A_TILE_9          |        or|   0|  0|   2|           1|           1|
    |ap_sync_entry_proc_U0_ap_ready          |        or|   0|  0|   2|           1|           1|
    |ap_sync_load_tile_A377_U0_ap_ready      |        or|   0|  0|   2|           1|           1|
    +----------------------------------------+----------+----+---+----+------------+------------+
    |Total                                   |          |   0|  0| 280|         140|         140|
    +----------------------------------------+----------+----+---+----+------------+------------+

    * Multiplexer: 
    +--------------------------------------------+----+-----------+-----+-----------+
    |                    Name                    | LUT| Input Size| Bits| Total Bits|
    +--------------------------------------------+----+-----------+-----+-----------+
    |ap_sync_reg_B_Buf_to_stream579_U0_ap_ready  |   2|          2|    1|          2|
    |ap_sync_reg_channel_write_A_TILE            |   2|          2|    1|          2|
    |ap_sync_reg_channel_write_A_TILE63          |   2|          2|    1|          2|
    |ap_sync_reg_channel_write_A_TILE_1          |   2|          2|    1|          2|
    |ap_sync_reg_channel_write_A_TILE_10         |   2|          2|    1|          2|
    |ap_sync_reg_channel_write_A_TILE_11         |   2|          2|    1|          2|
    |ap_sync_reg_channel_write_A_TILE_12         |   2|          2|    1|          2|
    |ap_sync_reg_channel_write_A_TILE_13         |   2|          2|    1|          2|
    |ap_sync_reg_channel_write_A_TILE_14         |   2|          2|    1|          2|
    |ap_sync_reg_channel_write_A_TILE_15         |   2|          2|    1|          2|
    |ap_sync_reg_channel_write_A_TILE_16         |   2|          2|    1|          2|
    |ap_sync_reg_channel_write_A_TILE_17         |   2|          2|    1|          2|
    |ap_sync_reg_channel_write_A_TILE_18         |   2|          2|    1|          2|
    |ap_sync_reg_channel_write_A_TILE_19         |   2|          2|    1|          2|
    |ap_sync_reg_channel_write_A_TILE_2          |   2|          2|    1|          2|
    |ap_sync_reg_channel_write_A_TILE_20         |   2|          2|    1|          2|
    |ap_sync_reg_channel_write_A_TILE_21         |   2|          2|    1|          2|
    |ap_sync_reg_channel_write_A_TILE_22         |   2|          2|    1|          2|
    |ap_sync_reg_channel_write_A_TILE_23         |   2|          2|    1|          2|
    |ap_sync_reg_channel_write_A_TILE_24         |   2|          2|    1|          2|
    |ap_sync_reg_channel_write_A_TILE_25         |   2|          2|    1|          2|
    |ap_sync_reg_channel_write_A_TILE_26         |   2|          2|    1|          2|
    |ap_sync_reg_channel_write_A_TILE_27         |   2|          2|    1|          2|
    |ap_sync_reg_channel_write_A_TILE_28         |   2|          2|    1|          2|
    |ap_sync_reg_channel_write_A_TILE_29         |   2|          2|    1|          2|
    |ap_sync_reg_channel_write_A_TILE_3          |   2|          2|    1|          2|
    |ap_sync_reg_channel_write_A_TILE_30         |   2|          2|    1|          2|
    |ap_sync_reg_channel_write_A_TILE_31         |   2|          2|    1|          2|
    |ap_sync_reg_channel_write_A_TILE_32         |   2|          2|    1|          2|
    |ap_sync_reg_channel_write_A_TILE_33         |   2|          2|    1|          2|
    |ap_sync_reg_channel_write_A_TILE_34         |   2|          2|    1|          2|
    |ap_sync_reg_channel_write_A_TILE_35         |   2|          2|    1|          2|
    |ap_sync_reg_channel_write_A_TILE_36         |   2|          2|    1|          2|
    |ap_sync_reg_channel_write_A_TILE_37         |   2|          2|    1|          2|
    |ap_sync_reg_channel_write_A_TILE_38         |   2|          2|    1|          2|
    |ap_sync_reg_channel_write_A_TILE_39         |   2|          2|    1|          2|
    |ap_sync_reg_channel_write_A_TILE_4          |   2|          2|    1|          2|
    |ap_sync_reg_channel_write_A_TILE_40         |   2|          2|    1|          2|
    |ap_sync_reg_channel_write_A_TILE_41         |   2|          2|    1|          2|
    |ap_sync_reg_channel_write_A_TILE_42         |   2|          2|    1|          2|
    |ap_sync_reg_channel_write_A_TILE_43         |   2|          2|    1|          2|
    |ap_sync_reg_channel_write_A_TILE_44         |   2|          2|    1|          2|
    |ap_sync_reg_channel_write_A_TILE_45         |   2|          2|    1|          2|
    |ap_sync_reg_channel_write_A_TILE_46         |   2|          2|    1|          2|
    |ap_sync_reg_channel_write_A_TILE_47         |   2|          2|    1|          2|
    |ap_sync_reg_channel_write_A_TILE_48         |   2|          2|    1|          2|
    |ap_sync_reg_channel_write_A_TILE_49         |   2|          2|    1|          2|
    |ap_sync_reg_channel_write_A_TILE_5          |   2|          2|    1|          2|
    |ap_sync_reg_channel_write_A_TILE_50         |   2|          2|    1|          2|
    |ap_sync_reg_channel_write_A_TILE_51         |   2|          2|    1|          2|
    |ap_sync_reg_channel_write_A_TILE_52         |   2|          2|    1|          2|
    |ap_sync_reg_channel_write_A_TILE_53         |   2|          2|    1|          2|
    |ap_sync_reg_channel_write_A_TILE_54         |   2|          2|    1|          2|
    |ap_sync_reg_channel_write_A_TILE_55         |   2|          2|    1|          2|
    |ap_sync_reg_channel_write_A_TILE_56         |   2|          2|    1|          2|
    |ap_sync_reg_channel_write_A_TILE_57         |   2|          2|    1|          2|
    |ap_sync_reg_channel_write_A_TILE_58         |   2|          2|    1|          2|
    |ap_sync_reg_channel_write_A_TILE_59         |   2|          2|    1|          2|
    |ap_sync_reg_channel_write_A_TILE_6          |   2|          2|    1|          2|
    |ap_sync_reg_channel_write_A_TILE_60         |   2|          2|    1|          2|
    |ap_sync_reg_channel_write_A_TILE_61         |   2|          2|    1|          2|
    |ap_sync_reg_channel_write_A_TILE_62         |   2|          2|    1|          2|
    |ap_sync_reg_channel_write_A_TILE_7          |   2|          2|    1|          2|
    |ap_sync_reg_channel_write_A_TILE_8          |   2|          2|    1|          2|
    |ap_sync_reg_channel_write_A_TILE_9          |   2|          2|    1|          2|
    |ap_sync_reg_entry_proc_U0_ap_ready          |   2|          2|    1|          2|
    |ap_sync_reg_load_tile_A377_U0_ap_ready      |   2|          2|    1|          2|
    +--------------------------------------------+----+-----------+-----+-----------+
    |Total                                       | 134|        134|   67|        134|
    +--------------------------------------------+----+-----------+-----+-----------+

    * Register: 
    +--------------------------------------------+---+----+-----+-----------+
    |                    Name                    | FF| LUT| Bits| Const Bits|
    +--------------------------------------------+---+----+-----+-----------+
    |ap_sync_reg_B_Buf_to_stream579_U0_ap_ready  |  1|   0|    1|          0|
    |ap_sync_reg_channel_write_A_TILE            |  1|   0|    1|          0|
    |ap_sync_reg_channel_write_A_TILE63          |  1|   0|    1|          0|
    |ap_sync_reg_channel_write_A_TILE_1          |  1|   0|    1|          0|
    |ap_sync_reg_channel_write_A_TILE_10         |  1|   0|    1|          0|
    |ap_sync_reg_channel_write_A_TILE_11         |  1|   0|    1|          0|
    |ap_sync_reg_channel_write_A_TILE_12         |  1|   0|    1|          0|
    |ap_sync_reg_channel_write_A_TILE_13         |  1|   0|    1|          0|
    |ap_sync_reg_channel_write_A_TILE_14         |  1|   0|    1|          0|
    |ap_sync_reg_channel_write_A_TILE_15         |  1|   0|    1|          0|
    |ap_sync_reg_channel_write_A_TILE_16         |  1|   0|    1|          0|
    |ap_sync_reg_channel_write_A_TILE_17         |  1|   0|    1|          0|
    |ap_sync_reg_channel_write_A_TILE_18         |  1|   0|    1|          0|
    |ap_sync_reg_channel_write_A_TILE_19         |  1|   0|    1|          0|
    |ap_sync_reg_channel_write_A_TILE_2          |  1|   0|    1|          0|
    |ap_sync_reg_channel_write_A_TILE_20         |  1|   0|    1|          0|
    |ap_sync_reg_channel_write_A_TILE_21         |  1|   0|    1|          0|
    |ap_sync_reg_channel_write_A_TILE_22         |  1|   0|    1|          0|
    |ap_sync_reg_channel_write_A_TILE_23         |  1|   0|    1|          0|
    |ap_sync_reg_channel_write_A_TILE_24         |  1|   0|    1|          0|
    |ap_sync_reg_channel_write_A_TILE_25         |  1|   0|    1|          0|
    |ap_sync_reg_channel_write_A_TILE_26         |  1|   0|    1|          0|
    |ap_sync_reg_channel_write_A_TILE_27         |  1|   0|    1|          0|
    |ap_sync_reg_channel_write_A_TILE_28         |  1|   0|    1|          0|
    |ap_sync_reg_channel_write_A_TILE_29         |  1|   0|    1|          0|
    |ap_sync_reg_channel_write_A_TILE_3          |  1|   0|    1|          0|
    |ap_sync_reg_channel_write_A_TILE_30         |  1|   0|    1|          0|
    |ap_sync_reg_channel_write_A_TILE_31         |  1|   0|    1|          0|
    |ap_sync_reg_channel_write_A_TILE_32         |  1|   0|    1|          0|
    |ap_sync_reg_channel_write_A_TILE_33         |  1|   0|    1|          0|
    |ap_sync_reg_channel_write_A_TILE_34         |  1|   0|    1|          0|
    |ap_sync_reg_channel_write_A_TILE_35         |  1|   0|    1|          0|
    |ap_sync_reg_channel_write_A_TILE_36         |  1|   0|    1|          0|
    |ap_sync_reg_channel_write_A_TILE_37         |  1|   0|    1|          0|
    |ap_sync_reg_channel_write_A_TILE_38         |  1|   0|    1|          0|
    |ap_sync_reg_channel_write_A_TILE_39         |  1|   0|    1|          0|
    |ap_sync_reg_channel_write_A_TILE_4          |  1|   0|    1|          0|
    |ap_sync_reg_channel_write_A_TILE_40         |  1|   0|    1|          0|
    |ap_sync_reg_channel_write_A_TILE_41         |  1|   0|    1|          0|
    |ap_sync_reg_channel_write_A_TILE_42         |  1|   0|    1|          0|
    |ap_sync_reg_channel_write_A_TILE_43         |  1|   0|    1|          0|
    |ap_sync_reg_channel_write_A_TILE_44         |  1|   0|    1|          0|
    |ap_sync_reg_channel_write_A_TILE_45         |  1|   0|    1|          0|
    |ap_sync_reg_channel_write_A_TILE_46         |  1|   0|    1|          0|
    |ap_sync_reg_channel_write_A_TILE_47         |  1|   0|    1|          0|
    |ap_sync_reg_channel_write_A_TILE_48         |  1|   0|    1|          0|
    |ap_sync_reg_channel_write_A_TILE_49         |  1|   0|    1|          0|
    |ap_sync_reg_channel_write_A_TILE_5          |  1|   0|    1|          0|
    |ap_sync_reg_channel_write_A_TILE_50         |  1|   0|    1|          0|
    |ap_sync_reg_channel_write_A_TILE_51         |  1|   0|    1|          0|
    |ap_sync_reg_channel_write_A_TILE_52         |  1|   0|    1|          0|
    |ap_sync_reg_channel_write_A_TILE_53         |  1|   0|    1|          0|
    |ap_sync_reg_channel_write_A_TILE_54         |  1|   0|    1|          0|
    |ap_sync_reg_channel_write_A_TILE_55         |  1|   0|    1|          0|
    |ap_sync_reg_channel_write_A_TILE_56         |  1|   0|    1|          0|
    |ap_sync_reg_channel_write_A_TILE_57         |  1|   0|    1|          0|
    |ap_sync_reg_channel_write_A_TILE_58         |  1|   0|    1|          0|
    |ap_sync_reg_channel_write_A_TILE_59         |  1|   0|    1|          0|
    |ap_sync_reg_channel_write_A_TILE_6          |  1|   0|    1|          0|
    |ap_sync_reg_channel_write_A_TILE_60         |  1|   0|    1|          0|
    |ap_sync_reg_channel_write_A_TILE_61         |  1|   0|    1|          0|
    |ap_sync_reg_channel_write_A_TILE_62         |  1|   0|    1|          0|
    |ap_sync_reg_channel_write_A_TILE_7          |  1|   0|    1|          0|
    |ap_sync_reg_channel_write_A_TILE_8          |  1|   0|    1|          0|
    |ap_sync_reg_channel_write_A_TILE_9          |  1|   0|    1|          0|
    |ap_sync_reg_entry_proc_U0_ap_ready          |  1|   0|    1|          0|
    |ap_sync_reg_load_tile_A377_U0_ap_ready      |  1|   0|    1|          0|
    +--------------------------------------------+---+----+-----+-----------+
    |Total                                       | 67|   0|   67|          0|
    +--------------------------------------------+---+----+-----+-----------+



================================================================
== Interface
================================================================
* Summary: 
+--------------------+-----+-----+------------+--------------------------------+--------------+
|      RTL Ports     | Dir | Bits|  Protocol  |          Source Object         |    C Type    |
+--------------------+-----+-----+------------+--------------------------------+--------------+
|B_TILE_i            |   in|   32|     ap_none|                        B_TILE_i|       pointer|
|B_TILE_i_ap_vld     |   in|    1|     ap_none|                        B_TILE_i|       pointer|
|B_TILE_1_i          |   in|   32|     ap_none|                      B_TILE_1_i|       pointer|
|B_TILE_1_i_ap_vld   |   in|    1|     ap_none|                      B_TILE_1_i|       pointer|
|B_TILE_2_i          |   in|   32|     ap_none|                      B_TILE_2_i|       pointer|
|B_TILE_2_i_ap_vld   |   in|    1|     ap_none|                      B_TILE_2_i|       pointer|
|B_TILE_3_i          |   in|   32|     ap_none|                      B_TILE_3_i|       pointer|
|B_TILE_3_i_ap_vld   |   in|    1|     ap_none|                      B_TILE_3_i|       pointer|
|B_TILE_4_i          |   in|   32|     ap_none|                      B_TILE_4_i|       pointer|
|B_TILE_4_i_ap_vld   |   in|    1|     ap_none|                      B_TILE_4_i|       pointer|
|B_TILE_5_i          |   in|   32|     ap_none|                      B_TILE_5_i|       pointer|
|B_TILE_5_i_ap_vld   |   in|    1|     ap_none|                      B_TILE_5_i|       pointer|
|B_TILE_6_i          |   in|   32|     ap_none|                      B_TILE_6_i|       pointer|
|B_TILE_6_i_ap_vld   |   in|    1|     ap_none|                      B_TILE_6_i|       pointer|
|B_TILE_7_i          |   in|   32|     ap_none|                      B_TILE_7_i|       pointer|
|B_TILE_7_i_ap_vld   |   in|    1|     ap_none|                      B_TILE_7_i|       pointer|
|B_TILE_8_i          |   in|   32|     ap_none|                      B_TILE_8_i|       pointer|
|B_TILE_8_i_ap_vld   |   in|    1|     ap_none|                      B_TILE_8_i|       pointer|
|B_TILE_9_i          |   in|   32|     ap_none|                      B_TILE_9_i|       pointer|
|B_TILE_9_i_ap_vld   |   in|    1|     ap_none|                      B_TILE_9_i|       pointer|
|B_TILE_10_i         |   in|   32|     ap_none|                     B_TILE_10_i|       pointer|
|B_TILE_10_i_ap_vld  |   in|    1|     ap_none|                     B_TILE_10_i|       pointer|
|B_TILE_11_i         |   in|   32|     ap_none|                     B_TILE_11_i|       pointer|
|B_TILE_11_i_ap_vld  |   in|    1|     ap_none|                     B_TILE_11_i|       pointer|
|B_TILE_12_i         |   in|   32|     ap_none|                     B_TILE_12_i|       pointer|
|B_TILE_12_i_ap_vld  |   in|    1|     ap_none|                     B_TILE_12_i|       pointer|
|B_TILE_13_i         |   in|   32|     ap_none|                     B_TILE_13_i|       pointer|
|B_TILE_13_i_ap_vld  |   in|    1|     ap_none|                     B_TILE_13_i|       pointer|
|B_TILE_14_i         |   in|   32|     ap_none|                     B_TILE_14_i|       pointer|
|B_TILE_14_i_ap_vld  |   in|    1|     ap_none|                     B_TILE_14_i|       pointer|
|B_TILE_15_i         |   in|   32|     ap_none|                     B_TILE_15_i|       pointer|
|B_TILE_15_i_ap_vld  |   in|    1|     ap_none|                     B_TILE_15_i|       pointer|
|B_TILE_16_i         |   in|   32|     ap_none|                     B_TILE_16_i|       pointer|
|B_TILE_16_i_ap_vld  |   in|    1|     ap_none|                     B_TILE_16_i|       pointer|
|B_TILE_17_i         |   in|   32|     ap_none|                     B_TILE_17_i|       pointer|
|B_TILE_17_i_ap_vld  |   in|    1|     ap_none|                     B_TILE_17_i|       pointer|
|B_TILE_18_i         |   in|   32|     ap_none|                     B_TILE_18_i|       pointer|
|B_TILE_18_i_ap_vld  |   in|    1|     ap_none|                     B_TILE_18_i|       pointer|
|B_TILE_19_i         |   in|   32|     ap_none|                     B_TILE_19_i|       pointer|
|B_TILE_19_i_ap_vld  |   in|    1|     ap_none|                     B_TILE_19_i|       pointer|
|B_TILE_20_i         |   in|   32|     ap_none|                     B_TILE_20_i|       pointer|
|B_TILE_20_i_ap_vld  |   in|    1|     ap_none|                     B_TILE_20_i|       pointer|
|B_TILE_21_i         |   in|   32|     ap_none|                     B_TILE_21_i|       pointer|
|B_TILE_21_i_ap_vld  |   in|    1|     ap_none|                     B_TILE_21_i|       pointer|
|B_TILE_22_i         |   in|   32|     ap_none|                     B_TILE_22_i|       pointer|
|B_TILE_22_i_ap_vld  |   in|    1|     ap_none|                     B_TILE_22_i|       pointer|
|B_TILE_23_i         |   in|   32|     ap_none|                     B_TILE_23_i|       pointer|
|B_TILE_23_i_ap_vld  |   in|    1|     ap_none|                     B_TILE_23_i|       pointer|
|B_TILE_24_i         |   in|   32|     ap_none|                     B_TILE_24_i|       pointer|
|B_TILE_24_i_ap_vld  |   in|    1|     ap_none|                     B_TILE_24_i|       pointer|
|B_TILE_25_i         |   in|   32|     ap_none|                     B_TILE_25_i|       pointer|
|B_TILE_25_i_ap_vld  |   in|    1|     ap_none|                     B_TILE_25_i|       pointer|
|B_TILE_26_i         |   in|   32|     ap_none|                     B_TILE_26_i|       pointer|
|B_TILE_26_i_ap_vld  |   in|    1|     ap_none|                     B_TILE_26_i|       pointer|
|B_TILE_27_i         |   in|   32|     ap_none|                     B_TILE_27_i|       pointer|
|B_TILE_27_i_ap_vld  |   in|    1|     ap_none|                     B_TILE_27_i|       pointer|
|B_TILE_28_i         |   in|   32|     ap_none|                     B_TILE_28_i|       pointer|
|B_TILE_28_i_ap_vld  |   in|    1|     ap_none|                     B_TILE_28_i|       pointer|
|B_TILE_29_i         |   in|   32|     ap_none|                     B_TILE_29_i|       pointer|
|B_TILE_29_i_ap_vld  |   in|    1|     ap_none|                     B_TILE_29_i|       pointer|
|B_TILE_30_i         |   in|   32|     ap_none|                     B_TILE_30_i|       pointer|
|B_TILE_30_i_ap_vld  |   in|    1|     ap_none|                     B_TILE_30_i|       pointer|
|B_TILE_31_i         |   in|   32|     ap_none|                     B_TILE_31_i|       pointer|
|B_TILE_31_i_ap_vld  |   in|    1|     ap_none|                     B_TILE_31_i|       pointer|
|B_TILE_32_i         |   in|   32|     ap_none|                     B_TILE_32_i|       pointer|
|B_TILE_32_i_ap_vld  |   in|    1|     ap_none|                     B_TILE_32_i|       pointer|
|B_TILE_33_i         |   in|   32|     ap_none|                     B_TILE_33_i|       pointer|
|B_TILE_33_i_ap_vld  |   in|    1|     ap_none|                     B_TILE_33_i|       pointer|
|B_TILE_34_i         |   in|   32|     ap_none|                     B_TILE_34_i|       pointer|
|B_TILE_34_i_ap_vld  |   in|    1|     ap_none|                     B_TILE_34_i|       pointer|
|B_TILE_35_i         |   in|   32|     ap_none|                     B_TILE_35_i|       pointer|
|B_TILE_35_i_ap_vld  |   in|    1|     ap_none|                     B_TILE_35_i|       pointer|
|B_TILE_36_i         |   in|   32|     ap_none|                     B_TILE_36_i|       pointer|
|B_TILE_36_i_ap_vld  |   in|    1|     ap_none|                     B_TILE_36_i|       pointer|
|B_TILE_37_i         |   in|   32|     ap_none|                     B_TILE_37_i|       pointer|
|B_TILE_37_i_ap_vld  |   in|    1|     ap_none|                     B_TILE_37_i|       pointer|
|B_TILE_38_i         |   in|   32|     ap_none|                     B_TILE_38_i|       pointer|
|B_TILE_38_i_ap_vld  |   in|    1|     ap_none|                     B_TILE_38_i|       pointer|
|B_TILE_39_i         |   in|   32|     ap_none|                     B_TILE_39_i|       pointer|
|B_TILE_39_i_ap_vld  |   in|    1|     ap_none|                     B_TILE_39_i|       pointer|
|B_TILE_40_i         |   in|   32|     ap_none|                     B_TILE_40_i|       pointer|
|B_TILE_40_i_ap_vld  |   in|    1|     ap_none|                     B_TILE_40_i|       pointer|
|B_TILE_41_i         |   in|   32|     ap_none|                     B_TILE_41_i|       pointer|
|B_TILE_41_i_ap_vld  |   in|    1|     ap_none|                     B_TILE_41_i|       pointer|
|B_TILE_42_i         |   in|   32|     ap_none|                     B_TILE_42_i|       pointer|
|B_TILE_42_i_ap_vld  |   in|    1|     ap_none|                     B_TILE_42_i|       pointer|
|B_TILE_43_i         |   in|   32|     ap_none|                     B_TILE_43_i|       pointer|
|B_TILE_43_i_ap_vld  |   in|    1|     ap_none|                     B_TILE_43_i|       pointer|
|B_TILE_44_i         |   in|   32|     ap_none|                     B_TILE_44_i|       pointer|
|B_TILE_44_i_ap_vld  |   in|    1|     ap_none|                     B_TILE_44_i|       pointer|
|B_TILE_45_i         |   in|   32|     ap_none|                     B_TILE_45_i|       pointer|
|B_TILE_45_i_ap_vld  |   in|    1|     ap_none|                     B_TILE_45_i|       pointer|
|B_TILE_46_i         |   in|   32|     ap_none|                     B_TILE_46_i|       pointer|
|B_TILE_46_i_ap_vld  |   in|    1|     ap_none|                     B_TILE_46_i|       pointer|
|B_TILE_47_i         |   in|   32|     ap_none|                     B_TILE_47_i|       pointer|
|B_TILE_47_i_ap_vld  |   in|    1|     ap_none|                     B_TILE_47_i|       pointer|
|B_TILE_48_i         |   in|   32|     ap_none|                     B_TILE_48_i|       pointer|
|B_TILE_48_i_ap_vld  |   in|    1|     ap_none|                     B_TILE_48_i|       pointer|
|B_TILE_49_i         |   in|   32|     ap_none|                     B_TILE_49_i|       pointer|
|B_TILE_49_i_ap_vld  |   in|    1|     ap_none|                     B_TILE_49_i|       pointer|
|B_TILE_50_i         |   in|   32|     ap_none|                     B_TILE_50_i|       pointer|
|B_TILE_50_i_ap_vld  |   in|    1|     ap_none|                     B_TILE_50_i|       pointer|
|B_TILE_51_i         |   in|   32|     ap_none|                     B_TILE_51_i|       pointer|
|B_TILE_51_i_ap_vld  |   in|    1|     ap_none|                     B_TILE_51_i|       pointer|
|B_TILE_52_i         |   in|   32|     ap_none|                     B_TILE_52_i|       pointer|
|B_TILE_52_i_ap_vld  |   in|    1|     ap_none|                     B_TILE_52_i|       pointer|
|B_TILE_53_i         |   in|   32|     ap_none|                     B_TILE_53_i|       pointer|
|B_TILE_53_i_ap_vld  |   in|    1|     ap_none|                     B_TILE_53_i|       pointer|
|B_TILE_54_i         |   in|   32|     ap_none|                     B_TILE_54_i|       pointer|
|B_TILE_54_i_ap_vld  |   in|    1|     ap_none|                     B_TILE_54_i|       pointer|
|B_TILE_55_i         |   in|   32|     ap_none|                     B_TILE_55_i|       pointer|
|B_TILE_55_i_ap_vld  |   in|    1|     ap_none|                     B_TILE_55_i|       pointer|
|B_TILE_56_i         |   in|   32|     ap_none|                     B_TILE_56_i|       pointer|
|B_TILE_56_i_ap_vld  |   in|    1|     ap_none|                     B_TILE_56_i|       pointer|
|B_TILE_57_i         |   in|   32|     ap_none|                     B_TILE_57_i|       pointer|
|B_TILE_57_i_ap_vld  |   in|    1|     ap_none|                     B_TILE_57_i|       pointer|
|B_TILE_58_i         |   in|   32|     ap_none|                     B_TILE_58_i|       pointer|
|B_TILE_58_i_ap_vld  |   in|    1|     ap_none|                     B_TILE_58_i|       pointer|
|B_TILE_59_i         |   in|   32|     ap_none|                     B_TILE_59_i|       pointer|
|B_TILE_59_i_ap_vld  |   in|    1|     ap_none|                     B_TILE_59_i|       pointer|
|B_TILE_60_i         |   in|   32|     ap_none|                     B_TILE_60_i|       pointer|
|B_TILE_60_i_ap_vld  |   in|    1|     ap_none|                     B_TILE_60_i|       pointer|
|B_TILE_61_i         |   in|   32|     ap_none|                     B_TILE_61_i|       pointer|
|B_TILE_61_i_ap_vld  |   in|    1|     ap_none|                     B_TILE_61_i|       pointer|
|B_TILE_62_i         |   in|   32|     ap_none|                     B_TILE_62_i|       pointer|
|B_TILE_62_i_ap_vld  |   in|    1|     ap_none|                     B_TILE_62_i|       pointer|
|B_TILE_63_i         |   in|   32|     ap_none|                     B_TILE_63_i|       pointer|
|B_TILE_63_i_ap_vld  |   in|    1|     ap_none|                     B_TILE_63_i|       pointer|
|A_in_dout           |   in|  256|     ap_fifo|                            A_in|       pointer|
|A_in_empty_n        |   in|    1|     ap_fifo|                            A_in|       pointer|
|A_in_read           |  out|    1|     ap_fifo|                            A_in|       pointer|
|tileA_i             |   in|    3|     ap_none|                         tileA_i|        scalar|
|tileA_i_ap_vld      |   in|    1|     ap_none|                         tileA_i|        scalar|
|tileB               |   in|    1|     ap_none|                           tileB|        scalar|
|tileB_ap_vld        |   in|    1|     ap_none|                           tileB|        scalar|
|C_out_2_1_din       |  out|  256|     ap_fifo|                       C_out_2_1|       pointer|
|C_out_2_1_full_n    |   in|    1|     ap_fifo|                       C_out_2_1|       pointer|
|C_out_2_1_write     |  out|    1|     ap_fifo|                       C_out_2_1|       pointer|
|C_out_2_0_din       |  out|  256|     ap_fifo|                       C_out_2_0|       pointer|
|C_out_2_0_full_n    |   in|    1|     ap_fifo|                       C_out_2_0|       pointer|
|C_out_2_0_write     |  out|    1|     ap_fifo|                       C_out_2_0|       pointer|
|C_out_1_1_din       |  out|  256|     ap_fifo|                       C_out_1_1|       pointer|
|C_out_1_1_full_n    |   in|    1|     ap_fifo|                       C_out_1_1|       pointer|
|C_out_1_1_write     |  out|    1|     ap_fifo|                       C_out_1_1|       pointer|
|C_out_1_0_din       |  out|  256|     ap_fifo|                       C_out_1_0|       pointer|
|C_out_1_0_full_n    |   in|    1|     ap_fifo|                       C_out_1_0|       pointer|
|C_out_1_0_write     |  out|    1|     ap_fifo|                       C_out_1_0|       pointer|
|C_out_0_1_din       |  out|  256|     ap_fifo|                       C_out_0_1|       pointer|
|C_out_0_1_full_n    |   in|    1|     ap_fifo|                       C_out_0_1|       pointer|
|C_out_0_1_write     |  out|    1|     ap_fifo|                       C_out_0_1|       pointer|
|C_out_0_0_din       |  out|  256|     ap_fifo|                       C_out_0_0|       pointer|
|C_out_0_0_full_n    |   in|    1|     ap_fifo|                       C_out_0_0|       pointer|
|C_out_0_0_write     |  out|    1|     ap_fifo|                       C_out_0_0|       pointer|
|C_out_3_1_din       |  out|  256|     ap_fifo|                       C_out_3_1|       pointer|
|C_out_3_1_full_n    |   in|    1|     ap_fifo|                       C_out_3_1|       pointer|
|C_out_3_1_write     |  out|    1|     ap_fifo|                       C_out_3_1|       pointer|
|C_out_3_0_din       |  out|  256|     ap_fifo|                       C_out_3_0|       pointer|
|C_out_3_0_full_n    |   in|    1|     ap_fifo|                       C_out_3_0|       pointer|
|C_out_3_0_write     |  out|    1|     ap_fifo|                       C_out_3_0|       pointer|
|ap_clk              |   in|    1|  ap_ctrl_hs|  dataflow_in_loop_tile_loop_A76|  return value|
|ap_rst              |   in|    1|  ap_ctrl_hs|  dataflow_in_loop_tile_loop_A76|  return value|
|ap_start            |   in|    1|  ap_ctrl_hs|  dataflow_in_loop_tile_loop_A76|  return value|
|ap_done             |  out|    1|  ap_ctrl_hs|  dataflow_in_loop_tile_loop_A76|  return value|
|ap_ready            |  out|    1|  ap_ctrl_hs|  dataflow_in_loop_tile_loop_A76|  return value|
|ap_idle             |  out|    1|  ap_ctrl_hs|  dataflow_in_loop_tile_loop_A76|  return value|
|ap_continue         |   in|    1|  ap_ctrl_hs|  dataflow_in_loop_tile_loop_A76|  return value|
+--------------------+-----+-----+------------+--------------------------------+--------------+

