

================================================================
== Vitis HLS Report for 'dataflow_parent_loop_proc'
================================================================
* Date:           Mon Aug 31 18:21:43 2026

* Version:        2023.2 (Build 4023990 on Oct 11 2023)
* Project:        hls_project
* Solution:       gemm2 (Vitis Kernel Flow Target)
* Product family: versalaicore
* Target device:  xcvc1902-vsva2197-2MP-e-S


================================================================
== Performance Estimates
================================================================
+ Timing: 
    * Summary: 
    +--------+---------+----------+------------+
    |  Clock |  Target | Estimated| Uncertainty|
    +--------+---------+----------+------------+
    |ap_clk  |  3.33 ns|  2.641 ns|     0.90 ns|
    +--------+---------+----------+------------+

+ Latency: 
    * Summary: 
    +---------+---------+----------+----------+-----+-----+---------+
    |  Latency (cycles) |  Latency (absolute) |  Interval | Pipeline|
    |   min   |   max   |    min   |    max   | min | max |   Type  |
    +---------+---------+----------+----------+-----+-----+---------+
    |       77|       77|  0.257 us|  0.257 us|   77|   77|       no|
    +---------+---------+----------+----------+-----+-----+---------+

    + Detail: 
        * Instance: 
        +---------------------------------+------------------------------+---------+---------+----------+----------+-----+-----+----------+
        |                                 |                              |  Latency (cycles) |  Latency (absolute) |  Interval | Pipeline |
        |             Instance            |            Module            |   min   |   max   |    min   |    max   | min | max |   Type   |
        +---------------------------------+------------------------------+---------+---------+----------+----------+-----+-----+----------+
        |dataflow_in_loop_tile_loop_A_U0  |dataflow_in_loop_tile_loop_A  |       36|       36|  0.120 us|  0.120 us|   13|   13|  dataflow|
        +---------------------------------+------------------------------+---------+---------+----------+----------+-----+-----+----------+

        * Loop: 
        +---------------+---------+---------+----------+-----------+-----------+------+----------+
        |               |  Latency (cycles) | Iteration|  Initiation Interval  | Trip |          |
        |   Loop Name   |   min   |   max   |  Latency |  achieved |   target  | Count| Pipelined|
        +---------------+---------+---------+----------+-----------+-----------+------+----------+
        |- tile_loop_A  |       76|       76|        38|          -|          -|     4|        no|
        +---------------+---------+---------+----------+-----------+-----------+------+----------+



================================================================
== Utilization Estimates
================================================================
* Summary: 
+-----------------+---------+------+---------+--------+-----+
|       Name      | BRAM_18K|  DSP |    FF   |   LUT  | URAM|
+-----------------+---------+------+---------+--------+-----+
|DSP              |        -|     -|        -|       -|    -|
|Expression       |        -|     -|       57|      24|    -|
|FIFO             |        -|     -|        -|       -|    -|
|Instance         |        0|    64|    38424|   28760|    -|
|Memory           |        -|     -|        -|       -|    -|
|Multiplexer      |        -|     -|        -|       6|    -|
|Register         |        -|     -|        6|       -|    -|
+-----------------+---------+------+---------+--------+-----+
|Total            |        0|    64|    38487|   28790|    0|
+-----------------+---------+------+---------+--------+-----+
|Available        |     1934|  1968|  1799680|  899840|  463|
+-----------------+---------+------+---------+--------+-----+
|Utilization (%)  |        0|     3|        2|       3|    0|
+-----------------+---------+------+---------+--------+-----+

+ Detail: 
    * Instance: 
    +---------------------------------+------------------------------+---------+----+-------+-------+-----+
    |             Instance            |            Module            | BRAM_18K| DSP|   FF  |  LUT  | URAM|
    +---------------------------------+------------------------------+---------+----+-------+-------+-----+
    |dataflow_in_loop_tile_loop_A_U0  |dataflow_in_loop_tile_loop_A  |        0|  64|  38424|  28760|    0|
    +---------------------------------+------------------------------+---------+----+-------+-------+-----+
    |Total                            |                              |        0|  64|  38424|  28760|    0|
    +---------------------------------+------------------------------+---------+----+-------+-------+-----+

    * DSP: 
    N/A

    * Memory: 
    N/A

    * FIFO: 
    N/A

    * Expression: 
    +----------------------------+----------+----+----+----+------------+------------+
    |        Variable Name       | Operation| DSP| FF | LUT| Bitwidth P0| Bitwidth P1|
    +----------------------------+----------+----+----+----+------------+------------+
    |loop_dataflow_input_count   |         +|   0|  19|   8|           3|           1|
    |loop_dataflow_output_count  |         +|   0|  19|   8|           3|           1|
    |bound_minus_1               |         -|   0|  19|   8|           4|           1|
    +----------------------------+----------+----+----+----+------------+------------+
    |Total                       |          |   0|  57|  24|          10|           3|
    +----------------------------+----------+----+----+----+------------+------------+

    * Multiplexer: 
    +----------------------------+----+-----------+-----+-----------+
    |            Name            | LUT| Input Size| Bits| Total Bits|
    +----------------------------+----+-----------+-----+-----------+
    |loop_dataflow_input_count   |   3|          2|    3|          6|
    |loop_dataflow_output_count  |   3|          2|    3|          6|
    +----------------------------+----+-----------+-----+-----------+
    |Total                       |   6|          4|    6|         12|
    +----------------------------+----+-----------+-----+-----------+

    * Register: 
    +----------------------------+---+----+-----+-----------+
    |            Name            | FF| LUT| Bits| Const Bits|
    +----------------------------+---+----+-----+-----------+
    |loop_dataflow_input_count   |  3|   0|    3|          0|
    |loop_dataflow_output_count  |  3|   0|    3|          0|
    +----------------------------+---+----+-----+-----------+
    |Total                       |  6|   0|    6|          0|
    +----------------------------+---+----+-----+-----------+



================================================================
== Interface
================================================================
* Summary: 
+------------------+-----+-----+------------+---------------------------+--------------+
|     RTL Ports    | Dir | Bits|  Protocol  |       Source Object       |    C Type    |
+------------------+-----+-----+------------+---------------------------+--------------+
|B_TILE_63         |   in|   32|     ap_none|                  B_TILE_63|       pointer|
|B_TILE_63_ap_vld  |   in|    1|     ap_none|                  B_TILE_63|       pointer|
|B_TILE_62         |   in|   32|     ap_none|                  B_TILE_62|       pointer|
|B_TILE_62_ap_vld  |   in|    1|     ap_none|                  B_TILE_62|       pointer|
|B_TILE_61         |   in|   32|     ap_none|                  B_TILE_61|       pointer|
|B_TILE_61_ap_vld  |   in|    1|     ap_none|                  B_TILE_61|       pointer|
|B_TILE_60         |   in|   32|     ap_none|                  B_TILE_60|       pointer|
|B_TILE_60_ap_vld  |   in|    1|     ap_none|                  B_TILE_60|       pointer|
|B_TILE_59         |   in|   32|     ap_none|                  B_TILE_59|       pointer|
|B_TILE_59_ap_vld  |   in|    1|     ap_none|                  B_TILE_59|       pointer|
|B_TILE_58         |   in|   32|     ap_none|                  B_TILE_58|       pointer|
|B_TILE_58_ap_vld  |   in|    1|     ap_none|                  B_TILE_58|       pointer|
|B_TILE_57         |   in|   32|     ap_none|                  B_TILE_57|       pointer|
|B_TILE_57_ap_vld  |   in|    1|     ap_none|                  B_TILE_57|       pointer|
|B_TILE_56         |   in|   32|     ap_none|                  B_TILE_56|       pointer|
|B_TILE_56_ap_vld  |   in|    1|     ap_none|                  B_TILE_56|       pointer|
|B_TILE_55         |   in|   32|     ap_none|                  B_TILE_55|       pointer|
|B_TILE_55_ap_vld  |   in|    1|     ap_none|                  B_TILE_55|       pointer|
|B_TILE_54         |   in|   32|     ap_none|                  B_TILE_54|       pointer|
|B_TILE_54_ap_vld  |   in|    1|     ap_none|                  B_TILE_54|       pointer|
|B_TILE_53         |   in|   32|     ap_none|                  B_TILE_53|       pointer|
|B_TILE_53_ap_vld  |   in|    1|     ap_none|                  B_TILE_53|       pointer|
|B_TILE_52         |   in|   32|     ap_none|                  B_TILE_52|       pointer|
|B_TILE_52_ap_vld  |   in|    1|     ap_none|                  B_TILE_52|       pointer|
|B_TILE_51         |   in|   32|     ap_none|                  B_TILE_51|       pointer|
|B_TILE_51_ap_vld  |   in|    1|     ap_none|                  B_TILE_51|       pointer|
|B_TILE_50         |   in|   32|     ap_none|                  B_TILE_50|       pointer|
|B_TILE_50_ap_vld  |   in|    1|     ap_none|                  B_TILE_50|       pointer|
|B_TILE_49         |   in|   32|     ap_none|                  B_TILE_49|       pointer|
|B_TILE_49_ap_vld  |   in|    1|     ap_none|                  B_TILE_49|       pointer|
|B_TILE_48         |   in|   32|     ap_none|                  B_TILE_48|       pointer|
|B_TILE_48_ap_vld  |   in|    1|     ap_none|                  B_TILE_48|       pointer|
|B_TILE_47         |   in|   32|     ap_none|                  B_TILE_47|       pointer|
|B_TILE_47_ap_vld  |   in|    1|     ap_none|                  B_TILE_47|       pointer|
|B_TILE_46         |   in|   32|     ap_none|                  B_TILE_46|       pointer|
|B_TILE_46_ap_vld  |   in|    1|     ap_none|                  B_TILE_46|       pointer|
|B_TILE_45         |   in|   32|     ap_none|                  B_TILE_45|       pointer|
|B_TILE_45_ap_vld  |   in|    1|     ap_none|                  B_TILE_45|       pointer|
|B_TILE_44         |   in|   32|     ap_none|                  B_TILE_44|       pointer|
|B_TILE_44_ap_vld  |   in|    1|     ap_none|                  B_TILE_44|       pointer|
|B_TILE_43         |   in|   32|     ap_none|                  B_TILE_43|       pointer|
|B_TILE_43_ap_vld  |   in|    1|     ap_none|                  B_TILE_43|       pointer|
|B_TILE_42         |   in|   32|     ap_none|                  B_TILE_42|       pointer|
|B_TILE_42_ap_vld  |   in|    1|     ap_none|                  B_TILE_42|       pointer|
|B_TILE_41         |   in|   32|     ap_none|                  B_TILE_41|       pointer|
|B_TILE_41_ap_vld  |   in|    1|     ap_none|                  B_TILE_41|       pointer|
|B_TILE_40         |   in|   32|     ap_none|                  B_TILE_40|       pointer|
|B_TILE_40_ap_vld  |   in|    1|     ap_none|                  B_TILE_40|       pointer|
|B_TILE_39         |   in|   32|     ap_none|                  B_TILE_39|       pointer|
|B_TILE_39_ap_vld  |   in|    1|     ap_none|                  B_TILE_39|       pointer|
|B_TILE_38         |   in|   32|     ap_none|                  B_TILE_38|       pointer|
|B_TILE_38_ap_vld  |   in|    1|     ap_none|                  B_TILE_38|       pointer|
|B_TILE_37         |   in|   32|     ap_none|                  B_TILE_37|       pointer|
|B_TILE_37_ap_vld  |   in|    1|     ap_none|                  B_TILE_37|       pointer|
|B_TILE_36         |   in|   32|     ap_none|                  B_TILE_36|       pointer|
|B_TILE_36_ap_vld  |   in|    1|     ap_none|                  B_TILE_36|       pointer|
|B_TILE_35         |   in|   32|     ap_none|                  B_TILE_35|       pointer|
|B_TILE_35_ap_vld  |   in|    1|     ap_none|                  B_TILE_35|       pointer|
|B_TILE_34         |   in|   32|     ap_none|                  B_TILE_34|       pointer|
|B_TILE_34_ap_vld  |   in|    1|     ap_none|                  B_TILE_34|       pointer|
|B_TILE_33         |   in|   32|     ap_none|                  B_TILE_33|       pointer|
|B_TILE_33_ap_vld  |   in|    1|     ap_none|                  B_TILE_33|       pointer|
|B_TILE_32         |   in|   32|     ap_none|                  B_TILE_32|       pointer|
|B_TILE_32_ap_vld  |   in|    1|     ap_none|                  B_TILE_32|       pointer|
|B_TILE_31         |   in|   32|     ap_none|                  B_TILE_31|       pointer|
|B_TILE_31_ap_vld  |   in|    1|     ap_none|                  B_TILE_31|       pointer|
|B_TILE_30         |   in|   32|     ap_none|                  B_TILE_30|       pointer|
|B_TILE_30_ap_vld  |   in|    1|     ap_none|                  B_TILE_30|       pointer|
|B_TILE_29         |   in|   32|     ap_none|                  B_TILE_29|       pointer|
|B_TILE_29_ap_vld  |   in|    1|     ap_none|                  B_TILE_29|       pointer|
|B_TILE_28         |   in|   32|     ap_none|                  B_TILE_28|       pointer|
|B_TILE_28_ap_vld  |   in|    1|     ap_none|                  B_TILE_28|       pointer|
|B_TILE_27         |   in|   32|     ap_none|                  B_TILE_27|       pointer|
|B_TILE_27_ap_vld  |   in|    1|     ap_none|                  B_TILE_27|       pointer|
|B_TILE_26         |   in|   32|     ap_none|                  B_TILE_26|       pointer|
|B_TILE_26_ap_vld  |   in|    1|     ap_none|                  B_TILE_26|       pointer|
|B_TILE_25         |   in|   32|     ap_none|                  B_TILE_25|       pointer|
|B_TILE_25_ap_vld  |   in|    1|     ap_none|                  B_TILE_25|       pointer|
|B_TILE_24         |   in|   32|     ap_none|                  B_TILE_24|       pointer|
|B_TILE_24_ap_vld  |   in|    1|     ap_none|                  B_TILE_24|       pointer|
|B_TILE_23         |   in|   32|     ap_none|                  B_TILE_23|       pointer|
|B_TILE_23_ap_vld  |   in|    1|     ap_none|                  B_TILE_23|       pointer|
|B_TILE_22         |   in|   32|     ap_none|                  B_TILE_22|       pointer|
|B_TILE_22_ap_vld  |   in|    1|     ap_none|                  B_TILE_22|       pointer|
|B_TILE_21         |   in|   32|     ap_none|                  B_TILE_21|       pointer|
|B_TILE_21_ap_vld  |   in|    1|     ap_none|                  B_TILE_21|       pointer|
|B_TILE_20         |   in|   32|     ap_none|                  B_TILE_20|       pointer|
|B_TILE_20_ap_vld  |   in|    1|     ap_none|                  B_TILE_20|       pointer|
|B_TILE_19         |   in|   32|     ap_none|                  B_TILE_19|       pointer|
|B_TILE_19_ap_vld  |   in|    1|     ap_none|                  B_TILE_19|       pointer|
|B_TILE_18         |   in|   32|     ap_none|                  B_TILE_18|       pointer|
|B_TILE_18_ap_vld  |   in|    1|     ap_none|                  B_TILE_18|       pointer|
|B_TILE_17         |   in|   32|     ap_none|                  B_TILE_17|       pointer|
|B_TILE_17_ap_vld  |   in|    1|     ap_none|                  B_TILE_17|       pointer|
|B_TILE_16         |   in|   32|     ap_none|                  B_TILE_16|       pointer|
|B_TILE_16_ap_vld  |   in|    1|     ap_none|                  B_TILE_16|       pointer|
|B_TILE_15         |   in|   32|     ap_none|                  B_TILE_15|       pointer|
|B_TILE_15_ap_vld  |   in|    1|     ap_none|                  B_TILE_15|       pointer|
|B_TILE_14         |   in|   32|     ap_none|                  B_TILE_14|       pointer|
|B_TILE_14_ap_vld  |   in|    1|     ap_none|                  B_TILE_14|       pointer|
|B_TILE_13         |   in|   32|     ap_none|                  B_TILE_13|       pointer|
|B_TILE_13_ap_vld  |   in|    1|     ap_none|                  B_TILE_13|       pointer|
|B_TILE_12         |   in|   32|     ap_none|                  B_TILE_12|       pointer|
|B_TILE_12_ap_vld  |   in|    1|     ap_none|                  B_TILE_12|       pointer|
|B_TILE_11         |   in|   32|     ap_none|                  B_TILE_11|       pointer|
|B_TILE_11_ap_vld  |   in|    1|     ap_none|                  B_TILE_11|       pointer|
|B_TILE_10         |   in|   32|     ap_none|                  B_TILE_10|       pointer|
|B_TILE_10_ap_vld  |   in|    1|     ap_none|                  B_TILE_10|       pointer|
|B_TILE_9          |   in|   32|     ap_none|                   B_TILE_9|       pointer|
|B_TILE_9_ap_vld   |   in|    1|     ap_none|                   B_TILE_9|       pointer|
|B_TILE_8          |   in|   32|     ap_none|                   B_TILE_8|       pointer|
|B_TILE_8_ap_vld   |   in|    1|     ap_none|                   B_TILE_8|       pointer|
|B_TILE_7          |   in|   32|     ap_none|                   B_TILE_7|       pointer|
|B_TILE_7_ap_vld   |   in|    1|     ap_none|                   B_TILE_7|       pointer|
|B_TILE_6          |   in|   32|     ap_none|                   B_TILE_6|       pointer|
|B_TILE_6_ap_vld   |   in|    1|     ap_none|                   B_TILE_6|       pointer|
|B_TILE_5          |   in|   32|     ap_none|                   B_TILE_5|       pointer|
|B_TILE_5_ap_vld   |   in|    1|     ap_none|                   B_TILE_5|       pointer|
|B_TILE_4          |   in|   32|     ap_none|                   B_TILE_4|       pointer|
|B_TILE_4_ap_vld   |   in|    1|     ap_none|                   B_TILE_4|       pointer|
|B_TILE_3          |   in|   32|     ap_none|                   B_TILE_3|       pointer|
|B_TILE_3_ap_vld   |   in|    1|     ap_none|                   B_TILE_3|       pointer|
|B_TILE_2          |   in|   32|     ap_none|                   B_TILE_2|       pointer|
|B_TILE_2_ap_vld   |   in|    1|     ap_none|                   B_TILE_2|       pointer|
|B_TILE_1          |   in|   32|     ap_none|                   B_TILE_1|       pointer|
|B_TILE_1_ap_vld   |   in|    1|     ap_none|                   B_TILE_1|       pointer|
|B_TILE            |   in|   32|     ap_none|                     B_TILE|       pointer|
|B_TILE_ap_vld     |   in|    1|     ap_none|                     B_TILE|       pointer|
|A_in_dout         |   in|  256|     ap_fifo|                       A_in|       pointer|
|A_in_empty_n      |   in|    1|     ap_fifo|                       A_in|       pointer|
|A_in_read         |  out|    1|     ap_fifo|                       A_in|       pointer|
|tileB             |   in|    1|     ap_none|                      tileB|        scalar|
|tileB_ap_vld      |   in|    1|     ap_none|                      tileB|        scalar|
|C_out_2_1_din     |  out|  256|     ap_fifo|                  C_out_2_1|       pointer|
|C_out_2_1_full_n  |   in|    1|     ap_fifo|                  C_out_2_1|       pointer|
|C_out_2_1_write   |  out|    1|     ap_fifo|                  C_out_2_1|       pointer|
|C_out_2_0_din     |  out|  256|     ap_fifo|                  C_out_2_0|       pointer|
|C_out_2_0_full_n  |   in|    1|     ap_fifo|                  C_out_2_0|       pointer|
|C_out_2_0_write   |  out|    1|     ap_fifo|                  C_out_2_0|       pointer|
|C_out_1_1_din     |  out|  256|     ap_fifo|                  C_out_1_1|       pointer|
|C_out_1_1_full_n  |   in|    1|     ap_fifo|                  C_out_1_1|       pointer|
|C_out_1_1_write   |  out|    1|     ap_fifo|                  C_out_1_1|       pointer|
|C_out_1_0_din     |  out|  256|     ap_fifo|                  C_out_1_0|       pointer|
|C_out_1_0_full_n  |   in|    1|     ap_fifo|                  C_out_1_0|       pointer|
|C_out_1_0_write   |  out|    1|     ap_fifo|                  C_out_1_0|       pointer|
|C_out_0_1_din     |  out|  256|     ap_fifo|                  C_out_0_1|       pointer|
|C_out_0_1_full_n  |   in|    1|     ap_fifo|                  C_out_0_1|       pointer|
|C_out_0_1_write   |  out|    1|     ap_fifo|                  C_out_0_1|       pointer|
|C_out_0_0_din     |  out|  256|     ap_fifo|                  C_out_0_0|       pointer|
|C_out_0_0_full_n  |   in|    1|     ap_fifo|                  C_out_0_0|       pointer|
|C_out_0_0_write   |  out|    1|     ap_fifo|                  C_out_0_0|       pointer|
|C_out_3_1_din     |  out|  256|     ap_fifo|                  C_out_3_1|       pointer|
|C_out_3_1_full_n  |   in|    1|     ap_fifo|                  C_out_3_1|       pointer|
|C_out_3_1_write   |  out|    1|     ap_fifo|                  C_out_3_1|       pointer|
|C_out_3_0_din     |  out|  256|     ap_fifo|                  C_out_3_0|       pointer|
|C_out_3_0_full_n  |   in|    1|     ap_fifo|                  C_out_3_0|       pointer|
|C_out_3_0_write   |  out|    1|     ap_fifo|                  C_out_3_0|       pointer|
|ap_clk            |   in|    1|  ap_ctrl_hs|  dataflow_parent_loop_proc|  return value|
|ap_rst            |   in|    1|  ap_ctrl_hs|  dataflow_parent_loop_proc|  return value|
|ap_start          |   in|    1|  ap_ctrl_hs|  dataflow_parent_loop_proc|  return value|
|ap_done           |  out|    1|  ap_ctrl_hs|  dataflow_parent_loop_proc|  return value|
|ap_ready          |  out|    1|  ap_ctrl_hs|  dataflow_parent_loop_proc|  return value|
|ap_idle           |  out|    1|  ap_ctrl_hs|  dataflow_parent_loop_proc|  return value|
|ap_continue       |   in|    1|  ap_ctrl_hs|  dataflow_parent_loop_proc|  return value|
+------------------+-----+-----+------------+---------------------------+--------------+

