

================================================================
== Vitis HLS Report for 'entry_proc547'
================================================================
* Date:           Tue Sep  1 15:24:20 2026

* Version:        2023.2 (Build 4023990 on Oct 11 2023)
* Project:        hls_project
* Solution:       gemm2 (Vitis Kernel Flow Target)
* Product family: versalaicore
* Target device:  xcvc1902-vsva2197-2MP-e-S


================================================================
== Performance Estimates
================================================================
+ Timing: 
    * Summary: 
    +--------+---------+----------+------------+
    |  Clock |  Target | Estimated| Uncertainty|
    +--------+---------+----------+------------+
    |ap_clk  |  3.33 ns|  1.888 ns|     0.90 ns|
    +--------+---------+----------+------------+

+ Latency: 
    * Summary: 
    +---------+---------+----------+----------+-----+-----+---------+
    |  Latency (cycles) |  Latency (absolute) |  Interval | Pipeline|
    |   min   |   max   |    min   |    max   | min | max |   Type  |
    +---------+---------+----------+----------+-----+-----+---------+
    |        0|        0|      0 ns|      0 ns|    0|    0|       no|
    +---------+---------+----------+----------+-----+-----+---------+

    + Detail: 
        * Instance: 
        N/A

        * Loop: 
        N/A



================================================================
== Utilization Estimates
================================================================
* Summary: 
+-----------------+---------+------+---------+--------+-----+
|       Name      | BRAM_18K|  DSP |    FF   |   LUT  | URAM|
+-----------------+---------+------+---------+--------+-----+
|DSP              |        -|     -|        -|       -|    -|
|Expression       |        -|     -|        0|       2|    -|
|FIFO             |        -|     -|        -|       -|    -|
|Instance         |        -|     -|        -|       -|    -|
|Memory           |        -|     -|        -|       -|    -|
|Multiplexer      |        -|     -|        -|       7|    -|
|Register         |        -|     -|        5|       -|    -|
+-----------------+---------+------+---------+--------+-----+
|Total            |        0|     0|        5|       9|    0|
+-----------------+---------+------+---------+--------+-----+
|Available        |     1934|  1968|  1799680|  899840|  463|
+-----------------+---------+------+---------+--------+-----+
|Utilization (%)  |        0|     0|       ~0|      ~0|    0|
+-----------------+---------+------+---------+--------+-----+

+ Detail: 
    * Instance: 
    N/A

    * DSP: 
    N/A

    * Memory: 
    N/A

    * FIFO: 
    N/A

    * Expression: 
    +-----------------+----------+----+---+----+------------+------------+
    |  Variable Name  | Operation| DSP| FF| LUT| Bitwidth P0| Bitwidth P1|
    +-----------------+----------+----+---+----+------------+------------+
    |ap_block_state1  |        or|   0|  0|   2|           1|           1|
    +-----------------+----------+----+---+----+------------+------------+
    |Total            |          |   0|  0|   2|           1|           1|
    +-----------------+----------+----+---+----+------------+------------+

    * Multiplexer: 
    +-------------+----+-----------+-----+-----------+
    |     Name    | LUT| Input Size| Bits| Total Bits|
    +-------------+----+-----------+-----+-----------+
    |ap_done      |   2|          2|    1|          2|
    |return_r     |   3|          2|    3|          6|
    |tileB_blk_n  |   2|          2|    1|          2|
    +-------------+----+-----------+-----+-----------+
    |Total        |   7|          6|    5|         10|
    +-------------+----+-----------+-----+-----------+

    * Register: 
    +---------------+---+----+-----+-----------+
    |      Name     | FF| LUT| Bits| Const Bits|
    +---------------+---+----+-----+-----------+
    |ap_CS_fsm      |  1|   0|    1|          0|
    |ap_done_reg    |  1|   0|    1|          0|
    |return_r_preg  |  3|   0|    3|          0|
    +---------------+---+----+-----+-----------+
    |Total          |  5|   0|    5|          0|
    +---------------+---+----+-----+-----------+



================================================================
== Interface
================================================================
* Summary: 
+----------------------+-----+-----+------------+---------------+--------------+
|       RTL Ports      | Dir | Bits|  Protocol  | Source Object |    C Type    |
+----------------------+-----+-----+------------+---------------+--------------+
|ap_clk                |   in|    1|  ap_ctrl_hs|  entry_proc547|  return value|
|ap_rst                |   in|    1|  ap_ctrl_hs|  entry_proc547|  return value|
|ap_start              |   in|    1|  ap_ctrl_hs|  entry_proc547|  return value|
|ap_done               |  out|    1|  ap_ctrl_hs|  entry_proc547|  return value|
|ap_continue           |   in|    1|  ap_ctrl_hs|  entry_proc547|  return value|
|ap_idle               |  out|    1|  ap_ctrl_hs|  entry_proc547|  return value|
|ap_ready              |  out|    1|  ap_ctrl_hs|  entry_proc547|  return value|
|return_r              |  out|    3|     ap_none|       return_r|       pointer|
|tileB_dout            |   in|    3|     ap_fifo|          tileB|       pointer|
|tileB_num_data_valid  |   in|    3|     ap_fifo|          tileB|       pointer|
|tileB_fifo_cap        |   in|    3|     ap_fifo|          tileB|       pointer|
|tileB_empty_n         |   in|    1|     ap_fifo|          tileB|       pointer|
|tileB_read            |  out|    1|     ap_fifo|          tileB|       pointer|
+----------------------+-----+-----+------------+---------------+--------------+

