

================================================================
== Vitis HLS Report for 'entry_proc'
================================================================
* Date:           Fri Jul 31 16:44:51 2026

* Version:        2023.2.2 (Build 4101106 on Feb  9 2024)
* Project:        hls_project
* Solution:       gemm2 (Vitis Kernel Flow Target)
* Product family: versalaicore
* Target device:  xcvc1902-vsva2197-2MP-e-S


================================================================
== Performance Estimates
================================================================
+ Timing: 
    * Summary: 
    +--------+---------+----------+------------+
    |  Clock |  Target | Estimated| Uncertainty|
    +--------+---------+----------+------------+
    |ap_clk  |  3.33 ns|  0.984 ns|     0.90 ns|
    +--------+---------+----------+------------+

+ Latency: 
    * Summary: 
    +---------+---------+----------+----------+-----+-----+---------+
    |  Latency (cycles) |  Latency (absolute) |  Interval | Pipeline|
    |   min   |   max   |    min   |    max   | min | max |   Type  |
    +---------+---------+----------+----------+-----+-----+---------+
    |        0|        0|      0 ns|      0 ns|    0|    0|       no|
    +---------+---------+----------+----------+-----+-----+---------+

    + Detail: 
        * Instance: 
        N/A

        * Loop: 
        N/A



================================================================
== Utilization Estimates
================================================================
* Summary: 
+-----------------+---------+------+---------+--------+-----+
|       Name      | BRAM_18K|  DSP |    FF   |   LUT  | URAM|
+-----------------+---------+------+---------+--------+-----+
|DSP              |        -|     -|        -|       -|    -|
|Expression       |        -|     -|        0|       2|    -|
|FIFO             |        -|     -|        -|       -|    -|
|Instance         |        -|     -|        -|       -|    -|
|Memory           |        -|     -|        -|       -|    -|
|Multiplexer      |        -|     -|        -|       6|    -|
|Register         |        -|     -|        3|       -|    -|
+-----------------+---------+------+---------+--------+-----+
|Total            |        0|     0|        3|       8|    0|
+-----------------+---------+------+---------+--------+-----+
|Available        |     1934|  1968|  1799680|  899840|  463|
+-----------------+---------+------+---------+--------+-----+
|Utilization (%)  |        0|     0|       ~0|      ~0|    0|
+-----------------+---------+------+---------+--------+-----+

+ Detail: 
    * Instance: 
    N/A

    * DSP: 
    N/A

    * Memory: 
    N/A

    * FIFO: 
    N/A

    * Expression: 
    +-----------------+----------+----+---+----+------------+------------+
    |  Variable Name  | Operation| DSP| FF| LUT| Bitwidth P0| Bitwidth P1|
    +-----------------+----------+----+---+----+------------+------------+
    |ap_block_state1  |        or|   0|  0|   2|           1|           1|
    +-----------------+----------+----+---+----+------------+------------+
    |Total            |          |   0|  0|   2|           1|           1|
    +-----------------+----------+----+---+----+------------+------------+

    * Multiplexer: 
    +----------------+----+-----------+-----+-----------+
    |      Name      | LUT| Input Size| Bits| Total Bits|
    +----------------+----+-----------+-----+-----------+
    |C_DRAM_c_blk_n  |   2|          2|    1|          2|
    |ap_done         |   2|          2|    1|          2|
    |real_start      |   2|          2|    1|          2|
    +----------------+----+-----------+-----+-----------+
    |Total           |   6|          6|    3|          6|
    +----------------+----+-----------+-----+-----------+

    * Register: 
    +----------------+---+----+-----+-----------+
    |      Name      | FF| LUT| Bits| Const Bits|
    +----------------+---+----+-----+-----------+
    |ap_CS_fsm       |  1|   0|    1|          0|
    |ap_done_reg     |  1|   0|    1|          0|
    |start_once_reg  |  1|   0|    1|          0|
    +----------------+---+----+-----+-----------+
    |Total           |  3|   0|    3|          0|
    +----------------+---+----+-----+-----------+



================================================================
== Interface
================================================================
* Summary: 
+-------------------------+-----+-----+------------+--------------+--------------+
|        RTL Ports        | Dir | Bits|  Protocol  | Source Object|    C Type    |
+-------------------------+-----+-----+------------+--------------+--------------+
|ap_clk                   |   in|    1|  ap_ctrl_hs|    entry_proc|  return value|
|ap_rst                   |   in|    1|  ap_ctrl_hs|    entry_proc|  return value|
|ap_start                 |   in|    1|  ap_ctrl_hs|    entry_proc|  return value|
|start_full_n             |   in|    1|  ap_ctrl_hs|    entry_proc|  return value|
|ap_done                  |  out|    1|  ap_ctrl_hs|    entry_proc|  return value|
|ap_continue              |   in|    1|  ap_ctrl_hs|    entry_proc|  return value|
|ap_idle                  |  out|    1|  ap_ctrl_hs|    entry_proc|  return value|
|ap_ready                 |  out|    1|  ap_ctrl_hs|    entry_proc|  return value|
|start_out                |  out|    1|  ap_ctrl_hs|    entry_proc|  return value|
|start_write              |  out|    1|  ap_ctrl_hs|    entry_proc|  return value|
|C_DRAM                   |   in|   64|     ap_none|        C_DRAM|        scalar|
|C_DRAM_c_din             |  out|   64|     ap_fifo|      C_DRAM_c|       pointer|
|C_DRAM_c_num_data_valid  |   in|    3|     ap_fifo|      C_DRAM_c|       pointer|
|C_DRAM_c_fifo_cap        |   in|    3|     ap_fifo|      C_DRAM_c|       pointer|
|C_DRAM_c_full_n          |   in|    1|     ap_fifo|      C_DRAM_c|       pointer|
|C_DRAM_c_write           |  out|    1|     ap_fifo|      C_DRAM_c|       pointer|
+-------------------------+-----+-----+------------+--------------+--------------+

