

================================================================
== Vitis HLS Report for 'gemm'
================================================================
* Date:           Fri Jul 24 12:49:53 2026

* Version:        2023.2 (Build 4023990 on Oct 11 2023)
* Project:        hls_project
* Solution:       gemm2 (Vitis Kernel Flow Target)
* Product family: versalaicore
* Target device:  xcvc1902-vsva2197-2MP-e-S


================================================================
== Performance Estimates
================================================================
+ Timing: 
    * Summary: 
    +--------+---------+----------+------------+
    |  Clock |  Target | Estimated| Uncertainty|
    +--------+---------+----------+------------+
    |ap_clk  |  3.33 ns|  2.856 ns|     0.90 ns|
    +--------+---------+----------+------------+

+ Latency: 
    * Summary: 
    +---------+---------+----------+----------+-----+-----+---------+
    |  Latency (cycles) |  Latency (absolute) |  Interval | Pipeline|
    |   min   |   max   |    min   |    max   | min | max |   Type  |
    +---------+---------+----------+----------+-----+-----+---------+
    |      304|      306|  1.013 us|  1.020 us|  305|  307|       no|
    +---------+---------+----------+----------+-----+-----+---------+

    + Detail: 
        * Instance: 
        +--------------------------------+--------------------+---------+---------+----------+----------+-----+-----+----------+
        |                                |                    |  Latency (cycles) |  Latency (absolute) |  Interval | Pipeline |
        |            Instance            |       Module       |   min   |   max   |    min   |    max   | min | max |   Type   |
        +--------------------------------+--------------------+---------+---------+----------+----------+-----+-----+----------+
        |grp_loadInputsFromDRAM_fu_2782  |loadInputsFromDRAM  |      103|      104|  0.343 us|  0.347 us|   91|   91|  dataflow|
        |grp_runSystolicArray_fu_2986    |runSystolicArray    |       60|       61|  0.200 us|  0.203 us|   60|   61|        no|
        |grp_storeOutputToDRAM_fu_3662   |storeOutputToDRAM   |      136|      136|  0.453 us|  0.453 us|  136|  136|        no|
        +--------------------------------+--------------------+---------+---------+----------+----------+-----+-----+----------+

        * Loop: 
        N/A



================================================================
== Utilization Estimates
================================================================
* Summary: 
+-----------------+---------+------+---------+--------+-----+
|       Name      | BRAM_18K|  DSP |    FF   |   LUT  | URAM|
+-----------------+---------+------+---------+--------+-----+
|DSP              |        -|     -|        -|       -|    -|
|Expression       |        -|     -|        0|      10|    -|
|FIFO             |        -|     -|        -|       -|    -|
|Instance         |       48|   128|    90470|   79932|    0|
|Memory           |       32|     -|        0|       0|    -|
|Multiplexer      |        -|     -|        -|     214|    -|
|Register         |        -|     -|    20689|       -|    -|
+-----------------+---------+------+---------+--------+-----+
|Total            |       80|   128|   111159|   80156|    0|
+-----------------+---------+------+---------+--------+-----+
|Available        |     1934|  1968|  1799680|  899840|  463|
+-----------------+---------+------+---------+--------+-----+
|Utilization (%)  |        4|     6|        6|       8|    0|
+-----------------+---------+------+---------+--------+-----+

+ Detail: 
    * Instance: 
    +--------------------------------+--------------------+---------+-----+-------+-------+-----+
    |            Instance            |       Module       | BRAM_18K| DSP |   FF  |  LUT  | URAM|
    +--------------------------------+--------------------+---------+-----+-------+-------+-----+
    |control_s_axi_U                 |control_s_axi       |        0|    0|    246|    424|    0|
    |gmem0_m_axi_U                   |gmem0_m_axi         |       16|    0|   1958|   1647|    0|
    |gmem1_m_axi_U                   |gmem1_m_axi         |       16|    0|   1958|   1647|    0|
    |gmem2_m_axi_U                   |gmem2_m_axi         |       16|    0|   1958|   1647|    0|
    |grp_loadInputsFromDRAM_fu_2782  |loadInputsFromDRAM  |        0|    0|    246|    384|    0|
    |grp_runSystolicArray_fu_2986    |runSystolicArray    |        0|  128|  83508|  67330|    0|
    |grp_storeOutputToDRAM_fu_3662   |storeOutputToDRAM   |        0|    0|    596|   6853|    0|
    +--------------------------------+--------------------+---------+-----+-------+-------+-----+
    |Total                           |                    |       48|  128|  90470|  79932|    0|
    +--------------------------------+--------------------+---------+-----+-------+-------+-----+

    * DSP: 
    N/A

    * Memory: 
    +------------+-------------------------+---------+---+----+-----+------+-----+------+-------------+
    |   Memory   |          Module         | BRAM_18K| FF| LUT| URAM| Words| Bits| Banks| W*Bits*Banks|
    +------------+-------------------------+---------+---+----+-----+------+-----+------+-------------+
    |A_BUF_U     |A_BUF_RAM_S2P_BRAM_1R1W  |        1|  0|   0|    0|     8|   32|     1|          256|
    |A_BUF_1_U   |A_BUF_RAM_S2P_BRAM_1R1W  |        1|  0|   0|    0|     8|   32|     1|          256|
    |A_BUF_2_U   |A_BUF_RAM_S2P_BRAM_1R1W  |        1|  0|   0|    0|     8|   32|     1|          256|
    |A_BUF_3_U   |A_BUF_RAM_S2P_BRAM_1R1W  |        1|  0|   0|    0|     8|   32|     1|          256|
    |A_BUF_4_U   |A_BUF_RAM_S2P_BRAM_1R1W  |        1|  0|   0|    0|     8|   32|     1|          256|
    |A_BUF_5_U   |A_BUF_RAM_S2P_BRAM_1R1W  |        1|  0|   0|    0|     8|   32|     1|          256|
    |A_BUF_6_U   |A_BUF_RAM_S2P_BRAM_1R1W  |        1|  0|   0|    0|     8|   32|     1|          256|
    |A_BUF_7_U   |A_BUF_RAM_S2P_BRAM_1R1W  |        1|  0|   0|    0|     8|   32|     1|          256|
    |A_BUF_8_U   |A_BUF_RAM_S2P_BRAM_1R1W  |        1|  0|   0|    0|     8|   32|     1|          256|
    |A_BUF_9_U   |A_BUF_RAM_S2P_BRAM_1R1W  |        1|  0|   0|    0|     8|   32|     1|          256|
    |A_BUF_10_U  |A_BUF_RAM_S2P_BRAM_1R1W  |        1|  0|   0|    0|     8|   32|     1|          256|
    |A_BUF_11_U  |A_BUF_RAM_S2P_BRAM_1R1W  |        1|  0|   0|    0|     8|   32|     1|          256|
    |A_BUF_12_U  |A_BUF_RAM_S2P_BRAM_1R1W  |        1|  0|   0|    0|     8|   32|     1|          256|
    |A_BUF_13_U  |A_BUF_RAM_S2P_BRAM_1R1W  |        1|  0|   0|    0|     8|   32|     1|          256|
    |A_BUF_14_U  |A_BUF_RAM_S2P_BRAM_1R1W  |        1|  0|   0|    0|     8|   32|     1|          256|
    |A_BUF_15_U  |A_BUF_RAM_S2P_BRAM_1R1W  |        1|  0|   0|    0|     8|   32|     1|          256|
    |A_BUF_16_U  |A_BUF_RAM_S2P_BRAM_1R1W  |        1|  0|   0|    0|     8|   32|     1|          256|
    |A_BUF_17_U  |A_BUF_RAM_S2P_BRAM_1R1W  |        1|  0|   0|    0|     8|   32|     1|          256|
    |A_BUF_18_U  |A_BUF_RAM_S2P_BRAM_1R1W  |        1|  0|   0|    0|     8|   32|     1|          256|
    |A_BUF_19_U  |A_BUF_RAM_S2P_BRAM_1R1W  |        1|  0|   0|    0|     8|   32|     1|          256|
    |A_BUF_20_U  |A_BUF_RAM_S2P_BRAM_1R1W  |        1|  0|   0|    0|     8|   32|     1|          256|
    |A_BUF_21_U  |A_BUF_RAM_S2P_BRAM_1R1W  |        1|  0|   0|    0|     8|   32|     1|          256|
    |A_BUF_22_U  |A_BUF_RAM_S2P_BRAM_1R1W  |        1|  0|   0|    0|     8|   32|     1|          256|
    |A_BUF_23_U  |A_BUF_RAM_S2P_BRAM_1R1W  |        1|  0|   0|    0|     8|   32|     1|          256|
    |A_BUF_24_U  |A_BUF_RAM_S2P_BRAM_1R1W  |        1|  0|   0|    0|     8|   32|     1|          256|
    |A_BUF_25_U  |A_BUF_RAM_S2P_BRAM_1R1W  |        1|  0|   0|    0|     8|   32|     1|          256|
    |A_BUF_26_U  |A_BUF_RAM_S2P_BRAM_1R1W  |        1|  0|   0|    0|     8|   32|     1|          256|
    |A_BUF_27_U  |A_BUF_RAM_S2P_BRAM_1R1W  |        1|  0|   0|    0|     8|   32|     1|          256|
    |A_BUF_28_U  |A_BUF_RAM_S2P_BRAM_1R1W  |        1|  0|   0|    0|     8|   32|     1|          256|
    |A_BUF_29_U  |A_BUF_RAM_S2P_BRAM_1R1W  |        1|  0|   0|    0|     8|   32|     1|          256|
    |A_BUF_30_U  |A_BUF_RAM_S2P_BRAM_1R1W  |        1|  0|   0|    0|     8|   32|     1|          256|
    |A_BUF_31_U  |A_BUF_RAM_S2P_BRAM_1R1W  |        1|  0|   0|    0|     8|   32|     1|          256|
    +------------+-------------------------+---------+---+----+-----+------+-----+------+-------------+
    |Total       |                         |       32|  0|   0|    0|   256| 1024|    32|         8192|
    +------------+-------------------------+---------+---+----+-----+------+-----+------+-------------+

    * FIFO: 
    N/A

    * Expression: 
    +-------------------------------------------------+----------+----+---+----+------------+------------+
    |                  Variable Name                  | Operation| DSP| FF| LUT| Bitwidth P0| Bitwidth P1|
    +-------------------------------------------------+----------+----+---+----+------------+------------+
    |ap_block_state1                                  |        or|   0|  0|   2|           1|           1|
    |ap_sync_grp_loadInputsFromDRAM_fu_2782_ap_done   |        or|   0|  0|   2|           1|           1|
    |ap_sync_grp_loadInputsFromDRAM_fu_2782_ap_ready  |        or|   0|  0|   2|           1|           1|
    |ap_sync_grp_runSystolicArray_fu_2986_ap_done     |        or|   0|  0|   2|           1|           1|
    |ap_sync_grp_runSystolicArray_fu_2986_ap_ready    |        or|   0|  0|   2|           1|           1|
    +-------------------------------------------------+----------+----+---+----+------------+------------+
    |Total                                            |          |   0|  0|  10|           5|           5|
    +-------------------------------------------------+----------+----+---+----+------------+------------+

    * Multiplexer: 
    +---------------+----+-----------+-----+-----------+
    |      Name     | LUT| Input Size| Bits| Total Bits|
    +---------------+----+-----------+-----+-----------+
    |A_BUF_10_ce0   |   2|          2|    1|          2|
    |A_BUF_10_ce1   |   2|          2|    1|          2|
    |A_BUF_10_we1   |   2|          2|    1|          2|
    |A_BUF_11_ce0   |   2|          2|    1|          2|
    |A_BUF_11_ce1   |   2|          2|    1|          2|
    |A_BUF_11_we1   |   2|          2|    1|          2|
    |A_BUF_12_ce0   |   2|          2|    1|          2|
    |A_BUF_12_ce1   |   2|          2|    1|          2|
    |A_BUF_12_we1   |   2|          2|    1|          2|
    |A_BUF_13_ce0   |   2|          2|    1|          2|
    |A_BUF_13_ce1   |   2|          2|    1|          2|
    |A_BUF_13_we1   |   2|          2|    1|          2|
    |A_BUF_14_ce0   |   2|          2|    1|          2|
    |A_BUF_14_ce1   |   2|          2|    1|          2|
    |A_BUF_14_we1   |   2|          2|    1|          2|
    |A_BUF_15_ce0   |   2|          2|    1|          2|
    |A_BUF_15_ce1   |   2|          2|    1|          2|
    |A_BUF_15_we1   |   2|          2|    1|          2|
    |A_BUF_16_ce0   |   2|          2|    1|          2|
    |A_BUF_16_ce1   |   2|          2|    1|          2|
    |A_BUF_16_we1   |   2|          2|    1|          2|
    |A_BUF_17_ce0   |   2|          2|    1|          2|
    |A_BUF_17_ce1   |   2|          2|    1|          2|
    |A_BUF_17_we1   |   2|          2|    1|          2|
    |A_BUF_18_ce0   |   2|          2|    1|          2|
    |A_BUF_18_ce1   |   2|          2|    1|          2|
    |A_BUF_18_we1   |   2|          2|    1|          2|
    |A_BUF_19_ce0   |   2|          2|    1|          2|
    |A_BUF_19_ce1   |   2|          2|    1|          2|
    |A_BUF_19_we1   |   2|          2|    1|          2|
    |A_BUF_1_ce0    |   2|          2|    1|          2|
    |A_BUF_1_ce1    |   2|          2|    1|          2|
    |A_BUF_1_we1    |   2|          2|    1|          2|
    |A_BUF_20_ce0   |   2|          2|    1|          2|
    |A_BUF_20_ce1   |   2|          2|    1|          2|
    |A_BUF_20_we1   |   2|          2|    1|          2|
    |A_BUF_21_ce0   |   2|          2|    1|          2|
    |A_BUF_21_ce1   |   2|          2|    1|          2|
    |A_BUF_21_we1   |   2|          2|    1|          2|
    |A_BUF_22_ce0   |   2|          2|    1|          2|
    |A_BUF_22_ce1   |   2|          2|    1|          2|
    |A_BUF_22_we1   |   2|          2|    1|          2|
    |A_BUF_23_ce0   |   2|          2|    1|          2|
    |A_BUF_23_ce1   |   2|          2|    1|          2|
    |A_BUF_23_we1   |   2|          2|    1|          2|
    |A_BUF_24_ce0   |   2|          2|    1|          2|
    |A_BUF_24_ce1   |   2|          2|    1|          2|
    |A_BUF_24_we1   |   2|          2|    1|          2|
    |A_BUF_25_ce0   |   2|          2|    1|          2|
    |A_BUF_25_ce1   |   2|          2|    1|          2|
    |A_BUF_25_we1   |   2|          2|    1|          2|
    |A_BUF_26_ce0   |   2|          2|    1|          2|
    |A_BUF_26_ce1   |   2|          2|    1|          2|
    |A_BUF_26_we1   |   2|          2|    1|          2|
    |A_BUF_27_ce0   |   2|          2|    1|          2|
    |A_BUF_27_ce1   |   2|          2|    1|          2|
    |A_BUF_27_we1   |   2|          2|    1|          2|
    |A_BUF_28_ce0   |   2|          2|    1|          2|
    |A_BUF_28_ce1   |   2|          2|    1|          2|
    |A_BUF_28_we1   |   2|          2|    1|          2|
    |A_BUF_29_ce0   |   2|          2|    1|          2|
    |A_BUF_29_ce1   |   2|          2|    1|          2|
    |A_BUF_29_we1   |   2|          2|    1|          2|
    |A_BUF_2_ce0    |   2|          2|    1|          2|
    |A_BUF_2_ce1    |   2|          2|    1|          2|
    |A_BUF_2_we1    |   2|          2|    1|          2|
    |A_BUF_30_ce0   |   2|          2|    1|          2|
    |A_BUF_30_ce1   |   2|          2|    1|          2|
    |A_BUF_30_we1   |   2|          2|    1|          2|
    |A_BUF_31_ce0   |   2|          2|    1|          2|
    |A_BUF_31_ce1   |   2|          2|    1|          2|
    |A_BUF_31_we1   |   2|          2|    1|          2|
    |A_BUF_3_ce0    |   2|          2|    1|          2|
    |A_BUF_3_ce1    |   2|          2|    1|          2|
    |A_BUF_3_we1    |   2|          2|    1|          2|
    |A_BUF_4_ce0    |   2|          2|    1|          2|
    |A_BUF_4_ce1    |   2|          2|    1|          2|
    |A_BUF_4_we1    |   2|          2|    1|          2|
    |A_BUF_5_ce0    |   2|          2|    1|          2|
    |A_BUF_5_ce1    |   2|          2|    1|          2|
    |A_BUF_5_we1    |   2|          2|    1|          2|
    |A_BUF_6_ce0    |   2|          2|    1|          2|
    |A_BUF_6_ce1    |   2|          2|    1|          2|
    |A_BUF_6_we1    |   2|          2|    1|          2|
    |A_BUF_7_ce0    |   2|          2|    1|          2|
    |A_BUF_7_ce1    |   2|          2|    1|          2|
    |A_BUF_7_we1    |   2|          2|    1|          2|
    |A_BUF_8_ce0    |   2|          2|    1|          2|
    |A_BUF_8_ce1    |   2|          2|    1|          2|
    |A_BUF_8_we1    |   2|          2|    1|          2|
    |A_BUF_9_ce0    |   2|          2|    1|          2|
    |A_BUF_9_ce1    |   2|          2|    1|          2|
    |A_BUF_9_we1    |   2|          2|    1|          2|
    |A_BUF_ce0      |   2|          2|    1|          2|
    |A_BUF_ce1      |   2|          2|    1|          2|
    |A_BUF_we1      |   2|          2|    1|          2|
    |ap_NS_fsm      |   6|          7|    1|          7|
    |ap_done        |   2|          2|    1|          2|
    |gmem0_ARVALID  |   2|          2|    1|          2|
    |gmem0_RREADY   |   2|          2|    1|          2|
    |gmem1_ARVALID  |   2|          2|    1|          2|
    |gmem1_RREADY   |   2|          2|    1|          2|
    |gmem2_AWVALID  |   2|          2|    1|          2|
    |gmem2_BREADY   |   2|          2|    1|          2|
    |gmem2_WVALID   |   2|          2|    1|          2|
    +---------------+----+-----------+-----+-----------+
    |Total          | 214|        215|  105|        215|
    +---------------+----+-----------+-----+-----------+

    * Register: 
    +-----------------------------------------------------+-----+----+-----+-----------+
    |                         Name                        |  FF | LUT| Bits| Const Bits|
    +-----------------------------------------------------+-----+----+-----+-----------+
    |A_DRAM_read_reg_8677                                 |   64|   0|   64|          0|
    |B_BUF_100_fu_604                                     |   32|   0|   32|          0|
    |B_BUF_101_fu_608                                     |   32|   0|   32|          0|
    |B_BUF_102_fu_612                                     |   32|   0|   32|          0|
    |B_BUF_103_fu_616                                     |   32|   0|   32|          0|
    |B_BUF_104_fu_620                                     |   32|   0|   32|          0|
    |B_BUF_105_fu_624                                     |   32|   0|   32|          0|
    |B_BUF_106_fu_628                                     |   32|   0|   32|          0|
    |B_BUF_107_fu_632                                     |   32|   0|   32|          0|
    |B_BUF_108_fu_636                                     |   32|   0|   32|          0|
    |B_BUF_109_fu_640                                     |   32|   0|   32|          0|
    |B_BUF_10_fu_244                                      |   32|   0|   32|          0|
    |B_BUF_110_fu_644                                     |   32|   0|   32|          0|
    |B_BUF_111_fu_648                                     |   32|   0|   32|          0|
    |B_BUF_112_fu_652                                     |   32|   0|   32|          0|
    |B_BUF_113_fu_656                                     |   32|   0|   32|          0|
    |B_BUF_114_fu_660                                     |   32|   0|   32|          0|
    |B_BUF_115_fu_664                                     |   32|   0|   32|          0|
    |B_BUF_116_fu_668                                     |   32|   0|   32|          0|
    |B_BUF_117_fu_672                                     |   32|   0|   32|          0|
    |B_BUF_118_fu_676                                     |   32|   0|   32|          0|
    |B_BUF_119_fu_680                                     |   32|   0|   32|          0|
    |B_BUF_11_fu_248                                      |   32|   0|   32|          0|
    |B_BUF_120_fu_684                                     |   32|   0|   32|          0|
    |B_BUF_121_fu_688                                     |   32|   0|   32|          0|
    |B_BUF_122_fu_692                                     |   32|   0|   32|          0|
    |B_BUF_123_fu_696                                     |   32|   0|   32|          0|
    |B_BUF_124_fu_700                                     |   32|   0|   32|          0|
    |B_BUF_125_fu_704                                     |   32|   0|   32|          0|
    |B_BUF_126_fu_708                                     |   32|   0|   32|          0|
    |B_BUF_127_fu_712                                     |   32|   0|   32|          0|
    |B_BUF_12_fu_252                                      |   32|   0|   32|          0|
    |B_BUF_13_fu_256                                      |   32|   0|   32|          0|
    |B_BUF_14_fu_260                                      |   32|   0|   32|          0|
    |B_BUF_15_fu_264                                      |   32|   0|   32|          0|
    |B_BUF_16_fu_268                                      |   32|   0|   32|          0|
    |B_BUF_17_fu_272                                      |   32|   0|   32|          0|
    |B_BUF_18_fu_276                                      |   32|   0|   32|          0|
    |B_BUF_19_fu_280                                      |   32|   0|   32|          0|
    |B_BUF_1_fu_208                                       |   32|   0|   32|          0|
    |B_BUF_20_fu_284                                      |   32|   0|   32|          0|
    |B_BUF_21_fu_288                                      |   32|   0|   32|          0|
    |B_BUF_22_fu_292                                      |   32|   0|   32|          0|
    |B_BUF_23_fu_296                                      |   32|   0|   32|          0|
    |B_BUF_24_fu_300                                      |   32|   0|   32|          0|
    |B_BUF_25_fu_304                                      |   32|   0|   32|          0|
    |B_BUF_26_fu_308                                      |   32|   0|   32|          0|
    |B_BUF_27_fu_312                                      |   32|   0|   32|          0|
    |B_BUF_28_fu_316                                      |   32|   0|   32|          0|
    |B_BUF_29_fu_320                                      |   32|   0|   32|          0|
    |B_BUF_2_fu_212                                       |   32|   0|   32|          0|
    |B_BUF_30_fu_324                                      |   32|   0|   32|          0|
    |B_BUF_31_fu_328                                      |   32|   0|   32|          0|
    |B_BUF_32_fu_332                                      |   32|   0|   32|          0|
    |B_BUF_33_fu_336                                      |   32|   0|   32|          0|
    |B_BUF_34_fu_340                                      |   32|   0|   32|          0|
    |B_BUF_35_fu_344                                      |   32|   0|   32|          0|
    |B_BUF_36_fu_348                                      |   32|   0|   32|          0|
    |B_BUF_37_fu_352                                      |   32|   0|   32|          0|
    |B_BUF_38_fu_356                                      |   32|   0|   32|          0|
    |B_BUF_39_fu_360                                      |   32|   0|   32|          0|
    |B_BUF_3_fu_216                                       |   32|   0|   32|          0|
    |B_BUF_40_fu_364                                      |   32|   0|   32|          0|
    |B_BUF_41_fu_368                                      |   32|   0|   32|          0|
    |B_BUF_42_fu_372                                      |   32|   0|   32|          0|
    |B_BUF_43_fu_376                                      |   32|   0|   32|          0|
    |B_BUF_44_fu_380                                      |   32|   0|   32|          0|
    |B_BUF_45_fu_384                                      |   32|   0|   32|          0|
    |B_BUF_46_fu_388                                      |   32|   0|   32|          0|
    |B_BUF_47_fu_392                                      |   32|   0|   32|          0|
    |B_BUF_48_fu_396                                      |   32|   0|   32|          0|
    |B_BUF_49_fu_400                                      |   32|   0|   32|          0|
    |B_BUF_4_fu_220                                       |   32|   0|   32|          0|
    |B_BUF_50_fu_404                                      |   32|   0|   32|          0|
    |B_BUF_51_fu_408                                      |   32|   0|   32|          0|
    |B_BUF_52_fu_412                                      |   32|   0|   32|          0|
    |B_BUF_53_fu_416                                      |   32|   0|   32|          0|
    |B_BUF_54_fu_420                                      |   32|   0|   32|          0|
    |B_BUF_55_fu_424                                      |   32|   0|   32|          0|
    |B_BUF_56_fu_428                                      |   32|   0|   32|          0|
    |B_BUF_57_fu_432                                      |   32|   0|   32|          0|
    |B_BUF_58_fu_436                                      |   32|   0|   32|          0|
    |B_BUF_59_fu_440                                      |   32|   0|   32|          0|
    |B_BUF_5_fu_224                                       |   32|   0|   32|          0|
    |B_BUF_60_fu_444                                      |   32|   0|   32|          0|
    |B_BUF_61_fu_448                                      |   32|   0|   32|          0|
    |B_BUF_62_fu_452                                      |   32|   0|   32|          0|
    |B_BUF_63_fu_456                                      |   32|   0|   32|          0|
    |B_BUF_64_fu_460                                      |   32|   0|   32|          0|
    |B_BUF_65_fu_464                                      |   32|   0|   32|          0|
    |B_BUF_66_fu_468                                      |   32|   0|   32|          0|
    |B_BUF_67_fu_472                                      |   32|   0|   32|          0|
    |B_BUF_68_fu_476                                      |   32|   0|   32|          0|
    |B_BUF_69_fu_480                                      |   32|   0|   32|          0|
    |B_BUF_6_fu_228                                       |   32|   0|   32|          0|
    |B_BUF_70_fu_484                                      |   32|   0|   32|          0|
    |B_BUF_71_fu_488                                      |   32|   0|   32|          0|
    |B_BUF_72_fu_492                                      |   32|   0|   32|          0|
    |B_BUF_73_fu_496                                      |   32|   0|   32|          0|
    |B_BUF_74_fu_500                                      |   32|   0|   32|          0|
    |B_BUF_75_fu_504                                      |   32|   0|   32|          0|
    |B_BUF_76_fu_508                                      |   32|   0|   32|          0|
    |B_BUF_77_fu_512                                      |   32|   0|   32|          0|
    |B_BUF_78_fu_516                                      |   32|   0|   32|          0|
    |B_BUF_79_fu_520                                      |   32|   0|   32|          0|
    |B_BUF_7_fu_232                                       |   32|   0|   32|          0|
    |B_BUF_80_fu_524                                      |   32|   0|   32|          0|
    |B_BUF_81_fu_528                                      |   32|   0|   32|          0|
    |B_BUF_82_fu_532                                      |   32|   0|   32|          0|
    |B_BUF_83_fu_536                                      |   32|   0|   32|          0|
    |B_BUF_84_fu_540                                      |   32|   0|   32|          0|
    |B_BUF_85_fu_544                                      |   32|   0|   32|          0|
    |B_BUF_86_fu_548                                      |   32|   0|   32|          0|
    |B_BUF_87_fu_552                                      |   32|   0|   32|          0|
    |B_BUF_88_fu_556                                      |   32|   0|   32|          0|
    |B_BUF_89_fu_560                                      |   32|   0|   32|          0|
    |B_BUF_8_fu_236                                       |   32|   0|   32|          0|
    |B_BUF_90_fu_564                                      |   32|   0|   32|          0|
    |B_BUF_91_fu_568                                      |   32|   0|   32|          0|
    |B_BUF_92_fu_572                                      |   32|   0|   32|          0|
    |B_BUF_93_fu_576                                      |   32|   0|   32|          0|
    |B_BUF_94_fu_580                                      |   32|   0|   32|          0|
    |B_BUF_95_fu_584                                      |   32|   0|   32|          0|
    |B_BUF_96_fu_588                                      |   32|   0|   32|          0|
    |B_BUF_97_fu_592                                      |   32|   0|   32|          0|
    |B_BUF_98_fu_596                                      |   32|   0|   32|          0|
    |B_BUF_99_fu_600                                      |   32|   0|   32|          0|
    |B_BUF_9_fu_240                                       |   32|   0|   32|          0|
    |B_BUF_fu_204                                         |   32|   0|   32|          0|
    |B_DRAM_read_reg_8672                                 |   64|   0|   64|          0|
    |C_BUF_100_fu_1116                                    |   32|   0|   32|          0|
    |C_BUF_101_fu_1120                                    |   32|   0|   32|          0|
    |C_BUF_102_fu_1124                                    |   32|   0|   32|          0|
    |C_BUF_103_fu_1128                                    |   32|   0|   32|          0|
    |C_BUF_104_fu_1132                                    |   32|   0|   32|          0|
    |C_BUF_105_fu_1136                                    |   32|   0|   32|          0|
    |C_BUF_106_fu_1140                                    |   32|   0|   32|          0|
    |C_BUF_107_fu_1144                                    |   32|   0|   32|          0|
    |C_BUF_108_fu_1148                                    |   32|   0|   32|          0|
    |C_BUF_109_fu_1152                                    |   32|   0|   32|          0|
    |C_BUF_10_fu_756                                      |   32|   0|   32|          0|
    |C_BUF_110_fu_1156                                    |   32|   0|   32|          0|
    |C_BUF_111_fu_1160                                    |   32|   0|   32|          0|
    |C_BUF_112_fu_1164                                    |   32|   0|   32|          0|
    |C_BUF_113_fu_1168                                    |   32|   0|   32|          0|
    |C_BUF_114_fu_1172                                    |   32|   0|   32|          0|
    |C_BUF_115_fu_1176                                    |   32|   0|   32|          0|
    |C_BUF_116_fu_1180                                    |   32|   0|   32|          0|
    |C_BUF_117_fu_1184                                    |   32|   0|   32|          0|
    |C_BUF_118_fu_1188                                    |   32|   0|   32|          0|
    |C_BUF_119_fu_1192                                    |   32|   0|   32|          0|
    |C_BUF_11_fu_760                                      |   32|   0|   32|          0|
    |C_BUF_120_fu_1196                                    |   32|   0|   32|          0|
    |C_BUF_121_fu_1200                                    |   32|   0|   32|          0|
    |C_BUF_122_fu_1204                                    |   32|   0|   32|          0|
    |C_BUF_123_fu_1208                                    |   32|   0|   32|          0|
    |C_BUF_124_fu_1212                                    |   32|   0|   32|          0|
    |C_BUF_125_fu_1216                                    |   32|   0|   32|          0|
    |C_BUF_126_fu_1220                                    |   32|   0|   32|          0|
    |C_BUF_127_fu_1224                                    |   32|   0|   32|          0|
    |C_BUF_128_fu_1228                                    |   32|   0|   32|          0|
    |C_BUF_129_fu_1232                                    |   32|   0|   32|          0|
    |C_BUF_12_fu_764                                      |   32|   0|   32|          0|
    |C_BUF_130_fu_1236                                    |   32|   0|   32|          0|
    |C_BUF_131_fu_1240                                    |   32|   0|   32|          0|
    |C_BUF_132_fu_1244                                    |   32|   0|   32|          0|
    |C_BUF_133_fu_1248                                    |   32|   0|   32|          0|
    |C_BUF_134_fu_1252                                    |   32|   0|   32|          0|
    |C_BUF_135_fu_1256                                    |   32|   0|   32|          0|
    |C_BUF_136_fu_1260                                    |   32|   0|   32|          0|
    |C_BUF_137_fu_1264                                    |   32|   0|   32|          0|
    |C_BUF_138_fu_1268                                    |   32|   0|   32|          0|
    |C_BUF_139_fu_1272                                    |   32|   0|   32|          0|
    |C_BUF_13_fu_768                                      |   32|   0|   32|          0|
    |C_BUF_140_fu_1276                                    |   32|   0|   32|          0|
    |C_BUF_141_fu_1280                                    |   32|   0|   32|          0|
    |C_BUF_142_fu_1284                                    |   32|   0|   32|          0|
    |C_BUF_143_fu_1288                                    |   32|   0|   32|          0|
    |C_BUF_144_fu_1292                                    |   32|   0|   32|          0|
    |C_BUF_145_fu_1296                                    |   32|   0|   32|          0|
    |C_BUF_146_fu_1300                                    |   32|   0|   32|          0|
    |C_BUF_147_fu_1304                                    |   32|   0|   32|          0|
    |C_BUF_148_fu_1308                                    |   32|   0|   32|          0|
    |C_BUF_149_fu_1312                                    |   32|   0|   32|          0|
    |C_BUF_14_fu_772                                      |   32|   0|   32|          0|
    |C_BUF_150_fu_1316                                    |   32|   0|   32|          0|
    |C_BUF_151_fu_1320                                    |   32|   0|   32|          0|
    |C_BUF_152_fu_1324                                    |   32|   0|   32|          0|
    |C_BUF_153_fu_1328                                    |   32|   0|   32|          0|
    |C_BUF_154_fu_1332                                    |   32|   0|   32|          0|
    |C_BUF_155_fu_1336                                    |   32|   0|   32|          0|
    |C_BUF_156_fu_1340                                    |   32|   0|   32|          0|
    |C_BUF_157_fu_1344                                    |   32|   0|   32|          0|
    |C_BUF_158_fu_1348                                    |   32|   0|   32|          0|
    |C_BUF_159_fu_1352                                    |   32|   0|   32|          0|
    |C_BUF_15_fu_776                                      |   32|   0|   32|          0|
    |C_BUF_160_fu_1356                                    |   32|   0|   32|          0|
    |C_BUF_161_fu_1360                                    |   32|   0|   32|          0|
    |C_BUF_162_fu_1364                                    |   32|   0|   32|          0|
    |C_BUF_163_fu_1368                                    |   32|   0|   32|          0|
    |C_BUF_164_fu_1372                                    |   32|   0|   32|          0|
    |C_BUF_165_fu_1376                                    |   32|   0|   32|          0|
    |C_BUF_166_fu_1380                                    |   32|   0|   32|          0|
    |C_BUF_167_fu_1384                                    |   32|   0|   32|          0|
    |C_BUF_168_fu_1388                                    |   32|   0|   32|          0|
    |C_BUF_169_fu_1392                                    |   32|   0|   32|          0|
    |C_BUF_16_fu_780                                      |   32|   0|   32|          0|
    |C_BUF_170_fu_1396                                    |   32|   0|   32|          0|
    |C_BUF_171_fu_1400                                    |   32|   0|   32|          0|
    |C_BUF_172_fu_1404                                    |   32|   0|   32|          0|
    |C_BUF_173_fu_1408                                    |   32|   0|   32|          0|
    |C_BUF_174_fu_1412                                    |   32|   0|   32|          0|
    |C_BUF_175_fu_1416                                    |   32|   0|   32|          0|
    |C_BUF_176_fu_1420                                    |   32|   0|   32|          0|
    |C_BUF_177_fu_1424                                    |   32|   0|   32|          0|
    |C_BUF_178_fu_1428                                    |   32|   0|   32|          0|
    |C_BUF_179_fu_1432                                    |   32|   0|   32|          0|
    |C_BUF_17_fu_784                                      |   32|   0|   32|          0|
    |C_BUF_180_fu_1436                                    |   32|   0|   32|          0|
    |C_BUF_181_fu_1440                                    |   32|   0|   32|          0|
    |C_BUF_182_fu_1444                                    |   32|   0|   32|          0|
    |C_BUF_183_fu_1448                                    |   32|   0|   32|          0|
    |C_BUF_184_fu_1452                                    |   32|   0|   32|          0|
    |C_BUF_185_fu_1456                                    |   32|   0|   32|          0|
    |C_BUF_186_fu_1460                                    |   32|   0|   32|          0|
    |C_BUF_187_fu_1464                                    |   32|   0|   32|          0|
    |C_BUF_188_fu_1468                                    |   32|   0|   32|          0|
    |C_BUF_189_fu_1472                                    |   32|   0|   32|          0|
    |C_BUF_18_fu_788                                      |   32|   0|   32|          0|
    |C_BUF_190_fu_1476                                    |   32|   0|   32|          0|
    |C_BUF_191_fu_1480                                    |   32|   0|   32|          0|
    |C_BUF_192_fu_1484                                    |   32|   0|   32|          0|
    |C_BUF_193_fu_1488                                    |   32|   0|   32|          0|
    |C_BUF_194_fu_1492                                    |   32|   0|   32|          0|
    |C_BUF_195_fu_1496                                    |   32|   0|   32|          0|
    |C_BUF_196_fu_1500                                    |   32|   0|   32|          0|
    |C_BUF_197_fu_1504                                    |   32|   0|   32|          0|
    |C_BUF_198_fu_1508                                    |   32|   0|   32|          0|
    |C_BUF_199_fu_1512                                    |   32|   0|   32|          0|
    |C_BUF_19_fu_792                                      |   32|   0|   32|          0|
    |C_BUF_1_fu_720                                       |   32|   0|   32|          0|
    |C_BUF_200_fu_1516                                    |   32|   0|   32|          0|
    |C_BUF_201_fu_1520                                    |   32|   0|   32|          0|
    |C_BUF_202_fu_1524                                    |   32|   0|   32|          0|
    |C_BUF_203_fu_1528                                    |   32|   0|   32|          0|
    |C_BUF_204_fu_1532                                    |   32|   0|   32|          0|
    |C_BUF_205_fu_1536                                    |   32|   0|   32|          0|
    |C_BUF_206_fu_1540                                    |   32|   0|   32|          0|
    |C_BUF_207_fu_1544                                    |   32|   0|   32|          0|
    |C_BUF_208_fu_1548                                    |   32|   0|   32|          0|
    |C_BUF_209_fu_1552                                    |   32|   0|   32|          0|
    |C_BUF_20_fu_796                                      |   32|   0|   32|          0|
    |C_BUF_210_fu_1556                                    |   32|   0|   32|          0|
    |C_BUF_211_fu_1560                                    |   32|   0|   32|          0|
    |C_BUF_212_fu_1564                                    |   32|   0|   32|          0|
    |C_BUF_213_fu_1568                                    |   32|   0|   32|          0|
    |C_BUF_214_fu_1572                                    |   32|   0|   32|          0|
    |C_BUF_215_fu_1576                                    |   32|   0|   32|          0|
    |C_BUF_216_fu_1580                                    |   32|   0|   32|          0|
    |C_BUF_217_fu_1584                                    |   32|   0|   32|          0|
    |C_BUF_218_fu_1588                                    |   32|   0|   32|          0|
    |C_BUF_219_fu_1592                                    |   32|   0|   32|          0|
    |C_BUF_21_fu_800                                      |   32|   0|   32|          0|
    |C_BUF_220_fu_1596                                    |   32|   0|   32|          0|
    |C_BUF_221_fu_1600                                    |   32|   0|   32|          0|
    |C_BUF_222_fu_1604                                    |   32|   0|   32|          0|
    |C_BUF_223_fu_1608                                    |   32|   0|   32|          0|
    |C_BUF_224_fu_1612                                    |   32|   0|   32|          0|
    |C_BUF_225_fu_1616                                    |   32|   0|   32|          0|
    |C_BUF_226_fu_1620                                    |   32|   0|   32|          0|
    |C_BUF_227_fu_1624                                    |   32|   0|   32|          0|
    |C_BUF_228_fu_1628                                    |   32|   0|   32|          0|
    |C_BUF_229_fu_1632                                    |   32|   0|   32|          0|
    |C_BUF_22_fu_804                                      |   32|   0|   32|          0|
    |C_BUF_230_fu_1636                                    |   32|   0|   32|          0|
    |C_BUF_231_fu_1640                                    |   32|   0|   32|          0|
    |C_BUF_232_fu_1644                                    |   32|   0|   32|          0|
    |C_BUF_233_fu_1648                                    |   32|   0|   32|          0|
    |C_BUF_234_fu_1652                                    |   32|   0|   32|          0|
    |C_BUF_235_fu_1656                                    |   32|   0|   32|          0|
    |C_BUF_236_fu_1660                                    |   32|   0|   32|          0|
    |C_BUF_237_fu_1664                                    |   32|   0|   32|          0|
    |C_BUF_238_fu_1668                                    |   32|   0|   32|          0|
    |C_BUF_239_fu_1672                                    |   32|   0|   32|          0|
    |C_BUF_23_fu_808                                      |   32|   0|   32|          0|
    |C_BUF_240_fu_1676                                    |   32|   0|   32|          0|
    |C_BUF_241_fu_1680                                    |   32|   0|   32|          0|
    |C_BUF_242_fu_1684                                    |   32|   0|   32|          0|
    |C_BUF_243_fu_1688                                    |   32|   0|   32|          0|
    |C_BUF_244_fu_1692                                    |   32|   0|   32|          0|
    |C_BUF_245_fu_1696                                    |   32|   0|   32|          0|
    |C_BUF_246_fu_1700                                    |   32|   0|   32|          0|
    |C_BUF_247_fu_1704                                    |   32|   0|   32|          0|
    |C_BUF_248_fu_1708                                    |   32|   0|   32|          0|
    |C_BUF_249_fu_1712                                    |   32|   0|   32|          0|
    |C_BUF_24_fu_812                                      |   32|   0|   32|          0|
    |C_BUF_250_fu_1716                                    |   32|   0|   32|          0|
    |C_BUF_251_fu_1720                                    |   32|   0|   32|          0|
    |C_BUF_252_fu_1724                                    |   32|   0|   32|          0|
    |C_BUF_253_fu_1728                                    |   32|   0|   32|          0|
    |C_BUF_254_fu_1732                                    |   32|   0|   32|          0|
    |C_BUF_255_fu_1736                                    |   32|   0|   32|          0|
    |C_BUF_256_fu_1740                                    |   32|   0|   32|          0|
    |C_BUF_257_fu_1744                                    |   32|   0|   32|          0|
    |C_BUF_258_fu_1748                                    |   32|   0|   32|          0|
    |C_BUF_259_fu_1752                                    |   32|   0|   32|          0|
    |C_BUF_25_fu_816                                      |   32|   0|   32|          0|
    |C_BUF_260_fu_1756                                    |   32|   0|   32|          0|
    |C_BUF_261_fu_1760                                    |   32|   0|   32|          0|
    |C_BUF_262_fu_1764                                    |   32|   0|   32|          0|
    |C_BUF_263_fu_1768                                    |   32|   0|   32|          0|
    |C_BUF_264_fu_1772                                    |   32|   0|   32|          0|
    |C_BUF_265_fu_1776                                    |   32|   0|   32|          0|
    |C_BUF_266_fu_1780                                    |   32|   0|   32|          0|
    |C_BUF_267_fu_1784                                    |   32|   0|   32|          0|
    |C_BUF_268_fu_1788                                    |   32|   0|   32|          0|
    |C_BUF_269_fu_1792                                    |   32|   0|   32|          0|
    |C_BUF_26_fu_820                                      |   32|   0|   32|          0|
    |C_BUF_270_fu_1796                                    |   32|   0|   32|          0|
    |C_BUF_271_fu_1800                                    |   32|   0|   32|          0|
    |C_BUF_272_fu_1804                                    |   32|   0|   32|          0|
    |C_BUF_273_fu_1808                                    |   32|   0|   32|          0|
    |C_BUF_274_fu_1812                                    |   32|   0|   32|          0|
    |C_BUF_275_fu_1816                                    |   32|   0|   32|          0|
    |C_BUF_276_fu_1820                                    |   32|   0|   32|          0|
    |C_BUF_277_fu_1824                                    |   32|   0|   32|          0|
    |C_BUF_278_fu_1828                                    |   32|   0|   32|          0|
    |C_BUF_279_fu_1832                                    |   32|   0|   32|          0|
    |C_BUF_27_fu_824                                      |   32|   0|   32|          0|
    |C_BUF_280_fu_1836                                    |   32|   0|   32|          0|
    |C_BUF_281_fu_1840                                    |   32|   0|   32|          0|
    |C_BUF_282_fu_1844                                    |   32|   0|   32|          0|
    |C_BUF_283_fu_1848                                    |   32|   0|   32|          0|
    |C_BUF_284_fu_1852                                    |   32|   0|   32|          0|
    |C_BUF_285_fu_1856                                    |   32|   0|   32|          0|
    |C_BUF_286_fu_1860                                    |   32|   0|   32|          0|
    |C_BUF_287_fu_1864                                    |   32|   0|   32|          0|
    |C_BUF_288_fu_1868                                    |   32|   0|   32|          0|
    |C_BUF_289_fu_1872                                    |   32|   0|   32|          0|
    |C_BUF_28_fu_828                                      |   32|   0|   32|          0|
    |C_BUF_290_fu_1876                                    |   32|   0|   32|          0|
    |C_BUF_291_fu_1880                                    |   32|   0|   32|          0|
    |C_BUF_292_fu_1884                                    |   32|   0|   32|          0|
    |C_BUF_293_fu_1888                                    |   32|   0|   32|          0|
    |C_BUF_294_fu_1892                                    |   32|   0|   32|          0|
    |C_BUF_295_fu_1896                                    |   32|   0|   32|          0|
    |C_BUF_296_fu_1900                                    |   32|   0|   32|          0|
    |C_BUF_297_fu_1904                                    |   32|   0|   32|          0|
    |C_BUF_298_fu_1908                                    |   32|   0|   32|          0|
    |C_BUF_299_fu_1912                                    |   32|   0|   32|          0|
    |C_BUF_29_fu_832                                      |   32|   0|   32|          0|
    |C_BUF_2_fu_724                                       |   32|   0|   32|          0|
    |C_BUF_300_fu_1916                                    |   32|   0|   32|          0|
    |C_BUF_301_fu_1920                                    |   32|   0|   32|          0|
    |C_BUF_302_fu_1924                                    |   32|   0|   32|          0|
    |C_BUF_303_fu_1928                                    |   32|   0|   32|          0|
    |C_BUF_304_fu_1932                                    |   32|   0|   32|          0|
    |C_BUF_305_fu_1936                                    |   32|   0|   32|          0|
    |C_BUF_306_fu_1940                                    |   32|   0|   32|          0|
    |C_BUF_307_fu_1944                                    |   32|   0|   32|          0|
    |C_BUF_308_fu_1948                                    |   32|   0|   32|          0|
    |C_BUF_309_fu_1952                                    |   32|   0|   32|          0|
    |C_BUF_30_fu_836                                      |   32|   0|   32|          0|
    |C_BUF_310_fu_1956                                    |   32|   0|   32|          0|
    |C_BUF_311_fu_1960                                    |   32|   0|   32|          0|
    |C_BUF_312_fu_1964                                    |   32|   0|   32|          0|
    |C_BUF_313_fu_1968                                    |   32|   0|   32|          0|
    |C_BUF_314_fu_1972                                    |   32|   0|   32|          0|
    |C_BUF_315_fu_1976                                    |   32|   0|   32|          0|
    |C_BUF_316_fu_1980                                    |   32|   0|   32|          0|
    |C_BUF_317_fu_1984                                    |   32|   0|   32|          0|
    |C_BUF_318_fu_1988                                    |   32|   0|   32|          0|
    |C_BUF_319_fu_1992                                    |   32|   0|   32|          0|
    |C_BUF_31_fu_840                                      |   32|   0|   32|          0|
    |C_BUF_320_fu_1996                                    |   32|   0|   32|          0|
    |C_BUF_321_fu_2000                                    |   32|   0|   32|          0|
    |C_BUF_322_fu_2004                                    |   32|   0|   32|          0|
    |C_BUF_323_fu_2008                                    |   32|   0|   32|          0|
    |C_BUF_324_fu_2012                                    |   32|   0|   32|          0|
    |C_BUF_325_fu_2016                                    |   32|   0|   32|          0|
    |C_BUF_326_fu_2020                                    |   32|   0|   32|          0|
    |C_BUF_327_fu_2024                                    |   32|   0|   32|          0|
    |C_BUF_328_fu_2028                                    |   32|   0|   32|          0|
    |C_BUF_329_fu_2032                                    |   32|   0|   32|          0|
    |C_BUF_32_fu_844                                      |   32|   0|   32|          0|
    |C_BUF_330_fu_2036                                    |   32|   0|   32|          0|
    |C_BUF_331_fu_2040                                    |   32|   0|   32|          0|
    |C_BUF_332_fu_2044                                    |   32|   0|   32|          0|
    |C_BUF_333_fu_2048                                    |   32|   0|   32|          0|
    |C_BUF_334_fu_2052                                    |   32|   0|   32|          0|
    |C_BUF_335_fu_2056                                    |   32|   0|   32|          0|
    |C_BUF_336_fu_2060                                    |   32|   0|   32|          0|
    |C_BUF_337_fu_2064                                    |   32|   0|   32|          0|
    |C_BUF_338_fu_2068                                    |   32|   0|   32|          0|
    |C_BUF_339_fu_2072                                    |   32|   0|   32|          0|
    |C_BUF_33_fu_848                                      |   32|   0|   32|          0|
    |C_BUF_340_fu_2076                                    |   32|   0|   32|          0|
    |C_BUF_341_fu_2080                                    |   32|   0|   32|          0|
    |C_BUF_342_fu_2084                                    |   32|   0|   32|          0|
    |C_BUF_343_fu_2088                                    |   32|   0|   32|          0|
    |C_BUF_344_fu_2092                                    |   32|   0|   32|          0|
    |C_BUF_345_fu_2096                                    |   32|   0|   32|          0|
    |C_BUF_346_fu_2100                                    |   32|   0|   32|          0|
    |C_BUF_347_fu_2104                                    |   32|   0|   32|          0|
    |C_BUF_348_fu_2108                                    |   32|   0|   32|          0|
    |C_BUF_349_fu_2112                                    |   32|   0|   32|          0|
    |C_BUF_34_fu_852                                      |   32|   0|   32|          0|
    |C_BUF_350_fu_2116                                    |   32|   0|   32|          0|
    |C_BUF_351_fu_2120                                    |   32|   0|   32|          0|
    |C_BUF_352_fu_2124                                    |   32|   0|   32|          0|
    |C_BUF_353_fu_2128                                    |   32|   0|   32|          0|
    |C_BUF_354_fu_2132                                    |   32|   0|   32|          0|
    |C_BUF_355_fu_2136                                    |   32|   0|   32|          0|
    |C_BUF_356_fu_2140                                    |   32|   0|   32|          0|
    |C_BUF_357_fu_2144                                    |   32|   0|   32|          0|
    |C_BUF_358_fu_2148                                    |   32|   0|   32|          0|
    |C_BUF_359_fu_2152                                    |   32|   0|   32|          0|
    |C_BUF_35_fu_856                                      |   32|   0|   32|          0|
    |C_BUF_360_fu_2156                                    |   32|   0|   32|          0|
    |C_BUF_361_fu_2160                                    |   32|   0|   32|          0|
    |C_BUF_362_fu_2164                                    |   32|   0|   32|          0|
    |C_BUF_363_fu_2168                                    |   32|   0|   32|          0|
    |C_BUF_364_fu_2172                                    |   32|   0|   32|          0|
    |C_BUF_365_fu_2176                                    |   32|   0|   32|          0|
    |C_BUF_366_fu_2180                                    |   32|   0|   32|          0|
    |C_BUF_367_fu_2184                                    |   32|   0|   32|          0|
    |C_BUF_368_fu_2188                                    |   32|   0|   32|          0|
    |C_BUF_369_fu_2192                                    |   32|   0|   32|          0|
    |C_BUF_36_fu_860                                      |   32|   0|   32|          0|
    |C_BUF_370_fu_2196                                    |   32|   0|   32|          0|
    |C_BUF_371_fu_2200                                    |   32|   0|   32|          0|
    |C_BUF_372_fu_2204                                    |   32|   0|   32|          0|
    |C_BUF_373_fu_2208                                    |   32|   0|   32|          0|
    |C_BUF_374_fu_2212                                    |   32|   0|   32|          0|
    |C_BUF_375_fu_2216                                    |   32|   0|   32|          0|
    |C_BUF_376_fu_2220                                    |   32|   0|   32|          0|
    |C_BUF_377_fu_2224                                    |   32|   0|   32|          0|
    |C_BUF_378_fu_2228                                    |   32|   0|   32|          0|
    |C_BUF_379_fu_2232                                    |   32|   0|   32|          0|
    |C_BUF_37_fu_864                                      |   32|   0|   32|          0|
    |C_BUF_380_fu_2236                                    |   32|   0|   32|          0|
    |C_BUF_381_fu_2240                                    |   32|   0|   32|          0|
    |C_BUF_382_fu_2244                                    |   32|   0|   32|          0|
    |C_BUF_383_fu_2248                                    |   32|   0|   32|          0|
    |C_BUF_384_fu_2252                                    |   32|   0|   32|          0|
    |C_BUF_385_fu_2256                                    |   32|   0|   32|          0|
    |C_BUF_386_fu_2260                                    |   32|   0|   32|          0|
    |C_BUF_387_fu_2264                                    |   32|   0|   32|          0|
    |C_BUF_388_fu_2268                                    |   32|   0|   32|          0|
    |C_BUF_389_fu_2272                                    |   32|   0|   32|          0|
    |C_BUF_38_fu_868                                      |   32|   0|   32|          0|
    |C_BUF_390_fu_2276                                    |   32|   0|   32|          0|
    |C_BUF_391_fu_2280                                    |   32|   0|   32|          0|
    |C_BUF_392_fu_2284                                    |   32|   0|   32|          0|
    |C_BUF_393_fu_2288                                    |   32|   0|   32|          0|
    |C_BUF_394_fu_2292                                    |   32|   0|   32|          0|
    |C_BUF_395_fu_2296                                    |   32|   0|   32|          0|
    |C_BUF_396_fu_2300                                    |   32|   0|   32|          0|
    |C_BUF_397_fu_2304                                    |   32|   0|   32|          0|
    |C_BUF_398_fu_2308                                    |   32|   0|   32|          0|
    |C_BUF_399_fu_2312                                    |   32|   0|   32|          0|
    |C_BUF_39_fu_872                                      |   32|   0|   32|          0|
    |C_BUF_3_fu_728                                       |   32|   0|   32|          0|
    |C_BUF_400_fu_2316                                    |   32|   0|   32|          0|
    |C_BUF_401_fu_2320                                    |   32|   0|   32|          0|
    |C_BUF_402_fu_2324                                    |   32|   0|   32|          0|
    |C_BUF_403_fu_2328                                    |   32|   0|   32|          0|
    |C_BUF_404_fu_2332                                    |   32|   0|   32|          0|
    |C_BUF_405_fu_2336                                    |   32|   0|   32|          0|
    |C_BUF_406_fu_2340                                    |   32|   0|   32|          0|
    |C_BUF_407_fu_2344                                    |   32|   0|   32|          0|
    |C_BUF_408_fu_2348                                    |   32|   0|   32|          0|
    |C_BUF_409_fu_2352                                    |   32|   0|   32|          0|
    |C_BUF_40_fu_876                                      |   32|   0|   32|          0|
    |C_BUF_410_fu_2356                                    |   32|   0|   32|          0|
    |C_BUF_411_fu_2360                                    |   32|   0|   32|          0|
    |C_BUF_412_fu_2364                                    |   32|   0|   32|          0|
    |C_BUF_413_fu_2368                                    |   32|   0|   32|          0|
    |C_BUF_414_fu_2372                                    |   32|   0|   32|          0|
    |C_BUF_415_fu_2376                                    |   32|   0|   32|          0|
    |C_BUF_416_fu_2380                                    |   32|   0|   32|          0|
    |C_BUF_417_fu_2384                                    |   32|   0|   32|          0|
    |C_BUF_418_fu_2388                                    |   32|   0|   32|          0|
    |C_BUF_419_fu_2392                                    |   32|   0|   32|          0|
    |C_BUF_41_fu_880                                      |   32|   0|   32|          0|
    |C_BUF_420_fu_2396                                    |   32|   0|   32|          0|
    |C_BUF_421_fu_2400                                    |   32|   0|   32|          0|
    |C_BUF_422_fu_2404                                    |   32|   0|   32|          0|
    |C_BUF_423_fu_2408                                    |   32|   0|   32|          0|
    |C_BUF_424_fu_2412                                    |   32|   0|   32|          0|
    |C_BUF_425_fu_2416                                    |   32|   0|   32|          0|
    |C_BUF_426_fu_2420                                    |   32|   0|   32|          0|
    |C_BUF_427_fu_2424                                    |   32|   0|   32|          0|
    |C_BUF_428_fu_2428                                    |   32|   0|   32|          0|
    |C_BUF_429_fu_2432                                    |   32|   0|   32|          0|
    |C_BUF_42_fu_884                                      |   32|   0|   32|          0|
    |C_BUF_430_fu_2436                                    |   32|   0|   32|          0|
    |C_BUF_431_fu_2440                                    |   32|   0|   32|          0|
    |C_BUF_432_fu_2444                                    |   32|   0|   32|          0|
    |C_BUF_433_fu_2448                                    |   32|   0|   32|          0|
    |C_BUF_434_fu_2452                                    |   32|   0|   32|          0|
    |C_BUF_435_fu_2456                                    |   32|   0|   32|          0|
    |C_BUF_436_fu_2460                                    |   32|   0|   32|          0|
    |C_BUF_437_fu_2464                                    |   32|   0|   32|          0|
    |C_BUF_438_fu_2468                                    |   32|   0|   32|          0|
    |C_BUF_439_fu_2472                                    |   32|   0|   32|          0|
    |C_BUF_43_fu_888                                      |   32|   0|   32|          0|
    |C_BUF_440_fu_2476                                    |   32|   0|   32|          0|
    |C_BUF_441_fu_2480                                    |   32|   0|   32|          0|
    |C_BUF_442_fu_2484                                    |   32|   0|   32|          0|
    |C_BUF_443_fu_2488                                    |   32|   0|   32|          0|
    |C_BUF_444_fu_2492                                    |   32|   0|   32|          0|
    |C_BUF_445_fu_2496                                    |   32|   0|   32|          0|
    |C_BUF_446_fu_2500                                    |   32|   0|   32|          0|
    |C_BUF_447_fu_2504                                    |   32|   0|   32|          0|
    |C_BUF_448_fu_2508                                    |   32|   0|   32|          0|
    |C_BUF_449_fu_2512                                    |   32|   0|   32|          0|
    |C_BUF_44_fu_892                                      |   32|   0|   32|          0|
    |C_BUF_450_fu_2516                                    |   32|   0|   32|          0|
    |C_BUF_451_fu_2520                                    |   32|   0|   32|          0|
    |C_BUF_452_fu_2524                                    |   32|   0|   32|          0|
    |C_BUF_453_fu_2528                                    |   32|   0|   32|          0|
    |C_BUF_454_fu_2532                                    |   32|   0|   32|          0|
    |C_BUF_455_fu_2536                                    |   32|   0|   32|          0|
    |C_BUF_456_fu_2540                                    |   32|   0|   32|          0|
    |C_BUF_457_fu_2544                                    |   32|   0|   32|          0|
    |C_BUF_458_fu_2548                                    |   32|   0|   32|          0|
    |C_BUF_459_fu_2552                                    |   32|   0|   32|          0|
    |C_BUF_45_fu_896                                      |   32|   0|   32|          0|
    |C_BUF_460_fu_2556                                    |   32|   0|   32|          0|
    |C_BUF_461_fu_2560                                    |   32|   0|   32|          0|
    |C_BUF_462_fu_2564                                    |   32|   0|   32|          0|
    |C_BUF_463_fu_2568                                    |   32|   0|   32|          0|
    |C_BUF_464_fu_2572                                    |   32|   0|   32|          0|
    |C_BUF_465_fu_2576                                    |   32|   0|   32|          0|
    |C_BUF_466_fu_2580                                    |   32|   0|   32|          0|
    |C_BUF_467_fu_2584                                    |   32|   0|   32|          0|
    |C_BUF_468_fu_2588                                    |   32|   0|   32|          0|
    |C_BUF_469_fu_2592                                    |   32|   0|   32|          0|
    |C_BUF_46_fu_900                                      |   32|   0|   32|          0|
    |C_BUF_470_fu_2596                                    |   32|   0|   32|          0|
    |C_BUF_471_fu_2600                                    |   32|   0|   32|          0|
    |C_BUF_472_fu_2604                                    |   32|   0|   32|          0|
    |C_BUF_473_fu_2608                                    |   32|   0|   32|          0|
    |C_BUF_474_fu_2612                                    |   32|   0|   32|          0|
    |C_BUF_475_fu_2616                                    |   32|   0|   32|          0|
    |C_BUF_476_fu_2620                                    |   32|   0|   32|          0|
    |C_BUF_477_fu_2624                                    |   32|   0|   32|          0|
    |C_BUF_478_fu_2628                                    |   32|   0|   32|          0|
    |C_BUF_479_fu_2632                                    |   32|   0|   32|          0|
    |C_BUF_47_fu_904                                      |   32|   0|   32|          0|
    |C_BUF_480_fu_2636                                    |   32|   0|   32|          0|
    |C_BUF_481_fu_2640                                    |   32|   0|   32|          0|
    |C_BUF_482_fu_2644                                    |   32|   0|   32|          0|
    |C_BUF_483_fu_2648                                    |   32|   0|   32|          0|
    |C_BUF_484_fu_2652                                    |   32|   0|   32|          0|
    |C_BUF_485_fu_2656                                    |   32|   0|   32|          0|
    |C_BUF_486_fu_2660                                    |   32|   0|   32|          0|
    |C_BUF_487_fu_2664                                    |   32|   0|   32|          0|
    |C_BUF_488_fu_2668                                    |   32|   0|   32|          0|
    |C_BUF_489_fu_2672                                    |   32|   0|   32|          0|
    |C_BUF_48_fu_908                                      |   32|   0|   32|          0|
    |C_BUF_490_fu_2676                                    |   32|   0|   32|          0|
    |C_BUF_491_fu_2680                                    |   32|   0|   32|          0|
    |C_BUF_492_fu_2684                                    |   32|   0|   32|          0|
    |C_BUF_493_fu_2688                                    |   32|   0|   32|          0|
    |C_BUF_494_fu_2692                                    |   32|   0|   32|          0|
    |C_BUF_495_fu_2696                                    |   32|   0|   32|          0|
    |C_BUF_496_fu_2700                                    |   32|   0|   32|          0|
    |C_BUF_497_fu_2704                                    |   32|   0|   32|          0|
    |C_BUF_498_fu_2708                                    |   32|   0|   32|          0|
    |C_BUF_499_fu_2712                                    |   32|   0|   32|          0|
    |C_BUF_49_fu_912                                      |   32|   0|   32|          0|
    |C_BUF_4_fu_732                                       |   32|   0|   32|          0|
    |C_BUF_500_fu_2716                                    |   32|   0|   32|          0|
    |C_BUF_501_fu_2720                                    |   32|   0|   32|          0|
    |C_BUF_502_fu_2724                                    |   32|   0|   32|          0|
    |C_BUF_503_fu_2728                                    |   32|   0|   32|          0|
    |C_BUF_504_fu_2732                                    |   32|   0|   32|          0|
    |C_BUF_505_fu_2736                                    |   32|   0|   32|          0|
    |C_BUF_506_fu_2740                                    |   32|   0|   32|          0|
    |C_BUF_507_fu_2744                                    |   32|   0|   32|          0|
    |C_BUF_508_fu_2748                                    |   32|   0|   32|          0|
    |C_BUF_509_fu_2752                                    |   32|   0|   32|          0|
    |C_BUF_50_fu_916                                      |   32|   0|   32|          0|
    |C_BUF_510_fu_2756                                    |   32|   0|   32|          0|
    |C_BUF_511_fu_2760                                    |   32|   0|   32|          0|
    |C_BUF_51_fu_920                                      |   32|   0|   32|          0|
    |C_BUF_52_fu_924                                      |   32|   0|   32|          0|
    |C_BUF_53_fu_928                                      |   32|   0|   32|          0|
    |C_BUF_54_fu_932                                      |   32|   0|   32|          0|
    |C_BUF_55_fu_936                                      |   32|   0|   32|          0|
    |C_BUF_56_fu_940                                      |   32|   0|   32|          0|
    |C_BUF_57_fu_944                                      |   32|   0|   32|          0|
    |C_BUF_58_fu_948                                      |   32|   0|   32|          0|
    |C_BUF_59_fu_952                                      |   32|   0|   32|          0|
    |C_BUF_5_fu_736                                       |   32|   0|   32|          0|
    |C_BUF_60_fu_956                                      |   32|   0|   32|          0|
    |C_BUF_61_fu_960                                      |   32|   0|   32|          0|
    |C_BUF_62_fu_964                                      |   32|   0|   32|          0|
    |C_BUF_63_fu_968                                      |   32|   0|   32|          0|
    |C_BUF_64_fu_972                                      |   32|   0|   32|          0|
    |C_BUF_65_fu_976                                      |   32|   0|   32|          0|
    |C_BUF_66_fu_980                                      |   32|   0|   32|          0|
    |C_BUF_67_fu_984                                      |   32|   0|   32|          0|
    |C_BUF_68_fu_988                                      |   32|   0|   32|          0|
    |C_BUF_69_fu_992                                      |   32|   0|   32|          0|
    |C_BUF_6_fu_740                                       |   32|   0|   32|          0|
    |C_BUF_70_fu_996                                      |   32|   0|   32|          0|
    |C_BUF_71_fu_1000                                     |   32|   0|   32|          0|
    |C_BUF_72_fu_1004                                     |   32|   0|   32|          0|
    |C_BUF_73_fu_1008                                     |   32|   0|   32|          0|
    |C_BUF_74_fu_1012                                     |   32|   0|   32|          0|
    |C_BUF_75_fu_1016                                     |   32|   0|   32|          0|
    |C_BUF_76_fu_1020                                     |   32|   0|   32|          0|
    |C_BUF_77_fu_1024                                     |   32|   0|   32|          0|
    |C_BUF_78_fu_1028                                     |   32|   0|   32|          0|
    |C_BUF_79_fu_1032                                     |   32|   0|   32|          0|
    |C_BUF_7_fu_744                                       |   32|   0|   32|          0|
    |C_BUF_80_fu_1036                                     |   32|   0|   32|          0|
    |C_BUF_81_fu_1040                                     |   32|   0|   32|          0|
    |C_BUF_82_fu_1044                                     |   32|   0|   32|          0|
    |C_BUF_83_fu_1048                                     |   32|   0|   32|          0|
    |C_BUF_84_fu_1052                                     |   32|   0|   32|          0|
    |C_BUF_85_fu_1056                                     |   32|   0|   32|          0|
    |C_BUF_86_fu_1060                                     |   32|   0|   32|          0|
    |C_BUF_87_fu_1064                                     |   32|   0|   32|          0|
    |C_BUF_88_fu_1068                                     |   32|   0|   32|          0|
    |C_BUF_89_fu_1072                                     |   32|   0|   32|          0|
    |C_BUF_8_fu_748                                       |   32|   0|   32|          0|
    |C_BUF_90_fu_1076                                     |   32|   0|   32|          0|
    |C_BUF_91_fu_1080                                     |   32|   0|   32|          0|
    |C_BUF_92_fu_1084                                     |   32|   0|   32|          0|
    |C_BUF_93_fu_1088                                     |   32|   0|   32|          0|
    |C_BUF_94_fu_1092                                     |   32|   0|   32|          0|
    |C_BUF_95_fu_1096                                     |   32|   0|   32|          0|
    |C_BUF_96_fu_1100                                     |   32|   0|   32|          0|
    |C_BUF_97_fu_1104                                     |   32|   0|   32|          0|
    |C_BUF_98_fu_1108                                     |   32|   0|   32|          0|
    |C_BUF_99_fu_1112                                     |   32|   0|   32|          0|
    |C_BUF_9_fu_752                                       |   32|   0|   32|          0|
    |C_BUF_fu_716                                         |   32|   0|   32|          0|
    |C_DRAM_read_reg_8667                                 |   64|   0|   64|          0|
    |ap_CS_fsm                                            |    6|   0|    6|          0|
    |ap_done_reg                                          |    1|   0|    1|          0|
    |ap_rst_n_inv                                         |    1|   0|    1|          0|
    |ap_rst_reg_1                                         |    1|   0|    1|          0|
    |ap_rst_reg_2                                         |    1|   0|    1|          0|
    |ap_sync_reg_grp_loadInputsFromDRAM_fu_2782_ap_done   |    1|   0|    1|          0|
    |ap_sync_reg_grp_loadInputsFromDRAM_fu_2782_ap_ready  |    1|   0|    1|          0|
    |ap_sync_reg_grp_runSystolicArray_fu_2986_ap_done     |    1|   0|    1|          0|
    |ap_sync_reg_grp_runSystolicArray_fu_2986_ap_ready    |    1|   0|    1|          0|
    |grp_loadInputsFromDRAM_fu_2782_ap_start_reg          |    1|   0|    1|          0|
    |grp_runSystolicArray_fu_2986_ap_start_reg            |    1|   0|    1|          0|
    |grp_storeOutputToDRAM_fu_3662_ap_start_reg           |    1|   0|    1|          0|
    +-----------------------------------------------------+-----+----+-----+-----------+
    |Total                                                |20689|   0|20689|          0|
    +-----------------------------------------------------+-----+----+-----+-----------+



================================================================
== Interface
================================================================
* Summary: 
+-----------------------+-----+-----+---------------+--------------+--------------+
|       RTL Ports       | Dir | Bits|    Protocol   | Source Object|    C Type    |
+-----------------------+-----+-----+---------------+--------------+--------------+
|s_axi_control_AWVALID  |   in|    1|          s_axi|       control|        scalar|
|s_axi_control_AWREADY  |  out|    1|          s_axi|       control|        scalar|
|s_axi_control_AWADDR   |   in|    6|          s_axi|       control|        scalar|
|s_axi_control_WVALID   |   in|    1|          s_axi|       control|        scalar|
|s_axi_control_WREADY   |  out|    1|          s_axi|       control|        scalar|
|s_axi_control_WDATA    |   in|   32|          s_axi|       control|        scalar|
|s_axi_control_WSTRB    |   in|    4|          s_axi|       control|        scalar|
|s_axi_control_ARVALID  |   in|    1|          s_axi|       control|        scalar|
|s_axi_control_ARREADY  |  out|    1|          s_axi|       control|        scalar|
|s_axi_control_ARADDR   |   in|    6|          s_axi|       control|        scalar|
|s_axi_control_RVALID   |  out|    1|          s_axi|       control|        scalar|
|s_axi_control_RREADY   |   in|    1|          s_axi|       control|        scalar|
|s_axi_control_RDATA    |  out|   32|          s_axi|       control|        scalar|
|s_axi_control_RRESP    |  out|    2|          s_axi|       control|        scalar|
|s_axi_control_BVALID   |  out|    1|          s_axi|       control|        scalar|
|s_axi_control_BREADY   |   in|    1|          s_axi|       control|        scalar|
|s_axi_control_BRESP    |  out|    2|          s_axi|       control|        scalar|
|ap_clk                 |   in|    1|  ap_ctrl_chain|          gemm|  return value|
|ap_rst_n               |   in|    1|  ap_ctrl_chain|          gemm|  return value|
|interrupt              |  out|    1|  ap_ctrl_chain|          gemm|  return value|
|m_axi_gmem0_AWVALID    |  out|    1|          m_axi|         gmem0|       pointer|
|m_axi_gmem0_AWREADY    |   in|    1|          m_axi|         gmem0|       pointer|
|m_axi_gmem0_AWADDR     |  out|   64|          m_axi|         gmem0|       pointer|
|m_axi_gmem0_AWID       |  out|    1|          m_axi|         gmem0|       pointer|
|m_axi_gmem0_AWLEN      |  out|    8|          m_axi|         gmem0|       pointer|
|m_axi_gmem0_AWSIZE     |  out|    3|          m_axi|         gmem0|       pointer|
|m_axi_gmem0_AWBURST    |  out|    2|          m_axi|         gmem0|       pointer|
|m_axi_gmem0_AWLOCK     |  out|    2|          m_axi|         gmem0|       pointer|
|m_axi_gmem0_AWCACHE    |  out|    4|          m_axi|         gmem0|       pointer|
|m_axi_gmem0_AWPROT     |  out|    3|          m_axi|         gmem0|       pointer|
|m_axi_gmem0_AWQOS      |  out|    4|          m_axi|         gmem0|       pointer|
|m_axi_gmem0_AWREGION   |  out|    4|          m_axi|         gmem0|       pointer|
|m_axi_gmem0_AWUSER     |  out|    1|          m_axi|         gmem0|       pointer|
|m_axi_gmem0_WVALID     |  out|    1|          m_axi|         gmem0|       pointer|
|m_axi_gmem0_WREADY     |   in|    1|          m_axi|         gmem0|       pointer|
|m_axi_gmem0_WDATA      |  out|  256|          m_axi|         gmem0|       pointer|
|m_axi_gmem0_WSTRB      |  out|   32|          m_axi|         gmem0|       pointer|
|m_axi_gmem0_WLAST      |  out|    1|          m_axi|         gmem0|       pointer|
|m_axi_gmem0_WID        |  out|    1|          m_axi|         gmem0|       pointer|
|m_axi_gmem0_WUSER      |  out|    1|          m_axi|         gmem0|       pointer|
|m_axi_gmem0_ARVALID    |  out|    1|          m_axi|         gmem0|       pointer|
|m_axi_gmem0_ARREADY    |   in|    1|          m_axi|         gmem0|       pointer|
|m_axi_gmem0_ARADDR     |  out|   64|          m_axi|         gmem0|       pointer|
|m_axi_gmem0_ARID       |  out|    1|          m_axi|         gmem0|       pointer|
|m_axi_gmem0_ARLEN      |  out|    8|          m_axi|         gmem0|       pointer|
|m_axi_gmem0_ARSIZE     |  out|    3|          m_axi|         gmem0|       pointer|
|m_axi_gmem0_ARBURST    |  out|    2|          m_axi|         gmem0|       pointer|
|m_axi_gmem0_ARLOCK     |  out|    2|          m_axi|         gmem0|       pointer|
|m_axi_gmem0_ARCACHE    |  out|    4|          m_axi|         gmem0|       pointer|
|m_axi_gmem0_ARPROT     |  out|    3|          m_axi|         gmem0|       pointer|
|m_axi_gmem0_ARQOS      |  out|    4|          m_axi|         gmem0|       pointer|
|m_axi_gmem0_ARREGION   |  out|    4|          m_axi|         gmem0|       pointer|
|m_axi_gmem0_ARUSER     |  out|    1|          m_axi|         gmem0|       pointer|
|m_axi_gmem0_RVALID     |   in|    1|          m_axi|         gmem0|       pointer|
|m_axi_gmem0_RREADY     |  out|    1|          m_axi|         gmem0|       pointer|
|m_axi_gmem0_RDATA      |   in|  256|          m_axi|         gmem0|       pointer|
|m_axi_gmem0_RLAST      |   in|    1|          m_axi|         gmem0|       pointer|
|m_axi_gmem0_RID        |   in|    1|          m_axi|         gmem0|       pointer|
|m_axi_gmem0_RUSER      |   in|    1|          m_axi|         gmem0|       pointer|
|m_axi_gmem0_RRESP      |   in|    2|          m_axi|         gmem0|       pointer|
|m_axi_gmem0_BVALID     |   in|    1|          m_axi|         gmem0|       pointer|
|m_axi_gmem0_BREADY     |  out|    1|          m_axi|         gmem0|       pointer|
|m_axi_gmem0_BRESP      |   in|    2|          m_axi|         gmem0|       pointer|
|m_axi_gmem0_BID        |   in|    1|          m_axi|         gmem0|       pointer|
|m_axi_gmem0_BUSER      |   in|    1|          m_axi|         gmem0|       pointer|
|m_axi_gmem1_AWVALID    |  out|    1|          m_axi|         gmem1|       pointer|
|m_axi_gmem1_AWREADY    |   in|    1|          m_axi|         gmem1|       pointer|
|m_axi_gmem1_AWADDR     |  out|   64|          m_axi|         gmem1|       pointer|
|m_axi_gmem1_AWID       |  out|    1|          m_axi|         gmem1|       pointer|
|m_axi_gmem1_AWLEN      |  out|    8|          m_axi|         gmem1|       pointer|
|m_axi_gmem1_AWSIZE     |  out|    3|          m_axi|         gmem1|       pointer|
|m_axi_gmem1_AWBURST    |  out|    2|          m_axi|         gmem1|       pointer|
|m_axi_gmem1_AWLOCK     |  out|    2|          m_axi|         gmem1|       pointer|
|m_axi_gmem1_AWCACHE    |  out|    4|          m_axi|         gmem1|       pointer|
|m_axi_gmem1_AWPROT     |  out|    3|          m_axi|         gmem1|       pointer|
|m_axi_gmem1_AWQOS      |  out|    4|          m_axi|         gmem1|       pointer|
|m_axi_gmem1_AWREGION   |  out|    4|          m_axi|         gmem1|       pointer|
|m_axi_gmem1_AWUSER     |  out|    1|          m_axi|         gmem1|       pointer|
|m_axi_gmem1_WVALID     |  out|    1|          m_axi|         gmem1|       pointer|
|m_axi_gmem1_WREADY     |   in|    1|          m_axi|         gmem1|       pointer|
|m_axi_gmem1_WDATA      |  out|  256|          m_axi|         gmem1|       pointer|
|m_axi_gmem1_WSTRB      |  out|   32|          m_axi|         gmem1|       pointer|
|m_axi_gmem1_WLAST      |  out|    1|          m_axi|         gmem1|       pointer|
|m_axi_gmem1_WID        |  out|    1|          m_axi|         gmem1|       pointer|
|m_axi_gmem1_WUSER      |  out|    1|          m_axi|         gmem1|       pointer|
|m_axi_gmem1_ARVALID    |  out|    1|          m_axi|         gmem1|       pointer|
|m_axi_gmem1_ARREADY    |   in|    1|          m_axi|         gmem1|       pointer|
|m_axi_gmem1_ARADDR     |  out|   64|          m_axi|         gmem1|       pointer|
|m_axi_gmem1_ARID       |  out|    1|          m_axi|         gmem1|       pointer|
|m_axi_gmem1_ARLEN      |  out|    8|          m_axi|         gmem1|       pointer|
|m_axi_gmem1_ARSIZE     |  out|    3|          m_axi|         gmem1|       pointer|
|m_axi_gmem1_ARBURST    |  out|    2|          m_axi|         gmem1|       pointer|
|m_axi_gmem1_ARLOCK     |  out|    2|          m_axi|         gmem1|       pointer|
|m_axi_gmem1_ARCACHE    |  out|    4|          m_axi|         gmem1|       pointer|
|m_axi_gmem1_ARPROT     |  out|    3|          m_axi|         gmem1|       pointer|
|m_axi_gmem1_ARQOS      |  out|    4|          m_axi|         gmem1|       pointer|
|m_axi_gmem1_ARREGION   |  out|    4|          m_axi|         gmem1|       pointer|
|m_axi_gmem1_ARUSER     |  out|    1|          m_axi|         gmem1|       pointer|
|m_axi_gmem1_RVALID     |   in|    1|          m_axi|         gmem1|       pointer|
|m_axi_gmem1_RREADY     |  out|    1|          m_axi|         gmem1|       pointer|
|m_axi_gmem1_RDATA      |   in|  256|          m_axi|         gmem1|       pointer|
|m_axi_gmem1_RLAST      |   in|    1|          m_axi|         gmem1|       pointer|
|m_axi_gmem1_RID        |   in|    1|          m_axi|         gmem1|       pointer|
|m_axi_gmem1_RUSER      |   in|    1|          m_axi|         gmem1|       pointer|
|m_axi_gmem1_RRESP      |   in|    2|          m_axi|         gmem1|       pointer|
|m_axi_gmem1_BVALID     |   in|    1|          m_axi|         gmem1|       pointer|
|m_axi_gmem1_BREADY     |  out|    1|          m_axi|         gmem1|       pointer|
|m_axi_gmem1_BRESP      |   in|    2|          m_axi|         gmem1|       pointer|
|m_axi_gmem1_BID        |   in|    1|          m_axi|         gmem1|       pointer|
|m_axi_gmem1_BUSER      |   in|    1|          m_axi|         gmem1|       pointer|
|m_axi_gmem2_AWVALID    |  out|    1|          m_axi|         gmem2|       pointer|
|m_axi_gmem2_AWREADY    |   in|    1|          m_axi|         gmem2|       pointer|
|m_axi_gmem2_AWADDR     |  out|   64|          m_axi|         gmem2|       pointer|
|m_axi_gmem2_AWID       |  out|    1|          m_axi|         gmem2|       pointer|
|m_axi_gmem2_AWLEN      |  out|    8|          m_axi|         gmem2|       pointer|
|m_axi_gmem2_AWSIZE     |  out|    3|          m_axi|         gmem2|       pointer|
|m_axi_gmem2_AWBURST    |  out|    2|          m_axi|         gmem2|       pointer|
|m_axi_gmem2_AWLOCK     |  out|    2|          m_axi|         gmem2|       pointer|
|m_axi_gmem2_AWCACHE    |  out|    4|          m_axi|         gmem2|       pointer|
|m_axi_gmem2_AWPROT     |  out|    3|          m_axi|         gmem2|       pointer|
|m_axi_gmem2_AWQOS      |  out|    4|          m_axi|         gmem2|       pointer|
|m_axi_gmem2_AWREGION   |  out|    4|          m_axi|         gmem2|       pointer|
|m_axi_gmem2_AWUSER     |  out|    1|          m_axi|         gmem2|       pointer|
|m_axi_gmem2_WVALID     |  out|    1|          m_axi|         gmem2|       pointer|
|m_axi_gmem2_WREADY     |   in|    1|          m_axi|         gmem2|       pointer|
|m_axi_gmem2_WDATA      |  out|  256|          m_axi|         gmem2|       pointer|
|m_axi_gmem2_WSTRB      |  out|   32|          m_axi|         gmem2|       pointer|
|m_axi_gmem2_WLAST      |  out|    1|          m_axi|         gmem2|       pointer|
|m_axi_gmem2_WID        |  out|    1|          m_axi|         gmem2|       pointer|
|m_axi_gmem2_WUSER      |  out|    1|          m_axi|         gmem2|       pointer|
|m_axi_gmem2_ARVALID    |  out|    1|          m_axi|         gmem2|       pointer|
|m_axi_gmem2_ARREADY    |   in|    1|          m_axi|         gmem2|       pointer|
|m_axi_gmem2_ARADDR     |  out|   64|          m_axi|         gmem2|       pointer|
|m_axi_gmem2_ARID       |  out|    1|          m_axi|         gmem2|       pointer|
|m_axi_gmem2_ARLEN      |  out|    8|          m_axi|         gmem2|       pointer|
|m_axi_gmem2_ARSIZE     |  out|    3|          m_axi|         gmem2|       pointer|
|m_axi_gmem2_ARBURST    |  out|    2|          m_axi|         gmem2|       pointer|
|m_axi_gmem2_ARLOCK     |  out|    2|          m_axi|         gmem2|       pointer|
|m_axi_gmem2_ARCACHE    |  out|    4|          m_axi|         gmem2|       pointer|
|m_axi_gmem2_ARPROT     |  out|    3|          m_axi|         gmem2|       pointer|
|m_axi_gmem2_ARQOS      |  out|    4|          m_axi|         gmem2|       pointer|
|m_axi_gmem2_ARREGION   |  out|    4|          m_axi|         gmem2|       pointer|
|m_axi_gmem2_ARUSER     |  out|    1|          m_axi|         gmem2|       pointer|
|m_axi_gmem2_RVALID     |   in|    1|          m_axi|         gmem2|       pointer|
|m_axi_gmem2_RREADY     |  out|    1|          m_axi|         gmem2|       pointer|
|m_axi_gmem2_RDATA      |   in|  256|          m_axi|         gmem2|       pointer|
|m_axi_gmem2_RLAST      |   in|    1|          m_axi|         gmem2|       pointer|
|m_axi_gmem2_RID        |   in|    1|          m_axi|         gmem2|       pointer|
|m_axi_gmem2_RUSER      |   in|    1|          m_axi|         gmem2|       pointer|
|m_axi_gmem2_RRESP      |   in|    2|          m_axi|         gmem2|       pointer|
|m_axi_gmem2_BVALID     |   in|    1|          m_axi|         gmem2|       pointer|
|m_axi_gmem2_BREADY     |  out|    1|          m_axi|         gmem2|       pointer|
|m_axi_gmem2_BRESP      |   in|    2|          m_axi|         gmem2|       pointer|
|m_axi_gmem2_BID        |   in|    1|          m_axi|         gmem2|       pointer|
|m_axi_gmem2_BUSER      |   in|    1|          m_axi|         gmem2|       pointer|
+-----------------------+-----+-----+---------------+--------------+--------------+

