

================================================================
== Vitis HLS Report for 'load_tile_A'
================================================================
* Date:           Tue Jul 28 13:11:28 2026

* Version:        2023.2 (Build 4023990 on Oct 11 2023)
* Project:        hls_project
* Solution:       gemm2 (Vitis Kernel Flow Target)
* Product family: versalaicore
* Target device:  xcvc1902-vsva2197-2MP-e-S


================================================================
== Performance Estimates
================================================================
+ Timing: 
    * Summary: 
    +--------+---------+----------+------------+
    |  Clock |  Target | Estimated| Uncertainty|
    +--------+---------+----------+------------+
    |ap_clk  |  3.33 ns|  1.567 ns|     0.90 ns|
    +--------+---------+----------+------------+

+ Latency: 
    * Summary: 
    +---------+---------+-----------+-----------+-----+-----+---------+
    |  Latency (cycles) |   Latency (absolute)  |  Interval | Pipeline|
    |   min   |   max   |    min    |    max    | min | max |   Type  |
    +---------+---------+-----------+-----------+-----+-----+---------+
    |       10|       10|  33.330 ns|  33.330 ns|   10|   10|       no|
    +---------+---------+-----------+-----------+-----+-----+---------+

    + Detail: 
        * Instance: 
        N/A

        * Loop: 
        +-------------------+---------+---------+----------+-----------+-----------+------+----------+
        |                   |  Latency (cycles) | Iteration|  Initiation Interval  | Trip |          |
        |     Loop Name     |   min   |   max   |  Latency |  achieved |   target  | Count| Pipelined|
        +-------------------+---------+---------+----------+-----------+-----------+------+----------+
        |- VITIS_LOOP_30_1  |        8|        8|         2|          1|          1|     8|       yes|
        +-------------------+---------+---------+----------+-----------+-----------+------+----------+



================================================================
== Utilization Estimates
================================================================
* Summary: 
+-----------------+---------+------+---------+--------+-----+
|       Name      | BRAM_18K|  DSP |    FF   |   LUT  | URAM|
+-----------------+---------+------+---------+--------+-----+
|DSP              |        -|     -|        -|       -|    -|
|Expression       |        -|     -|        0|      18|    -|
|FIFO             |        -|     -|        -|       -|    -|
|Instance         |        -|     -|        -|       -|    -|
|Memory           |        -|     -|        -|       -|    -|
|Multiplexer      |        -|     -|        -|    4108|    -|
|Register         |        -|     -|     4109|       -|    -|
+-----------------+---------+------+---------+--------+-----+
|Total            |        0|     0|     4109|    4126|    0|
+-----------------+---------+------+---------+--------+-----+
|Available        |     1934|  1968|  1799680|  899840|  463|
+-----------------+---------+------+---------+--------+-----+
|Utilization (%)  |        0|     0|       ~0|      ~0|    0|
+-----------------+---------+------+---------+--------+-----+

+ Detail: 
    * Instance: 
    N/A

    * DSP: 
    N/A

    * Memory: 
    N/A

    * FIFO: 
    N/A

    * Expression: 
    +---------------------------+----------+----+---+----+------------+------------+
    |       Variable Name       | Operation| DSP| FF| LUT| Bitwidth P0| Bitwidth P1|
    +---------------------------+----------+----+---+----+------------+------------+
    |add_ln30_fu_2372_p2        |         +|   0|  0|   5|           4|           1|
    |ap_block_pp0_stage0_11001  |       and|   0|  0|   2|           1|           1|
    |icmp_ln30_fu_2378_p2       |      icmp|   0|  0|   5|           4|           5|
    |ap_block_state1            |        or|   0|  0|   2|           1|           1|
    |ap_enable_pp0              |       xor|   0|  0|   2|           1|           2|
    |ap_enable_reg_pp0_iter1    |       xor|   0|  0|   2|           2|           1|
    +---------------------------+----------+----+---+----+------------+------------+
    |Total                      |          |   0|  0|  18|          13|          11|
    +---------------------------+----------+----+---+----+------------+------------+

    * Multiplexer: 
    +-------------------------------------------------------------------------------------------+----+-----------+-----+-----------+
    |                                            Name                                           | LUT| Input Size| Bits| Total Bits|
    +-------------------------------------------------------------------------------------------+----+-----------+-----+-----------+
    |A_in_2_blk_n                                                                               |   2|          2|    1|          2|
    |ap_NS_fsm                                                                                  |   2|          4|    1|          4|
    |ap_done                                                                                    |   2|          2|    1|          2|
    |ap_enable_reg_pp0_iter1                                                                    |   2|          3|    1|          3|
    |i_fu_336                                                                                   |   4|          2|    4|          8|
    |p_ZZ4tm_ARN3hls6streamINS_6vectorIfLm8EEELi0EEEPA9_NS0_IfLi0EEEiE6A_TILE_0_0_out           |  32|          2|   32|         64|
    |p_ZZ4tm_ARN3hls6streamINS_6vectorIfLm8EEELi0EEEPA9_NS0_IfLi0EEEiE6A_TILE_0_0_out_s_fu_340  |  32|          2|   32|         64|
    |p_ZZ4tm_ARN3hls6streamINS_6vectorIfLm8EEELi0EEEPA9_NS0_IfLi0EEEiE6A_TILE_0_1_out           |  32|          2|   32|         64|
    |p_ZZ4tm_ARN3hls6streamINS_6vectorIfLm8EEELi0EEEPA9_NS0_IfLi0EEEiE6A_TILE_0_1_out_s_fu_344  |  32|          2|   32|         64|
    |p_ZZ4tm_ARN3hls6streamINS_6vectorIfLm8EEELi0EEEPA9_NS0_IfLi0EEEiE6A_TILE_0_2_out           |  32|          2|   32|         64|
    |p_ZZ4tm_ARN3hls6streamINS_6vectorIfLm8EEELi0EEEPA9_NS0_IfLi0EEEiE6A_TILE_0_2_out_s_fu_348  |  32|          2|   32|         64|
    |p_ZZ4tm_ARN3hls6streamINS_6vectorIfLm8EEELi0EEEPA9_NS0_IfLi0EEEiE6A_TILE_0_3_out           |  32|          2|   32|         64|
    |p_ZZ4tm_ARN3hls6streamINS_6vectorIfLm8EEELi0EEEPA9_NS0_IfLi0EEEiE6A_TILE_0_3_out_s_fu_352  |  32|          2|   32|         64|
    |p_ZZ4tm_ARN3hls6streamINS_6vectorIfLm8EEELi0EEEPA9_NS0_IfLi0EEEiE6A_TILE_0_4_out           |  32|          2|   32|         64|
    |p_ZZ4tm_ARN3hls6streamINS_6vectorIfLm8EEELi0EEEPA9_NS0_IfLi0EEEiE6A_TILE_0_4_out_s_fu_356  |  32|          2|   32|         64|
    |p_ZZ4tm_ARN3hls6streamINS_6vectorIfLm8EEELi0EEEPA9_NS0_IfLi0EEEiE6A_TILE_0_5_out           |  32|          2|   32|         64|
    |p_ZZ4tm_ARN3hls6streamINS_6vectorIfLm8EEELi0EEEPA9_NS0_IfLi0EEEiE6A_TILE_0_5_out_s_fu_360  |  32|          2|   32|         64|
    |p_ZZ4tm_ARN3hls6streamINS_6vectorIfLm8EEELi0EEEPA9_NS0_IfLi0EEEiE6A_TILE_0_6_out           |  32|          2|   32|         64|
    |p_ZZ4tm_ARN3hls6streamINS_6vectorIfLm8EEELi0EEEPA9_NS0_IfLi0EEEiE6A_TILE_0_6_out_s_fu_364  |  32|          2|   32|         64|
    |p_ZZ4tm_ARN3hls6streamINS_6vectorIfLm8EEELi0EEEPA9_NS0_IfLi0EEEiE6A_TILE_0_7_out           |  32|          2|   32|         64|
    |p_ZZ4tm_ARN3hls6streamINS_6vectorIfLm8EEELi0EEEPA9_NS0_IfLi0EEEiE6A_TILE_0_7_out_s_fu_368  |  32|          2|   32|         64|
    |p_ZZ4tm_ARN3hls6streamINS_6vectorIfLm8EEELi0EEEPA9_NS0_IfLi0EEEiE6A_TILE_1_0_out           |  32|          2|   32|         64|
    |p_ZZ4tm_ARN3hls6streamINS_6vectorIfLm8EEELi0EEEPA9_NS0_IfLi0EEEiE6A_TILE_1_0_out_s_fu_372  |  32|          2|   32|         64|
    |p_ZZ4tm_ARN3hls6streamINS_6vectorIfLm8EEELi0EEEPA9_NS0_IfLi0EEEiE6A_TILE_1_1_out           |  32|          2|   32|         64|
    |p_ZZ4tm_ARN3hls6streamINS_6vectorIfLm8EEELi0EEEPA9_NS0_IfLi0EEEiE6A_TILE_1_1_out_s_fu_376  |  32|          2|   32|         64|
    |p_ZZ4tm_ARN3hls6streamINS_6vectorIfLm8EEELi0EEEPA9_NS0_IfLi0EEEiE6A_TILE_1_2_out           |  32|          2|   32|         64|
    |p_ZZ4tm_ARN3hls6streamINS_6vectorIfLm8EEELi0EEEPA9_NS0_IfLi0EEEiE6A_TILE_1_2_out_s_fu_380  |  32|          2|   32|         64|
    |p_ZZ4tm_ARN3hls6streamINS_6vectorIfLm8EEELi0EEEPA9_NS0_IfLi0EEEiE6A_TILE_1_3_out           |  32|          2|   32|         64|
    |p_ZZ4tm_ARN3hls6streamINS_6vectorIfLm8EEELi0EEEPA9_NS0_IfLi0EEEiE6A_TILE_1_3_out_s_fu_384  |  32|          2|   32|         64|
    |p_ZZ4tm_ARN3hls6streamINS_6vectorIfLm8EEELi0EEEPA9_NS0_IfLi0EEEiE6A_TILE_1_4_out           |  32|          2|   32|         64|
    |p_ZZ4tm_ARN3hls6streamINS_6vectorIfLm8EEELi0EEEPA9_NS0_IfLi0EEEiE6A_TILE_1_4_out_s_fu_388  |  32|          2|   32|         64|
    |p_ZZ4tm_ARN3hls6streamINS_6vectorIfLm8EEELi0EEEPA9_NS0_IfLi0EEEiE6A_TILE_1_5_out           |  32|          2|   32|         64|
    |p_ZZ4tm_ARN3hls6streamINS_6vectorIfLm8EEELi0EEEPA9_NS0_IfLi0EEEiE6A_TILE_1_5_out_s_fu_392  |  32|          2|   32|         64|
    |p_ZZ4tm_ARN3hls6streamINS_6vectorIfLm8EEELi0EEEPA9_NS0_IfLi0EEEiE6A_TILE_1_6_out           |  32|          2|   32|         64|
    |p_ZZ4tm_ARN3hls6streamINS_6vectorIfLm8EEELi0EEEPA9_NS0_IfLi0EEEiE6A_TILE_1_6_out_s_fu_396  |  32|          2|   32|         64|
    |p_ZZ4tm_ARN3hls6streamINS_6vectorIfLm8EEELi0EEEPA9_NS0_IfLi0EEEiE6A_TILE_1_7_out           |  32|          2|   32|         64|
    |p_ZZ4tm_ARN3hls6streamINS_6vectorIfLm8EEELi0EEEPA9_NS0_IfLi0EEEiE6A_TILE_1_7_out_s_fu_400  |  32|          2|   32|         64|
    |p_ZZ4tm_ARN3hls6streamINS_6vectorIfLm8EEELi0EEEPA9_NS0_IfLi0EEEiE6A_TILE_2_0_out           |  32|          2|   32|         64|
    |p_ZZ4tm_ARN3hls6streamINS_6vectorIfLm8EEELi0EEEPA9_NS0_IfLi0EEEiE6A_TILE_2_0_out_s_fu_404  |  32|          2|   32|         64|
    |p_ZZ4tm_ARN3hls6streamINS_6vectorIfLm8EEELi0EEEPA9_NS0_IfLi0EEEiE6A_TILE_2_1_out           |  32|          2|   32|         64|
    |p_ZZ4tm_ARN3hls6streamINS_6vectorIfLm8EEELi0EEEPA9_NS0_IfLi0EEEiE6A_TILE_2_1_out_s_fu_408  |  32|          2|   32|         64|
    |p_ZZ4tm_ARN3hls6streamINS_6vectorIfLm8EEELi0EEEPA9_NS0_IfLi0EEEiE6A_TILE_2_2_out           |  32|          2|   32|         64|
    |p_ZZ4tm_ARN3hls6streamINS_6vectorIfLm8EEELi0EEEPA9_NS0_IfLi0EEEiE6A_TILE_2_2_out_s_fu_412  |  32|          2|   32|         64|
    |p_ZZ4tm_ARN3hls6streamINS_6vectorIfLm8EEELi0EEEPA9_NS0_IfLi0EEEiE6A_TILE_2_3_out           |  32|          2|   32|         64|
    |p_ZZ4tm_ARN3hls6streamINS_6vectorIfLm8EEELi0EEEPA9_NS0_IfLi0EEEiE6A_TILE_2_3_out_s_fu_416  |  32|          2|   32|         64|
    |p_ZZ4tm_ARN3hls6streamINS_6vectorIfLm8EEELi0EEEPA9_NS0_IfLi0EEEiE6A_TILE_2_4_out           |  32|          2|   32|         64|
    |p_ZZ4tm_ARN3hls6streamINS_6vectorIfLm8EEELi0EEEPA9_NS0_IfLi0EEEiE6A_TILE_2_4_out_s_fu_420  |  32|          2|   32|         64|
    |p_ZZ4tm_ARN3hls6streamINS_6vectorIfLm8EEELi0EEEPA9_NS0_IfLi0EEEiE6A_TILE_2_5_out           |  32|          2|   32|         64|
    |p_ZZ4tm_ARN3hls6streamINS_6vectorIfLm8EEELi0EEEPA9_NS0_IfLi0EEEiE6A_TILE_2_5_out_s_fu_424  |  32|          2|   32|         64|
    |p_ZZ4tm_ARN3hls6streamINS_6vectorIfLm8EEELi0EEEPA9_NS0_IfLi0EEEiE6A_TILE_2_6_out           |  32|          2|   32|         64|
    |p_ZZ4tm_ARN3hls6streamINS_6vectorIfLm8EEELi0EEEPA9_NS0_IfLi0EEEiE6A_TILE_2_6_out_s_fu_428  |  32|          2|   32|         64|
    |p_ZZ4tm_ARN3hls6streamINS_6vectorIfLm8EEELi0EEEPA9_NS0_IfLi0EEEiE6A_TILE_2_7_out           |  32|          2|   32|         64|
    |p_ZZ4tm_ARN3hls6streamINS_6vectorIfLm8EEELi0EEEPA9_NS0_IfLi0EEEiE6A_TILE_2_7_out_s_fu_432  |  32|          2|   32|         64|
    |p_ZZ4tm_ARN3hls6streamINS_6vectorIfLm8EEELi0EEEPA9_NS0_IfLi0EEEiE6A_TILE_3_0_out           |  32|          2|   32|         64|
    |p_ZZ4tm_ARN3hls6streamINS_6vectorIfLm8EEELi0EEEPA9_NS0_IfLi0EEEiE6A_TILE_3_0_out_s_fu_436  |  32|          2|   32|         64|
    |p_ZZ4tm_ARN3hls6streamINS_6vectorIfLm8EEELi0EEEPA9_NS0_IfLi0EEEiE6A_TILE_3_1_out           |  32|          2|   32|         64|
    |p_ZZ4tm_ARN3hls6streamINS_6vectorIfLm8EEELi0EEEPA9_NS0_IfLi0EEEiE6A_TILE_3_1_out_s_fu_440  |  32|          2|   32|         64|
    |p_ZZ4tm_ARN3hls6streamINS_6vectorIfLm8EEELi0EEEPA9_NS0_IfLi0EEEiE6A_TILE_3_2_out           |  32|          2|   32|         64|
    |p_ZZ4tm_ARN3hls6streamINS_6vectorIfLm8EEELi0EEEPA9_NS0_IfLi0EEEiE6A_TILE_3_2_out_s_fu_444  |  32|          2|   32|         64|
    |p_ZZ4tm_ARN3hls6streamINS_6vectorIfLm8EEELi0EEEPA9_NS0_IfLi0EEEiE6A_TILE_3_3_out           |  32|          2|   32|         64|
    |p_ZZ4tm_ARN3hls6streamINS_6vectorIfLm8EEELi0EEEPA9_NS0_IfLi0EEEiE6A_TILE_3_3_out_s_fu_448  |  32|          2|   32|         64|
    |p_ZZ4tm_ARN3hls6streamINS_6vectorIfLm8EEELi0EEEPA9_NS0_IfLi0EEEiE6A_TILE_3_4_out           |  32|          2|   32|         64|
    |p_ZZ4tm_ARN3hls6streamINS_6vectorIfLm8EEELi0EEEPA9_NS0_IfLi0EEEiE6A_TILE_3_4_out_s_fu_452  |  32|          2|   32|         64|
    |p_ZZ4tm_ARN3hls6streamINS_6vectorIfLm8EEELi0EEEPA9_NS0_IfLi0EEEiE6A_TILE_3_5_out           |  32|          2|   32|         64|
    |p_ZZ4tm_ARN3hls6streamINS_6vectorIfLm8EEELi0EEEPA9_NS0_IfLi0EEEiE6A_TILE_3_5_out_s_fu_456  |  32|          2|   32|         64|
    |p_ZZ4tm_ARN3hls6streamINS_6vectorIfLm8EEELi0EEEPA9_NS0_IfLi0EEEiE6A_TILE_3_6_out           |  32|          2|   32|         64|
    |p_ZZ4tm_ARN3hls6streamINS_6vectorIfLm8EEELi0EEEPA9_NS0_IfLi0EEEiE6A_TILE_3_6_out_s_fu_460  |  32|          2|   32|         64|
    |p_ZZ4tm_ARN3hls6streamINS_6vectorIfLm8EEELi0EEEPA9_NS0_IfLi0EEEiE6A_TILE_3_7_out           |  32|          2|   32|         64|
    |p_ZZ4tm_ARN3hls6streamINS_6vectorIfLm8EEELi0EEEPA9_NS0_IfLi0EEEiE6A_TILE_3_7_out_s_fu_464  |  32|          2|   32|         64|
    |p_ZZ4tm_ARN3hls6streamINS_6vectorIfLm8EEELi0EEEPA9_NS0_IfLi0EEEiE6A_TILE_4_0_out           |  32|          2|   32|         64|
    |p_ZZ4tm_ARN3hls6streamINS_6vectorIfLm8EEELi0EEEPA9_NS0_IfLi0EEEiE6A_TILE_4_0_out_s_fu_468  |  32|          2|   32|         64|
    |p_ZZ4tm_ARN3hls6streamINS_6vectorIfLm8EEELi0EEEPA9_NS0_IfLi0EEEiE6A_TILE_4_1_out           |  32|          2|   32|         64|
    |p_ZZ4tm_ARN3hls6streamINS_6vectorIfLm8EEELi0EEEPA9_NS0_IfLi0EEEiE6A_TILE_4_1_out_s_fu_472  |  32|          2|   32|         64|
    |p_ZZ4tm_ARN3hls6streamINS_6vectorIfLm8EEELi0EEEPA9_NS0_IfLi0EEEiE6A_TILE_4_2_out           |  32|          2|   32|         64|
    |p_ZZ4tm_ARN3hls6streamINS_6vectorIfLm8EEELi0EEEPA9_NS0_IfLi0EEEiE6A_TILE_4_2_out_s_fu_476  |  32|          2|   32|         64|
    |p_ZZ4tm_ARN3hls6streamINS_6vectorIfLm8EEELi0EEEPA9_NS0_IfLi0EEEiE6A_TILE_4_3_out           |  32|          2|   32|         64|
    |p_ZZ4tm_ARN3hls6streamINS_6vectorIfLm8EEELi0EEEPA9_NS0_IfLi0EEEiE6A_TILE_4_3_out_s_fu_480  |  32|          2|   32|         64|
    |p_ZZ4tm_ARN3hls6streamINS_6vectorIfLm8EEELi0EEEPA9_NS0_IfLi0EEEiE6A_TILE_4_4_out           |  32|          2|   32|         64|
    |p_ZZ4tm_ARN3hls6streamINS_6vectorIfLm8EEELi0EEEPA9_NS0_IfLi0EEEiE6A_TILE_4_4_out_s_fu_484  |  32|          2|   32|         64|
    |p_ZZ4tm_ARN3hls6streamINS_6vectorIfLm8EEELi0EEEPA9_NS0_IfLi0EEEiE6A_TILE_4_5_out           |  32|          2|   32|         64|
    |p_ZZ4tm_ARN3hls6streamINS_6vectorIfLm8EEELi0EEEPA9_NS0_IfLi0EEEiE6A_TILE_4_5_out_s_fu_488  |  32|          2|   32|         64|
    |p_ZZ4tm_ARN3hls6streamINS_6vectorIfLm8EEELi0EEEPA9_NS0_IfLi0EEEiE6A_TILE_4_6_out           |  32|          2|   32|         64|
    |p_ZZ4tm_ARN3hls6streamINS_6vectorIfLm8EEELi0EEEPA9_NS0_IfLi0EEEiE6A_TILE_4_6_out_s_fu_492  |  32|          2|   32|         64|
    |p_ZZ4tm_ARN3hls6streamINS_6vectorIfLm8EEELi0EEEPA9_NS0_IfLi0EEEiE6A_TILE_4_7_out           |  32|          2|   32|         64|
    |p_ZZ4tm_ARN3hls6streamINS_6vectorIfLm8EEELi0EEEPA9_NS0_IfLi0EEEiE6A_TILE_4_7_out_s_fu_496  |  32|          2|   32|         64|
    |p_ZZ4tm_ARN3hls6streamINS_6vectorIfLm8EEELi0EEEPA9_NS0_IfLi0EEEiE6A_TILE_5_0_out           |  32|          2|   32|         64|
    |p_ZZ4tm_ARN3hls6streamINS_6vectorIfLm8EEELi0EEEPA9_NS0_IfLi0EEEiE6A_TILE_5_0_out_s_fu_500  |  32|          2|   32|         64|
    |p_ZZ4tm_ARN3hls6streamINS_6vectorIfLm8EEELi0EEEPA9_NS0_IfLi0EEEiE6A_TILE_5_1_out           |  32|          2|   32|         64|
    |p_ZZ4tm_ARN3hls6streamINS_6vectorIfLm8EEELi0EEEPA9_NS0_IfLi0EEEiE6A_TILE_5_1_out_s_fu_504  |  32|          2|   32|         64|
    |p_ZZ4tm_ARN3hls6streamINS_6vectorIfLm8EEELi0EEEPA9_NS0_IfLi0EEEiE6A_TILE_5_2_out           |  32|          2|   32|         64|
    |p_ZZ4tm_ARN3hls6streamINS_6vectorIfLm8EEELi0EEEPA9_NS0_IfLi0EEEiE6A_TILE_5_2_out_s_fu_508  |  32|          2|   32|         64|
    |p_ZZ4tm_ARN3hls6streamINS_6vectorIfLm8EEELi0EEEPA9_NS0_IfLi0EEEiE6A_TILE_5_3_out           |  32|          2|   32|         64|
    |p_ZZ4tm_ARN3hls6streamINS_6vectorIfLm8EEELi0EEEPA9_NS0_IfLi0EEEiE6A_TILE_5_3_out_s_fu_512  |  32|          2|   32|         64|
    |p_ZZ4tm_ARN3hls6streamINS_6vectorIfLm8EEELi0EEEPA9_NS0_IfLi0EEEiE6A_TILE_5_4_out           |  32|          2|   32|         64|
    |p_ZZ4tm_ARN3hls6streamINS_6vectorIfLm8EEELi0EEEPA9_NS0_IfLi0EEEiE6A_TILE_5_4_out_s_fu_516  |  32|          2|   32|         64|
    |p_ZZ4tm_ARN3hls6streamINS_6vectorIfLm8EEELi0EEEPA9_NS0_IfLi0EEEiE6A_TILE_5_5_out           |  32|          2|   32|         64|
    |p_ZZ4tm_ARN3hls6streamINS_6vectorIfLm8EEELi0EEEPA9_NS0_IfLi0EEEiE6A_TILE_5_5_out_s_fu_520  |  32|          2|   32|         64|
    |p_ZZ4tm_ARN3hls6streamINS_6vectorIfLm8EEELi0EEEPA9_NS0_IfLi0EEEiE6A_TILE_5_6_out           |  32|          2|   32|         64|
    |p_ZZ4tm_ARN3hls6streamINS_6vectorIfLm8EEELi0EEEPA9_NS0_IfLi0EEEiE6A_TILE_5_6_out_s_fu_524  |  32|          2|   32|         64|
    |p_ZZ4tm_ARN3hls6streamINS_6vectorIfLm8EEELi0EEEPA9_NS0_IfLi0EEEiE6A_TILE_5_7_out           |  32|          2|   32|         64|
    |p_ZZ4tm_ARN3hls6streamINS_6vectorIfLm8EEELi0EEEPA9_NS0_IfLi0EEEiE6A_TILE_5_7_out_s_fu_528  |  32|          2|   32|         64|
    |p_ZZ4tm_ARN3hls6streamINS_6vectorIfLm8EEELi0EEEPA9_NS0_IfLi0EEEiE6A_TILE_6_0_out           |  32|          2|   32|         64|
    |p_ZZ4tm_ARN3hls6streamINS_6vectorIfLm8EEELi0EEEPA9_NS0_IfLi0EEEiE6A_TILE_6_0_out_s_fu_532  |  32|          2|   32|         64|
    |p_ZZ4tm_ARN3hls6streamINS_6vectorIfLm8EEELi0EEEPA9_NS0_IfLi0EEEiE6A_TILE_6_1_out           |  32|          2|   32|         64|
    |p_ZZ4tm_ARN3hls6streamINS_6vectorIfLm8EEELi0EEEPA9_NS0_IfLi0EEEiE6A_TILE_6_1_out_s_fu_536  |  32|          2|   32|         64|
    |p_ZZ4tm_ARN3hls6streamINS_6vectorIfLm8EEELi0EEEPA9_NS0_IfLi0EEEiE6A_TILE_6_2_out           |  32|          2|   32|         64|
    |p_ZZ4tm_ARN3hls6streamINS_6vectorIfLm8EEELi0EEEPA9_NS0_IfLi0EEEiE6A_TILE_6_2_out_s_fu_540  |  32|          2|   32|         64|
    |p_ZZ4tm_ARN3hls6streamINS_6vectorIfLm8EEELi0EEEPA9_NS0_IfLi0EEEiE6A_TILE_6_3_out           |  32|          2|   32|         64|
    |p_ZZ4tm_ARN3hls6streamINS_6vectorIfLm8EEELi0EEEPA9_NS0_IfLi0EEEiE6A_TILE_6_3_out_s_fu_544  |  32|          2|   32|         64|
    |p_ZZ4tm_ARN3hls6streamINS_6vectorIfLm8EEELi0EEEPA9_NS0_IfLi0EEEiE6A_TILE_6_4_out           |  32|          2|   32|         64|
    |p_ZZ4tm_ARN3hls6streamINS_6vectorIfLm8EEELi0EEEPA9_NS0_IfLi0EEEiE6A_TILE_6_4_out_s_fu_548  |  32|          2|   32|         64|
    |p_ZZ4tm_ARN3hls6streamINS_6vectorIfLm8EEELi0EEEPA9_NS0_IfLi0EEEiE6A_TILE_6_5_out           |  32|          2|   32|         64|
    |p_ZZ4tm_ARN3hls6streamINS_6vectorIfLm8EEELi0EEEPA9_NS0_IfLi0EEEiE6A_TILE_6_5_out_s_fu_552  |  32|          2|   32|         64|
    |p_ZZ4tm_ARN3hls6streamINS_6vectorIfLm8EEELi0EEEPA9_NS0_IfLi0EEEiE6A_TILE_6_6_out           |  32|          2|   32|         64|
    |p_ZZ4tm_ARN3hls6streamINS_6vectorIfLm8EEELi0EEEPA9_NS0_IfLi0EEEiE6A_TILE_6_6_out_s_fu_556  |  32|          2|   32|         64|
    |p_ZZ4tm_ARN3hls6streamINS_6vectorIfLm8EEELi0EEEPA9_NS0_IfLi0EEEiE6A_TILE_6_7_out           |  32|          2|   32|         64|
    |p_ZZ4tm_ARN3hls6streamINS_6vectorIfLm8EEELi0EEEPA9_NS0_IfLi0EEEiE6A_TILE_6_7_out_s_fu_560  |  32|          2|   32|         64|
    |p_ZZ4tm_ARN3hls6streamINS_6vectorIfLm8EEELi0EEEPA9_NS0_IfLi0EEEiE6A_TILE_7_0_out           |  32|          2|   32|         64|
    |p_ZZ4tm_ARN3hls6streamINS_6vectorIfLm8EEELi0EEEPA9_NS0_IfLi0EEEiE6A_TILE_7_0_out_s_fu_564  |  32|          2|   32|         64|
    |p_ZZ4tm_ARN3hls6streamINS_6vectorIfLm8EEELi0EEEPA9_NS0_IfLi0EEEiE6A_TILE_7_1_out           |  32|          2|   32|         64|
    |p_ZZ4tm_ARN3hls6streamINS_6vectorIfLm8EEELi0EEEPA9_NS0_IfLi0EEEiE6A_TILE_7_1_out_s_fu_568  |  32|          2|   32|         64|
    |p_ZZ4tm_ARN3hls6streamINS_6vectorIfLm8EEELi0EEEPA9_NS0_IfLi0EEEiE6A_TILE_7_2_out           |  32|          2|   32|         64|
    |p_ZZ4tm_ARN3hls6streamINS_6vectorIfLm8EEELi0EEEPA9_NS0_IfLi0EEEiE6A_TILE_7_2_out_s_fu_572  |  32|          2|   32|         64|
    |p_ZZ4tm_ARN3hls6streamINS_6vectorIfLm8EEELi0EEEPA9_NS0_IfLi0EEEiE6A_TILE_7_3_out           |  32|          2|   32|         64|
    |p_ZZ4tm_ARN3hls6streamINS_6vectorIfLm8EEELi0EEEPA9_NS0_IfLi0EEEiE6A_TILE_7_3_out_s_fu_576  |  32|          2|   32|         64|
    |p_ZZ4tm_ARN3hls6streamINS_6vectorIfLm8EEELi0EEEPA9_NS0_IfLi0EEEiE6A_TILE_7_4_out           |  32|          2|   32|         64|
    |p_ZZ4tm_ARN3hls6streamINS_6vectorIfLm8EEELi0EEEPA9_NS0_IfLi0EEEiE6A_TILE_7_4_out_s_fu_580  |  32|          2|   32|         64|
    |p_ZZ4tm_ARN3hls6streamINS_6vectorIfLm8EEELi0EEEPA9_NS0_IfLi0EEEiE6A_TILE_7_5_out           |  32|          2|   32|         64|
    |p_ZZ4tm_ARN3hls6streamINS_6vectorIfLm8EEELi0EEEPA9_NS0_IfLi0EEEiE6A_TILE_7_5_out_s_fu_584  |  32|          2|   32|         64|
    |p_ZZ4tm_ARN3hls6streamINS_6vectorIfLm8EEELi0EEEPA9_NS0_IfLi0EEEiE6A_TILE_7_6_out           |  32|          2|   32|         64|
    |p_ZZ4tm_ARN3hls6streamINS_6vectorIfLm8EEELi0EEEPA9_NS0_IfLi0EEEiE6A_TILE_7_6_out_s_fu_588  |  32|          2|   32|         64|
    |p_ZZ4tm_ARN3hls6streamINS_6vectorIfLm8EEELi0EEEPA9_NS0_IfLi0EEEiE6A_TILE_7_7_out           |  32|          2|   32|         64|
    |p_ZZ4tm_ARN3hls6streamINS_6vectorIfLm8EEELi0EEEPA9_NS0_IfLi0EEEiE6A_TILE_7_7_out_s_fu_592  |  32|          2|   32|         64|
    +-------------------------------------------------------------------------------------------+----+-----------+-----+-----------+
    |Total                                                                                      |4108|        269| 4104|       8211|
    +-------------------------------------------------------------------------------------------+----+-----------+-----+-----------+

    * Register: 
    +-------------------------------------------------------------------------------------------+----+----+-----+-----------+
    |                                            Name                                           | FF | LUT| Bits| Const Bits|
    +-------------------------------------------------------------------------------------------+----+----+-----+-----------+
    |ap_CS_fsm                                                                                  |   3|   0|    3|          0|
    |ap_done_reg                                                                                |   1|   0|    1|          0|
    |ap_enable_reg_pp0_iter0                                                                    |   1|   0|    1|          0|
    |ap_enable_reg_pp0_iter1                                                                    |   1|   0|    1|          0|
    |i_fu_336                                                                                   |   4|   0|    4|          0|
    |p_ZZ4tm_ARN3hls6streamINS_6vectorIfLm8EEELi0EEEPA9_NS0_IfLi0EEEiE6A_TILE_0_0_out_preg      |  32|   0|   32|          0|
    |p_ZZ4tm_ARN3hls6streamINS_6vectorIfLm8EEELi0EEEPA9_NS0_IfLi0EEEiE6A_TILE_0_0_out_s_fu_340  |  32|   0|   32|          0|
    |p_ZZ4tm_ARN3hls6streamINS_6vectorIfLm8EEELi0EEEPA9_NS0_IfLi0EEEiE6A_TILE_0_1_out_preg      |  32|   0|   32|          0|
    |p_ZZ4tm_ARN3hls6streamINS_6vectorIfLm8EEELi0EEEPA9_NS0_IfLi0EEEiE6A_TILE_0_1_out_s_fu_344  |  32|   0|   32|          0|
    |p_ZZ4tm_ARN3hls6streamINS_6vectorIfLm8EEELi0EEEPA9_NS0_IfLi0EEEiE6A_TILE_0_2_out_preg      |  32|   0|   32|          0|
    |p_ZZ4tm_ARN3hls6streamINS_6vectorIfLm8EEELi0EEEPA9_NS0_IfLi0EEEiE6A_TILE_0_2_out_s_fu_348  |  32|   0|   32|          0|
    |p_ZZ4tm_ARN3hls6streamINS_6vectorIfLm8EEELi0EEEPA9_NS0_IfLi0EEEiE6A_TILE_0_3_out_preg      |  32|   0|   32|          0|
    |p_ZZ4tm_ARN3hls6streamINS_6vectorIfLm8EEELi0EEEPA9_NS0_IfLi0EEEiE6A_TILE_0_3_out_s_fu_352  |  32|   0|   32|          0|
    |p_ZZ4tm_ARN3hls6streamINS_6vectorIfLm8EEELi0EEEPA9_NS0_IfLi0EEEiE6A_TILE_0_4_out_preg      |  32|   0|   32|          0|
    |p_ZZ4tm_ARN3hls6streamINS_6vectorIfLm8EEELi0EEEPA9_NS0_IfLi0EEEiE6A_TILE_0_4_out_s_fu_356  |  32|   0|   32|          0|
    |p_ZZ4tm_ARN3hls6streamINS_6vectorIfLm8EEELi0EEEPA9_NS0_IfLi0EEEiE6A_TILE_0_5_out_preg      |  32|   0|   32|          0|
    |p_ZZ4tm_ARN3hls6streamINS_6vectorIfLm8EEELi0EEEPA9_NS0_IfLi0EEEiE6A_TILE_0_5_out_s_fu_360  |  32|   0|   32|          0|
    |p_ZZ4tm_ARN3hls6streamINS_6vectorIfLm8EEELi0EEEPA9_NS0_IfLi0EEEiE6A_TILE_0_6_out_preg      |  32|   0|   32|          0|
    |p_ZZ4tm_ARN3hls6streamINS_6vectorIfLm8EEELi0EEEPA9_NS0_IfLi0EEEiE6A_TILE_0_6_out_s_fu_364  |  32|   0|   32|          0|
    |p_ZZ4tm_ARN3hls6streamINS_6vectorIfLm8EEELi0EEEPA9_NS0_IfLi0EEEiE6A_TILE_0_7_out_preg      |  32|   0|   32|          0|
    |p_ZZ4tm_ARN3hls6streamINS_6vectorIfLm8EEELi0EEEPA9_NS0_IfLi0EEEiE6A_TILE_0_7_out_s_fu_368  |  32|   0|   32|          0|
    |p_ZZ4tm_ARN3hls6streamINS_6vectorIfLm8EEELi0EEEPA9_NS0_IfLi0EEEiE6A_TILE_1_0_out_preg      |  32|   0|   32|          0|
    |p_ZZ4tm_ARN3hls6streamINS_6vectorIfLm8EEELi0EEEPA9_NS0_IfLi0EEEiE6A_TILE_1_0_out_s_fu_372  |  32|   0|   32|          0|
    |p_ZZ4tm_ARN3hls6streamINS_6vectorIfLm8EEELi0EEEPA9_NS0_IfLi0EEEiE6A_TILE_1_1_out_preg      |  32|   0|   32|          0|
    |p_ZZ4tm_ARN3hls6streamINS_6vectorIfLm8EEELi0EEEPA9_NS0_IfLi0EEEiE6A_TILE_1_1_out_s_fu_376  |  32|   0|   32|          0|
    |p_ZZ4tm_ARN3hls6streamINS_6vectorIfLm8EEELi0EEEPA9_NS0_IfLi0EEEiE6A_TILE_1_2_out_preg      |  32|   0|   32|          0|
    |p_ZZ4tm_ARN3hls6streamINS_6vectorIfLm8EEELi0EEEPA9_NS0_IfLi0EEEiE6A_TILE_1_2_out_s_fu_380  |  32|   0|   32|          0|
    |p_ZZ4tm_ARN3hls6streamINS_6vectorIfLm8EEELi0EEEPA9_NS0_IfLi0EEEiE6A_TILE_1_3_out_preg      |  32|   0|   32|          0|
    |p_ZZ4tm_ARN3hls6streamINS_6vectorIfLm8EEELi0EEEPA9_NS0_IfLi0EEEiE6A_TILE_1_3_out_s_fu_384  |  32|   0|   32|          0|
    |p_ZZ4tm_ARN3hls6streamINS_6vectorIfLm8EEELi0EEEPA9_NS0_IfLi0EEEiE6A_TILE_1_4_out_preg      |  32|   0|   32|          0|
    |p_ZZ4tm_ARN3hls6streamINS_6vectorIfLm8EEELi0EEEPA9_NS0_IfLi0EEEiE6A_TILE_1_4_out_s_fu_388  |  32|   0|   32|          0|
    |p_ZZ4tm_ARN3hls6streamINS_6vectorIfLm8EEELi0EEEPA9_NS0_IfLi0EEEiE6A_TILE_1_5_out_preg      |  32|   0|   32|          0|
    |p_ZZ4tm_ARN3hls6streamINS_6vectorIfLm8EEELi0EEEPA9_NS0_IfLi0EEEiE6A_TILE_1_5_out_s_fu_392  |  32|   0|   32|          0|
    |p_ZZ4tm_ARN3hls6streamINS_6vectorIfLm8EEELi0EEEPA9_NS0_IfLi0EEEiE6A_TILE_1_6_out_preg      |  32|   0|   32|          0|
    |p_ZZ4tm_ARN3hls6streamINS_6vectorIfLm8EEELi0EEEPA9_NS0_IfLi0EEEiE6A_TILE_1_6_out_s_fu_396  |  32|   0|   32|          0|
    |p_ZZ4tm_ARN3hls6streamINS_6vectorIfLm8EEELi0EEEPA9_NS0_IfLi0EEEiE6A_TILE_1_7_out_preg      |  32|   0|   32|          0|
    |p_ZZ4tm_ARN3hls6streamINS_6vectorIfLm8EEELi0EEEPA9_NS0_IfLi0EEEiE6A_TILE_1_7_out_s_fu_400  |  32|   0|   32|          0|
    |p_ZZ4tm_ARN3hls6streamINS_6vectorIfLm8EEELi0EEEPA9_NS0_IfLi0EEEiE6A_TILE_2_0_out_preg      |  32|   0|   32|          0|
    |p_ZZ4tm_ARN3hls6streamINS_6vectorIfLm8EEELi0EEEPA9_NS0_IfLi0EEEiE6A_TILE_2_0_out_s_fu_404  |  32|   0|   32|          0|
    |p_ZZ4tm_ARN3hls6streamINS_6vectorIfLm8EEELi0EEEPA9_NS0_IfLi0EEEiE6A_TILE_2_1_out_preg      |  32|   0|   32|          0|
    |p_ZZ4tm_ARN3hls6streamINS_6vectorIfLm8EEELi0EEEPA9_NS0_IfLi0EEEiE6A_TILE_2_1_out_s_fu_408  |  32|   0|   32|          0|
    |p_ZZ4tm_ARN3hls6streamINS_6vectorIfLm8EEELi0EEEPA9_NS0_IfLi0EEEiE6A_TILE_2_2_out_preg      |  32|   0|   32|          0|
    |p_ZZ4tm_ARN3hls6streamINS_6vectorIfLm8EEELi0EEEPA9_NS0_IfLi0EEEiE6A_TILE_2_2_out_s_fu_412  |  32|   0|   32|          0|
    |p_ZZ4tm_ARN3hls6streamINS_6vectorIfLm8EEELi0EEEPA9_NS0_IfLi0EEEiE6A_TILE_2_3_out_preg      |  32|   0|   32|          0|
    |p_ZZ4tm_ARN3hls6streamINS_6vectorIfLm8EEELi0EEEPA9_NS0_IfLi0EEEiE6A_TILE_2_3_out_s_fu_416  |  32|   0|   32|          0|
    |p_ZZ4tm_ARN3hls6streamINS_6vectorIfLm8EEELi0EEEPA9_NS0_IfLi0EEEiE6A_TILE_2_4_out_preg      |  32|   0|   32|          0|
    |p_ZZ4tm_ARN3hls6streamINS_6vectorIfLm8EEELi0EEEPA9_NS0_IfLi0EEEiE6A_TILE_2_4_out_s_fu_420  |  32|   0|   32|          0|
    |p_ZZ4tm_ARN3hls6streamINS_6vectorIfLm8EEELi0EEEPA9_NS0_IfLi0EEEiE6A_TILE_2_5_out_preg      |  32|   0|   32|          0|
    |p_ZZ4tm_ARN3hls6streamINS_6vectorIfLm8EEELi0EEEPA9_NS0_IfLi0EEEiE6A_TILE_2_5_out_s_fu_424  |  32|   0|   32|          0|
    |p_ZZ4tm_ARN3hls6streamINS_6vectorIfLm8EEELi0EEEPA9_NS0_IfLi0EEEiE6A_TILE_2_6_out_preg      |  32|   0|   32|          0|
    |p_ZZ4tm_ARN3hls6streamINS_6vectorIfLm8EEELi0EEEPA9_NS0_IfLi0EEEiE6A_TILE_2_6_out_s_fu_428  |  32|   0|   32|          0|
    |p_ZZ4tm_ARN3hls6streamINS_6vectorIfLm8EEELi0EEEPA9_NS0_IfLi0EEEiE6A_TILE_2_7_out_preg      |  32|   0|   32|          0|
    |p_ZZ4tm_ARN3hls6streamINS_6vectorIfLm8EEELi0EEEPA9_NS0_IfLi0EEEiE6A_TILE_2_7_out_s_fu_432  |  32|   0|   32|          0|
    |p_ZZ4tm_ARN3hls6streamINS_6vectorIfLm8EEELi0EEEPA9_NS0_IfLi0EEEiE6A_TILE_3_0_out_preg      |  32|   0|   32|          0|
    |p_ZZ4tm_ARN3hls6streamINS_6vectorIfLm8EEELi0EEEPA9_NS0_IfLi0EEEiE6A_TILE_3_0_out_s_fu_436  |  32|   0|   32|          0|
    |p_ZZ4tm_ARN3hls6streamINS_6vectorIfLm8EEELi0EEEPA9_NS0_IfLi0EEEiE6A_TILE_3_1_out_preg      |  32|   0|   32|          0|
    |p_ZZ4tm_ARN3hls6streamINS_6vectorIfLm8EEELi0EEEPA9_NS0_IfLi0EEEiE6A_TILE_3_1_out_s_fu_440  |  32|   0|   32|          0|
    |p_ZZ4tm_ARN3hls6streamINS_6vectorIfLm8EEELi0EEEPA9_NS0_IfLi0EEEiE6A_TILE_3_2_out_preg      |  32|   0|   32|          0|
    |p_ZZ4tm_ARN3hls6streamINS_6vectorIfLm8EEELi0EEEPA9_NS0_IfLi0EEEiE6A_TILE_3_2_out_s_fu_444  |  32|   0|   32|          0|
    |p_ZZ4tm_ARN3hls6streamINS_6vectorIfLm8EEELi0EEEPA9_NS0_IfLi0EEEiE6A_TILE_3_3_out_preg      |  32|   0|   32|          0|
    |p_ZZ4tm_ARN3hls6streamINS_6vectorIfLm8EEELi0EEEPA9_NS0_IfLi0EEEiE6A_TILE_3_3_out_s_fu_448  |  32|   0|   32|          0|
    |p_ZZ4tm_ARN3hls6streamINS_6vectorIfLm8EEELi0EEEPA9_NS0_IfLi0EEEiE6A_TILE_3_4_out_preg      |  32|   0|   32|          0|
    |p_ZZ4tm_ARN3hls6streamINS_6vectorIfLm8EEELi0EEEPA9_NS0_IfLi0EEEiE6A_TILE_3_4_out_s_fu_452  |  32|   0|   32|          0|
    |p_ZZ4tm_ARN3hls6streamINS_6vectorIfLm8EEELi0EEEPA9_NS0_IfLi0EEEiE6A_TILE_3_5_out_preg      |  32|   0|   32|          0|
    |p_ZZ4tm_ARN3hls6streamINS_6vectorIfLm8EEELi0EEEPA9_NS0_IfLi0EEEiE6A_TILE_3_5_out_s_fu_456  |  32|   0|   32|          0|
    |p_ZZ4tm_ARN3hls6streamINS_6vectorIfLm8EEELi0EEEPA9_NS0_IfLi0EEEiE6A_TILE_3_6_out_preg      |  32|   0|   32|          0|
    |p_ZZ4tm_ARN3hls6streamINS_6vectorIfLm8EEELi0EEEPA9_NS0_IfLi0EEEiE6A_TILE_3_6_out_s_fu_460  |  32|   0|   32|          0|
    |p_ZZ4tm_ARN3hls6streamINS_6vectorIfLm8EEELi0EEEPA9_NS0_IfLi0EEEiE6A_TILE_3_7_out_preg      |  32|   0|   32|          0|
    |p_ZZ4tm_ARN3hls6streamINS_6vectorIfLm8EEELi0EEEPA9_NS0_IfLi0EEEiE6A_TILE_3_7_out_s_fu_464  |  32|   0|   32|          0|
    |p_ZZ4tm_ARN3hls6streamINS_6vectorIfLm8EEELi0EEEPA9_NS0_IfLi0EEEiE6A_TILE_4_0_out_preg      |  32|   0|   32|          0|
    |p_ZZ4tm_ARN3hls6streamINS_6vectorIfLm8EEELi0EEEPA9_NS0_IfLi0EEEiE6A_TILE_4_0_out_s_fu_468  |  32|   0|   32|          0|
    |p_ZZ4tm_ARN3hls6streamINS_6vectorIfLm8EEELi0EEEPA9_NS0_IfLi0EEEiE6A_TILE_4_1_out_preg      |  32|   0|   32|          0|
    |p_ZZ4tm_ARN3hls6streamINS_6vectorIfLm8EEELi0EEEPA9_NS0_IfLi0EEEiE6A_TILE_4_1_out_s_fu_472  |  32|   0|   32|          0|
    |p_ZZ4tm_ARN3hls6streamINS_6vectorIfLm8EEELi0EEEPA9_NS0_IfLi0EEEiE6A_TILE_4_2_out_preg      |  32|   0|   32|          0|
    |p_ZZ4tm_ARN3hls6streamINS_6vectorIfLm8EEELi0EEEPA9_NS0_IfLi0EEEiE6A_TILE_4_2_out_s_fu_476  |  32|   0|   32|          0|
    |p_ZZ4tm_ARN3hls6streamINS_6vectorIfLm8EEELi0EEEPA9_NS0_IfLi0EEEiE6A_TILE_4_3_out_preg      |  32|   0|   32|          0|
    |p_ZZ4tm_ARN3hls6streamINS_6vectorIfLm8EEELi0EEEPA9_NS0_IfLi0EEEiE6A_TILE_4_3_out_s_fu_480  |  32|   0|   32|          0|
    |p_ZZ4tm_ARN3hls6streamINS_6vectorIfLm8EEELi0EEEPA9_NS0_IfLi0EEEiE6A_TILE_4_4_out_preg      |  32|   0|   32|          0|
    |p_ZZ4tm_ARN3hls6streamINS_6vectorIfLm8EEELi0EEEPA9_NS0_IfLi0EEEiE6A_TILE_4_4_out_s_fu_484  |  32|   0|   32|          0|
    |p_ZZ4tm_ARN3hls6streamINS_6vectorIfLm8EEELi0EEEPA9_NS0_IfLi0EEEiE6A_TILE_4_5_out_preg      |  32|   0|   32|          0|
    |p_ZZ4tm_ARN3hls6streamINS_6vectorIfLm8EEELi0EEEPA9_NS0_IfLi0EEEiE6A_TILE_4_5_out_s_fu_488  |  32|   0|   32|          0|
    |p_ZZ4tm_ARN3hls6streamINS_6vectorIfLm8EEELi0EEEPA9_NS0_IfLi0EEEiE6A_TILE_4_6_out_preg      |  32|   0|   32|          0|
    |p_ZZ4tm_ARN3hls6streamINS_6vectorIfLm8EEELi0EEEPA9_NS0_IfLi0EEEiE6A_TILE_4_6_out_s_fu_492  |  32|   0|   32|          0|
    |p_ZZ4tm_ARN3hls6streamINS_6vectorIfLm8EEELi0EEEPA9_NS0_IfLi0EEEiE6A_TILE_4_7_out_preg      |  32|   0|   32|          0|
    |p_ZZ4tm_ARN3hls6streamINS_6vectorIfLm8EEELi0EEEPA9_NS0_IfLi0EEEiE6A_TILE_4_7_out_s_fu_496  |  32|   0|   32|          0|
    |p_ZZ4tm_ARN3hls6streamINS_6vectorIfLm8EEELi0EEEPA9_NS0_IfLi0EEEiE6A_TILE_5_0_out_preg      |  32|   0|   32|          0|
    |p_ZZ4tm_ARN3hls6streamINS_6vectorIfLm8EEELi0EEEPA9_NS0_IfLi0EEEiE6A_TILE_5_0_out_s_fu_500  |  32|   0|   32|          0|
    |p_ZZ4tm_ARN3hls6streamINS_6vectorIfLm8EEELi0EEEPA9_NS0_IfLi0EEEiE6A_TILE_5_1_out_preg      |  32|   0|   32|          0|
    |p_ZZ4tm_ARN3hls6streamINS_6vectorIfLm8EEELi0EEEPA9_NS0_IfLi0EEEiE6A_TILE_5_1_out_s_fu_504  |  32|   0|   32|          0|
    |p_ZZ4tm_ARN3hls6streamINS_6vectorIfLm8EEELi0EEEPA9_NS0_IfLi0EEEiE6A_TILE_5_2_out_preg      |  32|   0|   32|          0|
    |p_ZZ4tm_ARN3hls6streamINS_6vectorIfLm8EEELi0EEEPA9_NS0_IfLi0EEEiE6A_TILE_5_2_out_s_fu_508  |  32|   0|   32|          0|
    |p_ZZ4tm_ARN3hls6streamINS_6vectorIfLm8EEELi0EEEPA9_NS0_IfLi0EEEiE6A_TILE_5_3_out_preg      |  32|   0|   32|          0|
    |p_ZZ4tm_ARN3hls6streamINS_6vectorIfLm8EEELi0EEEPA9_NS0_IfLi0EEEiE6A_TILE_5_3_out_s_fu_512  |  32|   0|   32|          0|
    |p_ZZ4tm_ARN3hls6streamINS_6vectorIfLm8EEELi0EEEPA9_NS0_IfLi0EEEiE6A_TILE_5_4_out_preg      |  32|   0|   32|          0|
    |p_ZZ4tm_ARN3hls6streamINS_6vectorIfLm8EEELi0EEEPA9_NS0_IfLi0EEEiE6A_TILE_5_4_out_s_fu_516  |  32|   0|   32|          0|
    |p_ZZ4tm_ARN3hls6streamINS_6vectorIfLm8EEELi0EEEPA9_NS0_IfLi0EEEiE6A_TILE_5_5_out_preg      |  32|   0|   32|          0|
    |p_ZZ4tm_ARN3hls6streamINS_6vectorIfLm8EEELi0EEEPA9_NS0_IfLi0EEEiE6A_TILE_5_5_out_s_fu_520  |  32|   0|   32|          0|
    |p_ZZ4tm_ARN3hls6streamINS_6vectorIfLm8EEELi0EEEPA9_NS0_IfLi0EEEiE6A_TILE_5_6_out_preg      |  32|   0|   32|          0|
    |p_ZZ4tm_ARN3hls6streamINS_6vectorIfLm8EEELi0EEEPA9_NS0_IfLi0EEEiE6A_TILE_5_6_out_s_fu_524  |  32|   0|   32|          0|
    |p_ZZ4tm_ARN3hls6streamINS_6vectorIfLm8EEELi0EEEPA9_NS0_IfLi0EEEiE6A_TILE_5_7_out_preg      |  32|   0|   32|          0|
    |p_ZZ4tm_ARN3hls6streamINS_6vectorIfLm8EEELi0EEEPA9_NS0_IfLi0EEEiE6A_TILE_5_7_out_s_fu_528  |  32|   0|   32|          0|
    |p_ZZ4tm_ARN3hls6streamINS_6vectorIfLm8EEELi0EEEPA9_NS0_IfLi0EEEiE6A_TILE_6_0_out_preg      |  32|   0|   32|          0|
    |p_ZZ4tm_ARN3hls6streamINS_6vectorIfLm8EEELi0EEEPA9_NS0_IfLi0EEEiE6A_TILE_6_0_out_s_fu_532  |  32|   0|   32|          0|
    |p_ZZ4tm_ARN3hls6streamINS_6vectorIfLm8EEELi0EEEPA9_NS0_IfLi0EEEiE6A_TILE_6_1_out_preg      |  32|   0|   32|          0|
    |p_ZZ4tm_ARN3hls6streamINS_6vectorIfLm8EEELi0EEEPA9_NS0_IfLi0EEEiE6A_TILE_6_1_out_s_fu_536  |  32|   0|   32|          0|
    |p_ZZ4tm_ARN3hls6streamINS_6vectorIfLm8EEELi0EEEPA9_NS0_IfLi0EEEiE6A_TILE_6_2_out_preg      |  32|   0|   32|          0|
    |p_ZZ4tm_ARN3hls6streamINS_6vectorIfLm8EEELi0EEEPA9_NS0_IfLi0EEEiE6A_TILE_6_2_out_s_fu_540  |  32|   0|   32|          0|
    |p_ZZ4tm_ARN3hls6streamINS_6vectorIfLm8EEELi0EEEPA9_NS0_IfLi0EEEiE6A_TILE_6_3_out_preg      |  32|   0|   32|          0|
    |p_ZZ4tm_ARN3hls6streamINS_6vectorIfLm8EEELi0EEEPA9_NS0_IfLi0EEEiE6A_TILE_6_3_out_s_fu_544  |  32|   0|   32|          0|
    |p_ZZ4tm_ARN3hls6streamINS_6vectorIfLm8EEELi0EEEPA9_NS0_IfLi0EEEiE6A_TILE_6_4_out_preg      |  32|   0|   32|          0|
    |p_ZZ4tm_ARN3hls6streamINS_6vectorIfLm8EEELi0EEEPA9_NS0_IfLi0EEEiE6A_TILE_6_4_out_s_fu_548  |  32|   0|   32|          0|
    |p_ZZ4tm_ARN3hls6streamINS_6vectorIfLm8EEELi0EEEPA9_NS0_IfLi0EEEiE6A_TILE_6_5_out_preg      |  32|   0|   32|          0|
    |p_ZZ4tm_ARN3hls6streamINS_6vectorIfLm8EEELi0EEEPA9_NS0_IfLi0EEEiE6A_TILE_6_5_out_s_fu_552  |  32|   0|   32|          0|
    |p_ZZ4tm_ARN3hls6streamINS_6vectorIfLm8EEELi0EEEPA9_NS0_IfLi0EEEiE6A_TILE_6_6_out_preg      |  32|   0|   32|          0|
    |p_ZZ4tm_ARN3hls6streamINS_6vectorIfLm8EEELi0EEEPA9_NS0_IfLi0EEEiE6A_TILE_6_6_out_s_fu_556  |  32|   0|   32|          0|
    |p_ZZ4tm_ARN3hls6streamINS_6vectorIfLm8EEELi0EEEPA9_NS0_IfLi0EEEiE6A_TILE_6_7_out_preg      |  32|   0|   32|          0|
    |p_ZZ4tm_ARN3hls6streamINS_6vectorIfLm8EEELi0EEEPA9_NS0_IfLi0EEEiE6A_TILE_6_7_out_s_fu_560  |  32|   0|   32|          0|
    |p_ZZ4tm_ARN3hls6streamINS_6vectorIfLm8EEELi0EEEPA9_NS0_IfLi0EEEiE6A_TILE_7_0_out_preg      |  32|   0|   32|          0|
    |p_ZZ4tm_ARN3hls6streamINS_6vectorIfLm8EEELi0EEEPA9_NS0_IfLi0EEEiE6A_TILE_7_0_out_s_fu_564  |  32|   0|   32|          0|
    |p_ZZ4tm_ARN3hls6streamINS_6vectorIfLm8EEELi0EEEPA9_NS0_IfLi0EEEiE6A_TILE_7_1_out_preg      |  32|   0|   32|          0|
    |p_ZZ4tm_ARN3hls6streamINS_6vectorIfLm8EEELi0EEEPA9_NS0_IfLi0EEEiE6A_TILE_7_1_out_s_fu_568  |  32|   0|   32|          0|
    |p_ZZ4tm_ARN3hls6streamINS_6vectorIfLm8EEELi0EEEPA9_NS0_IfLi0EEEiE6A_TILE_7_2_out_preg      |  32|   0|   32|          0|
    |p_ZZ4tm_ARN3hls6streamINS_6vectorIfLm8EEELi0EEEPA9_NS0_IfLi0EEEiE6A_TILE_7_2_out_s_fu_572  |  32|   0|   32|          0|
    |p_ZZ4tm_ARN3hls6streamINS_6vectorIfLm8EEELi0EEEPA9_NS0_IfLi0EEEiE6A_TILE_7_3_out_preg      |  32|   0|   32|          0|
    |p_ZZ4tm_ARN3hls6streamINS_6vectorIfLm8EEELi0EEEPA9_NS0_IfLi0EEEiE6A_TILE_7_3_out_s_fu_576  |  32|   0|   32|          0|
    |p_ZZ4tm_ARN3hls6streamINS_6vectorIfLm8EEELi0EEEPA9_NS0_IfLi0EEEiE6A_TILE_7_4_out_preg      |  32|   0|   32|          0|
    |p_ZZ4tm_ARN3hls6streamINS_6vectorIfLm8EEELi0EEEPA9_NS0_IfLi0EEEiE6A_TILE_7_4_out_s_fu_580  |  32|   0|   32|          0|
    |p_ZZ4tm_ARN3hls6streamINS_6vectorIfLm8EEELi0EEEPA9_NS0_IfLi0EEEiE6A_TILE_7_5_out_preg      |  32|   0|   32|          0|
    |p_ZZ4tm_ARN3hls6streamINS_6vectorIfLm8EEELi0EEEPA9_NS0_IfLi0EEEiE6A_TILE_7_5_out_s_fu_584  |  32|   0|   32|          0|
    |p_ZZ4tm_ARN3hls6streamINS_6vectorIfLm8EEELi0EEEPA9_NS0_IfLi0EEEiE6A_TILE_7_6_out_preg      |  32|   0|   32|          0|
    |p_ZZ4tm_ARN3hls6streamINS_6vectorIfLm8EEELi0EEEPA9_NS0_IfLi0EEEiE6A_TILE_7_6_out_s_fu_588  |  32|   0|   32|          0|
    |p_ZZ4tm_ARN3hls6streamINS_6vectorIfLm8EEELi0EEEPA9_NS0_IfLi0EEEiE6A_TILE_7_7_out_preg      |  32|   0|   32|          0|
    |p_ZZ4tm_ARN3hls6streamINS_6vectorIfLm8EEELi0EEEPA9_NS0_IfLi0EEEiE6A_TILE_7_7_out_s_fu_592  |  32|   0|   32|          0|
    |trunc_ln30_reg_4769                                                                        |   3|   0|    3|          0|
    +-------------------------------------------------------------------------------------------+----+----+-----+-----------+
    |Total                                                                                      |4109|   0| 4109|          0|
    +-------------------------------------------------------------------------------------------+----+----+-----+-----------+



================================================================
== Interface
================================================================
* Summary: 
+-----------------------------------------------------------------------------------------+-----+-----+------------+----------------------------------------------------------------------------------+--------------+
|                                        RTL Ports                                        | Dir | Bits|  Protocol  |                                   Source Object                                  |    C Type    |
+-----------------------------------------------------------------------------------------+-----+-----+------------+----------------------------------------------------------------------------------+--------------+
|ap_clk                                                                                   |   in|    1|  ap_ctrl_hs|                                                                       load_tile_A|  return value|
|ap_rst                                                                                   |   in|    1|  ap_ctrl_hs|                                                                       load_tile_A|  return value|
|ap_start                                                                                 |   in|    1|  ap_ctrl_hs|                                                                       load_tile_A|  return value|
|ap_done                                                                                  |  out|    1|  ap_ctrl_hs|                                                                       load_tile_A|  return value|
|ap_continue                                                                              |   in|    1|  ap_ctrl_hs|                                                                       load_tile_A|  return value|
|ap_idle                                                                                  |  out|    1|  ap_ctrl_hs|                                                                       load_tile_A|  return value|
|ap_ready                                                                                 |  out|    1|  ap_ctrl_hs|                                                                       load_tile_A|  return value|
|ap_return_0                                                                              |  out|   32|  ap_ctrl_hs|                                                                       load_tile_A|  return value|
|ap_return_1                                                                              |  out|   32|  ap_ctrl_hs|                                                                       load_tile_A|  return value|
|ap_return_2                                                                              |  out|   32|  ap_ctrl_hs|                                                                       load_tile_A|  return value|
|ap_return_3                                                                              |  out|   32|  ap_ctrl_hs|                                                                       load_tile_A|  return value|
|ap_return_4                                                                              |  out|   32|  ap_ctrl_hs|                                                                       load_tile_A|  return value|
|ap_return_5                                                                              |  out|   32|  ap_ctrl_hs|                                                                       load_tile_A|  return value|
|ap_return_6                                                                              |  out|   32|  ap_ctrl_hs|                                                                       load_tile_A|  return value|
|ap_return_7                                                                              |  out|   32|  ap_ctrl_hs|                                                                       load_tile_A|  return value|
|ap_return_8                                                                              |  out|   32|  ap_ctrl_hs|                                                                       load_tile_A|  return value|
|ap_return_9                                                                              |  out|   32|  ap_ctrl_hs|                                                                       load_tile_A|  return value|
|ap_return_10                                                                             |  out|   32|  ap_ctrl_hs|                                                                       load_tile_A|  return value|
|ap_return_11                                                                             |  out|   32|  ap_ctrl_hs|                                                                       load_tile_A|  return value|
|ap_return_12                                                                             |  out|   32|  ap_ctrl_hs|                                                                       load_tile_A|  return value|
|ap_return_13                                                                             |  out|   32|  ap_ctrl_hs|                                                                       load_tile_A|  return value|
|ap_return_14                                                                             |  out|   32|  ap_ctrl_hs|                                                                       load_tile_A|  return value|
|ap_return_15                                                                             |  out|   32|  ap_ctrl_hs|                                                                       load_tile_A|  return value|
|ap_return_16                                                                             |  out|   32|  ap_ctrl_hs|                                                                       load_tile_A|  return value|
|ap_return_17                                                                             |  out|   32|  ap_ctrl_hs|                                                                       load_tile_A|  return value|
|ap_return_18                                                                             |  out|   32|  ap_ctrl_hs|                                                                       load_tile_A|  return value|
|ap_return_19                                                                             |  out|   32|  ap_ctrl_hs|                                                                       load_tile_A|  return value|
|ap_return_20                                                                             |  out|   32|  ap_ctrl_hs|                                                                       load_tile_A|  return value|
|ap_return_21                                                                             |  out|   32|  ap_ctrl_hs|                                                                       load_tile_A|  return value|
|ap_return_22                                                                             |  out|   32|  ap_ctrl_hs|                                                                       load_tile_A|  return value|
|ap_return_23                                                                             |  out|   32|  ap_ctrl_hs|                                                                       load_tile_A|  return value|
|ap_return_24                                                                             |  out|   32|  ap_ctrl_hs|                                                                       load_tile_A|  return value|
|ap_return_25                                                                             |  out|   32|  ap_ctrl_hs|                                                                       load_tile_A|  return value|
|ap_return_26                                                                             |  out|   32|  ap_ctrl_hs|                                                                       load_tile_A|  return value|
|ap_return_27                                                                             |  out|   32|  ap_ctrl_hs|                                                                       load_tile_A|  return value|
|ap_return_28                                                                             |  out|   32|  ap_ctrl_hs|                                                                       load_tile_A|  return value|
|ap_return_29                                                                             |  out|   32|  ap_ctrl_hs|                                                                       load_tile_A|  return value|
|ap_return_30                                                                             |  out|   32|  ap_ctrl_hs|                                                                       load_tile_A|  return value|
|ap_return_31                                                                             |  out|   32|  ap_ctrl_hs|                                                                       load_tile_A|  return value|
|ap_return_32                                                                             |  out|   32|  ap_ctrl_hs|                                                                       load_tile_A|  return value|
|ap_return_33                                                                             |  out|   32|  ap_ctrl_hs|                                                                       load_tile_A|  return value|
|ap_return_34                                                                             |  out|   32|  ap_ctrl_hs|                                                                       load_tile_A|  return value|
|ap_return_35                                                                             |  out|   32|  ap_ctrl_hs|                                                                       load_tile_A|  return value|
|ap_return_36                                                                             |  out|   32|  ap_ctrl_hs|                                                                       load_tile_A|  return value|
|ap_return_37                                                                             |  out|   32|  ap_ctrl_hs|                                                                       load_tile_A|  return value|
|ap_return_38                                                                             |  out|   32|  ap_ctrl_hs|                                                                       load_tile_A|  return value|
|ap_return_39                                                                             |  out|   32|  ap_ctrl_hs|                                                                       load_tile_A|  return value|
|ap_return_40                                                                             |  out|   32|  ap_ctrl_hs|                                                                       load_tile_A|  return value|
|ap_return_41                                                                             |  out|   32|  ap_ctrl_hs|                                                                       load_tile_A|  return value|
|ap_return_42                                                                             |  out|   32|  ap_ctrl_hs|                                                                       load_tile_A|  return value|
|ap_return_43                                                                             |  out|   32|  ap_ctrl_hs|                                                                       load_tile_A|  return value|
|ap_return_44                                                                             |  out|   32|  ap_ctrl_hs|                                                                       load_tile_A|  return value|
|ap_return_45                                                                             |  out|   32|  ap_ctrl_hs|                                                                       load_tile_A|  return value|
|ap_return_46                                                                             |  out|   32|  ap_ctrl_hs|                                                                       load_tile_A|  return value|
|ap_return_47                                                                             |  out|   32|  ap_ctrl_hs|                                                                       load_tile_A|  return value|
|ap_return_48                                                                             |  out|   32|  ap_ctrl_hs|                                                                       load_tile_A|  return value|
|ap_return_49                                                                             |  out|   32|  ap_ctrl_hs|                                                                       load_tile_A|  return value|
|ap_return_50                                                                             |  out|   32|  ap_ctrl_hs|                                                                       load_tile_A|  return value|
|ap_return_51                                                                             |  out|   32|  ap_ctrl_hs|                                                                       load_tile_A|  return value|
|ap_return_52                                                                             |  out|   32|  ap_ctrl_hs|                                                                       load_tile_A|  return value|
|ap_return_53                                                                             |  out|   32|  ap_ctrl_hs|                                                                       load_tile_A|  return value|
|ap_return_54                                                                             |  out|   32|  ap_ctrl_hs|                                                                       load_tile_A|  return value|
|ap_return_55                                                                             |  out|   32|  ap_ctrl_hs|                                                                       load_tile_A|  return value|
|ap_return_56                                                                             |  out|   32|  ap_ctrl_hs|                                                                       load_tile_A|  return value|
|ap_return_57                                                                             |  out|   32|  ap_ctrl_hs|                                                                       load_tile_A|  return value|
|ap_return_58                                                                             |  out|   32|  ap_ctrl_hs|                                                                       load_tile_A|  return value|
|ap_return_59                                                                             |  out|   32|  ap_ctrl_hs|                                                                       load_tile_A|  return value|
|ap_return_60                                                                             |  out|   32|  ap_ctrl_hs|                                                                       load_tile_A|  return value|
|ap_return_61                                                                             |  out|   32|  ap_ctrl_hs|                                                                       load_tile_A|  return value|
|ap_return_62                                                                             |  out|   32|  ap_ctrl_hs|                                                                       load_tile_A|  return value|
|ap_return_63                                                                             |  out|   32|  ap_ctrl_hs|                                                                       load_tile_A|  return value|
|A_in_2_dout                                                                              |   in|  256|     ap_fifo|                                                                            A_in_2|       pointer|
|A_in_2_num_data_valid                                                                    |   in|    4|     ap_fifo|                                                                            A_in_2|       pointer|
|A_in_2_fifo_cap                                                                          |   in|    4|     ap_fifo|                                                                            A_in_2|       pointer|
|A_in_2_empty_n                                                                           |   in|    1|     ap_fifo|                                                                            A_in_2|       pointer|
|A_in_2_read                                                                              |  out|    1|     ap_fifo|                                                                            A_in_2|       pointer|
|p_ZZ4tm_ARN3hls6streamINS_6vectorIfLm8EEELi0EEEPA9_NS0_IfLi0EEEiE6A_TILE_0_0_out         |  out|   32|      ap_vld|  p_ZZ4tm_ARN3hls6streamINS_6vectorIfLm8EEELi0EEEPA9_NS0_IfLi0EEEiE6A_TILE_0_0_out|       pointer|
|p_ZZ4tm_ARN3hls6streamINS_6vectorIfLm8EEELi0EEEPA9_NS0_IfLi0EEEiE6A_TILE_0_0_out_ap_vld  |  out|    1|      ap_vld|  p_ZZ4tm_ARN3hls6streamINS_6vectorIfLm8EEELi0EEEPA9_NS0_IfLi0EEEiE6A_TILE_0_0_out|       pointer|
|p_ZZ4tm_ARN3hls6streamINS_6vectorIfLm8EEELi0EEEPA9_NS0_IfLi0EEEiE6A_TILE_0_1_out         |  out|   32|      ap_vld|  p_ZZ4tm_ARN3hls6streamINS_6vectorIfLm8EEELi0EEEPA9_NS0_IfLi0EEEiE6A_TILE_0_1_out|       pointer|
|p_ZZ4tm_ARN3hls6streamINS_6vectorIfLm8EEELi0EEEPA9_NS0_IfLi0EEEiE6A_TILE_0_1_out_ap_vld  |  out|    1|      ap_vld|  p_ZZ4tm_ARN3hls6streamINS_6vectorIfLm8EEELi0EEEPA9_NS0_IfLi0EEEiE6A_TILE_0_1_out|       pointer|
|p_ZZ4tm_ARN3hls6streamINS_6vectorIfLm8EEELi0EEEPA9_NS0_IfLi0EEEiE6A_TILE_0_2_out         |  out|   32|      ap_vld|  p_ZZ4tm_ARN3hls6streamINS_6vectorIfLm8EEELi0EEEPA9_NS0_IfLi0EEEiE6A_TILE_0_2_out|       pointer|
|p_ZZ4tm_ARN3hls6streamINS_6vectorIfLm8EEELi0EEEPA9_NS0_IfLi0EEEiE6A_TILE_0_2_out_ap_vld  |  out|    1|      ap_vld|  p_ZZ4tm_ARN3hls6streamINS_6vectorIfLm8EEELi0EEEPA9_NS0_IfLi0EEEiE6A_TILE_0_2_out|       pointer|
|p_ZZ4tm_ARN3hls6streamINS_6vectorIfLm8EEELi0EEEPA9_NS0_IfLi0EEEiE6A_TILE_0_3_out         |  out|   32|      ap_vld|  p_ZZ4tm_ARN3hls6streamINS_6vectorIfLm8EEELi0EEEPA9_NS0_IfLi0EEEiE6A_TILE_0_3_out|       pointer|
|p_ZZ4tm_ARN3hls6streamINS_6vectorIfLm8EEELi0EEEPA9_NS0_IfLi0EEEiE6A_TILE_0_3_out_ap_vld  |  out|    1|      ap_vld|  p_ZZ4tm_ARN3hls6streamINS_6vectorIfLm8EEELi0EEEPA9_NS0_IfLi0EEEiE6A_TILE_0_3_out|       pointer|
|p_ZZ4tm_ARN3hls6streamINS_6vectorIfLm8EEELi0EEEPA9_NS0_IfLi0EEEiE6A_TILE_0_4_out         |  out|   32|      ap_vld|  p_ZZ4tm_ARN3hls6streamINS_6vectorIfLm8EEELi0EEEPA9_NS0_IfLi0EEEiE6A_TILE_0_4_out|       pointer|
|p_ZZ4tm_ARN3hls6streamINS_6vectorIfLm8EEELi0EEEPA9_NS0_IfLi0EEEiE6A_TILE_0_4_out_ap_vld  |  out|    1|      ap_vld|  p_ZZ4tm_ARN3hls6streamINS_6vectorIfLm8EEELi0EEEPA9_NS0_IfLi0EEEiE6A_TILE_0_4_out|       pointer|
|p_ZZ4tm_ARN3hls6streamINS_6vectorIfLm8EEELi0EEEPA9_NS0_IfLi0EEEiE6A_TILE_0_5_out         |  out|   32|      ap_vld|  p_ZZ4tm_ARN3hls6streamINS_6vectorIfLm8EEELi0EEEPA9_NS0_IfLi0EEEiE6A_TILE_0_5_out|       pointer|
|p_ZZ4tm_ARN3hls6streamINS_6vectorIfLm8EEELi0EEEPA9_NS0_IfLi0EEEiE6A_TILE_0_5_out_ap_vld  |  out|    1|      ap_vld|  p_ZZ4tm_ARN3hls6streamINS_6vectorIfLm8EEELi0EEEPA9_NS0_IfLi0EEEiE6A_TILE_0_5_out|       pointer|
|p_ZZ4tm_ARN3hls6streamINS_6vectorIfLm8EEELi0EEEPA9_NS0_IfLi0EEEiE6A_TILE_0_6_out         |  out|   32|      ap_vld|  p_ZZ4tm_ARN3hls6streamINS_6vectorIfLm8EEELi0EEEPA9_NS0_IfLi0EEEiE6A_TILE_0_6_out|       pointer|
|p_ZZ4tm_ARN3hls6streamINS_6vectorIfLm8EEELi0EEEPA9_NS0_IfLi0EEEiE6A_TILE_0_6_out_ap_vld  |  out|    1|      ap_vld|  p_ZZ4tm_ARN3hls6streamINS_6vectorIfLm8EEELi0EEEPA9_NS0_IfLi0EEEiE6A_TILE_0_6_out|       pointer|
|p_ZZ4tm_ARN3hls6streamINS_6vectorIfLm8EEELi0EEEPA9_NS0_IfLi0EEEiE6A_TILE_0_7_out         |  out|   32|      ap_vld|  p_ZZ4tm_ARN3hls6streamINS_6vectorIfLm8EEELi0EEEPA9_NS0_IfLi0EEEiE6A_TILE_0_7_out|       pointer|
|p_ZZ4tm_ARN3hls6streamINS_6vectorIfLm8EEELi0EEEPA9_NS0_IfLi0EEEiE6A_TILE_0_7_out_ap_vld  |  out|    1|      ap_vld|  p_ZZ4tm_ARN3hls6streamINS_6vectorIfLm8EEELi0EEEPA9_NS0_IfLi0EEEiE6A_TILE_0_7_out|       pointer|
|p_ZZ4tm_ARN3hls6streamINS_6vectorIfLm8EEELi0EEEPA9_NS0_IfLi0EEEiE6A_TILE_1_0_out         |  out|   32|      ap_vld|  p_ZZ4tm_ARN3hls6streamINS_6vectorIfLm8EEELi0EEEPA9_NS0_IfLi0EEEiE6A_TILE_1_0_out|       pointer|
|p_ZZ4tm_ARN3hls6streamINS_6vectorIfLm8EEELi0EEEPA9_NS0_IfLi0EEEiE6A_TILE_1_0_out_ap_vld  |  out|    1|      ap_vld|  p_ZZ4tm_ARN3hls6streamINS_6vectorIfLm8EEELi0EEEPA9_NS0_IfLi0EEEiE6A_TILE_1_0_out|       pointer|
|p_ZZ4tm_ARN3hls6streamINS_6vectorIfLm8EEELi0EEEPA9_NS0_IfLi0EEEiE6A_TILE_1_1_out         |  out|   32|      ap_vld|  p_ZZ4tm_ARN3hls6streamINS_6vectorIfLm8EEELi0EEEPA9_NS0_IfLi0EEEiE6A_TILE_1_1_out|       pointer|
|p_ZZ4tm_ARN3hls6streamINS_6vectorIfLm8EEELi0EEEPA9_NS0_IfLi0EEEiE6A_TILE_1_1_out_ap_vld  |  out|    1|      ap_vld|  p_ZZ4tm_ARN3hls6streamINS_6vectorIfLm8EEELi0EEEPA9_NS0_IfLi0EEEiE6A_TILE_1_1_out|       pointer|
|p_ZZ4tm_ARN3hls6streamINS_6vectorIfLm8EEELi0EEEPA9_NS0_IfLi0EEEiE6A_TILE_1_2_out         |  out|   32|      ap_vld|  p_ZZ4tm_ARN3hls6streamINS_6vectorIfLm8EEELi0EEEPA9_NS0_IfLi0EEEiE6A_TILE_1_2_out|       pointer|
|p_ZZ4tm_ARN3hls6streamINS_6vectorIfLm8EEELi0EEEPA9_NS0_IfLi0EEEiE6A_TILE_1_2_out_ap_vld  |  out|    1|      ap_vld|  p_ZZ4tm_ARN3hls6streamINS_6vectorIfLm8EEELi0EEEPA9_NS0_IfLi0EEEiE6A_TILE_1_2_out|       pointer|
|p_ZZ4tm_ARN3hls6streamINS_6vectorIfLm8EEELi0EEEPA9_NS0_IfLi0EEEiE6A_TILE_1_3_out         |  out|   32|      ap_vld|  p_ZZ4tm_ARN3hls6streamINS_6vectorIfLm8EEELi0EEEPA9_NS0_IfLi0EEEiE6A_TILE_1_3_out|       pointer|
|p_ZZ4tm_ARN3hls6streamINS_6vectorIfLm8EEELi0EEEPA9_NS0_IfLi0EEEiE6A_TILE_1_3_out_ap_vld  |  out|    1|      ap_vld|  p_ZZ4tm_ARN3hls6streamINS_6vectorIfLm8EEELi0EEEPA9_NS0_IfLi0EEEiE6A_TILE_1_3_out|       pointer|
|p_ZZ4tm_ARN3hls6streamINS_6vectorIfLm8EEELi0EEEPA9_NS0_IfLi0EEEiE6A_TILE_1_4_out         |  out|   32|      ap_vld|  p_ZZ4tm_ARN3hls6streamINS_6vectorIfLm8EEELi0EEEPA9_NS0_IfLi0EEEiE6A_TILE_1_4_out|       pointer|
|p_ZZ4tm_ARN3hls6streamINS_6vectorIfLm8EEELi0EEEPA9_NS0_IfLi0EEEiE6A_TILE_1_4_out_ap_vld  |  out|    1|      ap_vld|  p_ZZ4tm_ARN3hls6streamINS_6vectorIfLm8EEELi0EEEPA9_NS0_IfLi0EEEiE6A_TILE_1_4_out|       pointer|
|p_ZZ4tm_ARN3hls6streamINS_6vectorIfLm8EEELi0EEEPA9_NS0_IfLi0EEEiE6A_TILE_1_5_out         |  out|   32|      ap_vld|  p_ZZ4tm_ARN3hls6streamINS_6vectorIfLm8EEELi0EEEPA9_NS0_IfLi0EEEiE6A_TILE_1_5_out|       pointer|
|p_ZZ4tm_ARN3hls6streamINS_6vectorIfLm8EEELi0EEEPA9_NS0_IfLi0EEEiE6A_TILE_1_5_out_ap_vld  |  out|    1|      ap_vld|  p_ZZ4tm_ARN3hls6streamINS_6vectorIfLm8EEELi0EEEPA9_NS0_IfLi0EEEiE6A_TILE_1_5_out|       pointer|
|p_ZZ4tm_ARN3hls6streamINS_6vectorIfLm8EEELi0EEEPA9_NS0_IfLi0EEEiE6A_TILE_1_6_out         |  out|   32|      ap_vld|  p_ZZ4tm_ARN3hls6streamINS_6vectorIfLm8EEELi0EEEPA9_NS0_IfLi0EEEiE6A_TILE_1_6_out|       pointer|
|p_ZZ4tm_ARN3hls6streamINS_6vectorIfLm8EEELi0EEEPA9_NS0_IfLi0EEEiE6A_TILE_1_6_out_ap_vld  |  out|    1|      ap_vld|  p_ZZ4tm_ARN3hls6streamINS_6vectorIfLm8EEELi0EEEPA9_NS0_IfLi0EEEiE6A_TILE_1_6_out|       pointer|
|p_ZZ4tm_ARN3hls6streamINS_6vectorIfLm8EEELi0EEEPA9_NS0_IfLi0EEEiE6A_TILE_1_7_out         |  out|   32|      ap_vld|  p_ZZ4tm_ARN3hls6streamINS_6vectorIfLm8EEELi0EEEPA9_NS0_IfLi0EEEiE6A_TILE_1_7_out|       pointer|
|p_ZZ4tm_ARN3hls6streamINS_6vectorIfLm8EEELi0EEEPA9_NS0_IfLi0EEEiE6A_TILE_1_7_out_ap_vld  |  out|    1|      ap_vld|  p_ZZ4tm_ARN3hls6streamINS_6vectorIfLm8EEELi0EEEPA9_NS0_IfLi0EEEiE6A_TILE_1_7_out|       pointer|
|p_ZZ4tm_ARN3hls6streamINS_6vectorIfLm8EEELi0EEEPA9_NS0_IfLi0EEEiE6A_TILE_2_0_out         |  out|   32|      ap_vld|  p_ZZ4tm_ARN3hls6streamINS_6vectorIfLm8EEELi0EEEPA9_NS0_IfLi0EEEiE6A_TILE_2_0_out|       pointer|
|p_ZZ4tm_ARN3hls6streamINS_6vectorIfLm8EEELi0EEEPA9_NS0_IfLi0EEEiE6A_TILE_2_0_out_ap_vld  |  out|    1|      ap_vld|  p_ZZ4tm_ARN3hls6streamINS_6vectorIfLm8EEELi0EEEPA9_NS0_IfLi0EEEiE6A_TILE_2_0_out|       pointer|
|p_ZZ4tm_ARN3hls6streamINS_6vectorIfLm8EEELi0EEEPA9_NS0_IfLi0EEEiE6A_TILE_2_1_out         |  out|   32|      ap_vld|  p_ZZ4tm_ARN3hls6streamINS_6vectorIfLm8EEELi0EEEPA9_NS0_IfLi0EEEiE6A_TILE_2_1_out|       pointer|
|p_ZZ4tm_ARN3hls6streamINS_6vectorIfLm8EEELi0EEEPA9_NS0_IfLi0EEEiE6A_TILE_2_1_out_ap_vld  |  out|    1|      ap_vld|  p_ZZ4tm_ARN3hls6streamINS_6vectorIfLm8EEELi0EEEPA9_NS0_IfLi0EEEiE6A_TILE_2_1_out|       pointer|
|p_ZZ4tm_ARN3hls6streamINS_6vectorIfLm8EEELi0EEEPA9_NS0_IfLi0EEEiE6A_TILE_2_2_out         |  out|   32|      ap_vld|  p_ZZ4tm_ARN3hls6streamINS_6vectorIfLm8EEELi0EEEPA9_NS0_IfLi0EEEiE6A_TILE_2_2_out|       pointer|
|p_ZZ4tm_ARN3hls6streamINS_6vectorIfLm8EEELi0EEEPA9_NS0_IfLi0EEEiE6A_TILE_2_2_out_ap_vld  |  out|    1|      ap_vld|  p_ZZ4tm_ARN3hls6streamINS_6vectorIfLm8EEELi0EEEPA9_NS0_IfLi0EEEiE6A_TILE_2_2_out|       pointer|
|p_ZZ4tm_ARN3hls6streamINS_6vectorIfLm8EEELi0EEEPA9_NS0_IfLi0EEEiE6A_TILE_2_3_out         |  out|   32|      ap_vld|  p_ZZ4tm_ARN3hls6streamINS_6vectorIfLm8EEELi0EEEPA9_NS0_IfLi0EEEiE6A_TILE_2_3_out|       pointer|
|p_ZZ4tm_ARN3hls6streamINS_6vectorIfLm8EEELi0EEEPA9_NS0_IfLi0EEEiE6A_TILE_2_3_out_ap_vld  |  out|    1|      ap_vld|  p_ZZ4tm_ARN3hls6streamINS_6vectorIfLm8EEELi0EEEPA9_NS0_IfLi0EEEiE6A_TILE_2_3_out|       pointer|
|p_ZZ4tm_ARN3hls6streamINS_6vectorIfLm8EEELi0EEEPA9_NS0_IfLi0EEEiE6A_TILE_2_4_out         |  out|   32|      ap_vld|  p_ZZ4tm_ARN3hls6streamINS_6vectorIfLm8EEELi0EEEPA9_NS0_IfLi0EEEiE6A_TILE_2_4_out|       pointer|
|p_ZZ4tm_ARN3hls6streamINS_6vectorIfLm8EEELi0EEEPA9_NS0_IfLi0EEEiE6A_TILE_2_4_out_ap_vld  |  out|    1|      ap_vld|  p_ZZ4tm_ARN3hls6streamINS_6vectorIfLm8EEELi0EEEPA9_NS0_IfLi0EEEiE6A_TILE_2_4_out|       pointer|
|p_ZZ4tm_ARN3hls6streamINS_6vectorIfLm8EEELi0EEEPA9_NS0_IfLi0EEEiE6A_TILE_2_5_out         |  out|   32|      ap_vld|  p_ZZ4tm_ARN3hls6streamINS_6vectorIfLm8EEELi0EEEPA9_NS0_IfLi0EEEiE6A_TILE_2_5_out|       pointer|
|p_ZZ4tm_ARN3hls6streamINS_6vectorIfLm8EEELi0EEEPA9_NS0_IfLi0EEEiE6A_TILE_2_5_out_ap_vld  |  out|    1|      ap_vld|  p_ZZ4tm_ARN3hls6streamINS_6vectorIfLm8EEELi0EEEPA9_NS0_IfLi0EEEiE6A_TILE_2_5_out|       pointer|
|p_ZZ4tm_ARN3hls6streamINS_6vectorIfLm8EEELi0EEEPA9_NS0_IfLi0EEEiE6A_TILE_2_6_out         |  out|   32|      ap_vld|  p_ZZ4tm_ARN3hls6streamINS_6vectorIfLm8EEELi0EEEPA9_NS0_IfLi0EEEiE6A_TILE_2_6_out|       pointer|
|p_ZZ4tm_ARN3hls6streamINS_6vectorIfLm8EEELi0EEEPA9_NS0_IfLi0EEEiE6A_TILE_2_6_out_ap_vld  |  out|    1|      ap_vld|  p_ZZ4tm_ARN3hls6streamINS_6vectorIfLm8EEELi0EEEPA9_NS0_IfLi0EEEiE6A_TILE_2_6_out|       pointer|
|p_ZZ4tm_ARN3hls6streamINS_6vectorIfLm8EEELi0EEEPA9_NS0_IfLi0EEEiE6A_TILE_2_7_out         |  out|   32|      ap_vld|  p_ZZ4tm_ARN3hls6streamINS_6vectorIfLm8EEELi0EEEPA9_NS0_IfLi0EEEiE6A_TILE_2_7_out|       pointer|
|p_ZZ4tm_ARN3hls6streamINS_6vectorIfLm8EEELi0EEEPA9_NS0_IfLi0EEEiE6A_TILE_2_7_out_ap_vld  |  out|    1|      ap_vld|  p_ZZ4tm_ARN3hls6streamINS_6vectorIfLm8EEELi0EEEPA9_NS0_IfLi0EEEiE6A_TILE_2_7_out|       pointer|
|p_ZZ4tm_ARN3hls6streamINS_6vectorIfLm8EEELi0EEEPA9_NS0_IfLi0EEEiE6A_TILE_3_0_out         |  out|   32|      ap_vld|  p_ZZ4tm_ARN3hls6streamINS_6vectorIfLm8EEELi0EEEPA9_NS0_IfLi0EEEiE6A_TILE_3_0_out|       pointer|
|p_ZZ4tm_ARN3hls6streamINS_6vectorIfLm8EEELi0EEEPA9_NS0_IfLi0EEEiE6A_TILE_3_0_out_ap_vld  |  out|    1|      ap_vld|  p_ZZ4tm_ARN3hls6streamINS_6vectorIfLm8EEELi0EEEPA9_NS0_IfLi0EEEiE6A_TILE_3_0_out|       pointer|
|p_ZZ4tm_ARN3hls6streamINS_6vectorIfLm8EEELi0EEEPA9_NS0_IfLi0EEEiE6A_TILE_3_1_out         |  out|   32|      ap_vld|  p_ZZ4tm_ARN3hls6streamINS_6vectorIfLm8EEELi0EEEPA9_NS0_IfLi0EEEiE6A_TILE_3_1_out|       pointer|
|p_ZZ4tm_ARN3hls6streamINS_6vectorIfLm8EEELi0EEEPA9_NS0_IfLi0EEEiE6A_TILE_3_1_out_ap_vld  |  out|    1|      ap_vld|  p_ZZ4tm_ARN3hls6streamINS_6vectorIfLm8EEELi0EEEPA9_NS0_IfLi0EEEiE6A_TILE_3_1_out|       pointer|
|p_ZZ4tm_ARN3hls6streamINS_6vectorIfLm8EEELi0EEEPA9_NS0_IfLi0EEEiE6A_TILE_3_2_out         |  out|   32|      ap_vld|  p_ZZ4tm_ARN3hls6streamINS_6vectorIfLm8EEELi0EEEPA9_NS0_IfLi0EEEiE6A_TILE_3_2_out|       pointer|
|p_ZZ4tm_ARN3hls6streamINS_6vectorIfLm8EEELi0EEEPA9_NS0_IfLi0EEEiE6A_TILE_3_2_out_ap_vld  |  out|    1|      ap_vld|  p_ZZ4tm_ARN3hls6streamINS_6vectorIfLm8EEELi0EEEPA9_NS0_IfLi0EEEiE6A_TILE_3_2_out|       pointer|
|p_ZZ4tm_ARN3hls6streamINS_6vectorIfLm8EEELi0EEEPA9_NS0_IfLi0EEEiE6A_TILE_3_3_out         |  out|   32|      ap_vld|  p_ZZ4tm_ARN3hls6streamINS_6vectorIfLm8EEELi0EEEPA9_NS0_IfLi0EEEiE6A_TILE_3_3_out|       pointer|
|p_ZZ4tm_ARN3hls6streamINS_6vectorIfLm8EEELi0EEEPA9_NS0_IfLi0EEEiE6A_TILE_3_3_out_ap_vld  |  out|    1|      ap_vld|  p_ZZ4tm_ARN3hls6streamINS_6vectorIfLm8EEELi0EEEPA9_NS0_IfLi0EEEiE6A_TILE_3_3_out|       pointer|
|p_ZZ4tm_ARN3hls6streamINS_6vectorIfLm8EEELi0EEEPA9_NS0_IfLi0EEEiE6A_TILE_3_4_out         |  out|   32|      ap_vld|  p_ZZ4tm_ARN3hls6streamINS_6vectorIfLm8EEELi0EEEPA9_NS0_IfLi0EEEiE6A_TILE_3_4_out|       pointer|
|p_ZZ4tm_ARN3hls6streamINS_6vectorIfLm8EEELi0EEEPA9_NS0_IfLi0EEEiE6A_TILE_3_4_out_ap_vld  |  out|    1|      ap_vld|  p_ZZ4tm_ARN3hls6streamINS_6vectorIfLm8EEELi0EEEPA9_NS0_IfLi0EEEiE6A_TILE_3_4_out|       pointer|
|p_ZZ4tm_ARN3hls6streamINS_6vectorIfLm8EEELi0EEEPA9_NS0_IfLi0EEEiE6A_TILE_3_5_out         |  out|   32|      ap_vld|  p_ZZ4tm_ARN3hls6streamINS_6vectorIfLm8EEELi0EEEPA9_NS0_IfLi0EEEiE6A_TILE_3_5_out|       pointer|
|p_ZZ4tm_ARN3hls6streamINS_6vectorIfLm8EEELi0EEEPA9_NS0_IfLi0EEEiE6A_TILE_3_5_out_ap_vld  |  out|    1|      ap_vld|  p_ZZ4tm_ARN3hls6streamINS_6vectorIfLm8EEELi0EEEPA9_NS0_IfLi0EEEiE6A_TILE_3_5_out|       pointer|
|p_ZZ4tm_ARN3hls6streamINS_6vectorIfLm8EEELi0EEEPA9_NS0_IfLi0EEEiE6A_TILE_3_6_out         |  out|   32|      ap_vld|  p_ZZ4tm_ARN3hls6streamINS_6vectorIfLm8EEELi0EEEPA9_NS0_IfLi0EEEiE6A_TILE_3_6_out|       pointer|
|p_ZZ4tm_ARN3hls6streamINS_6vectorIfLm8EEELi0EEEPA9_NS0_IfLi0EEEiE6A_TILE_3_6_out_ap_vld  |  out|    1|      ap_vld|  p_ZZ4tm_ARN3hls6streamINS_6vectorIfLm8EEELi0EEEPA9_NS0_IfLi0EEEiE6A_TILE_3_6_out|       pointer|
|p_ZZ4tm_ARN3hls6streamINS_6vectorIfLm8EEELi0EEEPA9_NS0_IfLi0EEEiE6A_TILE_3_7_out         |  out|   32|      ap_vld|  p_ZZ4tm_ARN3hls6streamINS_6vectorIfLm8EEELi0EEEPA9_NS0_IfLi0EEEiE6A_TILE_3_7_out|       pointer|
|p_ZZ4tm_ARN3hls6streamINS_6vectorIfLm8EEELi0EEEPA9_NS0_IfLi0EEEiE6A_TILE_3_7_out_ap_vld  |  out|    1|      ap_vld|  p_ZZ4tm_ARN3hls6streamINS_6vectorIfLm8EEELi0EEEPA9_NS0_IfLi0EEEiE6A_TILE_3_7_out|       pointer|
|p_ZZ4tm_ARN3hls6streamINS_6vectorIfLm8EEELi0EEEPA9_NS0_IfLi0EEEiE6A_TILE_4_0_out         |  out|   32|      ap_vld|  p_ZZ4tm_ARN3hls6streamINS_6vectorIfLm8EEELi0EEEPA9_NS0_IfLi0EEEiE6A_TILE_4_0_out|       pointer|
|p_ZZ4tm_ARN3hls6streamINS_6vectorIfLm8EEELi0EEEPA9_NS0_IfLi0EEEiE6A_TILE_4_0_out_ap_vld  |  out|    1|      ap_vld|  p_ZZ4tm_ARN3hls6streamINS_6vectorIfLm8EEELi0EEEPA9_NS0_IfLi0EEEiE6A_TILE_4_0_out|       pointer|
|p_ZZ4tm_ARN3hls6streamINS_6vectorIfLm8EEELi0EEEPA9_NS0_IfLi0EEEiE6A_TILE_4_1_out         |  out|   32|      ap_vld|  p_ZZ4tm_ARN3hls6streamINS_6vectorIfLm8EEELi0EEEPA9_NS0_IfLi0EEEiE6A_TILE_4_1_out|       pointer|
|p_ZZ4tm_ARN3hls6streamINS_6vectorIfLm8EEELi0EEEPA9_NS0_IfLi0EEEiE6A_TILE_4_1_out_ap_vld  |  out|    1|      ap_vld|  p_ZZ4tm_ARN3hls6streamINS_6vectorIfLm8EEELi0EEEPA9_NS0_IfLi0EEEiE6A_TILE_4_1_out|       pointer|
|p_ZZ4tm_ARN3hls6streamINS_6vectorIfLm8EEELi0EEEPA9_NS0_IfLi0EEEiE6A_TILE_4_2_out         |  out|   32|      ap_vld|  p_ZZ4tm_ARN3hls6streamINS_6vectorIfLm8EEELi0EEEPA9_NS0_IfLi0EEEiE6A_TILE_4_2_out|       pointer|
|p_ZZ4tm_ARN3hls6streamINS_6vectorIfLm8EEELi0EEEPA9_NS0_IfLi0EEEiE6A_TILE_4_2_out_ap_vld  |  out|    1|      ap_vld|  p_ZZ4tm_ARN3hls6streamINS_6vectorIfLm8EEELi0EEEPA9_NS0_IfLi0EEEiE6A_TILE_4_2_out|       pointer|
|p_ZZ4tm_ARN3hls6streamINS_6vectorIfLm8EEELi0EEEPA9_NS0_IfLi0EEEiE6A_TILE_4_3_out         |  out|   32|      ap_vld|  p_ZZ4tm_ARN3hls6streamINS_6vectorIfLm8EEELi0EEEPA9_NS0_IfLi0EEEiE6A_TILE_4_3_out|       pointer|
|p_ZZ4tm_ARN3hls6streamINS_6vectorIfLm8EEELi0EEEPA9_NS0_IfLi0EEEiE6A_TILE_4_3_out_ap_vld  |  out|    1|      ap_vld|  p_ZZ4tm_ARN3hls6streamINS_6vectorIfLm8EEELi0EEEPA9_NS0_IfLi0EEEiE6A_TILE_4_3_out|       pointer|
|p_ZZ4tm_ARN3hls6streamINS_6vectorIfLm8EEELi0EEEPA9_NS0_IfLi0EEEiE6A_TILE_4_4_out         |  out|   32|      ap_vld|  p_ZZ4tm_ARN3hls6streamINS_6vectorIfLm8EEELi0EEEPA9_NS0_IfLi0EEEiE6A_TILE_4_4_out|       pointer|
|p_ZZ4tm_ARN3hls6streamINS_6vectorIfLm8EEELi0EEEPA9_NS0_IfLi0EEEiE6A_TILE_4_4_out_ap_vld  |  out|    1|      ap_vld|  p_ZZ4tm_ARN3hls6streamINS_6vectorIfLm8EEELi0EEEPA9_NS0_IfLi0EEEiE6A_TILE_4_4_out|       pointer|
|p_ZZ4tm_ARN3hls6streamINS_6vectorIfLm8EEELi0EEEPA9_NS0_IfLi0EEEiE6A_TILE_4_5_out         |  out|   32|      ap_vld|  p_ZZ4tm_ARN3hls6streamINS_6vectorIfLm8EEELi0EEEPA9_NS0_IfLi0EEEiE6A_TILE_4_5_out|       pointer|
|p_ZZ4tm_ARN3hls6streamINS_6vectorIfLm8EEELi0EEEPA9_NS0_IfLi0EEEiE6A_TILE_4_5_out_ap_vld  |  out|    1|      ap_vld|  p_ZZ4tm_ARN3hls6streamINS_6vectorIfLm8EEELi0EEEPA9_NS0_IfLi0EEEiE6A_TILE_4_5_out|       pointer|
|p_ZZ4tm_ARN3hls6streamINS_6vectorIfLm8EEELi0EEEPA9_NS0_IfLi0EEEiE6A_TILE_4_6_out         |  out|   32|      ap_vld|  p_ZZ4tm_ARN3hls6streamINS_6vectorIfLm8EEELi0EEEPA9_NS0_IfLi0EEEiE6A_TILE_4_6_out|       pointer|
|p_ZZ4tm_ARN3hls6streamINS_6vectorIfLm8EEELi0EEEPA9_NS0_IfLi0EEEiE6A_TILE_4_6_out_ap_vld  |  out|    1|      ap_vld|  p_ZZ4tm_ARN3hls6streamINS_6vectorIfLm8EEELi0EEEPA9_NS0_IfLi0EEEiE6A_TILE_4_6_out|       pointer|
|p_ZZ4tm_ARN3hls6streamINS_6vectorIfLm8EEELi0EEEPA9_NS0_IfLi0EEEiE6A_TILE_4_7_out         |  out|   32|      ap_vld|  p_ZZ4tm_ARN3hls6streamINS_6vectorIfLm8EEELi0EEEPA9_NS0_IfLi0EEEiE6A_TILE_4_7_out|       pointer|
|p_ZZ4tm_ARN3hls6streamINS_6vectorIfLm8EEELi0EEEPA9_NS0_IfLi0EEEiE6A_TILE_4_7_out_ap_vld  |  out|    1|      ap_vld|  p_ZZ4tm_ARN3hls6streamINS_6vectorIfLm8EEELi0EEEPA9_NS0_IfLi0EEEiE6A_TILE_4_7_out|       pointer|
|p_ZZ4tm_ARN3hls6streamINS_6vectorIfLm8EEELi0EEEPA9_NS0_IfLi0EEEiE6A_TILE_5_0_out         |  out|   32|      ap_vld|  p_ZZ4tm_ARN3hls6streamINS_6vectorIfLm8EEELi0EEEPA9_NS0_IfLi0EEEiE6A_TILE_5_0_out|       pointer|
|p_ZZ4tm_ARN3hls6streamINS_6vectorIfLm8EEELi0EEEPA9_NS0_IfLi0EEEiE6A_TILE_5_0_out_ap_vld  |  out|    1|      ap_vld|  p_ZZ4tm_ARN3hls6streamINS_6vectorIfLm8EEELi0EEEPA9_NS0_IfLi0EEEiE6A_TILE_5_0_out|       pointer|
|p_ZZ4tm_ARN3hls6streamINS_6vectorIfLm8EEELi0EEEPA9_NS0_IfLi0EEEiE6A_TILE_5_1_out         |  out|   32|      ap_vld|  p_ZZ4tm_ARN3hls6streamINS_6vectorIfLm8EEELi0EEEPA9_NS0_IfLi0EEEiE6A_TILE_5_1_out|       pointer|
|p_ZZ4tm_ARN3hls6streamINS_6vectorIfLm8EEELi0EEEPA9_NS0_IfLi0EEEiE6A_TILE_5_1_out_ap_vld  |  out|    1|      ap_vld|  p_ZZ4tm_ARN3hls6streamINS_6vectorIfLm8EEELi0EEEPA9_NS0_IfLi0EEEiE6A_TILE_5_1_out|       pointer|
|p_ZZ4tm_ARN3hls6streamINS_6vectorIfLm8EEELi0EEEPA9_NS0_IfLi0EEEiE6A_TILE_5_2_out         |  out|   32|      ap_vld|  p_ZZ4tm_ARN3hls6streamINS_6vectorIfLm8EEELi0EEEPA9_NS0_IfLi0EEEiE6A_TILE_5_2_out|       pointer|
|p_ZZ4tm_ARN3hls6streamINS_6vectorIfLm8EEELi0EEEPA9_NS0_IfLi0EEEiE6A_TILE_5_2_out_ap_vld  |  out|    1|      ap_vld|  p_ZZ4tm_ARN3hls6streamINS_6vectorIfLm8EEELi0EEEPA9_NS0_IfLi0EEEiE6A_TILE_5_2_out|       pointer|
|p_ZZ4tm_ARN3hls6streamINS_6vectorIfLm8EEELi0EEEPA9_NS0_IfLi0EEEiE6A_TILE_5_3_out         |  out|   32|      ap_vld|  p_ZZ4tm_ARN3hls6streamINS_6vectorIfLm8EEELi0EEEPA9_NS0_IfLi0EEEiE6A_TILE_5_3_out|       pointer|
|p_ZZ4tm_ARN3hls6streamINS_6vectorIfLm8EEELi0EEEPA9_NS0_IfLi0EEEiE6A_TILE_5_3_out_ap_vld  |  out|    1|      ap_vld|  p_ZZ4tm_ARN3hls6streamINS_6vectorIfLm8EEELi0EEEPA9_NS0_IfLi0EEEiE6A_TILE_5_3_out|       pointer|
|p_ZZ4tm_ARN3hls6streamINS_6vectorIfLm8EEELi0EEEPA9_NS0_IfLi0EEEiE6A_TILE_5_4_out         |  out|   32|      ap_vld|  p_ZZ4tm_ARN3hls6streamINS_6vectorIfLm8EEELi0EEEPA9_NS0_IfLi0EEEiE6A_TILE_5_4_out|       pointer|
|p_ZZ4tm_ARN3hls6streamINS_6vectorIfLm8EEELi0EEEPA9_NS0_IfLi0EEEiE6A_TILE_5_4_out_ap_vld  |  out|    1|      ap_vld|  p_ZZ4tm_ARN3hls6streamINS_6vectorIfLm8EEELi0EEEPA9_NS0_IfLi0EEEiE6A_TILE_5_4_out|       pointer|
|p_ZZ4tm_ARN3hls6streamINS_6vectorIfLm8EEELi0EEEPA9_NS0_IfLi0EEEiE6A_TILE_5_5_out         |  out|   32|      ap_vld|  p_ZZ4tm_ARN3hls6streamINS_6vectorIfLm8EEELi0EEEPA9_NS0_IfLi0EEEiE6A_TILE_5_5_out|       pointer|
|p_ZZ4tm_ARN3hls6streamINS_6vectorIfLm8EEELi0EEEPA9_NS0_IfLi0EEEiE6A_TILE_5_5_out_ap_vld  |  out|    1|      ap_vld|  p_ZZ4tm_ARN3hls6streamINS_6vectorIfLm8EEELi0EEEPA9_NS0_IfLi0EEEiE6A_TILE_5_5_out|       pointer|
|p_ZZ4tm_ARN3hls6streamINS_6vectorIfLm8EEELi0EEEPA9_NS0_IfLi0EEEiE6A_TILE_5_6_out         |  out|   32|      ap_vld|  p_ZZ4tm_ARN3hls6streamINS_6vectorIfLm8EEELi0EEEPA9_NS0_IfLi0EEEiE6A_TILE_5_6_out|       pointer|
|p_ZZ4tm_ARN3hls6streamINS_6vectorIfLm8EEELi0EEEPA9_NS0_IfLi0EEEiE6A_TILE_5_6_out_ap_vld  |  out|    1|      ap_vld|  p_ZZ4tm_ARN3hls6streamINS_6vectorIfLm8EEELi0EEEPA9_NS0_IfLi0EEEiE6A_TILE_5_6_out|       pointer|
|p_ZZ4tm_ARN3hls6streamINS_6vectorIfLm8EEELi0EEEPA9_NS0_IfLi0EEEiE6A_TILE_5_7_out         |  out|   32|      ap_vld|  p_ZZ4tm_ARN3hls6streamINS_6vectorIfLm8EEELi0EEEPA9_NS0_IfLi0EEEiE6A_TILE_5_7_out|       pointer|
|p_ZZ4tm_ARN3hls6streamINS_6vectorIfLm8EEELi0EEEPA9_NS0_IfLi0EEEiE6A_TILE_5_7_out_ap_vld  |  out|    1|      ap_vld|  p_ZZ4tm_ARN3hls6streamINS_6vectorIfLm8EEELi0EEEPA9_NS0_IfLi0EEEiE6A_TILE_5_7_out|       pointer|
|p_ZZ4tm_ARN3hls6streamINS_6vectorIfLm8EEELi0EEEPA9_NS0_IfLi0EEEiE6A_TILE_6_0_out         |  out|   32|      ap_vld|  p_ZZ4tm_ARN3hls6streamINS_6vectorIfLm8EEELi0EEEPA9_NS0_IfLi0EEEiE6A_TILE_6_0_out|       pointer|
|p_ZZ4tm_ARN3hls6streamINS_6vectorIfLm8EEELi0EEEPA9_NS0_IfLi0EEEiE6A_TILE_6_0_out_ap_vld  |  out|    1|      ap_vld|  p_ZZ4tm_ARN3hls6streamINS_6vectorIfLm8EEELi0EEEPA9_NS0_IfLi0EEEiE6A_TILE_6_0_out|       pointer|
|p_ZZ4tm_ARN3hls6streamINS_6vectorIfLm8EEELi0EEEPA9_NS0_IfLi0EEEiE6A_TILE_6_1_out         |  out|   32|      ap_vld|  p_ZZ4tm_ARN3hls6streamINS_6vectorIfLm8EEELi0EEEPA9_NS0_IfLi0EEEiE6A_TILE_6_1_out|       pointer|
|p_ZZ4tm_ARN3hls6streamINS_6vectorIfLm8EEELi0EEEPA9_NS0_IfLi0EEEiE6A_TILE_6_1_out_ap_vld  |  out|    1|      ap_vld|  p_ZZ4tm_ARN3hls6streamINS_6vectorIfLm8EEELi0EEEPA9_NS0_IfLi0EEEiE6A_TILE_6_1_out|       pointer|
|p_ZZ4tm_ARN3hls6streamINS_6vectorIfLm8EEELi0EEEPA9_NS0_IfLi0EEEiE6A_TILE_6_2_out         |  out|   32|      ap_vld|  p_ZZ4tm_ARN3hls6streamINS_6vectorIfLm8EEELi0EEEPA9_NS0_IfLi0EEEiE6A_TILE_6_2_out|       pointer|
|p_ZZ4tm_ARN3hls6streamINS_6vectorIfLm8EEELi0EEEPA9_NS0_IfLi0EEEiE6A_TILE_6_2_out_ap_vld  |  out|    1|      ap_vld|  p_ZZ4tm_ARN3hls6streamINS_6vectorIfLm8EEELi0EEEPA9_NS0_IfLi0EEEiE6A_TILE_6_2_out|       pointer|
|p_ZZ4tm_ARN3hls6streamINS_6vectorIfLm8EEELi0EEEPA9_NS0_IfLi0EEEiE6A_TILE_6_3_out         |  out|   32|      ap_vld|  p_ZZ4tm_ARN3hls6streamINS_6vectorIfLm8EEELi0EEEPA9_NS0_IfLi0EEEiE6A_TILE_6_3_out|       pointer|
|p_ZZ4tm_ARN3hls6streamINS_6vectorIfLm8EEELi0EEEPA9_NS0_IfLi0EEEiE6A_TILE_6_3_out_ap_vld  |  out|    1|      ap_vld|  p_ZZ4tm_ARN3hls6streamINS_6vectorIfLm8EEELi0EEEPA9_NS0_IfLi0EEEiE6A_TILE_6_3_out|       pointer|
|p_ZZ4tm_ARN3hls6streamINS_6vectorIfLm8EEELi0EEEPA9_NS0_IfLi0EEEiE6A_TILE_6_4_out         |  out|   32|      ap_vld|  p_ZZ4tm_ARN3hls6streamINS_6vectorIfLm8EEELi0EEEPA9_NS0_IfLi0EEEiE6A_TILE_6_4_out|       pointer|
|p_ZZ4tm_ARN3hls6streamINS_6vectorIfLm8EEELi0EEEPA9_NS0_IfLi0EEEiE6A_TILE_6_4_out_ap_vld  |  out|    1|      ap_vld|  p_ZZ4tm_ARN3hls6streamINS_6vectorIfLm8EEELi0EEEPA9_NS0_IfLi0EEEiE6A_TILE_6_4_out|       pointer|
|p_ZZ4tm_ARN3hls6streamINS_6vectorIfLm8EEELi0EEEPA9_NS0_IfLi0EEEiE6A_TILE_6_5_out         |  out|   32|      ap_vld|  p_ZZ4tm_ARN3hls6streamINS_6vectorIfLm8EEELi0EEEPA9_NS0_IfLi0EEEiE6A_TILE_6_5_out|       pointer|
|p_ZZ4tm_ARN3hls6streamINS_6vectorIfLm8EEELi0EEEPA9_NS0_IfLi0EEEiE6A_TILE_6_5_out_ap_vld  |  out|    1|      ap_vld|  p_ZZ4tm_ARN3hls6streamINS_6vectorIfLm8EEELi0EEEPA9_NS0_IfLi0EEEiE6A_TILE_6_5_out|       pointer|
|p_ZZ4tm_ARN3hls6streamINS_6vectorIfLm8EEELi0EEEPA9_NS0_IfLi0EEEiE6A_TILE_6_6_out         |  out|   32|      ap_vld|  p_ZZ4tm_ARN3hls6streamINS_6vectorIfLm8EEELi0EEEPA9_NS0_IfLi0EEEiE6A_TILE_6_6_out|       pointer|
|p_ZZ4tm_ARN3hls6streamINS_6vectorIfLm8EEELi0EEEPA9_NS0_IfLi0EEEiE6A_TILE_6_6_out_ap_vld  |  out|    1|      ap_vld|  p_ZZ4tm_ARN3hls6streamINS_6vectorIfLm8EEELi0EEEPA9_NS0_IfLi0EEEiE6A_TILE_6_6_out|       pointer|
|p_ZZ4tm_ARN3hls6streamINS_6vectorIfLm8EEELi0EEEPA9_NS0_IfLi0EEEiE6A_TILE_6_7_out         |  out|   32|      ap_vld|  p_ZZ4tm_ARN3hls6streamINS_6vectorIfLm8EEELi0EEEPA9_NS0_IfLi0EEEiE6A_TILE_6_7_out|       pointer|
|p_ZZ4tm_ARN3hls6streamINS_6vectorIfLm8EEELi0EEEPA9_NS0_IfLi0EEEiE6A_TILE_6_7_out_ap_vld  |  out|    1|      ap_vld|  p_ZZ4tm_ARN3hls6streamINS_6vectorIfLm8EEELi0EEEPA9_NS0_IfLi0EEEiE6A_TILE_6_7_out|       pointer|
|p_ZZ4tm_ARN3hls6streamINS_6vectorIfLm8EEELi0EEEPA9_NS0_IfLi0EEEiE6A_TILE_7_0_out         |  out|   32|      ap_vld|  p_ZZ4tm_ARN3hls6streamINS_6vectorIfLm8EEELi0EEEPA9_NS0_IfLi0EEEiE6A_TILE_7_0_out|       pointer|
|p_ZZ4tm_ARN3hls6streamINS_6vectorIfLm8EEELi0EEEPA9_NS0_IfLi0EEEiE6A_TILE_7_0_out_ap_vld  |  out|    1|      ap_vld|  p_ZZ4tm_ARN3hls6streamINS_6vectorIfLm8EEELi0EEEPA9_NS0_IfLi0EEEiE6A_TILE_7_0_out|       pointer|
|p_ZZ4tm_ARN3hls6streamINS_6vectorIfLm8EEELi0EEEPA9_NS0_IfLi0EEEiE6A_TILE_7_1_out         |  out|   32|      ap_vld|  p_ZZ4tm_ARN3hls6streamINS_6vectorIfLm8EEELi0EEEPA9_NS0_IfLi0EEEiE6A_TILE_7_1_out|       pointer|
|p_ZZ4tm_ARN3hls6streamINS_6vectorIfLm8EEELi0EEEPA9_NS0_IfLi0EEEiE6A_TILE_7_1_out_ap_vld  |  out|    1|      ap_vld|  p_ZZ4tm_ARN3hls6streamINS_6vectorIfLm8EEELi0EEEPA9_NS0_IfLi0EEEiE6A_TILE_7_1_out|       pointer|
|p_ZZ4tm_ARN3hls6streamINS_6vectorIfLm8EEELi0EEEPA9_NS0_IfLi0EEEiE6A_TILE_7_2_out         |  out|   32|      ap_vld|  p_ZZ4tm_ARN3hls6streamINS_6vectorIfLm8EEELi0EEEPA9_NS0_IfLi0EEEiE6A_TILE_7_2_out|       pointer|
|p_ZZ4tm_ARN3hls6streamINS_6vectorIfLm8EEELi0EEEPA9_NS0_IfLi0EEEiE6A_TILE_7_2_out_ap_vld  |  out|    1|      ap_vld|  p_ZZ4tm_ARN3hls6streamINS_6vectorIfLm8EEELi0EEEPA9_NS0_IfLi0EEEiE6A_TILE_7_2_out|       pointer|
|p_ZZ4tm_ARN3hls6streamINS_6vectorIfLm8EEELi0EEEPA9_NS0_IfLi0EEEiE6A_TILE_7_3_out         |  out|   32|      ap_vld|  p_ZZ4tm_ARN3hls6streamINS_6vectorIfLm8EEELi0EEEPA9_NS0_IfLi0EEEiE6A_TILE_7_3_out|       pointer|
|p_ZZ4tm_ARN3hls6streamINS_6vectorIfLm8EEELi0EEEPA9_NS0_IfLi0EEEiE6A_TILE_7_3_out_ap_vld  |  out|    1|      ap_vld|  p_ZZ4tm_ARN3hls6streamINS_6vectorIfLm8EEELi0EEEPA9_NS0_IfLi0EEEiE6A_TILE_7_3_out|       pointer|
|p_ZZ4tm_ARN3hls6streamINS_6vectorIfLm8EEELi0EEEPA9_NS0_IfLi0EEEiE6A_TILE_7_4_out         |  out|   32|      ap_vld|  p_ZZ4tm_ARN3hls6streamINS_6vectorIfLm8EEELi0EEEPA9_NS0_IfLi0EEEiE6A_TILE_7_4_out|       pointer|
|p_ZZ4tm_ARN3hls6streamINS_6vectorIfLm8EEELi0EEEPA9_NS0_IfLi0EEEiE6A_TILE_7_4_out_ap_vld  |  out|    1|      ap_vld|  p_ZZ4tm_ARN3hls6streamINS_6vectorIfLm8EEELi0EEEPA9_NS0_IfLi0EEEiE6A_TILE_7_4_out|       pointer|
|p_ZZ4tm_ARN3hls6streamINS_6vectorIfLm8EEELi0EEEPA9_NS0_IfLi0EEEiE6A_TILE_7_5_out         |  out|   32|      ap_vld|  p_ZZ4tm_ARN3hls6streamINS_6vectorIfLm8EEELi0EEEPA9_NS0_IfLi0EEEiE6A_TILE_7_5_out|       pointer|
|p_ZZ4tm_ARN3hls6streamINS_6vectorIfLm8EEELi0EEEPA9_NS0_IfLi0EEEiE6A_TILE_7_5_out_ap_vld  |  out|    1|      ap_vld|  p_ZZ4tm_ARN3hls6streamINS_6vectorIfLm8EEELi0EEEPA9_NS0_IfLi0EEEiE6A_TILE_7_5_out|       pointer|
|p_ZZ4tm_ARN3hls6streamINS_6vectorIfLm8EEELi0EEEPA9_NS0_IfLi0EEEiE6A_TILE_7_6_out         |  out|   32|      ap_vld|  p_ZZ4tm_ARN3hls6streamINS_6vectorIfLm8EEELi0EEEPA9_NS0_IfLi0EEEiE6A_TILE_7_6_out|       pointer|
|p_ZZ4tm_ARN3hls6streamINS_6vectorIfLm8EEELi0EEEPA9_NS0_IfLi0EEEiE6A_TILE_7_6_out_ap_vld  |  out|    1|      ap_vld|  p_ZZ4tm_ARN3hls6streamINS_6vectorIfLm8EEELi0EEEPA9_NS0_IfLi0EEEiE6A_TILE_7_6_out|       pointer|
|p_ZZ4tm_ARN3hls6streamINS_6vectorIfLm8EEELi0EEEPA9_NS0_IfLi0EEEiE6A_TILE_7_7_out         |  out|   32|      ap_vld|  p_ZZ4tm_ARN3hls6streamINS_6vectorIfLm8EEELi0EEEPA9_NS0_IfLi0EEEiE6A_TILE_7_7_out|       pointer|
|p_ZZ4tm_ARN3hls6streamINS_6vectorIfLm8EEELi0EEEPA9_NS0_IfLi0EEEiE6A_TILE_7_7_out_ap_vld  |  out|    1|      ap_vld|  p_ZZ4tm_ARN3hls6streamINS_6vectorIfLm8EEELi0EEEPA9_NS0_IfLi0EEEiE6A_TILE_7_7_out|       pointer|
|p_ZZ4tm_ARN3hls6streamINS_6vectorIfLm8EEELi0EEEPA9_NS0_IfLi0EEEiE6A_TILE_7_7             |   in|   32|     ap_none|      p_ZZ4tm_ARN3hls6streamINS_6vectorIfLm8EEELi0EEEPA9_NS0_IfLi0EEEiE6A_TILE_7_7|       pointer|
|p_ZZ4tm_ARN3hls6streamINS_6vectorIfLm8EEELi0EEEPA9_NS0_IfLi0EEEiE6A_TILE_7_6             |   in|   32|     ap_none|      p_ZZ4tm_ARN3hls6streamINS_6vectorIfLm8EEELi0EEEPA9_NS0_IfLi0EEEiE6A_TILE_7_6|       pointer|
|p_ZZ4tm_ARN3hls6streamINS_6vectorIfLm8EEELi0EEEPA9_NS0_IfLi0EEEiE6A_TILE_7_5             |   in|   32|     ap_none|      p_ZZ4tm_ARN3hls6streamINS_6vectorIfLm8EEELi0EEEPA9_NS0_IfLi0EEEiE6A_TILE_7_5|       pointer|
|p_ZZ4tm_ARN3hls6streamINS_6vectorIfLm8EEELi0EEEPA9_NS0_IfLi0EEEiE6A_TILE_7_4             |   in|   32|     ap_none|      p_ZZ4tm_ARN3hls6streamINS_6vectorIfLm8EEELi0EEEPA9_NS0_IfLi0EEEiE6A_TILE_7_4|       pointer|
|p_ZZ4tm_ARN3hls6streamINS_6vectorIfLm8EEELi0EEEPA9_NS0_IfLi0EEEiE6A_TILE_7_3             |   in|   32|     ap_none|      p_ZZ4tm_ARN3hls6streamINS_6vectorIfLm8EEELi0EEEPA9_NS0_IfLi0EEEiE6A_TILE_7_3|       pointer|
|p_ZZ4tm_ARN3hls6streamINS_6vectorIfLm8EEELi0EEEPA9_NS0_IfLi0EEEiE6A_TILE_7_2             |   in|   32|     ap_none|      p_ZZ4tm_ARN3hls6streamINS_6vectorIfLm8EEELi0EEEPA9_NS0_IfLi0EEEiE6A_TILE_7_2|       pointer|
|p_ZZ4tm_ARN3hls6streamINS_6vectorIfLm8EEELi0EEEPA9_NS0_IfLi0EEEiE6A_TILE_7_1             |   in|   32|     ap_none|      p_ZZ4tm_ARN3hls6streamINS_6vectorIfLm8EEELi0EEEPA9_NS0_IfLi0EEEiE6A_TILE_7_1|       pointer|
|p_ZZ4tm_ARN3hls6streamINS_6vectorIfLm8EEELi0EEEPA9_NS0_IfLi0EEEiE6A_TILE_7_0             |   in|   32|     ap_none|      p_ZZ4tm_ARN3hls6streamINS_6vectorIfLm8EEELi0EEEPA9_NS0_IfLi0EEEiE6A_TILE_7_0|       pointer|
|p_ZZ4tm_ARN3hls6streamINS_6vectorIfLm8EEELi0EEEPA9_NS0_IfLi0EEEiE6A_TILE_6_7             |   in|   32|     ap_none|      p_ZZ4tm_ARN3hls6streamINS_6vectorIfLm8EEELi0EEEPA9_NS0_IfLi0EEEiE6A_TILE_6_7|       pointer|
|p_ZZ4tm_ARN3hls6streamINS_6vectorIfLm8EEELi0EEEPA9_NS0_IfLi0EEEiE6A_TILE_6_6             |   in|   32|     ap_none|      p_ZZ4tm_ARN3hls6streamINS_6vectorIfLm8EEELi0EEEPA9_NS0_IfLi0EEEiE6A_TILE_6_6|       pointer|
|p_ZZ4tm_ARN3hls6streamINS_6vectorIfLm8EEELi0EEEPA9_NS0_IfLi0EEEiE6A_TILE_6_5             |   in|   32|     ap_none|      p_ZZ4tm_ARN3hls6streamINS_6vectorIfLm8EEELi0EEEPA9_NS0_IfLi0EEEiE6A_TILE_6_5|       pointer|
|p_ZZ4tm_ARN3hls6streamINS_6vectorIfLm8EEELi0EEEPA9_NS0_IfLi0EEEiE6A_TILE_6_4             |   in|   32|     ap_none|      p_ZZ4tm_ARN3hls6streamINS_6vectorIfLm8EEELi0EEEPA9_NS0_IfLi0EEEiE6A_TILE_6_4|       pointer|
|p_ZZ4tm_ARN3hls6streamINS_6vectorIfLm8EEELi0EEEPA9_NS0_IfLi0EEEiE6A_TILE_6_3             |   in|   32|     ap_none|      p_ZZ4tm_ARN3hls6streamINS_6vectorIfLm8EEELi0EEEPA9_NS0_IfLi0EEEiE6A_TILE_6_3|       pointer|
|p_ZZ4tm_ARN3hls6streamINS_6vectorIfLm8EEELi0EEEPA9_NS0_IfLi0EEEiE6A_TILE_6_2             |   in|   32|     ap_none|      p_ZZ4tm_ARN3hls6streamINS_6vectorIfLm8EEELi0EEEPA9_NS0_IfLi0EEEiE6A_TILE_6_2|       pointer|
|p_ZZ4tm_ARN3hls6streamINS_6vectorIfLm8EEELi0EEEPA9_NS0_IfLi0EEEiE6A_TILE_6_1             |   in|   32|     ap_none|      p_ZZ4tm_ARN3hls6streamINS_6vectorIfLm8EEELi0EEEPA9_NS0_IfLi0EEEiE6A_TILE_6_1|       pointer|
|p_ZZ4tm_ARN3hls6streamINS_6vectorIfLm8EEELi0EEEPA9_NS0_IfLi0EEEiE6A_TILE_6_0             |   in|   32|     ap_none|      p_ZZ4tm_ARN3hls6streamINS_6vectorIfLm8EEELi0EEEPA9_NS0_IfLi0EEEiE6A_TILE_6_0|       pointer|
|p_ZZ4tm_ARN3hls6streamINS_6vectorIfLm8EEELi0EEEPA9_NS0_IfLi0EEEiE6A_TILE_5_7             |   in|   32|     ap_none|      p_ZZ4tm_ARN3hls6streamINS_6vectorIfLm8EEELi0EEEPA9_NS0_IfLi0EEEiE6A_TILE_5_7|       pointer|
|p_ZZ4tm_ARN3hls6streamINS_6vectorIfLm8EEELi0EEEPA9_NS0_IfLi0EEEiE6A_TILE_5_6             |   in|   32|     ap_none|      p_ZZ4tm_ARN3hls6streamINS_6vectorIfLm8EEELi0EEEPA9_NS0_IfLi0EEEiE6A_TILE_5_6|       pointer|
|p_ZZ4tm_ARN3hls6streamINS_6vectorIfLm8EEELi0EEEPA9_NS0_IfLi0EEEiE6A_TILE_5_5             |   in|   32|     ap_none|      p_ZZ4tm_ARN3hls6streamINS_6vectorIfLm8EEELi0EEEPA9_NS0_IfLi0EEEiE6A_TILE_5_5|       pointer|
|p_ZZ4tm_ARN3hls6streamINS_6vectorIfLm8EEELi0EEEPA9_NS0_IfLi0EEEiE6A_TILE_5_4             |   in|   32|     ap_none|      p_ZZ4tm_ARN3hls6streamINS_6vectorIfLm8EEELi0EEEPA9_NS0_IfLi0EEEiE6A_TILE_5_4|       pointer|
|p_ZZ4tm_ARN3hls6streamINS_6vectorIfLm8EEELi0EEEPA9_NS0_IfLi0EEEiE6A_TILE_5_3             |   in|   32|     ap_none|      p_ZZ4tm_ARN3hls6streamINS_6vectorIfLm8EEELi0EEEPA9_NS0_IfLi0EEEiE6A_TILE_5_3|       pointer|
|p_ZZ4tm_ARN3hls6streamINS_6vectorIfLm8EEELi0EEEPA9_NS0_IfLi0EEEiE6A_TILE_5_2             |   in|   32|     ap_none|      p_ZZ4tm_ARN3hls6streamINS_6vectorIfLm8EEELi0EEEPA9_NS0_IfLi0EEEiE6A_TILE_5_2|       pointer|
|p_ZZ4tm_ARN3hls6streamINS_6vectorIfLm8EEELi0EEEPA9_NS0_IfLi0EEEiE6A_TILE_5_1             |   in|   32|     ap_none|      p_ZZ4tm_ARN3hls6streamINS_6vectorIfLm8EEELi0EEEPA9_NS0_IfLi0EEEiE6A_TILE_5_1|       pointer|
|p_ZZ4tm_ARN3hls6streamINS_6vectorIfLm8EEELi0EEEPA9_NS0_IfLi0EEEiE6A_TILE_5_0             |   in|   32|     ap_none|      p_ZZ4tm_ARN3hls6streamINS_6vectorIfLm8EEELi0EEEPA9_NS0_IfLi0EEEiE6A_TILE_5_0|       pointer|
|p_ZZ4tm_ARN3hls6streamINS_6vectorIfLm8EEELi0EEEPA9_NS0_IfLi0EEEiE6A_TILE_4_7             |   in|   32|     ap_none|      p_ZZ4tm_ARN3hls6streamINS_6vectorIfLm8EEELi0EEEPA9_NS0_IfLi0EEEiE6A_TILE_4_7|       pointer|
|p_ZZ4tm_ARN3hls6streamINS_6vectorIfLm8EEELi0EEEPA9_NS0_IfLi0EEEiE6A_TILE_4_6             |   in|   32|     ap_none|      p_ZZ4tm_ARN3hls6streamINS_6vectorIfLm8EEELi0EEEPA9_NS0_IfLi0EEEiE6A_TILE_4_6|       pointer|
|p_ZZ4tm_ARN3hls6streamINS_6vectorIfLm8EEELi0EEEPA9_NS0_IfLi0EEEiE6A_TILE_4_5             |   in|   32|     ap_none|      p_ZZ4tm_ARN3hls6streamINS_6vectorIfLm8EEELi0EEEPA9_NS0_IfLi0EEEiE6A_TILE_4_5|       pointer|
|p_ZZ4tm_ARN3hls6streamINS_6vectorIfLm8EEELi0EEEPA9_NS0_IfLi0EEEiE6A_TILE_4_4             |   in|   32|     ap_none|      p_ZZ4tm_ARN3hls6streamINS_6vectorIfLm8EEELi0EEEPA9_NS0_IfLi0EEEiE6A_TILE_4_4|       pointer|
|p_ZZ4tm_ARN3hls6streamINS_6vectorIfLm8EEELi0EEEPA9_NS0_IfLi0EEEiE6A_TILE_4_3             |   in|   32|     ap_none|      p_ZZ4tm_ARN3hls6streamINS_6vectorIfLm8EEELi0EEEPA9_NS0_IfLi0EEEiE6A_TILE_4_3|       pointer|
|p_ZZ4tm_ARN3hls6streamINS_6vectorIfLm8EEELi0EEEPA9_NS0_IfLi0EEEiE6A_TILE_4_2             |   in|   32|     ap_none|      p_ZZ4tm_ARN3hls6streamINS_6vectorIfLm8EEELi0EEEPA9_NS0_IfLi0EEEiE6A_TILE_4_2|       pointer|
|p_ZZ4tm_ARN3hls6streamINS_6vectorIfLm8EEELi0EEEPA9_NS0_IfLi0EEEiE6A_TILE_4_1             |   in|   32|     ap_none|      p_ZZ4tm_ARN3hls6streamINS_6vectorIfLm8EEELi0EEEPA9_NS0_IfLi0EEEiE6A_TILE_4_1|       pointer|
|p_ZZ4tm_ARN3hls6streamINS_6vectorIfLm8EEELi0EEEPA9_NS0_IfLi0EEEiE6A_TILE_4_0             |   in|   32|     ap_none|      p_ZZ4tm_ARN3hls6streamINS_6vectorIfLm8EEELi0EEEPA9_NS0_IfLi0EEEiE6A_TILE_4_0|       pointer|
|p_ZZ4tm_ARN3hls6streamINS_6vectorIfLm8EEELi0EEEPA9_NS0_IfLi0EEEiE6A_TILE_3_7             |   in|   32|     ap_none|      p_ZZ4tm_ARN3hls6streamINS_6vectorIfLm8EEELi0EEEPA9_NS0_IfLi0EEEiE6A_TILE_3_7|       pointer|
|p_ZZ4tm_ARN3hls6streamINS_6vectorIfLm8EEELi0EEEPA9_NS0_IfLi0EEEiE6A_TILE_3_6             |   in|   32|     ap_none|      p_ZZ4tm_ARN3hls6streamINS_6vectorIfLm8EEELi0EEEPA9_NS0_IfLi0EEEiE6A_TILE_3_6|       pointer|
|p_ZZ4tm_ARN3hls6streamINS_6vectorIfLm8EEELi0EEEPA9_NS0_IfLi0EEEiE6A_TILE_3_5             |   in|   32|     ap_none|      p_ZZ4tm_ARN3hls6streamINS_6vectorIfLm8EEELi0EEEPA9_NS0_IfLi0EEEiE6A_TILE_3_5|       pointer|
|p_ZZ4tm_ARN3hls6streamINS_6vectorIfLm8EEELi0EEEPA9_NS0_IfLi0EEEiE6A_TILE_3_4             |   in|   32|     ap_none|      p_ZZ4tm_ARN3hls6streamINS_6vectorIfLm8EEELi0EEEPA9_NS0_IfLi0EEEiE6A_TILE_3_4|       pointer|
|p_ZZ4tm_ARN3hls6streamINS_6vectorIfLm8EEELi0EEEPA9_NS0_IfLi0EEEiE6A_TILE_3_3             |   in|   32|     ap_none|      p_ZZ4tm_ARN3hls6streamINS_6vectorIfLm8EEELi0EEEPA9_NS0_IfLi0EEEiE6A_TILE_3_3|       pointer|
|p_ZZ4tm_ARN3hls6streamINS_6vectorIfLm8EEELi0EEEPA9_NS0_IfLi0EEEiE6A_TILE_3_2             |   in|   32|     ap_none|      p_ZZ4tm_ARN3hls6streamINS_6vectorIfLm8EEELi0EEEPA9_NS0_IfLi0EEEiE6A_TILE_3_2|       pointer|
|p_ZZ4tm_ARN3hls6streamINS_6vectorIfLm8EEELi0EEEPA9_NS0_IfLi0EEEiE6A_TILE_3_1             |   in|   32|     ap_none|      p_ZZ4tm_ARN3hls6streamINS_6vectorIfLm8EEELi0EEEPA9_NS0_IfLi0EEEiE6A_TILE_3_1|       pointer|
|p_ZZ4tm_ARN3hls6streamINS_6vectorIfLm8EEELi0EEEPA9_NS0_IfLi0EEEiE6A_TILE_3_0             |   in|   32|     ap_none|      p_ZZ4tm_ARN3hls6streamINS_6vectorIfLm8EEELi0EEEPA9_NS0_IfLi0EEEiE6A_TILE_3_0|       pointer|
|p_ZZ4tm_ARN3hls6streamINS_6vectorIfLm8EEELi0EEEPA9_NS0_IfLi0EEEiE6A_TILE_2_7             |   in|   32|     ap_none|      p_ZZ4tm_ARN3hls6streamINS_6vectorIfLm8EEELi0EEEPA9_NS0_IfLi0EEEiE6A_TILE_2_7|       pointer|
|p_ZZ4tm_ARN3hls6streamINS_6vectorIfLm8EEELi0EEEPA9_NS0_IfLi0EEEiE6A_TILE_2_6             |   in|   32|     ap_none|      p_ZZ4tm_ARN3hls6streamINS_6vectorIfLm8EEELi0EEEPA9_NS0_IfLi0EEEiE6A_TILE_2_6|       pointer|
|p_ZZ4tm_ARN3hls6streamINS_6vectorIfLm8EEELi0EEEPA9_NS0_IfLi0EEEiE6A_TILE_2_5             |   in|   32|     ap_none|      p_ZZ4tm_ARN3hls6streamINS_6vectorIfLm8EEELi0EEEPA9_NS0_IfLi0EEEiE6A_TILE_2_5|       pointer|
|p_ZZ4tm_ARN3hls6streamINS_6vectorIfLm8EEELi0EEEPA9_NS0_IfLi0EEEiE6A_TILE_2_4             |   in|   32|     ap_none|      p_ZZ4tm_ARN3hls6streamINS_6vectorIfLm8EEELi0EEEPA9_NS0_IfLi0EEEiE6A_TILE_2_4|       pointer|
|p_ZZ4tm_ARN3hls6streamINS_6vectorIfLm8EEELi0EEEPA9_NS0_IfLi0EEEiE6A_TILE_2_3             |   in|   32|     ap_none|      p_ZZ4tm_ARN3hls6streamINS_6vectorIfLm8EEELi0EEEPA9_NS0_IfLi0EEEiE6A_TILE_2_3|       pointer|
|p_ZZ4tm_ARN3hls6streamINS_6vectorIfLm8EEELi0EEEPA9_NS0_IfLi0EEEiE6A_TILE_2_2             |   in|   32|     ap_none|      p_ZZ4tm_ARN3hls6streamINS_6vectorIfLm8EEELi0EEEPA9_NS0_IfLi0EEEiE6A_TILE_2_2|       pointer|
|p_ZZ4tm_ARN3hls6streamINS_6vectorIfLm8EEELi0EEEPA9_NS0_IfLi0EEEiE6A_TILE_2_1             |   in|   32|     ap_none|      p_ZZ4tm_ARN3hls6streamINS_6vectorIfLm8EEELi0EEEPA9_NS0_IfLi0EEEiE6A_TILE_2_1|       pointer|
|p_ZZ4tm_ARN3hls6streamINS_6vectorIfLm8EEELi0EEEPA9_NS0_IfLi0EEEiE6A_TILE_2_0             |   in|   32|     ap_none|      p_ZZ4tm_ARN3hls6streamINS_6vectorIfLm8EEELi0EEEPA9_NS0_IfLi0EEEiE6A_TILE_2_0|       pointer|
|p_ZZ4tm_ARN3hls6streamINS_6vectorIfLm8EEELi0EEEPA9_NS0_IfLi0EEEiE6A_TILE_1_7             |   in|   32|     ap_none|      p_ZZ4tm_ARN3hls6streamINS_6vectorIfLm8EEELi0EEEPA9_NS0_IfLi0EEEiE6A_TILE_1_7|       pointer|
|p_ZZ4tm_ARN3hls6streamINS_6vectorIfLm8EEELi0EEEPA9_NS0_IfLi0EEEiE6A_TILE_1_6             |   in|   32|     ap_none|      p_ZZ4tm_ARN3hls6streamINS_6vectorIfLm8EEELi0EEEPA9_NS0_IfLi0EEEiE6A_TILE_1_6|       pointer|
|p_ZZ4tm_ARN3hls6streamINS_6vectorIfLm8EEELi0EEEPA9_NS0_IfLi0EEEiE6A_TILE_1_5             |   in|   32|     ap_none|      p_ZZ4tm_ARN3hls6streamINS_6vectorIfLm8EEELi0EEEPA9_NS0_IfLi0EEEiE6A_TILE_1_5|       pointer|
|p_ZZ4tm_ARN3hls6streamINS_6vectorIfLm8EEELi0EEEPA9_NS0_IfLi0EEEiE6A_TILE_1_4             |   in|   32|     ap_none|      p_ZZ4tm_ARN3hls6streamINS_6vectorIfLm8EEELi0EEEPA9_NS0_IfLi0EEEiE6A_TILE_1_4|       pointer|
|p_ZZ4tm_ARN3hls6streamINS_6vectorIfLm8EEELi0EEEPA9_NS0_IfLi0EEEiE6A_TILE_1_3             |   in|   32|     ap_none|      p_ZZ4tm_ARN3hls6streamINS_6vectorIfLm8EEELi0EEEPA9_NS0_IfLi0EEEiE6A_TILE_1_3|       pointer|
|p_ZZ4tm_ARN3hls6streamINS_6vectorIfLm8EEELi0EEEPA9_NS0_IfLi0EEEiE6A_TILE_1_2             |   in|   32|     ap_none|      p_ZZ4tm_ARN3hls6streamINS_6vectorIfLm8EEELi0EEEPA9_NS0_IfLi0EEEiE6A_TILE_1_2|       pointer|
|p_ZZ4tm_ARN3hls6streamINS_6vectorIfLm8EEELi0EEEPA9_NS0_IfLi0EEEiE6A_TILE_1_1             |   in|   32|     ap_none|      p_ZZ4tm_ARN3hls6streamINS_6vectorIfLm8EEELi0EEEPA9_NS0_IfLi0EEEiE6A_TILE_1_1|       pointer|
|p_ZZ4tm_ARN3hls6streamINS_6vectorIfLm8EEELi0EEEPA9_NS0_IfLi0EEEiE6A_TILE_1_0             |   in|   32|     ap_none|      p_ZZ4tm_ARN3hls6streamINS_6vectorIfLm8EEELi0EEEPA9_NS0_IfLi0EEEiE6A_TILE_1_0|       pointer|
|p_ZZ4tm_ARN3hls6streamINS_6vectorIfLm8EEELi0EEEPA9_NS0_IfLi0EEEiE6A_TILE_0_7             |   in|   32|     ap_none|      p_ZZ4tm_ARN3hls6streamINS_6vectorIfLm8EEELi0EEEPA9_NS0_IfLi0EEEiE6A_TILE_0_7|       pointer|
|p_ZZ4tm_ARN3hls6streamINS_6vectorIfLm8EEELi0EEEPA9_NS0_IfLi0EEEiE6A_TILE_0_6             |   in|   32|     ap_none|      p_ZZ4tm_ARN3hls6streamINS_6vectorIfLm8EEELi0EEEPA9_NS0_IfLi0EEEiE6A_TILE_0_6|       pointer|
|p_ZZ4tm_ARN3hls6streamINS_6vectorIfLm8EEELi0EEEPA9_NS0_IfLi0EEEiE6A_TILE_0_5             |   in|   32|     ap_none|      p_ZZ4tm_ARN3hls6streamINS_6vectorIfLm8EEELi0EEEPA9_NS0_IfLi0EEEiE6A_TILE_0_5|       pointer|
|p_ZZ4tm_ARN3hls6streamINS_6vectorIfLm8EEELi0EEEPA9_NS0_IfLi0EEEiE6A_TILE_0_4             |   in|   32|     ap_none|      p_ZZ4tm_ARN3hls6streamINS_6vectorIfLm8EEELi0EEEPA9_NS0_IfLi0EEEiE6A_TILE_0_4|       pointer|
|p_ZZ4tm_ARN3hls6streamINS_6vectorIfLm8EEELi0EEEPA9_NS0_IfLi0EEEiE6A_TILE_0_3             |   in|   32|     ap_none|      p_ZZ4tm_ARN3hls6streamINS_6vectorIfLm8EEELi0EEEPA9_NS0_IfLi0EEEiE6A_TILE_0_3|       pointer|
|p_ZZ4tm_ARN3hls6streamINS_6vectorIfLm8EEELi0EEEPA9_NS0_IfLi0EEEiE6A_TILE_0_2             |   in|   32|     ap_none|      p_ZZ4tm_ARN3hls6streamINS_6vectorIfLm8EEELi0EEEPA9_NS0_IfLi0EEEiE6A_TILE_0_2|       pointer|
|p_ZZ4tm_ARN3hls6streamINS_6vectorIfLm8EEELi0EEEPA9_NS0_IfLi0EEEiE6A_TILE_0_1             |   in|   32|     ap_none|      p_ZZ4tm_ARN3hls6streamINS_6vectorIfLm8EEELi0EEEPA9_NS0_IfLi0EEEiE6A_TILE_0_1|       pointer|
|p_ZZ4tm_ARN3hls6streamINS_6vectorIfLm8EEELi0EEEPA9_NS0_IfLi0EEEiE6A_TILE_0_0             |   in|   32|     ap_none|      p_ZZ4tm_ARN3hls6streamINS_6vectorIfLm8EEELi0EEEPA9_NS0_IfLi0EEEiE6A_TILE_0_0|       pointer|
+-----------------------------------------------------------------------------------------+-----+-----+------------+----------------------------------------------------------------------------------+--------------+

