

================================================================
== Vitis HLS Report for 'load_B_Pipeline_VITIS_LOOP_47_3'
================================================================
* Date:           Tue Sep  1 15:24:17 2026

* Version:        2023.2 (Build 4023990 on Oct 11 2023)
* Project:        hls_project
* Solution:       gemm2 (Vitis Kernel Flow Target)
* Product family: versalaicore
* Target device:  xcvc1902-vsva2197-2MP-e-S


================================================================
== Performance Estimates
================================================================
+ Timing: 
    * Summary: 
    +--------+---------+----------+------------+
    |  Clock |  Target | Estimated| Uncertainty|
    +--------+---------+----------+------------+
    |ap_clk  |  3.33 ns|  2.266 ns|     0.90 ns|
    +--------+---------+----------+------------+

+ Latency: 
    * Summary: 
    +---------+---------+-----------+-----------+-----+-----+---------+
    |  Latency (cycles) |   Latency (absolute)  |  Interval | Pipeline|
    |   min   |   max   |    min    |    max    | min | max |   Type  |
    +---------+---------+-----------+-----------+-----+-----+---------+
    |       18|       18|  59.994 ns|  59.994 ns|   18|   18|       no|
    +---------+---------+-----------+-----------+-----+-----+---------+

    + Detail: 
        * Instance: 
        N/A

        * Loop: 
        +-------------------+---------+---------+----------+-----------+-----------+------+----------+
        |                   |  Latency (cycles) | Iteration|  Initiation Interval  | Trip |          |
        |     Loop Name     |   min   |   max   |  Latency |  achieved |   target  | Count| Pipelined|
        +-------------------+---------+---------+----------+-----------+-----------+------+----------+
        |- VITIS_LOOP_47_3  |       16|       16|         2|          1|          1|    16|       yes|
        +-------------------+---------+---------+----------+-----------+-----------+------+----------+



================================================================
== Utilization Estimates
================================================================
* Summary: 
+-----------------+---------+------+---------+--------+-----+
|       Name      | BRAM_18K|  DSP |    FF   |   LUT  | URAM|
+-----------------+---------+------+---------+--------+-----+
|DSP              |        -|     -|        -|       -|    -|
|Expression       |        -|     -|        0|      21|    -|
|FIFO             |        -|     -|        -|       -|    -|
|Instance         |        -|     -|        -|       -|    -|
|Memory           |        -|     -|        -|       -|    -|
|Multiplexer      |        -|     -|        -|      16|    -|
|Register         |        -|     -|        8|       -|    -|
+-----------------+---------+------+---------+--------+-----+
|Total            |        0|     0|        8|      37|    0|
+-----------------+---------+------+---------+--------+-----+
|Available        |     1934|  1968|  1799680|  899840|  463|
+-----------------+---------+------+---------+--------+-----+
|Utilization (%)  |        0|     0|       ~0|      ~0|    0|
+-----------------+---------+------+---------+--------+-----+

+ Detail: 
    * Instance: 
    N/A

    * DSP: 
    N/A

    * Memory: 
    N/A

    * FIFO: 
    N/A

    * Expression: 
    +---------------------------+----------+----+---+----+------------+------------+
    |       Variable Name       | Operation| DSP| FF| LUT| Bitwidth P0| Bitwidth P1|
    +---------------------------+----------+----+---+----+------------+------------+
    |add_ln47_fu_92_p2          |         +|   0|  0|   5|           5|           1|
    |ap_block_pp0_stage0_01001  |       and|   0|  0|   2|           1|           1|
    |icmp_ln47_fu_98_p2         |      icmp|   0|  0|   6|           5|           6|
    |ap_enable_pp0              |       xor|   0|  0|   2|           1|           2|
    |xor_ln56_fu_109_p2         |       xor|   0|  0|   6|           5|           6|
    +---------------------------+----------+----+---+----+------------+------------+
    |Total                      |          |   0|  0|  21|          17|          16|
    +---------------------------+----------+----+---+----+------------+------------+

    * Multiplexer: 
    +-------------------------+----+-----------+-----+-----------+
    |           Name          | LUT| Input Size| Bits| Total Bits|
    +-------------------------+----+-----------+-----+-----------+
    |B_in_blk_n               |   2|          2|    1|          2|
    |ap_done_int              |   2|          2|    1|          2|
    |ap_enable_reg_pp0_iter1  |   2|          2|    1|          2|
    |ap_sig_allocacmp_j_1     |   5|          2|    5|         10|
    |j_fu_38                  |   5|          2|    5|         10|
    +-------------------------+----+-----------+-----+-----------+
    |Total                    |  16|         10|   13|         26|
    +-------------------------+----+-----------+-----+-----------+

    * Register: 
    +-------------------------+---+----+-----+-----------+
    |           Name          | FF| LUT| Bits| Const Bits|
    +-------------------------+---+----+-----+-----------+
    |ap_CS_fsm                |  1|   0|    1|          0|
    |ap_done_reg              |  1|   0|    1|          0|
    |ap_enable_reg_pp0_iter1  |  1|   0|    1|          0|
    |j_fu_38                  |  5|   0|    5|          0|
    +-------------------------+---+----+-----+-----------+
    |Total                    |  8|   0|    8|          0|
    +-------------------------+---+----+-----+-----------+



================================================================
== Interface
================================================================
* Summary: 
+---------------------+-----+------+------------+---------------------------------+--------------+
|      RTL Ports      | Dir | Bits |  Protocol  |          Source Object          |    C Type    |
+---------------------+-----+------+------------+---------------------------------+--------------+
|ap_clk               |   in|     1|  ap_ctrl_hs|  load_B_Pipeline_VITIS_LOOP_47_3|  return value|
|ap_rst               |   in|     1|  ap_ctrl_hs|  load_B_Pipeline_VITIS_LOOP_47_3|  return value|
|ap_start             |   in|     1|  ap_ctrl_hs|  load_B_Pipeline_VITIS_LOOP_47_3|  return value|
|ap_done              |  out|     1|  ap_ctrl_hs|  load_B_Pipeline_VITIS_LOOP_47_3|  return value|
|ap_idle              |  out|     1|  ap_ctrl_hs|  load_B_Pipeline_VITIS_LOOP_47_3|  return value|
|ap_ready             |  out|     1|  ap_ctrl_hs|  load_B_Pipeline_VITIS_LOOP_47_3|  return value|
|B_in_din             |  out|  1024|     ap_fifo|                             B_in|       pointer|
|B_in_num_data_valid  |   in|     5|     ap_fifo|                             B_in|       pointer|
|B_in_fifo_cap        |   in|     5|     ap_fifo|                             B_in|       pointer|
|B_in_full_n          |   in|     1|     ap_fifo|                             B_in|       pointer|
|B_in_write           |  out|     1|     ap_fifo|                             B_in|       pointer|
|B_BUF_address0       |  out|     5|   ap_memory|                            B_BUF|         array|
|B_BUF_ce0            |  out|     1|   ap_memory|                            B_BUF|         array|
|B_BUF_q0             |   in|   512|   ap_memory|                            B_BUF|         array|
|B_BUF_address1       |  out|     5|   ap_memory|                            B_BUF|         array|
|B_BUF_ce1            |  out|     1|   ap_memory|                            B_BUF|         array|
|B_BUF_q1             |   in|   512|   ap_memory|                            B_BUF|         array|
+---------------------+-----+------+------------+---------------------------------+--------------+

