

================================================================
== Vitis HLS Report for 'load_A'
================================================================
* Date:           Thu Jul 23 18:41:31 2026

* Version:        2023.2 (Build 4023990 on Oct 11 2023)
* Project:        hls_project
* Solution:       gemm2 (Vitis Kernel Flow Target)
* Product family: versalaicore
* Target device:  xcvc1902-vsva2197-2MP-e-S


================================================================
== Performance Estimates
================================================================
+ Timing: 
    * Summary: 
    +--------+---------+----------+------------+
    |  Clock |  Target | Estimated| Uncertainty|
    +--------+---------+----------+------------+
    |ap_clk  |  3.33 ns|  2.433 ns|     0.90 ns|
    +--------+---------+----------+------------+

+ Latency: 
    * Summary: 
    +---------+---------+----------+----------+-----+-----+------------------------------------------+
    |  Latency (cycles) |  Latency (absolute) |  Interval |                 Pipeline                 |
    |   min   |   max   |    min   |    max   | min | max |                   Type                   |
    +---------+---------+----------+----------+-----+-----+------------------------------------------+
    |      103|      104|  0.343 us|  0.347 us|   32|   32|  loop rewind stp(delay=0 clock cycles(s))|
    +---------+---------+----------+----------+-----+-----+------------------------------------------+

    + Detail: 
        * Instance: 
        N/A

        * Loop: 
        +------------------+---------+---------+----------+-----------+-----------+------+----------+
        |                  |  Latency (cycles) | Iteration|  Initiation Interval  | Trip |          |
        |     Loop Name    |   min   |   max   |  Latency |  achieved |   target  | Count| Pipelined|
        +------------------+---------+---------+----------+-----------+-----------+------+----------+
        |- VITIS_LOOP_6_1  |      103|      103|        73|          1|          1|    32|       yes|
        +------------------+---------+---------+----------+-----------+-----------+------+----------+



================================================================
== Utilization Estimates
================================================================
* Summary: 
+-----------------+---------+------+---------+--------+-----+
|       Name      | BRAM_18K|  DSP |    FF   |   LUT  | URAM|
+-----------------+---------+------+---------+--------+-----+
|DSP              |        -|     -|        -|       -|    -|
|Expression       |        -|     -|        0|      24|    -|
|FIFO             |        -|     -|        -|       -|    -|
|Instance         |        -|     -|        -|       -|    -|
|Memory           |        -|     -|        -|       -|    -|
|Multiplexer      |        -|     -|        -|      86|    -|
|Register         |        -|     -|      148|      20|    -|
+-----------------+---------+------+---------+--------+-----+
|Total            |        0|     0|      148|     130|    0|
+-----------------+---------+------+---------+--------+-----+
|Available        |     1934|  1968|  1799680|  899840|  463|
+-----------------+---------+------+---------+--------+-----+
|Utilization (%)  |        0|     0|       ~0|      ~0|    0|
+-----------------+---------+------+---------+--------+-----+

+ Detail: 
    * Instance: 
    N/A

    * DSP: 
    N/A

    * Memory: 
    N/A

    * FIFO: 
    N/A

    * Expression: 
    +------------------------------------+----------+----+---+----+------------+------------+
    |            Variable Name           | Operation| DSP| FF| LUT| Bitwidth P0| Bitwidth P1|
    +------------------------------------+----------+----+---+----+------------+------------+
    |i_fu_481_p2                         |         +|   0|  0|   5|           5|           1|
    |ap_block_state3_io                  |       and|   0|  0|   2|           1|           1|
    |ap_condition_358                    |       and|   0|  0|   2|           1|           1|
    |icmp_ln6_fu_497_p2                  |      icmp|   0|  0|   5|           5|           2|
    |ap_block_pp0_stage0_01001           |        or|   0|  0|   2|           1|           1|
    |ap_block_pp0_stage0_11001           |        or|   0|  0|   2|           1|           1|
    |ap_block_state1                     |        or|   0|  0|   2|           1|           1|
    |ap_block_state74_pp0_stage0_iter72  |        or|   0|  0|   2|           1|           1|
    |ap_enable_pp0                       |       xor|   0|  0|   2|           1|           2|
    +------------------------------------+----------+----+---+----+------------+------------+
    |Total                               |          |   0|  0|  24|          17|          11|
    +------------------------------------+----------+----+---+----+------------+------------+

    * Multiplexer: 
    +-----------------------------+----+-----------+-----+-----------+
    |             Name            | LUT| Input Size| Bits| Total Bits|
    +-----------------------------+----+-----------+-----+-----------+
    |A_BUF_0_0_blk_n              |   2|          2|    1|          2|
    |A_BUF_0_1_blk_n              |   2|          2|    1|          2|
    |A_BUF_0_2_blk_n              |   2|          2|    1|          2|
    |A_BUF_0_3_blk_n              |   2|          2|    1|          2|
    |A_BUF_0_4_blk_n              |   2|          2|    1|          2|
    |A_BUF_0_5_blk_n              |   2|          2|    1|          2|
    |A_BUF_0_6_blk_n              |   2|          2|    1|          2|
    |A_BUF_0_7_blk_n              |   2|          2|    1|          2|
    |A_BUF_1_0_blk_n              |   2|          2|    1|          2|
    |A_BUF_1_1_blk_n              |   2|          2|    1|          2|
    |A_BUF_1_2_blk_n              |   2|          2|    1|          2|
    |A_BUF_1_3_blk_n              |   2|          2|    1|          2|
    |A_BUF_1_4_blk_n              |   2|          2|    1|          2|
    |A_BUF_1_5_blk_n              |   2|          2|    1|          2|
    |A_BUF_1_6_blk_n              |   2|          2|    1|          2|
    |A_BUF_1_7_blk_n              |   2|          2|    1|          2|
    |A_BUF_2_0_blk_n              |   2|          2|    1|          2|
    |A_BUF_2_1_blk_n              |   2|          2|    1|          2|
    |A_BUF_2_2_blk_n              |   2|          2|    1|          2|
    |A_BUF_2_3_blk_n              |   2|          2|    1|          2|
    |A_BUF_2_4_blk_n              |   2|          2|    1|          2|
    |A_BUF_2_5_blk_n              |   2|          2|    1|          2|
    |A_BUF_2_6_blk_n              |   2|          2|    1|          2|
    |A_BUF_2_7_blk_n              |   2|          2|    1|          2|
    |A_BUF_3_0_blk_n              |   2|          2|    1|          2|
    |A_BUF_3_1_blk_n              |   2|          2|    1|          2|
    |A_BUF_3_2_blk_n              |   2|          2|    1|          2|
    |A_BUF_3_3_blk_n              |   2|          2|    1|          2|
    |A_BUF_3_4_blk_n              |   2|          2|    1|          2|
    |A_BUF_3_5_blk_n              |   2|          2|    1|          2|
    |A_BUF_3_6_blk_n              |   2|          2|    1|          2|
    |A_BUF_3_7_blk_n              |   2|          2|    1|          2|
    |ap_NS_fsm                    |   2|          3|    1|          3|
    |ap_done                      |   2|          2|    1|          2|
    |ap_enable_reg_pp0_iter1      |   2|          2|    1|          2|
    |ap_enable_reg_pp0_iter72     |   2|          2|    1|          2|
    |ap_phi_mux_i1_phi_fu_435_p6  |   5|          3|    5|         15|
    |gmem0_blk_n_AR               |   2|          2|    1|          2|
    |gmem0_blk_n_R                |   2|          2|    1|          2|
    |i1_reg_431                   |   5|          2|    5|         10|
    +-----------------------------+----+-----------+-----+-----------+
    |Total                        |  86|         82|   48|        102|
    +-----------------------------+----+-----------+-----+-----------+

    * Register: 
    +--------------------------+----+----+-----+-----------+
    |           Name           | FF | LUT| Bits| Const Bits|
    +--------------------------+----+----+-----+-----------+
    |ap_CS_fsm                 |   2|   0|    2|          0|
    |ap_done_reg               |   1|   0|    1|          0|
    |ap_enable_reg_pp0_iter1   |   1|   0|    1|          0|
    |ap_enable_reg_pp0_iter10  |   1|   0|    1|          0|
    |ap_enable_reg_pp0_iter11  |   1|   0|    1|          0|
    |ap_enable_reg_pp0_iter12  |   1|   0|    1|          0|
    |ap_enable_reg_pp0_iter13  |   1|   0|    1|          0|
    |ap_enable_reg_pp0_iter14  |   1|   0|    1|          0|
    |ap_enable_reg_pp0_iter15  |   1|   0|    1|          0|
    |ap_enable_reg_pp0_iter16  |   1|   0|    1|          0|
    |ap_enable_reg_pp0_iter17  |   1|   0|    1|          0|
    |ap_enable_reg_pp0_iter18  |   1|   0|    1|          0|
    |ap_enable_reg_pp0_iter19  |   1|   0|    1|          0|
    |ap_enable_reg_pp0_iter2   |   1|   0|    1|          0|
    |ap_enable_reg_pp0_iter20  |   1|   0|    1|          0|
    |ap_enable_reg_pp0_iter21  |   1|   0|    1|          0|
    |ap_enable_reg_pp0_iter22  |   1|   0|    1|          0|
    |ap_enable_reg_pp0_iter23  |   1|   0|    1|          0|
    |ap_enable_reg_pp0_iter24  |   1|   0|    1|          0|
    |ap_enable_reg_pp0_iter25  |   1|   0|    1|          0|
    |ap_enable_reg_pp0_iter26  |   1|   0|    1|          0|
    |ap_enable_reg_pp0_iter27  |   1|   0|    1|          0|
    |ap_enable_reg_pp0_iter28  |   1|   0|    1|          0|
    |ap_enable_reg_pp0_iter29  |   1|   0|    1|          0|
    |ap_enable_reg_pp0_iter3   |   1|   0|    1|          0|
    |ap_enable_reg_pp0_iter30  |   1|   0|    1|          0|
    |ap_enable_reg_pp0_iter31  |   1|   0|    1|          0|
    |ap_enable_reg_pp0_iter32  |   1|   0|    1|          0|
    |ap_enable_reg_pp0_iter33  |   1|   0|    1|          0|
    |ap_enable_reg_pp0_iter34  |   1|   0|    1|          0|
    |ap_enable_reg_pp0_iter35  |   1|   0|    1|          0|
    |ap_enable_reg_pp0_iter36  |   1|   0|    1|          0|
    |ap_enable_reg_pp0_iter37  |   1|   0|    1|          0|
    |ap_enable_reg_pp0_iter38  |   1|   0|    1|          0|
    |ap_enable_reg_pp0_iter39  |   1|   0|    1|          0|
    |ap_enable_reg_pp0_iter4   |   1|   0|    1|          0|
    |ap_enable_reg_pp0_iter40  |   1|   0|    1|          0|
    |ap_enable_reg_pp0_iter41  |   1|   0|    1|          0|
    |ap_enable_reg_pp0_iter42  |   1|   0|    1|          0|
    |ap_enable_reg_pp0_iter43  |   1|   0|    1|          0|
    |ap_enable_reg_pp0_iter44  |   1|   0|    1|          0|
    |ap_enable_reg_pp0_iter45  |   1|   0|    1|          0|
    |ap_enable_reg_pp0_iter46  |   1|   0|    1|          0|
    |ap_enable_reg_pp0_iter47  |   1|   0|    1|          0|
    |ap_enable_reg_pp0_iter48  |   1|   0|    1|          0|
    |ap_enable_reg_pp0_iter49  |   1|   0|    1|          0|
    |ap_enable_reg_pp0_iter5   |   1|   0|    1|          0|
    |ap_enable_reg_pp0_iter50  |   1|   0|    1|          0|
    |ap_enable_reg_pp0_iter51  |   1|   0|    1|          0|
    |ap_enable_reg_pp0_iter52  |   1|   0|    1|          0|
    |ap_enable_reg_pp0_iter53  |   1|   0|    1|          0|
    |ap_enable_reg_pp0_iter54  |   1|   0|    1|          0|
    |ap_enable_reg_pp0_iter55  |   1|   0|    1|          0|
    |ap_enable_reg_pp0_iter56  |   1|   0|    1|          0|
    |ap_enable_reg_pp0_iter57  |   1|   0|    1|          0|
    |ap_enable_reg_pp0_iter58  |   1|   0|    1|          0|
    |ap_enable_reg_pp0_iter59  |   1|   0|    1|          0|
    |ap_enable_reg_pp0_iter6   |   1|   0|    1|          0|
    |ap_enable_reg_pp0_iter60  |   1|   0|    1|          0|
    |ap_enable_reg_pp0_iter61  |   1|   0|    1|          0|
    |ap_enable_reg_pp0_iter62  |   1|   0|    1|          0|
    |ap_enable_reg_pp0_iter63  |   1|   0|    1|          0|
    |ap_enable_reg_pp0_iter64  |   1|   0|    1|          0|
    |ap_enable_reg_pp0_iter65  |   1|   0|    1|          0|
    |ap_enable_reg_pp0_iter66  |   1|   0|    1|          0|
    |ap_enable_reg_pp0_iter67  |   1|   0|    1|          0|
    |ap_enable_reg_pp0_iter68  |   1|   0|    1|          0|
    |ap_enable_reg_pp0_iter69  |   1|   0|    1|          0|
    |ap_enable_reg_pp0_iter7   |   1|   0|    1|          0|
    |ap_enable_reg_pp0_iter70  |   1|   0|    1|          0|
    |ap_enable_reg_pp0_iter71  |   1|   0|    1|          0|
    |ap_enable_reg_pp0_iter72  |   1|   0|    1|          0|
    |ap_enable_reg_pp0_iter8   |   1|   0|    1|          0|
    |ap_enable_reg_pp0_iter9   |   1|   0|    1|          0|
    |do_init_reg_415           |   1|   0|    1|          0|
    |i1_reg_431                |   5|   0|    5|          0|
    |i_reg_636                 |   5|   0|    5|          0|
    |icmp_ln6_reg_645          |   1|   0|    1|          0|
    |trunc_ln5_reg_631         |  59|   0|   59|          0|
    |trunc_ln6_reg_641         |   2|   0|    2|          0|
    |icmp_ln6_reg_645          |   0|  10|    1|          0|
    |trunc_ln6_reg_641         |   0|  10|    2|          0|
    +--------------------------+----+----+-----+-----------+
    |Total                     | 148|  20|  151|          0|
    +--------------------------+----+----+-----+-----------+



================================================================
== Interface
================================================================
* Summary: 
+----------------------+-----+-----+------------+--------------+--------------+
|       RTL Ports      | Dir | Bits|  Protocol  | Source Object|    C Type    |
+----------------------+-----+-----+------------+--------------+--------------+
|ap_clk                |   in|    1|  ap_ctrl_hs|        load_A|  return value|
|ap_rst                |   in|    1|  ap_ctrl_hs|        load_A|  return value|
|ap_start              |   in|    1|  ap_ctrl_hs|        load_A|  return value|
|ap_done               |  out|    1|  ap_ctrl_hs|        load_A|  return value|
|ap_continue           |   in|    1|  ap_ctrl_hs|        load_A|  return value|
|ap_idle               |  out|    1|  ap_ctrl_hs|        load_A|  return value|
|ap_ready              |  out|    1|  ap_ctrl_hs|        load_A|  return value|
|m_axi_gmem0_AWVALID   |  out|    1|       m_axi|         gmem0|       pointer|
|m_axi_gmem0_AWREADY   |   in|    1|       m_axi|         gmem0|       pointer|
|m_axi_gmem0_AWADDR    |  out|   64|       m_axi|         gmem0|       pointer|
|m_axi_gmem0_AWID      |  out|    1|       m_axi|         gmem0|       pointer|
|m_axi_gmem0_AWLEN     |  out|   32|       m_axi|         gmem0|       pointer|
|m_axi_gmem0_AWSIZE    |  out|    3|       m_axi|         gmem0|       pointer|
|m_axi_gmem0_AWBURST   |  out|    2|       m_axi|         gmem0|       pointer|
|m_axi_gmem0_AWLOCK    |  out|    2|       m_axi|         gmem0|       pointer|
|m_axi_gmem0_AWCACHE   |  out|    4|       m_axi|         gmem0|       pointer|
|m_axi_gmem0_AWPROT    |  out|    3|       m_axi|         gmem0|       pointer|
|m_axi_gmem0_AWQOS     |  out|    4|       m_axi|         gmem0|       pointer|
|m_axi_gmem0_AWREGION  |  out|    4|       m_axi|         gmem0|       pointer|
|m_axi_gmem0_AWUSER    |  out|    1|       m_axi|         gmem0|       pointer|
|m_axi_gmem0_WVALID    |  out|    1|       m_axi|         gmem0|       pointer|
|m_axi_gmem0_WREADY    |   in|    1|       m_axi|         gmem0|       pointer|
|m_axi_gmem0_WDATA     |  out|  256|       m_axi|         gmem0|       pointer|
|m_axi_gmem0_WSTRB     |  out|   32|       m_axi|         gmem0|       pointer|
|m_axi_gmem0_WLAST     |  out|    1|       m_axi|         gmem0|       pointer|
|m_axi_gmem0_WID       |  out|    1|       m_axi|         gmem0|       pointer|
|m_axi_gmem0_WUSER     |  out|    1|       m_axi|         gmem0|       pointer|
|m_axi_gmem0_ARVALID   |  out|    1|       m_axi|         gmem0|       pointer|
|m_axi_gmem0_ARREADY   |   in|    1|       m_axi|         gmem0|       pointer|
|m_axi_gmem0_ARADDR    |  out|   64|       m_axi|         gmem0|       pointer|
|m_axi_gmem0_ARID      |  out|    1|       m_axi|         gmem0|       pointer|
|m_axi_gmem0_ARLEN     |  out|   32|       m_axi|         gmem0|       pointer|
|m_axi_gmem0_ARSIZE    |  out|    3|       m_axi|         gmem0|       pointer|
|m_axi_gmem0_ARBURST   |  out|    2|       m_axi|         gmem0|       pointer|
|m_axi_gmem0_ARLOCK    |  out|    2|       m_axi|         gmem0|       pointer|
|m_axi_gmem0_ARCACHE   |  out|    4|       m_axi|         gmem0|       pointer|
|m_axi_gmem0_ARPROT    |  out|    3|       m_axi|         gmem0|       pointer|
|m_axi_gmem0_ARQOS     |  out|    4|       m_axi|         gmem0|       pointer|
|m_axi_gmem0_ARREGION  |  out|    4|       m_axi|         gmem0|       pointer|
|m_axi_gmem0_ARUSER    |  out|    1|       m_axi|         gmem0|       pointer|
|m_axi_gmem0_RVALID    |   in|    1|       m_axi|         gmem0|       pointer|
|m_axi_gmem0_RREADY    |  out|    1|       m_axi|         gmem0|       pointer|
|m_axi_gmem0_RDATA     |   in|  256|       m_axi|         gmem0|       pointer|
|m_axi_gmem0_RLAST     |   in|    1|       m_axi|         gmem0|       pointer|
|m_axi_gmem0_RID       |   in|    1|       m_axi|         gmem0|       pointer|
|m_axi_gmem0_RFIFONUM  |   in|    8|       m_axi|         gmem0|       pointer|
|m_axi_gmem0_RUSER     |   in|    1|       m_axi|         gmem0|       pointer|
|m_axi_gmem0_RRESP     |   in|    2|       m_axi|         gmem0|       pointer|
|m_axi_gmem0_BVALID    |   in|    1|       m_axi|         gmem0|       pointer|
|m_axi_gmem0_BREADY    |  out|    1|       m_axi|         gmem0|       pointer|
|m_axi_gmem0_BRESP     |   in|    2|       m_axi|         gmem0|       pointer|
|m_axi_gmem0_BID       |   in|    1|       m_axi|         gmem0|       pointer|
|m_axi_gmem0_BUSER     |   in|    1|       m_axi|         gmem0|       pointer|
|A_BUF_2_0_din         |  out|   32|     ap_fifo|     A_BUF_2_0|       pointer|
|A_BUF_2_0_full_n      |   in|    1|     ap_fifo|     A_BUF_2_0|       pointer|
|A_BUF_2_0_write       |  out|    1|     ap_fifo|     A_BUF_2_0|       pointer|
|A_BUF_2_1_din         |  out|   32|     ap_fifo|     A_BUF_2_1|       pointer|
|A_BUF_2_1_full_n      |   in|    1|     ap_fifo|     A_BUF_2_1|       pointer|
|A_BUF_2_1_write       |  out|    1|     ap_fifo|     A_BUF_2_1|       pointer|
|A_BUF_2_2_din         |  out|   32|     ap_fifo|     A_BUF_2_2|       pointer|
|A_BUF_2_2_full_n      |   in|    1|     ap_fifo|     A_BUF_2_2|       pointer|
|A_BUF_2_2_write       |  out|    1|     ap_fifo|     A_BUF_2_2|       pointer|
|A_BUF_2_3_din         |  out|   32|     ap_fifo|     A_BUF_2_3|       pointer|
|A_BUF_2_3_full_n      |   in|    1|     ap_fifo|     A_BUF_2_3|       pointer|
|A_BUF_2_3_write       |  out|    1|     ap_fifo|     A_BUF_2_3|       pointer|
|A_BUF_2_4_din         |  out|   32|     ap_fifo|     A_BUF_2_4|       pointer|
|A_BUF_2_4_full_n      |   in|    1|     ap_fifo|     A_BUF_2_4|       pointer|
|A_BUF_2_4_write       |  out|    1|     ap_fifo|     A_BUF_2_4|       pointer|
|A_BUF_2_5_din         |  out|   32|     ap_fifo|     A_BUF_2_5|       pointer|
|A_BUF_2_5_full_n      |   in|    1|     ap_fifo|     A_BUF_2_5|       pointer|
|A_BUF_2_5_write       |  out|    1|     ap_fifo|     A_BUF_2_5|       pointer|
|A_BUF_2_6_din         |  out|   32|     ap_fifo|     A_BUF_2_6|       pointer|
|A_BUF_2_6_full_n      |   in|    1|     ap_fifo|     A_BUF_2_6|       pointer|
|A_BUF_2_6_write       |  out|    1|     ap_fifo|     A_BUF_2_6|       pointer|
|A_BUF_2_7_din         |  out|   32|     ap_fifo|     A_BUF_2_7|       pointer|
|A_BUF_2_7_full_n      |   in|    1|     ap_fifo|     A_BUF_2_7|       pointer|
|A_BUF_2_7_write       |  out|    1|     ap_fifo|     A_BUF_2_7|       pointer|
|A_BUF_1_0_din         |  out|   32|     ap_fifo|     A_BUF_1_0|       pointer|
|A_BUF_1_0_full_n      |   in|    1|     ap_fifo|     A_BUF_1_0|       pointer|
|A_BUF_1_0_write       |  out|    1|     ap_fifo|     A_BUF_1_0|       pointer|
|A_BUF_1_1_din         |  out|   32|     ap_fifo|     A_BUF_1_1|       pointer|
|A_BUF_1_1_full_n      |   in|    1|     ap_fifo|     A_BUF_1_1|       pointer|
|A_BUF_1_1_write       |  out|    1|     ap_fifo|     A_BUF_1_1|       pointer|
|A_BUF_1_2_din         |  out|   32|     ap_fifo|     A_BUF_1_2|       pointer|
|A_BUF_1_2_full_n      |   in|    1|     ap_fifo|     A_BUF_1_2|       pointer|
|A_BUF_1_2_write       |  out|    1|     ap_fifo|     A_BUF_1_2|       pointer|
|A_BUF_1_3_din         |  out|   32|     ap_fifo|     A_BUF_1_3|       pointer|
|A_BUF_1_3_full_n      |   in|    1|     ap_fifo|     A_BUF_1_3|       pointer|
|A_BUF_1_3_write       |  out|    1|     ap_fifo|     A_BUF_1_3|       pointer|
|A_BUF_1_4_din         |  out|   32|     ap_fifo|     A_BUF_1_4|       pointer|
|A_BUF_1_4_full_n      |   in|    1|     ap_fifo|     A_BUF_1_4|       pointer|
|A_BUF_1_4_write       |  out|    1|     ap_fifo|     A_BUF_1_4|       pointer|
|A_BUF_1_5_din         |  out|   32|     ap_fifo|     A_BUF_1_5|       pointer|
|A_BUF_1_5_full_n      |   in|    1|     ap_fifo|     A_BUF_1_5|       pointer|
|A_BUF_1_5_write       |  out|    1|     ap_fifo|     A_BUF_1_5|       pointer|
|A_BUF_1_6_din         |  out|   32|     ap_fifo|     A_BUF_1_6|       pointer|
|A_BUF_1_6_full_n      |   in|    1|     ap_fifo|     A_BUF_1_6|       pointer|
|A_BUF_1_6_write       |  out|    1|     ap_fifo|     A_BUF_1_6|       pointer|
|A_BUF_1_7_din         |  out|   32|     ap_fifo|     A_BUF_1_7|       pointer|
|A_BUF_1_7_full_n      |   in|    1|     ap_fifo|     A_BUF_1_7|       pointer|
|A_BUF_1_7_write       |  out|    1|     ap_fifo|     A_BUF_1_7|       pointer|
|A_BUF_0_0_din         |  out|   32|     ap_fifo|     A_BUF_0_0|       pointer|
|A_BUF_0_0_full_n      |   in|    1|     ap_fifo|     A_BUF_0_0|       pointer|
|A_BUF_0_0_write       |  out|    1|     ap_fifo|     A_BUF_0_0|       pointer|
|A_BUF_0_1_din         |  out|   32|     ap_fifo|     A_BUF_0_1|       pointer|
|A_BUF_0_1_full_n      |   in|    1|     ap_fifo|     A_BUF_0_1|       pointer|
|A_BUF_0_1_write       |  out|    1|     ap_fifo|     A_BUF_0_1|       pointer|
|A_BUF_0_2_din         |  out|   32|     ap_fifo|     A_BUF_0_2|       pointer|
|A_BUF_0_2_full_n      |   in|    1|     ap_fifo|     A_BUF_0_2|       pointer|
|A_BUF_0_2_write       |  out|    1|     ap_fifo|     A_BUF_0_2|       pointer|
|A_BUF_0_3_din         |  out|   32|     ap_fifo|     A_BUF_0_3|       pointer|
|A_BUF_0_3_full_n      |   in|    1|     ap_fifo|     A_BUF_0_3|       pointer|
|A_BUF_0_3_write       |  out|    1|     ap_fifo|     A_BUF_0_3|       pointer|
|A_BUF_0_4_din         |  out|   32|     ap_fifo|     A_BUF_0_4|       pointer|
|A_BUF_0_4_full_n      |   in|    1|     ap_fifo|     A_BUF_0_4|       pointer|
|A_BUF_0_4_write       |  out|    1|     ap_fifo|     A_BUF_0_4|       pointer|
|A_BUF_0_5_din         |  out|   32|     ap_fifo|     A_BUF_0_5|       pointer|
|A_BUF_0_5_full_n      |   in|    1|     ap_fifo|     A_BUF_0_5|       pointer|
|A_BUF_0_5_write       |  out|    1|     ap_fifo|     A_BUF_0_5|       pointer|
|A_BUF_0_6_din         |  out|   32|     ap_fifo|     A_BUF_0_6|       pointer|
|A_BUF_0_6_full_n      |   in|    1|     ap_fifo|     A_BUF_0_6|       pointer|
|A_BUF_0_6_write       |  out|    1|     ap_fifo|     A_BUF_0_6|       pointer|
|A_BUF_0_7_din         |  out|   32|     ap_fifo|     A_BUF_0_7|       pointer|
|A_BUF_0_7_full_n      |   in|    1|     ap_fifo|     A_BUF_0_7|       pointer|
|A_BUF_0_7_write       |  out|    1|     ap_fifo|     A_BUF_0_7|       pointer|
|A_BUF_3_0_din         |  out|   32|     ap_fifo|     A_BUF_3_0|       pointer|
|A_BUF_3_0_full_n      |   in|    1|     ap_fifo|     A_BUF_3_0|       pointer|
|A_BUF_3_0_write       |  out|    1|     ap_fifo|     A_BUF_3_0|       pointer|
|A_BUF_3_1_din         |  out|   32|     ap_fifo|     A_BUF_3_1|       pointer|
|A_BUF_3_1_full_n      |   in|    1|     ap_fifo|     A_BUF_3_1|       pointer|
|A_BUF_3_1_write       |  out|    1|     ap_fifo|     A_BUF_3_1|       pointer|
|A_BUF_3_2_din         |  out|   32|     ap_fifo|     A_BUF_3_2|       pointer|
|A_BUF_3_2_full_n      |   in|    1|     ap_fifo|     A_BUF_3_2|       pointer|
|A_BUF_3_2_write       |  out|    1|     ap_fifo|     A_BUF_3_2|       pointer|
|A_BUF_3_3_din         |  out|   32|     ap_fifo|     A_BUF_3_3|       pointer|
|A_BUF_3_3_full_n      |   in|    1|     ap_fifo|     A_BUF_3_3|       pointer|
|A_BUF_3_3_write       |  out|    1|     ap_fifo|     A_BUF_3_3|       pointer|
|A_BUF_3_4_din         |  out|   32|     ap_fifo|     A_BUF_3_4|       pointer|
|A_BUF_3_4_full_n      |   in|    1|     ap_fifo|     A_BUF_3_4|       pointer|
|A_BUF_3_4_write       |  out|    1|     ap_fifo|     A_BUF_3_4|       pointer|
|A_BUF_3_5_din         |  out|   32|     ap_fifo|     A_BUF_3_5|       pointer|
|A_BUF_3_5_full_n      |   in|    1|     ap_fifo|     A_BUF_3_5|       pointer|
|A_BUF_3_5_write       |  out|    1|     ap_fifo|     A_BUF_3_5|       pointer|
|A_BUF_3_6_din         |  out|   32|     ap_fifo|     A_BUF_3_6|       pointer|
|A_BUF_3_6_full_n      |   in|    1|     ap_fifo|     A_BUF_3_6|       pointer|
|A_BUF_3_6_write       |  out|    1|     ap_fifo|     A_BUF_3_6|       pointer|
|A_BUF_3_7_din         |  out|   32|     ap_fifo|     A_BUF_3_7|       pointer|
|A_BUF_3_7_full_n      |   in|    1|     ap_fifo|     A_BUF_3_7|       pointer|
|A_BUF_3_7_write       |  out|    1|     ap_fifo|     A_BUF_3_7|       pointer|
|A_DRAM                |   in|   64|     ap_none|        A_DRAM|        scalar|
+----------------------+-----+-----+------------+--------------+--------------+

