

================================================================
== Vitis HLS Report for 'load_B_Pipeline_VITIS_LOOP_24_1_VITIS_LOOP_25_2'
================================================================
* Date:           Fri Jul 24 12:49:18 2026

* Version:        2023.2 (Build 4023990 on Oct 11 2023)
* Project:        hls_project
* Solution:       gemm2 (Vitis Kernel Flow Target)
* Product family: versalaicore
* Target device:  xcvc1902-vsva2197-2MP-e-S


================================================================
== Performance Estimates
================================================================
+ Timing: 
    * Summary: 
    +--------+---------+----------+------------+
    |  Clock |  Target | Estimated| Uncertainty|
    +--------+---------+----------+------------+
    |ap_clk  |  3.33 ns|  2.227 ns|     0.90 ns|
    +--------+---------+----------+------------+

+ Latency: 
    * Summary: 
    +---------+---------+-----------+-----------+-----+-----+---------+
    |  Latency (cycles) |   Latency (absolute)  |  Interval | Pipeline|
    |   min   |   max   |    min    |    max    | min | max |   Type  |
    +---------+---------+-----------+-----------+-----+-----+---------+
    |       18|       18|  59.994 ns|  59.994 ns|   18|   18|       no|
    +---------+---------+-----------+-----------+-----+-----+---------+

    + Detail: 
        * Instance: 
        N/A

        * Loop: 
        +-----------------------------------+---------+---------+----------+-----------+-----------+------+----------+
        |                                   |  Latency (cycles) | Iteration|  Initiation Interval  | Trip |          |
        |             Loop Name             |   min   |   max   |  Latency |  achieved |   target  | Count| Pipelined|
        +-----------------------------------+---------+---------+----------+-----------+-----------+------+----------+
        |- VITIS_LOOP_24_1_VITIS_LOOP_25_2  |       16|       16|         2|          1|          1|    16|       yes|
        +-----------------------------------+---------+---------+----------+-----------+-----------+------+----------+



================================================================
== Utilization Estimates
================================================================
* Summary: 
+-----------------+---------+------+---------+--------+-----+
|       Name      | BRAM_18K|  DSP |    FF   |   LUT  | URAM|
+-----------------+---------+------+---------+--------+-----+
|DSP              |        -|     -|        -|       -|    -|
|Expression       |        -|     -|        0|      36|    -|
|FIFO             |        -|     -|        -|       -|    -|
|Instance         |        -|     -|        -|       -|    -|
|Memory           |        -|     -|        -|       -|    -|
|Multiplexer      |        -|     -|        -|      28|    -|
|Register         |        -|     -|       18|       -|    -|
+-----------------+---------+------+---------+--------+-----+
|Total            |        0|     0|       18|      64|    0|
+-----------------+---------+------+---------+--------+-----+
|Available        |     1934|  1968|  1799680|  899840|  463|
+-----------------+---------+------+---------+--------+-----+
|Utilization (%)  |        0|     0|       ~0|      ~0|    0|
+-----------------+---------+------+---------+--------+-----+

+ Detail: 
    * Instance: 
    N/A

    * DSP: 
    N/A

    * Memory: 
    N/A

    * FIFO: 
    N/A

    * Expression: 
    +---------------------------+----------+----+---+----+------------+------------+
    |       Variable Name       | Operation| DSP| FF| LUT| Bitwidth P0| Bitwidth P1|
    +---------------------------+----------+----+---+----+------------+------------+
    |add_ln24_1_fu_1372_p2      |         +|   0|  0|   5|           2|           1|
    |add_ln24_fu_1334_p2        |         +|   0|  0|   5|           5|           1|
    |add_ln25_fu_1394_p2        |         +|   0|  0|   5|           4|           1|
    |ap_block_pp0_stage0_01001  |       and|   0|  0|   2|           1|           1|
    |icmp_ln24_fu_1340_p2       |      icmp|   0|  0|   6|           5|           6|
    |icmp_ln25_fu_1358_p2       |      icmp|   0|  0|   5|           4|           5|
    |select_ln24_1_fu_1378_p3   |    select|   0|  0|   2|           1|           2|
    |select_ln24_fu_1364_p3     |    select|   0|  0|   4|           1|           1|
    |ap_enable_pp0              |       xor|   0|  0|   2|           1|           2|
    +---------------------------+----------+----+---+----+------------+------------+
    |Total                      |          |   0|  0|  36|          24|          20|
    +---------------------------+----------+----+---+----+------------+------------+

    * Multiplexer: 
    +--------------------------------------+----+-----------+-----+-----------+
    |                 Name                 | LUT| Input Size| Bits| Total Bits|
    +--------------------------------------+----+-----------+-----+-----------+
    |ap_done_int                           |   2|          2|    1|          2|
    |ap_enable_reg_pp0_iter1               |   2|          2|    1|          2|
    |ap_sig_allocacmp_indvar_flatten_load  |   5|          2|    5|         10|
    |ap_sig_allocacmp_j_load               |   4|          2|    4|          8|
    |ap_sig_allocacmp_t_load               |   2|          2|    2|          4|
    |gmem1_blk_n_R                         |   2|          2|    1|          2|
    |indvar_flatten_fu_362                 |   5|          2|    5|         10|
    |j_fu_354                              |   4|          2|    4|          8|
    |t_fu_358                              |   2|          2|    2|          4|
    +--------------------------------------+----+-----------+-----+-----------+
    |Total                                 |  28|         18|   25|         50|
    +--------------------------------------+----+-----------+-----+-----------+

    * Register: 
    +-------------------------+---+----+-----+-----------+
    |           Name          | FF| LUT| Bits| Const Bits|
    +-------------------------+---+----+-----+-----------+
    |ap_CS_fsm                |  1|   0|    1|          0|
    |ap_done_reg              |  1|   0|    1|          0|
    |ap_enable_reg_pp0_iter1  |  1|   0|    1|          0|
    |indvar_flatten_fu_362    |  5|   0|    5|          0|
    |j_fu_354                 |  4|   0|    4|          0|
    |t_fu_358                 |  2|   0|    2|          0|
    |trunc_ln24_reg_1713      |  1|   0|    1|          0|
    |trunc_ln25_reg_1717      |  3|   0|    3|          0|
    +-------------------------+---+----+-----+-----------+
    |Total                    | 18|   0|   18|          0|
    +-------------------------+---+----+-----+-----------+



================================================================
== Interface
================================================================
* Summary: 
+----------------------+-----+-----+------------+-------------------------------------------------+--------------+
|       RTL Ports      | Dir | Bits|  Protocol  |                  Source Object                  |    C Type    |
+----------------------+-----+-----+------------+-------------------------------------------------+--------------+
|ap_clk                |   in|    1|  ap_ctrl_hs|  load_B_Pipeline_VITIS_LOOP_24_1_VITIS_LOOP_25_2|  return value|
|ap_rst                |   in|    1|  ap_ctrl_hs|  load_B_Pipeline_VITIS_LOOP_24_1_VITIS_LOOP_25_2|  return value|
|ap_start              |   in|    1|  ap_ctrl_hs|  load_B_Pipeline_VITIS_LOOP_24_1_VITIS_LOOP_25_2|  return value|
|ap_done               |  out|    1|  ap_ctrl_hs|  load_B_Pipeline_VITIS_LOOP_24_1_VITIS_LOOP_25_2|  return value|
|ap_idle               |  out|    1|  ap_ctrl_hs|  load_B_Pipeline_VITIS_LOOP_24_1_VITIS_LOOP_25_2|  return value|
|ap_ready              |  out|    1|  ap_ctrl_hs|  load_B_Pipeline_VITIS_LOOP_24_1_VITIS_LOOP_25_2|  return value|
|m_axi_gmem1_AWVALID   |  out|    1|       m_axi|                                            gmem1|       pointer|
|m_axi_gmem1_AWREADY   |   in|    1|       m_axi|                                            gmem1|       pointer|
|m_axi_gmem1_AWADDR    |  out|   64|       m_axi|                                            gmem1|       pointer|
|m_axi_gmem1_AWID      |  out|    1|       m_axi|                                            gmem1|       pointer|
|m_axi_gmem1_AWLEN     |  out|   32|       m_axi|                                            gmem1|       pointer|
|m_axi_gmem1_AWSIZE    |  out|    3|       m_axi|                                            gmem1|       pointer|
|m_axi_gmem1_AWBURST   |  out|    2|       m_axi|                                            gmem1|       pointer|
|m_axi_gmem1_AWLOCK    |  out|    2|       m_axi|                                            gmem1|       pointer|
|m_axi_gmem1_AWCACHE   |  out|    4|       m_axi|                                            gmem1|       pointer|
|m_axi_gmem1_AWPROT    |  out|    3|       m_axi|                                            gmem1|       pointer|
|m_axi_gmem1_AWQOS     |  out|    4|       m_axi|                                            gmem1|       pointer|
|m_axi_gmem1_AWREGION  |  out|    4|       m_axi|                                            gmem1|       pointer|
|m_axi_gmem1_AWUSER    |  out|    1|       m_axi|                                            gmem1|       pointer|
|m_axi_gmem1_WVALID    |  out|    1|       m_axi|                                            gmem1|       pointer|
|m_axi_gmem1_WREADY    |   in|    1|       m_axi|                                            gmem1|       pointer|
|m_axi_gmem1_WDATA     |  out|  256|       m_axi|                                            gmem1|       pointer|
|m_axi_gmem1_WSTRB     |  out|   32|       m_axi|                                            gmem1|       pointer|
|m_axi_gmem1_WLAST     |  out|    1|       m_axi|                                            gmem1|       pointer|
|m_axi_gmem1_WID       |  out|    1|       m_axi|                                            gmem1|       pointer|
|m_axi_gmem1_WUSER     |  out|    1|       m_axi|                                            gmem1|       pointer|
|m_axi_gmem1_ARVALID   |  out|    1|       m_axi|                                            gmem1|       pointer|
|m_axi_gmem1_ARREADY   |   in|    1|       m_axi|                                            gmem1|       pointer|
|m_axi_gmem1_ARADDR    |  out|   64|       m_axi|                                            gmem1|       pointer|
|m_axi_gmem1_ARID      |  out|    1|       m_axi|                                            gmem1|       pointer|
|m_axi_gmem1_ARLEN     |  out|   32|       m_axi|                                            gmem1|       pointer|
|m_axi_gmem1_ARSIZE    |  out|    3|       m_axi|                                            gmem1|       pointer|
|m_axi_gmem1_ARBURST   |  out|    2|       m_axi|                                            gmem1|       pointer|
|m_axi_gmem1_ARLOCK    |  out|    2|       m_axi|                                            gmem1|       pointer|
|m_axi_gmem1_ARCACHE   |  out|    4|       m_axi|                                            gmem1|       pointer|
|m_axi_gmem1_ARPROT    |  out|    3|       m_axi|                                            gmem1|       pointer|
|m_axi_gmem1_ARQOS     |  out|    4|       m_axi|                                            gmem1|       pointer|
|m_axi_gmem1_ARREGION  |  out|    4|       m_axi|                                            gmem1|       pointer|
|m_axi_gmem1_ARUSER    |  out|    1|       m_axi|                                            gmem1|       pointer|
|m_axi_gmem1_RVALID    |   in|    1|       m_axi|                                            gmem1|       pointer|
|m_axi_gmem1_RREADY    |  out|    1|       m_axi|                                            gmem1|       pointer|
|m_axi_gmem1_RDATA     |   in|  256|       m_axi|                                            gmem1|       pointer|
|m_axi_gmem1_RLAST     |   in|    1|       m_axi|                                            gmem1|       pointer|
|m_axi_gmem1_RID       |   in|    1|       m_axi|                                            gmem1|       pointer|
|m_axi_gmem1_RFIFONUM  |   in|    8|       m_axi|                                            gmem1|       pointer|
|m_axi_gmem1_RUSER     |   in|    1|       m_axi|                                            gmem1|       pointer|
|m_axi_gmem1_RRESP     |   in|    2|       m_axi|                                            gmem1|       pointer|
|m_axi_gmem1_BVALID    |   in|    1|       m_axi|                                            gmem1|       pointer|
|m_axi_gmem1_BREADY    |  out|    1|       m_axi|                                            gmem1|       pointer|
|m_axi_gmem1_BRESP     |   in|    2|       m_axi|                                            gmem1|       pointer|
|m_axi_gmem1_BID       |   in|    1|       m_axi|                                            gmem1|       pointer|
|m_axi_gmem1_BUSER     |   in|    1|       m_axi|                                            gmem1|       pointer|
|B_BUF_0_0_0           |  out|   32|      ap_vld|                                      B_BUF_0_0_0|       pointer|
|B_BUF_0_0_0_ap_vld    |  out|    1|      ap_vld|                                      B_BUF_0_0_0|       pointer|
|B_BUF_0_1_0           |  out|   32|      ap_vld|                                      B_BUF_0_1_0|       pointer|
|B_BUF_0_1_0_ap_vld    |  out|    1|      ap_vld|                                      B_BUF_0_1_0|       pointer|
|B_BUF_0_2_0           |  out|   32|      ap_vld|                                      B_BUF_0_2_0|       pointer|
|B_BUF_0_2_0_ap_vld    |  out|    1|      ap_vld|                                      B_BUF_0_2_0|       pointer|
|B_BUF_0_3_0           |  out|   32|      ap_vld|                                      B_BUF_0_3_0|       pointer|
|B_BUF_0_3_0_ap_vld    |  out|    1|      ap_vld|                                      B_BUF_0_3_0|       pointer|
|B_BUF_0_4_0           |  out|   32|      ap_vld|                                      B_BUF_0_4_0|       pointer|
|B_BUF_0_4_0_ap_vld    |  out|    1|      ap_vld|                                      B_BUF_0_4_0|       pointer|
|B_BUF_0_5_0           |  out|   32|      ap_vld|                                      B_BUF_0_5_0|       pointer|
|B_BUF_0_5_0_ap_vld    |  out|    1|      ap_vld|                                      B_BUF_0_5_0|       pointer|
|B_BUF_0_6_0           |  out|   32|      ap_vld|                                      B_BUF_0_6_0|       pointer|
|B_BUF_0_6_0_ap_vld    |  out|    1|      ap_vld|                                      B_BUF_0_6_0|       pointer|
|B_BUF_0_7_0           |  out|   32|      ap_vld|                                      B_BUF_0_7_0|       pointer|
|B_BUF_0_7_0_ap_vld    |  out|    1|      ap_vld|                                      B_BUF_0_7_0|       pointer|
|B_BUF_1_7_7           |  out|   32|      ap_vld|                                      B_BUF_1_7_7|       pointer|
|B_BUF_1_7_7_ap_vld    |  out|    1|      ap_vld|                                      B_BUF_1_7_7|       pointer|
|B_BUF_1_7_6           |  out|   32|      ap_vld|                                      B_BUF_1_7_6|       pointer|
|B_BUF_1_7_6_ap_vld    |  out|    1|      ap_vld|                                      B_BUF_1_7_6|       pointer|
|B_BUF_1_7_5           |  out|   32|      ap_vld|                                      B_BUF_1_7_5|       pointer|
|B_BUF_1_7_5_ap_vld    |  out|    1|      ap_vld|                                      B_BUF_1_7_5|       pointer|
|B_BUF_1_7_4           |  out|   32|      ap_vld|                                      B_BUF_1_7_4|       pointer|
|B_BUF_1_7_4_ap_vld    |  out|    1|      ap_vld|                                      B_BUF_1_7_4|       pointer|
|B_BUF_1_7_3           |  out|   32|      ap_vld|                                      B_BUF_1_7_3|       pointer|
|B_BUF_1_7_3_ap_vld    |  out|    1|      ap_vld|                                      B_BUF_1_7_3|       pointer|
|B_BUF_1_7_2           |  out|   32|      ap_vld|                                      B_BUF_1_7_2|       pointer|
|B_BUF_1_7_2_ap_vld    |  out|    1|      ap_vld|                                      B_BUF_1_7_2|       pointer|
|B_BUF_1_7_1           |  out|   32|      ap_vld|                                      B_BUF_1_7_1|       pointer|
|B_BUF_1_7_1_ap_vld    |  out|    1|      ap_vld|                                      B_BUF_1_7_1|       pointer|
|B_BUF_1_7_0           |  out|   32|      ap_vld|                                      B_BUF_1_7_0|       pointer|
|B_BUF_1_7_0_ap_vld    |  out|    1|      ap_vld|                                      B_BUF_1_7_0|       pointer|
|B_BUF_1_6_7           |  out|   32|      ap_vld|                                      B_BUF_1_6_7|       pointer|
|B_BUF_1_6_7_ap_vld    |  out|    1|      ap_vld|                                      B_BUF_1_6_7|       pointer|
|B_BUF_1_6_6           |  out|   32|      ap_vld|                                      B_BUF_1_6_6|       pointer|
|B_BUF_1_6_6_ap_vld    |  out|    1|      ap_vld|                                      B_BUF_1_6_6|       pointer|
|B_BUF_1_6_5           |  out|   32|      ap_vld|                                      B_BUF_1_6_5|       pointer|
|B_BUF_1_6_5_ap_vld    |  out|    1|      ap_vld|                                      B_BUF_1_6_5|       pointer|
|B_BUF_1_6_4           |  out|   32|      ap_vld|                                      B_BUF_1_6_4|       pointer|
|B_BUF_1_6_4_ap_vld    |  out|    1|      ap_vld|                                      B_BUF_1_6_4|       pointer|
|B_BUF_1_6_3           |  out|   32|      ap_vld|                                      B_BUF_1_6_3|       pointer|
|B_BUF_1_6_3_ap_vld    |  out|    1|      ap_vld|                                      B_BUF_1_6_3|       pointer|
|B_BUF_1_6_2           |  out|   32|      ap_vld|                                      B_BUF_1_6_2|       pointer|
|B_BUF_1_6_2_ap_vld    |  out|    1|      ap_vld|                                      B_BUF_1_6_2|       pointer|
|B_BUF_1_6_1           |  out|   32|      ap_vld|                                      B_BUF_1_6_1|       pointer|
|B_BUF_1_6_1_ap_vld    |  out|    1|      ap_vld|                                      B_BUF_1_6_1|       pointer|
|B_BUF_1_6_0           |  out|   32|      ap_vld|                                      B_BUF_1_6_0|       pointer|
|B_BUF_1_6_0_ap_vld    |  out|    1|      ap_vld|                                      B_BUF_1_6_0|       pointer|
|B_BUF_1_5_7           |  out|   32|      ap_vld|                                      B_BUF_1_5_7|       pointer|
|B_BUF_1_5_7_ap_vld    |  out|    1|      ap_vld|                                      B_BUF_1_5_7|       pointer|
|B_BUF_1_5_6           |  out|   32|      ap_vld|                                      B_BUF_1_5_6|       pointer|
|B_BUF_1_5_6_ap_vld    |  out|    1|      ap_vld|                                      B_BUF_1_5_6|       pointer|
|B_BUF_1_5_5           |  out|   32|      ap_vld|                                      B_BUF_1_5_5|       pointer|
|B_BUF_1_5_5_ap_vld    |  out|    1|      ap_vld|                                      B_BUF_1_5_5|       pointer|
|B_BUF_1_5_4           |  out|   32|      ap_vld|                                      B_BUF_1_5_4|       pointer|
|B_BUF_1_5_4_ap_vld    |  out|    1|      ap_vld|                                      B_BUF_1_5_4|       pointer|
|B_BUF_1_5_3           |  out|   32|      ap_vld|                                      B_BUF_1_5_3|       pointer|
|B_BUF_1_5_3_ap_vld    |  out|    1|      ap_vld|                                      B_BUF_1_5_3|       pointer|
|B_BUF_1_5_2           |  out|   32|      ap_vld|                                      B_BUF_1_5_2|       pointer|
|B_BUF_1_5_2_ap_vld    |  out|    1|      ap_vld|                                      B_BUF_1_5_2|       pointer|
|B_BUF_1_5_1           |  out|   32|      ap_vld|                                      B_BUF_1_5_1|       pointer|
|B_BUF_1_5_1_ap_vld    |  out|    1|      ap_vld|                                      B_BUF_1_5_1|       pointer|
|B_BUF_1_5_0           |  out|   32|      ap_vld|                                      B_BUF_1_5_0|       pointer|
|B_BUF_1_5_0_ap_vld    |  out|    1|      ap_vld|                                      B_BUF_1_5_0|       pointer|
|B_BUF_1_4_7           |  out|   32|      ap_vld|                                      B_BUF_1_4_7|       pointer|
|B_BUF_1_4_7_ap_vld    |  out|    1|      ap_vld|                                      B_BUF_1_4_7|       pointer|
|B_BUF_1_4_6           |  out|   32|      ap_vld|                                      B_BUF_1_4_6|       pointer|
|B_BUF_1_4_6_ap_vld    |  out|    1|      ap_vld|                                      B_BUF_1_4_6|       pointer|
|B_BUF_1_4_5           |  out|   32|      ap_vld|                                      B_BUF_1_4_5|       pointer|
|B_BUF_1_4_5_ap_vld    |  out|    1|      ap_vld|                                      B_BUF_1_4_5|       pointer|
|B_BUF_1_4_4           |  out|   32|      ap_vld|                                      B_BUF_1_4_4|       pointer|
|B_BUF_1_4_4_ap_vld    |  out|    1|      ap_vld|                                      B_BUF_1_4_4|       pointer|
|B_BUF_1_4_3           |  out|   32|      ap_vld|                                      B_BUF_1_4_3|       pointer|
|B_BUF_1_4_3_ap_vld    |  out|    1|      ap_vld|                                      B_BUF_1_4_3|       pointer|
|B_BUF_1_4_2           |  out|   32|      ap_vld|                                      B_BUF_1_4_2|       pointer|
|B_BUF_1_4_2_ap_vld    |  out|    1|      ap_vld|                                      B_BUF_1_4_2|       pointer|
|B_BUF_1_4_1           |  out|   32|      ap_vld|                                      B_BUF_1_4_1|       pointer|
|B_BUF_1_4_1_ap_vld    |  out|    1|      ap_vld|                                      B_BUF_1_4_1|       pointer|
|B_BUF_1_4_0           |  out|   32|      ap_vld|                                      B_BUF_1_4_0|       pointer|
|B_BUF_1_4_0_ap_vld    |  out|    1|      ap_vld|                                      B_BUF_1_4_0|       pointer|
|B_BUF_1_3_7           |  out|   32|      ap_vld|                                      B_BUF_1_3_7|       pointer|
|B_BUF_1_3_7_ap_vld    |  out|    1|      ap_vld|                                      B_BUF_1_3_7|       pointer|
|B_BUF_1_3_6           |  out|   32|      ap_vld|                                      B_BUF_1_3_6|       pointer|
|B_BUF_1_3_6_ap_vld    |  out|    1|      ap_vld|                                      B_BUF_1_3_6|       pointer|
|B_BUF_1_3_5           |  out|   32|      ap_vld|                                      B_BUF_1_3_5|       pointer|
|B_BUF_1_3_5_ap_vld    |  out|    1|      ap_vld|                                      B_BUF_1_3_5|       pointer|
|B_BUF_1_3_4           |  out|   32|      ap_vld|                                      B_BUF_1_3_4|       pointer|
|B_BUF_1_3_4_ap_vld    |  out|    1|      ap_vld|                                      B_BUF_1_3_4|       pointer|
|B_BUF_1_3_3           |  out|   32|      ap_vld|                                      B_BUF_1_3_3|       pointer|
|B_BUF_1_3_3_ap_vld    |  out|    1|      ap_vld|                                      B_BUF_1_3_3|       pointer|
|B_BUF_1_3_2           |  out|   32|      ap_vld|                                      B_BUF_1_3_2|       pointer|
|B_BUF_1_3_2_ap_vld    |  out|    1|      ap_vld|                                      B_BUF_1_3_2|       pointer|
|B_BUF_1_3_1           |  out|   32|      ap_vld|                                      B_BUF_1_3_1|       pointer|
|B_BUF_1_3_1_ap_vld    |  out|    1|      ap_vld|                                      B_BUF_1_3_1|       pointer|
|B_BUF_1_3_0           |  out|   32|      ap_vld|                                      B_BUF_1_3_0|       pointer|
|B_BUF_1_3_0_ap_vld    |  out|    1|      ap_vld|                                      B_BUF_1_3_0|       pointer|
|B_BUF_1_2_7           |  out|   32|      ap_vld|                                      B_BUF_1_2_7|       pointer|
|B_BUF_1_2_7_ap_vld    |  out|    1|      ap_vld|                                      B_BUF_1_2_7|       pointer|
|B_BUF_1_2_6           |  out|   32|      ap_vld|                                      B_BUF_1_2_6|       pointer|
|B_BUF_1_2_6_ap_vld    |  out|    1|      ap_vld|                                      B_BUF_1_2_6|       pointer|
|B_BUF_1_2_5           |  out|   32|      ap_vld|                                      B_BUF_1_2_5|       pointer|
|B_BUF_1_2_5_ap_vld    |  out|    1|      ap_vld|                                      B_BUF_1_2_5|       pointer|
|B_BUF_1_2_4           |  out|   32|      ap_vld|                                      B_BUF_1_2_4|       pointer|
|B_BUF_1_2_4_ap_vld    |  out|    1|      ap_vld|                                      B_BUF_1_2_4|       pointer|
|B_BUF_1_2_3           |  out|   32|      ap_vld|                                      B_BUF_1_2_3|       pointer|
|B_BUF_1_2_3_ap_vld    |  out|    1|      ap_vld|                                      B_BUF_1_2_3|       pointer|
|B_BUF_1_2_2           |  out|   32|      ap_vld|                                      B_BUF_1_2_2|       pointer|
|B_BUF_1_2_2_ap_vld    |  out|    1|      ap_vld|                                      B_BUF_1_2_2|       pointer|
|B_BUF_1_2_1           |  out|   32|      ap_vld|                                      B_BUF_1_2_1|       pointer|
|B_BUF_1_2_1_ap_vld    |  out|    1|      ap_vld|                                      B_BUF_1_2_1|       pointer|
|B_BUF_1_2_0           |  out|   32|      ap_vld|                                      B_BUF_1_2_0|       pointer|
|B_BUF_1_2_0_ap_vld    |  out|    1|      ap_vld|                                      B_BUF_1_2_0|       pointer|
|B_BUF_1_1_7           |  out|   32|      ap_vld|                                      B_BUF_1_1_7|       pointer|
|B_BUF_1_1_7_ap_vld    |  out|    1|      ap_vld|                                      B_BUF_1_1_7|       pointer|
|B_BUF_1_1_6           |  out|   32|      ap_vld|                                      B_BUF_1_1_6|       pointer|
|B_BUF_1_1_6_ap_vld    |  out|    1|      ap_vld|                                      B_BUF_1_1_6|       pointer|
|B_BUF_1_1_5           |  out|   32|      ap_vld|                                      B_BUF_1_1_5|       pointer|
|B_BUF_1_1_5_ap_vld    |  out|    1|      ap_vld|                                      B_BUF_1_1_5|       pointer|
|B_BUF_1_1_4           |  out|   32|      ap_vld|                                      B_BUF_1_1_4|       pointer|
|B_BUF_1_1_4_ap_vld    |  out|    1|      ap_vld|                                      B_BUF_1_1_4|       pointer|
|B_BUF_1_1_3           |  out|   32|      ap_vld|                                      B_BUF_1_1_3|       pointer|
|B_BUF_1_1_3_ap_vld    |  out|    1|      ap_vld|                                      B_BUF_1_1_3|       pointer|
|B_BUF_1_1_2           |  out|   32|      ap_vld|                                      B_BUF_1_1_2|       pointer|
|B_BUF_1_1_2_ap_vld    |  out|    1|      ap_vld|                                      B_BUF_1_1_2|       pointer|
|B_BUF_1_1_1           |  out|   32|      ap_vld|                                      B_BUF_1_1_1|       pointer|
|B_BUF_1_1_1_ap_vld    |  out|    1|      ap_vld|                                      B_BUF_1_1_1|       pointer|
|B_BUF_1_1_0           |  out|   32|      ap_vld|                                      B_BUF_1_1_0|       pointer|
|B_BUF_1_1_0_ap_vld    |  out|    1|      ap_vld|                                      B_BUF_1_1_0|       pointer|
|B_BUF_1_0_7           |  out|   32|      ap_vld|                                      B_BUF_1_0_7|       pointer|
|B_BUF_1_0_7_ap_vld    |  out|    1|      ap_vld|                                      B_BUF_1_0_7|       pointer|
|B_BUF_1_0_6           |  out|   32|      ap_vld|                                      B_BUF_1_0_6|       pointer|
|B_BUF_1_0_6_ap_vld    |  out|    1|      ap_vld|                                      B_BUF_1_0_6|       pointer|
|B_BUF_1_0_5           |  out|   32|      ap_vld|                                      B_BUF_1_0_5|       pointer|
|B_BUF_1_0_5_ap_vld    |  out|    1|      ap_vld|                                      B_BUF_1_0_5|       pointer|
|B_BUF_1_0_4           |  out|   32|      ap_vld|                                      B_BUF_1_0_4|       pointer|
|B_BUF_1_0_4_ap_vld    |  out|    1|      ap_vld|                                      B_BUF_1_0_4|       pointer|
|B_BUF_1_0_3           |  out|   32|      ap_vld|                                      B_BUF_1_0_3|       pointer|
|B_BUF_1_0_3_ap_vld    |  out|    1|      ap_vld|                                      B_BUF_1_0_3|       pointer|
|B_BUF_1_0_2           |  out|   32|      ap_vld|                                      B_BUF_1_0_2|       pointer|
|B_BUF_1_0_2_ap_vld    |  out|    1|      ap_vld|                                      B_BUF_1_0_2|       pointer|
|B_BUF_1_0_1           |  out|   32|      ap_vld|                                      B_BUF_1_0_1|       pointer|
|B_BUF_1_0_1_ap_vld    |  out|    1|      ap_vld|                                      B_BUF_1_0_1|       pointer|
|B_BUF_1_0_0           |  out|   32|      ap_vld|                                      B_BUF_1_0_0|       pointer|
|B_BUF_1_0_0_ap_vld    |  out|    1|      ap_vld|                                      B_BUF_1_0_0|       pointer|
|B_BUF_0_7_7           |  out|   32|      ap_vld|                                      B_BUF_0_7_7|       pointer|
|B_BUF_0_7_7_ap_vld    |  out|    1|      ap_vld|                                      B_BUF_0_7_7|       pointer|
|B_BUF_0_7_6           |  out|   32|      ap_vld|                                      B_BUF_0_7_6|       pointer|
|B_BUF_0_7_6_ap_vld    |  out|    1|      ap_vld|                                      B_BUF_0_7_6|       pointer|
|B_BUF_0_7_5           |  out|   32|      ap_vld|                                      B_BUF_0_7_5|       pointer|
|B_BUF_0_7_5_ap_vld    |  out|    1|      ap_vld|                                      B_BUF_0_7_5|       pointer|
|B_BUF_0_7_4           |  out|   32|      ap_vld|                                      B_BUF_0_7_4|       pointer|
|B_BUF_0_7_4_ap_vld    |  out|    1|      ap_vld|                                      B_BUF_0_7_4|       pointer|
|B_BUF_0_7_3           |  out|   32|      ap_vld|                                      B_BUF_0_7_3|       pointer|
|B_BUF_0_7_3_ap_vld    |  out|    1|      ap_vld|                                      B_BUF_0_7_3|       pointer|
|B_BUF_0_7_2           |  out|   32|      ap_vld|                                      B_BUF_0_7_2|       pointer|
|B_BUF_0_7_2_ap_vld    |  out|    1|      ap_vld|                                      B_BUF_0_7_2|       pointer|
|B_BUF_0_7_1           |  out|   32|      ap_vld|                                      B_BUF_0_7_1|       pointer|
|B_BUF_0_7_1_ap_vld    |  out|    1|      ap_vld|                                      B_BUF_0_7_1|       pointer|
|B_BUF_0_6_7           |  out|   32|      ap_vld|                                      B_BUF_0_6_7|       pointer|
|B_BUF_0_6_7_ap_vld    |  out|    1|      ap_vld|                                      B_BUF_0_6_7|       pointer|
|B_BUF_0_6_6           |  out|   32|      ap_vld|                                      B_BUF_0_6_6|       pointer|
|B_BUF_0_6_6_ap_vld    |  out|    1|      ap_vld|                                      B_BUF_0_6_6|       pointer|
|B_BUF_0_6_5           |  out|   32|      ap_vld|                                      B_BUF_0_6_5|       pointer|
|B_BUF_0_6_5_ap_vld    |  out|    1|      ap_vld|                                      B_BUF_0_6_5|       pointer|
|B_BUF_0_6_4           |  out|   32|      ap_vld|                                      B_BUF_0_6_4|       pointer|
|B_BUF_0_6_4_ap_vld    |  out|    1|      ap_vld|                                      B_BUF_0_6_4|       pointer|
|B_BUF_0_6_3           |  out|   32|      ap_vld|                                      B_BUF_0_6_3|       pointer|
|B_BUF_0_6_3_ap_vld    |  out|    1|      ap_vld|                                      B_BUF_0_6_3|       pointer|
|B_BUF_0_6_2           |  out|   32|      ap_vld|                                      B_BUF_0_6_2|       pointer|
|B_BUF_0_6_2_ap_vld    |  out|    1|      ap_vld|                                      B_BUF_0_6_2|       pointer|
|B_BUF_0_6_1           |  out|   32|      ap_vld|                                      B_BUF_0_6_1|       pointer|
|B_BUF_0_6_1_ap_vld    |  out|    1|      ap_vld|                                      B_BUF_0_6_1|       pointer|
|B_BUF_0_5_7           |  out|   32|      ap_vld|                                      B_BUF_0_5_7|       pointer|
|B_BUF_0_5_7_ap_vld    |  out|    1|      ap_vld|                                      B_BUF_0_5_7|       pointer|
|B_BUF_0_5_6           |  out|   32|      ap_vld|                                      B_BUF_0_5_6|       pointer|
|B_BUF_0_5_6_ap_vld    |  out|    1|      ap_vld|                                      B_BUF_0_5_6|       pointer|
|B_BUF_0_5_5           |  out|   32|      ap_vld|                                      B_BUF_0_5_5|       pointer|
|B_BUF_0_5_5_ap_vld    |  out|    1|      ap_vld|                                      B_BUF_0_5_5|       pointer|
|B_BUF_0_5_4           |  out|   32|      ap_vld|                                      B_BUF_0_5_4|       pointer|
|B_BUF_0_5_4_ap_vld    |  out|    1|      ap_vld|                                      B_BUF_0_5_4|       pointer|
|B_BUF_0_5_3           |  out|   32|      ap_vld|                                      B_BUF_0_5_3|       pointer|
|B_BUF_0_5_3_ap_vld    |  out|    1|      ap_vld|                                      B_BUF_0_5_3|       pointer|
|B_BUF_0_5_2           |  out|   32|      ap_vld|                                      B_BUF_0_5_2|       pointer|
|B_BUF_0_5_2_ap_vld    |  out|    1|      ap_vld|                                      B_BUF_0_5_2|       pointer|
|B_BUF_0_5_1           |  out|   32|      ap_vld|                                      B_BUF_0_5_1|       pointer|
|B_BUF_0_5_1_ap_vld    |  out|    1|      ap_vld|                                      B_BUF_0_5_1|       pointer|
|B_BUF_0_4_7           |  out|   32|      ap_vld|                                      B_BUF_0_4_7|       pointer|
|B_BUF_0_4_7_ap_vld    |  out|    1|      ap_vld|                                      B_BUF_0_4_7|       pointer|
|B_BUF_0_4_6           |  out|   32|      ap_vld|                                      B_BUF_0_4_6|       pointer|
|B_BUF_0_4_6_ap_vld    |  out|    1|      ap_vld|                                      B_BUF_0_4_6|       pointer|
|B_BUF_0_4_5           |  out|   32|      ap_vld|                                      B_BUF_0_4_5|       pointer|
|B_BUF_0_4_5_ap_vld    |  out|    1|      ap_vld|                                      B_BUF_0_4_5|       pointer|
|B_BUF_0_4_4           |  out|   32|      ap_vld|                                      B_BUF_0_4_4|       pointer|
|B_BUF_0_4_4_ap_vld    |  out|    1|      ap_vld|                                      B_BUF_0_4_4|       pointer|
|B_BUF_0_4_3           |  out|   32|      ap_vld|                                      B_BUF_0_4_3|       pointer|
|B_BUF_0_4_3_ap_vld    |  out|    1|      ap_vld|                                      B_BUF_0_4_3|       pointer|
|B_BUF_0_4_2           |  out|   32|      ap_vld|                                      B_BUF_0_4_2|       pointer|
|B_BUF_0_4_2_ap_vld    |  out|    1|      ap_vld|                                      B_BUF_0_4_2|       pointer|
|B_BUF_0_4_1           |  out|   32|      ap_vld|                                      B_BUF_0_4_1|       pointer|
|B_BUF_0_4_1_ap_vld    |  out|    1|      ap_vld|                                      B_BUF_0_4_1|       pointer|
|B_BUF_0_3_7           |  out|   32|      ap_vld|                                      B_BUF_0_3_7|       pointer|
|B_BUF_0_3_7_ap_vld    |  out|    1|      ap_vld|                                      B_BUF_0_3_7|       pointer|
|B_BUF_0_3_6           |  out|   32|      ap_vld|                                      B_BUF_0_3_6|       pointer|
|B_BUF_0_3_6_ap_vld    |  out|    1|      ap_vld|                                      B_BUF_0_3_6|       pointer|
|B_BUF_0_3_5           |  out|   32|      ap_vld|                                      B_BUF_0_3_5|       pointer|
|B_BUF_0_3_5_ap_vld    |  out|    1|      ap_vld|                                      B_BUF_0_3_5|       pointer|
|B_BUF_0_3_4           |  out|   32|      ap_vld|                                      B_BUF_0_3_4|       pointer|
|B_BUF_0_3_4_ap_vld    |  out|    1|      ap_vld|                                      B_BUF_0_3_4|       pointer|
|B_BUF_0_3_3           |  out|   32|      ap_vld|                                      B_BUF_0_3_3|       pointer|
|B_BUF_0_3_3_ap_vld    |  out|    1|      ap_vld|                                      B_BUF_0_3_3|       pointer|
|B_BUF_0_3_2           |  out|   32|      ap_vld|                                      B_BUF_0_3_2|       pointer|
|B_BUF_0_3_2_ap_vld    |  out|    1|      ap_vld|                                      B_BUF_0_3_2|       pointer|
|B_BUF_0_3_1           |  out|   32|      ap_vld|                                      B_BUF_0_3_1|       pointer|
|B_BUF_0_3_1_ap_vld    |  out|    1|      ap_vld|                                      B_BUF_0_3_1|       pointer|
|B_BUF_0_2_7           |  out|   32|      ap_vld|                                      B_BUF_0_2_7|       pointer|
|B_BUF_0_2_7_ap_vld    |  out|    1|      ap_vld|                                      B_BUF_0_2_7|       pointer|
|B_BUF_0_2_6           |  out|   32|      ap_vld|                                      B_BUF_0_2_6|       pointer|
|B_BUF_0_2_6_ap_vld    |  out|    1|      ap_vld|                                      B_BUF_0_2_6|       pointer|
|B_BUF_0_2_5           |  out|   32|      ap_vld|                                      B_BUF_0_2_5|       pointer|
|B_BUF_0_2_5_ap_vld    |  out|    1|      ap_vld|                                      B_BUF_0_2_5|       pointer|
|B_BUF_0_2_4           |  out|   32|      ap_vld|                                      B_BUF_0_2_4|       pointer|
|B_BUF_0_2_4_ap_vld    |  out|    1|      ap_vld|                                      B_BUF_0_2_4|       pointer|
|B_BUF_0_2_3           |  out|   32|      ap_vld|                                      B_BUF_0_2_3|       pointer|
|B_BUF_0_2_3_ap_vld    |  out|    1|      ap_vld|                                      B_BUF_0_2_3|       pointer|
|B_BUF_0_2_2           |  out|   32|      ap_vld|                                      B_BUF_0_2_2|       pointer|
|B_BUF_0_2_2_ap_vld    |  out|    1|      ap_vld|                                      B_BUF_0_2_2|       pointer|
|B_BUF_0_2_1           |  out|   32|      ap_vld|                                      B_BUF_0_2_1|       pointer|
|B_BUF_0_2_1_ap_vld    |  out|    1|      ap_vld|                                      B_BUF_0_2_1|       pointer|
|B_BUF_0_1_7           |  out|   32|      ap_vld|                                      B_BUF_0_1_7|       pointer|
|B_BUF_0_1_7_ap_vld    |  out|    1|      ap_vld|                                      B_BUF_0_1_7|       pointer|
|B_BUF_0_1_6           |  out|   32|      ap_vld|                                      B_BUF_0_1_6|       pointer|
|B_BUF_0_1_6_ap_vld    |  out|    1|      ap_vld|                                      B_BUF_0_1_6|       pointer|
|B_BUF_0_1_5           |  out|   32|      ap_vld|                                      B_BUF_0_1_5|       pointer|
|B_BUF_0_1_5_ap_vld    |  out|    1|      ap_vld|                                      B_BUF_0_1_5|       pointer|
|B_BUF_0_1_4           |  out|   32|      ap_vld|                                      B_BUF_0_1_4|       pointer|
|B_BUF_0_1_4_ap_vld    |  out|    1|      ap_vld|                                      B_BUF_0_1_4|       pointer|
|B_BUF_0_1_3           |  out|   32|      ap_vld|                                      B_BUF_0_1_3|       pointer|
|B_BUF_0_1_3_ap_vld    |  out|    1|      ap_vld|                                      B_BUF_0_1_3|       pointer|
|B_BUF_0_1_2           |  out|   32|      ap_vld|                                      B_BUF_0_1_2|       pointer|
|B_BUF_0_1_2_ap_vld    |  out|    1|      ap_vld|                                      B_BUF_0_1_2|       pointer|
|B_BUF_0_1_1           |  out|   32|      ap_vld|                                      B_BUF_0_1_1|       pointer|
|B_BUF_0_1_1_ap_vld    |  out|    1|      ap_vld|                                      B_BUF_0_1_1|       pointer|
|B_BUF_0_0_7           |  out|   32|      ap_vld|                                      B_BUF_0_0_7|       pointer|
|B_BUF_0_0_7_ap_vld    |  out|    1|      ap_vld|                                      B_BUF_0_0_7|       pointer|
|B_BUF_0_0_6           |  out|   32|      ap_vld|                                      B_BUF_0_0_6|       pointer|
|B_BUF_0_0_6_ap_vld    |  out|    1|      ap_vld|                                      B_BUF_0_0_6|       pointer|
|B_BUF_0_0_5           |  out|   32|      ap_vld|                                      B_BUF_0_0_5|       pointer|
|B_BUF_0_0_5_ap_vld    |  out|    1|      ap_vld|                                      B_BUF_0_0_5|       pointer|
|B_BUF_0_0_4           |  out|   32|      ap_vld|                                      B_BUF_0_0_4|       pointer|
|B_BUF_0_0_4_ap_vld    |  out|    1|      ap_vld|                                      B_BUF_0_0_4|       pointer|
|B_BUF_0_0_3           |  out|   32|      ap_vld|                                      B_BUF_0_0_3|       pointer|
|B_BUF_0_0_3_ap_vld    |  out|    1|      ap_vld|                                      B_BUF_0_0_3|       pointer|
|B_BUF_0_0_2           |  out|   32|      ap_vld|                                      B_BUF_0_0_2|       pointer|
|B_BUF_0_0_2_ap_vld    |  out|    1|      ap_vld|                                      B_BUF_0_0_2|       pointer|
|B_BUF_0_0_1           |  out|   32|      ap_vld|                                      B_BUF_0_0_1|       pointer|
|B_BUF_0_0_1_ap_vld    |  out|    1|      ap_vld|                                      B_BUF_0_0_1|       pointer|
+----------------------+-----+-----+------------+-------------------------------------------------+--------------+

