

================================================================
== Vitis HLS Report for 'loadInputsFromDRAM'
================================================================
* Date:           Wed Jul 15 23:35:35 2026

* Version:        2023.2 (Build 4023990 on Oct 11 2023)
* Project:        hls_project
* Solution:       gemm2 (Vitis Kernel Flow Target)
* Product family: versalaicore
* Target device:  xcvc1902-vsva2197-2MP-e-S


================================================================
== Performance Estimates
================================================================
+ Timing: 
    * Summary: 
    +--------+---------+----------+------------+
    |  Clock |  Target | Estimated| Uncertainty|
    +--------+---------+----------+------------+
    |ap_clk  |  3.33 ns|  2.433 ns|     0.90 ns|
    +--------+---------+----------+------------+

+ Latency: 
    * Summary: 
    +---------+---------+----------+----------+-----+-----+----------+
    |  Latency (cycles) |  Latency (absolute) |  Interval | Pipeline |
    |   min   |   max   |    min   |    max   | min | max |   Type   |
    +---------+---------+----------+----------+-----+-----+----------+
    |       78|       78|  0.260 us|  0.260 us|   79|   79|  dataflow|
    +---------+---------+----------+----------+-----+-----+----------+

    + Detail: 
        * Instance: 
        +-----------+--------+---------+---------+----------+----------+-----+-----+---------+
        |           |        |  Latency (cycles) |  Latency (absolute) |  Interval | Pipeline|
        |  Instance | Module |   min   |   max   |    min   |    max   | min | max |   Type  |
        +-----------+--------+---------+---------+----------+----------+-----+-----+---------+
        |load_A_U0  |load_A  |       75|       75|  0.250 us|  0.250 us|   75|   75|       no|
        |load_B_U0  |load_B  |       78|       78|  0.260 us|  0.260 us|   78|   78|       no|
        +-----------+--------+---------+---------+----------+----------+-----+-----+---------+

        * Loop: 
        N/A



================================================================
== Utilization Estimates
================================================================
* Summary: 
+-----------------+---------+------+---------+--------+-----+
|       Name      | BRAM_18K|  DSP |    FF   |   LUT  | URAM|
+-----------------+---------+------+---------+--------+-----+
|DSP              |        -|     -|        -|       -|    -|
|Expression       |        -|     -|        0|      16|    -|
|FIFO             |        -|     -|        -|       -|    -|
|Instance         |        -|     -|      160|     353|    -|
|Memory           |        -|     -|        -|       -|    -|
|Multiplexer      |        -|     -|        -|       4|    -|
|Register         |        -|     -|        2|       -|    -|
+-----------------+---------+------+---------+--------+-----+
|Total            |        0|     0|      162|     373|    0|
+-----------------+---------+------+---------+--------+-----+
|Available        |     1934|  1968|  1799680|  899840|  463|
+-----------------+---------+------+---------+--------+-----+
|Utilization (%)  |        0|     0|       ~0|      ~0|    0|
+-----------------+---------+------+---------+--------+-----+

+ Detail: 
    * Instance: 
    +-----------+--------+---------+----+----+-----+-----+
    |  Instance | Module | BRAM_18K| DSP| FF | LUT | URAM|
    +-----------+--------+---------+----+----+-----+-----+
    |load_A_U0  |load_A  |        0|   0|  76|  109|    0|
    |load_B_U0  |load_B  |        0|   0|  84|  244|    0|
    +-----------+--------+---------+----+----+-----+-----+
    |Total      |        |        0|   0| 160|  353|    0|
    +-----------+--------+---------+----+----+-----+-----+

    * DSP: 
    N/A

    * Memory: 
    N/A

    * FIFO: 
    N/A

    * Expression: 
    +----------------------------+----------+----+---+----+------------+------------+
    |        Variable Name       | Operation| DSP| FF| LUT| Bitwidth P0| Bitwidth P1|
    +----------------------------+----------+----+---+----+------------+------------+
    |ap_idle                     |       and|   0|  0|   2|           1|           1|
    |ap_sync_continue            |       and|   0|  0|   2|           1|           1|
    |ap_sync_done                |       and|   0|  0|   2|           1|           1|
    |ap_sync_ready               |       and|   0|  0|   2|           1|           1|
    |load_A_U0_ap_start          |       and|   0|  0|   2|           1|           1|
    |load_B_U0_ap_start          |       and|   0|  0|   2|           1|           1|
    |ap_sync_load_A_U0_ap_ready  |        or|   0|  0|   2|           1|           1|
    |ap_sync_load_B_U0_ap_ready  |        or|   0|  0|   2|           1|           1|
    +----------------------------+----------+----+---+----+------------+------------+
    |Total                       |          |   0|  0|  16|           8|           8|
    +----------------------------+----------+----+---+----+------------+------------+

    * Multiplexer: 
    +--------------------------------+----+-----------+-----+-----------+
    |              Name              | LUT| Input Size| Bits| Total Bits|
    +--------------------------------+----+-----------+-----+-----------+
    |ap_sync_reg_load_A_U0_ap_ready  |   2|          2|    1|          2|
    |ap_sync_reg_load_B_U0_ap_ready  |   2|          2|    1|          2|
    +--------------------------------+----+-----------+-----+-----------+
    |Total                           |   4|          4|    2|          4|
    +--------------------------------+----+-----------+-----+-----------+

    * Register: 
    +--------------------------------+---+----+-----+-----------+
    |              Name              | FF| LUT| Bits| Const Bits|
    +--------------------------------+---+----+-----+-----------+
    |ap_sync_reg_load_A_U0_ap_ready  |  1|   0|    1|          0|
    |ap_sync_reg_load_B_U0_ap_ready  |  1|   0|    1|          0|
    +--------------------------------+---+----+-----+-----------+
    |Total                           |  2|   0|    2|          0|
    +--------------------------------+---+----+-----+-----------+



================================================================
== Interface
================================================================
* Summary: 
+----------------------+-----+-----+------------+--------------------+--------------+
|       RTL Ports      | Dir | Bits|  Protocol  |    Source Object   |    C Type    |
+----------------------+-----+-----+------------+--------------------+--------------+
|m_axi_gmem0_AWVALID   |  out|    1|       m_axi|               gmem0|       pointer|
|m_axi_gmem0_AWREADY   |   in|    1|       m_axi|               gmem0|       pointer|
|m_axi_gmem0_AWADDR    |  out|   64|       m_axi|               gmem0|       pointer|
|m_axi_gmem0_AWID      |  out|    1|       m_axi|               gmem0|       pointer|
|m_axi_gmem0_AWLEN     |  out|   32|       m_axi|               gmem0|       pointer|
|m_axi_gmem0_AWSIZE    |  out|    3|       m_axi|               gmem0|       pointer|
|m_axi_gmem0_AWBURST   |  out|    2|       m_axi|               gmem0|       pointer|
|m_axi_gmem0_AWLOCK    |  out|    2|       m_axi|               gmem0|       pointer|
|m_axi_gmem0_AWCACHE   |  out|    4|       m_axi|               gmem0|       pointer|
|m_axi_gmem0_AWPROT    |  out|    3|       m_axi|               gmem0|       pointer|
|m_axi_gmem0_AWQOS     |  out|    4|       m_axi|               gmem0|       pointer|
|m_axi_gmem0_AWREGION  |  out|    4|       m_axi|               gmem0|       pointer|
|m_axi_gmem0_AWUSER    |  out|    1|       m_axi|               gmem0|       pointer|
|m_axi_gmem0_WVALID    |  out|    1|       m_axi|               gmem0|       pointer|
|m_axi_gmem0_WREADY    |   in|    1|       m_axi|               gmem0|       pointer|
|m_axi_gmem0_WDATA     |  out|  128|       m_axi|               gmem0|       pointer|
|m_axi_gmem0_WSTRB     |  out|   16|       m_axi|               gmem0|       pointer|
|m_axi_gmem0_WLAST     |  out|    1|       m_axi|               gmem0|       pointer|
|m_axi_gmem0_WID       |  out|    1|       m_axi|               gmem0|       pointer|
|m_axi_gmem0_WUSER     |  out|    1|       m_axi|               gmem0|       pointer|
|m_axi_gmem0_ARVALID   |  out|    1|       m_axi|               gmem0|       pointer|
|m_axi_gmem0_ARREADY   |   in|    1|       m_axi|               gmem0|       pointer|
|m_axi_gmem0_ARADDR    |  out|   64|       m_axi|               gmem0|       pointer|
|m_axi_gmem0_ARID      |  out|    1|       m_axi|               gmem0|       pointer|
|m_axi_gmem0_ARLEN     |  out|   32|       m_axi|               gmem0|       pointer|
|m_axi_gmem0_ARSIZE    |  out|    3|       m_axi|               gmem0|       pointer|
|m_axi_gmem0_ARBURST   |  out|    2|       m_axi|               gmem0|       pointer|
|m_axi_gmem0_ARLOCK    |  out|    2|       m_axi|               gmem0|       pointer|
|m_axi_gmem0_ARCACHE   |  out|    4|       m_axi|               gmem0|       pointer|
|m_axi_gmem0_ARPROT    |  out|    3|       m_axi|               gmem0|       pointer|
|m_axi_gmem0_ARQOS     |  out|    4|       m_axi|               gmem0|       pointer|
|m_axi_gmem0_ARREGION  |  out|    4|       m_axi|               gmem0|       pointer|
|m_axi_gmem0_ARUSER    |  out|    1|       m_axi|               gmem0|       pointer|
|m_axi_gmem0_RVALID    |   in|    1|       m_axi|               gmem0|       pointer|
|m_axi_gmem0_RREADY    |  out|    1|       m_axi|               gmem0|       pointer|
|m_axi_gmem0_RDATA     |   in|  128|       m_axi|               gmem0|       pointer|
|m_axi_gmem0_RLAST     |   in|    1|       m_axi|               gmem0|       pointer|
|m_axi_gmem0_RID       |   in|    1|       m_axi|               gmem0|       pointer|
|m_axi_gmem0_RFIFONUM  |   in|    7|       m_axi|               gmem0|       pointer|
|m_axi_gmem0_RUSER     |   in|    1|       m_axi|               gmem0|       pointer|
|m_axi_gmem0_RRESP     |   in|    2|       m_axi|               gmem0|       pointer|
|m_axi_gmem0_BVALID    |   in|    1|       m_axi|               gmem0|       pointer|
|m_axi_gmem0_BREADY    |  out|    1|       m_axi|               gmem0|       pointer|
|m_axi_gmem0_BRESP     |   in|    2|       m_axi|               gmem0|       pointer|
|m_axi_gmem0_BID       |   in|    1|       m_axi|               gmem0|       pointer|
|m_axi_gmem0_BUSER     |   in|    1|       m_axi|               gmem0|       pointer|
|A_DRAM                |   in|   64|     ap_none|              A_DRAM|        scalar|
|A_DRAM_ap_vld         |   in|    1|     ap_none|              A_DRAM|        scalar|
|m_axi_gmem1_AWVALID   |  out|    1|       m_axi|               gmem1|       pointer|
|m_axi_gmem1_AWREADY   |   in|    1|       m_axi|               gmem1|       pointer|
|m_axi_gmem1_AWADDR    |  out|   64|       m_axi|               gmem1|       pointer|
|m_axi_gmem1_AWID      |  out|    1|       m_axi|               gmem1|       pointer|
|m_axi_gmem1_AWLEN     |  out|   32|       m_axi|               gmem1|       pointer|
|m_axi_gmem1_AWSIZE    |  out|    3|       m_axi|               gmem1|       pointer|
|m_axi_gmem1_AWBURST   |  out|    2|       m_axi|               gmem1|       pointer|
|m_axi_gmem1_AWLOCK    |  out|    2|       m_axi|               gmem1|       pointer|
|m_axi_gmem1_AWCACHE   |  out|    4|       m_axi|               gmem1|       pointer|
|m_axi_gmem1_AWPROT    |  out|    3|       m_axi|               gmem1|       pointer|
|m_axi_gmem1_AWQOS     |  out|    4|       m_axi|               gmem1|       pointer|
|m_axi_gmem1_AWREGION  |  out|    4|       m_axi|               gmem1|       pointer|
|m_axi_gmem1_AWUSER    |  out|    1|       m_axi|               gmem1|       pointer|
|m_axi_gmem1_WVALID    |  out|    1|       m_axi|               gmem1|       pointer|
|m_axi_gmem1_WREADY    |   in|    1|       m_axi|               gmem1|       pointer|
|m_axi_gmem1_WDATA     |  out|  128|       m_axi|               gmem1|       pointer|
|m_axi_gmem1_WSTRB     |  out|   16|       m_axi|               gmem1|       pointer|
|m_axi_gmem1_WLAST     |  out|    1|       m_axi|               gmem1|       pointer|
|m_axi_gmem1_WID       |  out|    1|       m_axi|               gmem1|       pointer|
|m_axi_gmem1_WUSER     |  out|    1|       m_axi|               gmem1|       pointer|
|m_axi_gmem1_ARVALID   |  out|    1|       m_axi|               gmem1|       pointer|
|m_axi_gmem1_ARREADY   |   in|    1|       m_axi|               gmem1|       pointer|
|m_axi_gmem1_ARADDR    |  out|   64|       m_axi|               gmem1|       pointer|
|m_axi_gmem1_ARID      |  out|    1|       m_axi|               gmem1|       pointer|
|m_axi_gmem1_ARLEN     |  out|   32|       m_axi|               gmem1|       pointer|
|m_axi_gmem1_ARSIZE    |  out|    3|       m_axi|               gmem1|       pointer|
|m_axi_gmem1_ARBURST   |  out|    2|       m_axi|               gmem1|       pointer|
|m_axi_gmem1_ARLOCK    |  out|    2|       m_axi|               gmem1|       pointer|
|m_axi_gmem1_ARCACHE   |  out|    4|       m_axi|               gmem1|       pointer|
|m_axi_gmem1_ARPROT    |  out|    3|       m_axi|               gmem1|       pointer|
|m_axi_gmem1_ARQOS     |  out|    4|       m_axi|               gmem1|       pointer|
|m_axi_gmem1_ARREGION  |  out|    4|       m_axi|               gmem1|       pointer|
|m_axi_gmem1_ARUSER    |  out|    1|       m_axi|               gmem1|       pointer|
|m_axi_gmem1_RVALID    |   in|    1|       m_axi|               gmem1|       pointer|
|m_axi_gmem1_RREADY    |  out|    1|       m_axi|               gmem1|       pointer|
|m_axi_gmem1_RDATA     |   in|  128|       m_axi|               gmem1|       pointer|
|m_axi_gmem1_RLAST     |   in|    1|       m_axi|               gmem1|       pointer|
|m_axi_gmem1_RID       |   in|    1|       m_axi|               gmem1|       pointer|
|m_axi_gmem1_RFIFONUM  |   in|    7|       m_axi|               gmem1|       pointer|
|m_axi_gmem1_RUSER     |   in|    1|       m_axi|               gmem1|       pointer|
|m_axi_gmem1_RRESP     |   in|    2|       m_axi|               gmem1|       pointer|
|m_axi_gmem1_BVALID    |   in|    1|       m_axi|               gmem1|       pointer|
|m_axi_gmem1_BREADY    |  out|    1|       m_axi|               gmem1|       pointer|
|m_axi_gmem1_BRESP     |   in|    2|       m_axi|               gmem1|       pointer|
|m_axi_gmem1_BID       |   in|    1|       m_axi|               gmem1|       pointer|
|m_axi_gmem1_BUSER     |   in|    1|       m_axi|               gmem1|       pointer|
|B_DRAM                |   in|   64|     ap_none|              B_DRAM|        scalar|
|B_DRAM_ap_vld         |   in|    1|     ap_none|              B_DRAM|        scalar|
|A_BUF_0_address0      |  out|    2|   ap_memory|             A_BUF_0|         array|
|A_BUF_0_ce0           |  out|    1|   ap_memory|             A_BUF_0|         array|
|A_BUF_0_d0            |  out|   32|   ap_memory|             A_BUF_0|         array|
|A_BUF_0_q0            |   in|   32|   ap_memory|             A_BUF_0|         array|
|A_BUF_0_we0           |  out|    1|   ap_memory|             A_BUF_0|         array|
|A_BUF_0_address1      |  out|    2|   ap_memory|             A_BUF_0|         array|
|A_BUF_0_ce1           |  out|    1|   ap_memory|             A_BUF_0|         array|
|A_BUF_0_d1            |  out|   32|   ap_memory|             A_BUF_0|         array|
|A_BUF_0_q1            |   in|   32|   ap_memory|             A_BUF_0|         array|
|A_BUF_0_we1           |  out|    1|   ap_memory|             A_BUF_0|         array|
|A_BUF_1_address0      |  out|    2|   ap_memory|             A_BUF_1|         array|
|A_BUF_1_ce0           |  out|    1|   ap_memory|             A_BUF_1|         array|
|A_BUF_1_d0            |  out|   32|   ap_memory|             A_BUF_1|         array|
|A_BUF_1_q0            |   in|   32|   ap_memory|             A_BUF_1|         array|
|A_BUF_1_we0           |  out|    1|   ap_memory|             A_BUF_1|         array|
|A_BUF_1_address1      |  out|    2|   ap_memory|             A_BUF_1|         array|
|A_BUF_1_ce1           |  out|    1|   ap_memory|             A_BUF_1|         array|
|A_BUF_1_d1            |  out|   32|   ap_memory|             A_BUF_1|         array|
|A_BUF_1_q1            |   in|   32|   ap_memory|             A_BUF_1|         array|
|A_BUF_1_we1           |  out|    1|   ap_memory|             A_BUF_1|         array|
|A_BUF_2_address0      |  out|    2|   ap_memory|             A_BUF_2|         array|
|A_BUF_2_ce0           |  out|    1|   ap_memory|             A_BUF_2|         array|
|A_BUF_2_d0            |  out|   32|   ap_memory|             A_BUF_2|         array|
|A_BUF_2_q0            |   in|   32|   ap_memory|             A_BUF_2|         array|
|A_BUF_2_we0           |  out|    1|   ap_memory|             A_BUF_2|         array|
|A_BUF_2_address1      |  out|    2|   ap_memory|             A_BUF_2|         array|
|A_BUF_2_ce1           |  out|    1|   ap_memory|             A_BUF_2|         array|
|A_BUF_2_d1            |  out|   32|   ap_memory|             A_BUF_2|         array|
|A_BUF_2_q1            |   in|   32|   ap_memory|             A_BUF_2|         array|
|A_BUF_2_we1           |  out|    1|   ap_memory|             A_BUF_2|         array|
|A_BUF_3_address0      |  out|    2|   ap_memory|             A_BUF_3|         array|
|A_BUF_3_ce0           |  out|    1|   ap_memory|             A_BUF_3|         array|
|A_BUF_3_d0            |  out|   32|   ap_memory|             A_BUF_3|         array|
|A_BUF_3_q0            |   in|   32|   ap_memory|             A_BUF_3|         array|
|A_BUF_3_we0           |  out|    1|   ap_memory|             A_BUF_3|         array|
|A_BUF_3_address1      |  out|    2|   ap_memory|             A_BUF_3|         array|
|A_BUF_3_ce1           |  out|    1|   ap_memory|             A_BUF_3|         array|
|A_BUF_3_d1            |  out|   32|   ap_memory|             A_BUF_3|         array|
|A_BUF_3_q1            |   in|   32|   ap_memory|             A_BUF_3|         array|
|A_BUF_3_we1           |  out|    1|   ap_memory|             A_BUF_3|         array|
|B_BUF_0_address0      |  out|    2|   ap_memory|             B_BUF_0|         array|
|B_BUF_0_ce0           |  out|    1|   ap_memory|             B_BUF_0|         array|
|B_BUF_0_d0            |  out|   32|   ap_memory|             B_BUF_0|         array|
|B_BUF_0_q0            |   in|   32|   ap_memory|             B_BUF_0|         array|
|B_BUF_0_we0           |  out|    1|   ap_memory|             B_BUF_0|         array|
|B_BUF_0_address1      |  out|    2|   ap_memory|             B_BUF_0|         array|
|B_BUF_0_ce1           |  out|    1|   ap_memory|             B_BUF_0|         array|
|B_BUF_0_d1            |  out|   32|   ap_memory|             B_BUF_0|         array|
|B_BUF_0_q1            |   in|   32|   ap_memory|             B_BUF_0|         array|
|B_BUF_0_we1           |  out|    1|   ap_memory|             B_BUF_0|         array|
|B_BUF_1_address0      |  out|    2|   ap_memory|             B_BUF_1|         array|
|B_BUF_1_ce0           |  out|    1|   ap_memory|             B_BUF_1|         array|
|B_BUF_1_d0            |  out|   32|   ap_memory|             B_BUF_1|         array|
|B_BUF_1_q0            |   in|   32|   ap_memory|             B_BUF_1|         array|
|B_BUF_1_we0           |  out|    1|   ap_memory|             B_BUF_1|         array|
|B_BUF_1_address1      |  out|    2|   ap_memory|             B_BUF_1|         array|
|B_BUF_1_ce1           |  out|    1|   ap_memory|             B_BUF_1|         array|
|B_BUF_1_d1            |  out|   32|   ap_memory|             B_BUF_1|         array|
|B_BUF_1_q1            |   in|   32|   ap_memory|             B_BUF_1|         array|
|B_BUF_1_we1           |  out|    1|   ap_memory|             B_BUF_1|         array|
|B_BUF_2_address0      |  out|    2|   ap_memory|             B_BUF_2|         array|
|B_BUF_2_ce0           |  out|    1|   ap_memory|             B_BUF_2|         array|
|B_BUF_2_d0            |  out|   32|   ap_memory|             B_BUF_2|         array|
|B_BUF_2_q0            |   in|   32|   ap_memory|             B_BUF_2|         array|
|B_BUF_2_we0           |  out|    1|   ap_memory|             B_BUF_2|         array|
|B_BUF_2_address1      |  out|    2|   ap_memory|             B_BUF_2|         array|
|B_BUF_2_ce1           |  out|    1|   ap_memory|             B_BUF_2|         array|
|B_BUF_2_d1            |  out|   32|   ap_memory|             B_BUF_2|         array|
|B_BUF_2_q1            |   in|   32|   ap_memory|             B_BUF_2|         array|
|B_BUF_2_we1           |  out|    1|   ap_memory|             B_BUF_2|         array|
|B_BUF_3_address0      |  out|    2|   ap_memory|             B_BUF_3|         array|
|B_BUF_3_ce0           |  out|    1|   ap_memory|             B_BUF_3|         array|
|B_BUF_3_d0            |  out|   32|   ap_memory|             B_BUF_3|         array|
|B_BUF_3_q0            |   in|   32|   ap_memory|             B_BUF_3|         array|
|B_BUF_3_we0           |  out|    1|   ap_memory|             B_BUF_3|         array|
|B_BUF_3_address1      |  out|    2|   ap_memory|             B_BUF_3|         array|
|B_BUF_3_ce1           |  out|    1|   ap_memory|             B_BUF_3|         array|
|B_BUF_3_d1            |  out|   32|   ap_memory|             B_BUF_3|         array|
|B_BUF_3_q1            |   in|   32|   ap_memory|             B_BUF_3|         array|
|B_BUF_3_we1           |  out|    1|   ap_memory|             B_BUF_3|         array|
|ap_clk                |   in|    1|  ap_ctrl_hs|  loadInputsFromDRAM|  return value|
|ap_rst                |   in|    1|  ap_ctrl_hs|  loadInputsFromDRAM|  return value|
|ap_start              |   in|    1|  ap_ctrl_hs|  loadInputsFromDRAM|  return value|
|ap_done               |  out|    1|  ap_ctrl_hs|  loadInputsFromDRAM|  return value|
|ap_ready              |  out|    1|  ap_ctrl_hs|  loadInputsFromDRAM|  return value|
|ap_idle               |  out|    1|  ap_ctrl_hs|  loadInputsFromDRAM|  return value|
|ap_continue           |   in|    1|  ap_ctrl_hs|  loadInputsFromDRAM|  return value|
+----------------------+-----+-----+------------+--------------------+--------------+

