

================================================================
== Vitis HLS Report for 'load_tile_A2'
================================================================
* Date:           Mon Aug 31 18:21:32 2026

* Version:        2023.2 (Build 4023990 on Oct 11 2023)
* Project:        hls_project
* Solution:       gemm2 (Vitis Kernel Flow Target)
* Product family: versalaicore
* Target device:  xcvc1902-vsva2197-2MP-e-S


================================================================
== Performance Estimates
================================================================
+ Timing: 
    * Summary: 
    +--------+---------+----------+------------+
    |  Clock |  Target | Estimated| Uncertainty|
    +--------+---------+----------+------------+
    |ap_clk  |  3.33 ns|  1.099 ns|     0.90 ns|
    +--------+---------+----------+------------+

+ Latency: 
    * Summary: 
    +---------+---------+-----------+-----------+-----+-----+---------+
    |  Latency (cycles) |   Latency (absolute)  |  Interval | Pipeline|
    |   min   |   max   |    min    |    max    | min | max |   Type  |
    +---------+---------+-----------+-----------+-----+-----+---------+
    |        7|        7|  23.331 ns|  23.331 ns|    7|    7|       no|
    +---------+---------+-----------+-----------+-----+-----+---------+

    + Detail: 
        * Instance: 
        N/A

        * Loop: 
        N/A



================================================================
== Utilization Estimates
================================================================
* Summary: 
+-----------------+---------+------+---------+--------+-----+
|       Name      | BRAM_18K|  DSP |    FF   |   LUT  | URAM|
+-----------------+---------+------+---------+--------+-----+
|DSP              |        -|     -|        -|       -|    -|
|Expression       |        -|     -|        0|       2|    -|
|FIFO             |        -|     -|        -|       -|    -|
|Instance         |        -|     -|        -|       -|    -|
|Memory           |        -|     -|        -|       -|    -|
|Multiplexer      |        -|     -|        -|    2062|    -|
|Register         |        -|     -|     3849|       -|    -|
+-----------------+---------+------+---------+--------+-----+
|Total            |        0|     0|     3849|    2064|    0|
+-----------------+---------+------+---------+--------+-----+
|Available        |     1934|  1968|  1799680|  899840|  463|
+-----------------+---------+------+---------+--------+-----+
|Utilization (%)  |        0|     0|       ~0|      ~0|    0|
+-----------------+---------+------+---------+--------+-----+

+ Detail: 
    * Instance: 
    N/A

    * DSP: 
    N/A

    * Memory: 
    N/A

    * FIFO: 
    N/A

    * Expression: 
    +-----------------+----------+----+---+----+------------+------------+
    |  Variable Name  | Operation| DSP| FF| LUT| Bitwidth P0| Bitwidth P1|
    +-----------------+----------+----+---+----+------------+------------+
    |ap_block_state1  |        or|   0|  0|   2|           1|           1|
    +-----------------+----------+----+---+----+------------+------------+
    |Total            |          |   0|  0|   2|           1|           1|
    +-----------------+----------+----+---+----+------------+------------+

    * Multiplexer: 
    +--------------+----+-----------+-----+-----------+
    |     Name     | LUT| Input Size| Bits| Total Bits|
    +--------------+----+-----------+-----+-----------+
    |A_in_blk_n    |   2|          2|    1|          2|
    |ap_NS_fsm     |  10|          9|    1|          9|
    |ap_done       |   2|          2|    1|          2|
    |ap_return_0   |  32|          2|   32|         64|
    |ap_return_1   |  32|          2|   32|         64|
    |ap_return_10  |  32|          2|   32|         64|
    |ap_return_11  |  32|          2|   32|         64|
    |ap_return_12  |  32|          2|   32|         64|
    |ap_return_13  |  32|          2|   32|         64|
    |ap_return_14  |  32|          2|   32|         64|
    |ap_return_15  |  32|          2|   32|         64|
    |ap_return_16  |  32|          2|   32|         64|
    |ap_return_17  |  32|          2|   32|         64|
    |ap_return_18  |  32|          2|   32|         64|
    |ap_return_19  |  32|          2|   32|         64|
    |ap_return_2   |  32|          2|   32|         64|
    |ap_return_20  |  32|          2|   32|         64|
    |ap_return_21  |  32|          2|   32|         64|
    |ap_return_22  |  32|          2|   32|         64|
    |ap_return_23  |  32|          2|   32|         64|
    |ap_return_24  |  32|          2|   32|         64|
    |ap_return_25  |  32|          2|   32|         64|
    |ap_return_26  |  32|          2|   32|         64|
    |ap_return_27  |  32|          2|   32|         64|
    |ap_return_28  |  32|          2|   32|         64|
    |ap_return_29  |  32|          2|   32|         64|
    |ap_return_3   |  32|          2|   32|         64|
    |ap_return_30  |  32|          2|   32|         64|
    |ap_return_31  |  32|          2|   32|         64|
    |ap_return_32  |  32|          2|   32|         64|
    |ap_return_33  |  32|          2|   32|         64|
    |ap_return_34  |  32|          2|   32|         64|
    |ap_return_35  |  32|          2|   32|         64|
    |ap_return_36  |  32|          2|   32|         64|
    |ap_return_37  |  32|          2|   32|         64|
    |ap_return_38  |  32|          2|   32|         64|
    |ap_return_39  |  32|          2|   32|         64|
    |ap_return_4   |  32|          2|   32|         64|
    |ap_return_40  |  32|          2|   32|         64|
    |ap_return_41  |  32|          2|   32|         64|
    |ap_return_42  |  32|          2|   32|         64|
    |ap_return_43  |  32|          2|   32|         64|
    |ap_return_44  |  32|          2|   32|         64|
    |ap_return_45  |  32|          2|   32|         64|
    |ap_return_46  |  32|          2|   32|         64|
    |ap_return_47  |  32|          2|   32|         64|
    |ap_return_48  |  32|          2|   32|         64|
    |ap_return_49  |  32|          2|   32|         64|
    |ap_return_5   |  32|          2|   32|         64|
    |ap_return_50  |  32|          2|   32|         64|
    |ap_return_51  |  32|          2|   32|         64|
    |ap_return_52  |  32|          2|   32|         64|
    |ap_return_53  |  32|          2|   32|         64|
    |ap_return_54  |  32|          2|   32|         64|
    |ap_return_55  |  32|          2|   32|         64|
    |ap_return_56  |  32|          2|   32|         64|
    |ap_return_57  |  32|          2|   32|         64|
    |ap_return_58  |  32|          2|   32|         64|
    |ap_return_59  |  32|          2|   32|         64|
    |ap_return_6   |  32|          2|   32|         64|
    |ap_return_60  |  32|          2|   32|         64|
    |ap_return_61  |  32|          2|   32|         64|
    |ap_return_62  |  32|          2|   32|         64|
    |ap_return_63  |  32|          2|   32|         64|
    |ap_return_7   |  32|          2|   32|         64|
    |ap_return_8   |  32|          2|   32|         64|
    |ap_return_9   |  32|          2|   32|         64|
    +--------------+----+-----------+-----+-----------+
    |Total         |2062|        141| 2051|       4109|
    +--------------+----+-----------+-----+-----------+

    * Register: 
    +------------------------+----+----+-----+-----------+
    |          Name          | FF | LUT| Bits| Const Bits|
    +------------------------+----+----+-----+-----------+
    |ap_CS_fsm               |   8|   0|    8|          0|
    |ap_done_reg             |   1|   0|    1|          0|
    |ap_return_0_preg        |  32|   0|   32|          0|
    |ap_return_10_preg       |  32|   0|   32|          0|
    |ap_return_11_preg       |  32|   0|   32|          0|
    |ap_return_12_preg       |  32|   0|   32|          0|
    |ap_return_13_preg       |  32|   0|   32|          0|
    |ap_return_14_preg       |  32|   0|   32|          0|
    |ap_return_15_preg       |  32|   0|   32|          0|
    |ap_return_16_preg       |  32|   0|   32|          0|
    |ap_return_17_preg       |  32|   0|   32|          0|
    |ap_return_18_preg       |  32|   0|   32|          0|
    |ap_return_19_preg       |  32|   0|   32|          0|
    |ap_return_1_preg        |  32|   0|   32|          0|
    |ap_return_20_preg       |  32|   0|   32|          0|
    |ap_return_21_preg       |  32|   0|   32|          0|
    |ap_return_22_preg       |  32|   0|   32|          0|
    |ap_return_23_preg       |  32|   0|   32|          0|
    |ap_return_24_preg       |  32|   0|   32|          0|
    |ap_return_25_preg       |  32|   0|   32|          0|
    |ap_return_26_preg       |  32|   0|   32|          0|
    |ap_return_27_preg       |  32|   0|   32|          0|
    |ap_return_28_preg       |  32|   0|   32|          0|
    |ap_return_29_preg       |  32|   0|   32|          0|
    |ap_return_2_preg        |  32|   0|   32|          0|
    |ap_return_30_preg       |  32|   0|   32|          0|
    |ap_return_31_preg       |  32|   0|   32|          0|
    |ap_return_32_preg       |  32|   0|   32|          0|
    |ap_return_33_preg       |  32|   0|   32|          0|
    |ap_return_34_preg       |  32|   0|   32|          0|
    |ap_return_35_preg       |  32|   0|   32|          0|
    |ap_return_36_preg       |  32|   0|   32|          0|
    |ap_return_37_preg       |  32|   0|   32|          0|
    |ap_return_38_preg       |  32|   0|   32|          0|
    |ap_return_39_preg       |  32|   0|   32|          0|
    |ap_return_3_preg        |  32|   0|   32|          0|
    |ap_return_40_preg       |  32|   0|   32|          0|
    |ap_return_41_preg       |  32|   0|   32|          0|
    |ap_return_42_preg       |  32|   0|   32|          0|
    |ap_return_43_preg       |  32|   0|   32|          0|
    |ap_return_44_preg       |  32|   0|   32|          0|
    |ap_return_45_preg       |  32|   0|   32|          0|
    |ap_return_46_preg       |  32|   0|   32|          0|
    |ap_return_47_preg       |  32|   0|   32|          0|
    |ap_return_48_preg       |  32|   0|   32|          0|
    |ap_return_49_preg       |  32|   0|   32|          0|
    |ap_return_4_preg        |  32|   0|   32|          0|
    |ap_return_50_preg       |  32|   0|   32|          0|
    |ap_return_51_preg       |  32|   0|   32|          0|
    |ap_return_52_preg       |  32|   0|   32|          0|
    |ap_return_53_preg       |  32|   0|   32|          0|
    |ap_return_54_preg       |  32|   0|   32|          0|
    |ap_return_55_preg       |  32|   0|   32|          0|
    |ap_return_56_preg       |  32|   0|   32|          0|
    |ap_return_57_preg       |  32|   0|   32|          0|
    |ap_return_58_preg       |  32|   0|   32|          0|
    |ap_return_59_preg       |  32|   0|   32|          0|
    |ap_return_5_preg        |  32|   0|   32|          0|
    |ap_return_60_preg       |  32|   0|   32|          0|
    |ap_return_61_preg       |  32|   0|   32|          0|
    |ap_return_62_preg       |  32|   0|   32|          0|
    |ap_return_63_preg       |  32|   0|   32|          0|
    |ap_return_6_preg        |  32|   0|   32|          0|
    |ap_return_7_preg        |  32|   0|   32|          0|
    |ap_return_8_preg        |  32|   0|   32|          0|
    |ap_return_9_preg        |  32|   0|   32|          0|
    |trunc_ln43_10_reg_795   |  32|   0|   32|          0|
    |trunc_ln43_11_reg_800   |  32|   0|   32|          0|
    |trunc_ln43_12_reg_805   |  32|   0|   32|          0|
    |trunc_ln43_13_reg_810   |  32|   0|   32|          0|
    |trunc_ln43_14_reg_815   |  32|   0|   32|          0|
    |trunc_ln43_15_reg_820   |  32|   0|   32|          0|
    |trunc_ln43_16_reg_825   |  32|   0|   32|          0|
    |trunc_ln43_17_reg_830   |  32|   0|   32|          0|
    |trunc_ln43_18_reg_835   |  32|   0|   32|          0|
    |trunc_ln43_19_reg_840   |  32|   0|   32|          0|
    |trunc_ln43_1_reg_745    |  32|   0|   32|          0|
    |trunc_ln43_20_reg_845   |  32|   0|   32|          0|
    |trunc_ln43_21_reg_850   |  32|   0|   32|          0|
    |trunc_ln43_22_reg_855   |  32|   0|   32|          0|
    |trunc_ln43_23_reg_860   |  32|   0|   32|          0|
    |trunc_ln43_24_reg_865   |  32|   0|   32|          0|
    |trunc_ln43_25_reg_870   |  32|   0|   32|          0|
    |trunc_ln43_26_reg_875   |  32|   0|   32|          0|
    |trunc_ln43_27_reg_880   |  32|   0|   32|          0|
    |trunc_ln43_28_reg_885   |  32|   0|   32|          0|
    |trunc_ln43_29_reg_890   |  32|   0|   32|          0|
    |trunc_ln43_2_reg_750    |  32|   0|   32|          0|
    |trunc_ln43_30_reg_895   |  32|   0|   32|          0|
    |trunc_ln43_31_reg_900   |  32|   0|   32|          0|
    |trunc_ln43_32_reg_905   |  32|   0|   32|          0|
    |trunc_ln43_33_reg_910   |  32|   0|   32|          0|
    |trunc_ln43_34_reg_915   |  32|   0|   32|          0|
    |trunc_ln43_35_reg_920   |  32|   0|   32|          0|
    |trunc_ln43_36_reg_925   |  32|   0|   32|          0|
    |trunc_ln43_37_reg_930   |  32|   0|   32|          0|
    |trunc_ln43_38_reg_935   |  32|   0|   32|          0|
    |trunc_ln43_39_reg_940   |  32|   0|   32|          0|
    |trunc_ln43_3_reg_755    |  32|   0|   32|          0|
    |trunc_ln43_40_reg_945   |  32|   0|   32|          0|
    |trunc_ln43_41_reg_950   |  32|   0|   32|          0|
    |trunc_ln43_42_reg_955   |  32|   0|   32|          0|
    |trunc_ln43_43_reg_960   |  32|   0|   32|          0|
    |trunc_ln43_44_reg_965   |  32|   0|   32|          0|
    |trunc_ln43_45_reg_970   |  32|   0|   32|          0|
    |trunc_ln43_46_reg_975   |  32|   0|   32|          0|
    |trunc_ln43_47_reg_980   |  32|   0|   32|          0|
    |trunc_ln43_48_reg_985   |  32|   0|   32|          0|
    |trunc_ln43_49_reg_990   |  32|   0|   32|          0|
    |trunc_ln43_4_reg_760    |  32|   0|   32|          0|
    |trunc_ln43_50_reg_995   |  32|   0|   32|          0|
    |trunc_ln43_51_reg_1000  |  32|   0|   32|          0|
    |trunc_ln43_52_reg_1005  |  32|   0|   32|          0|
    |trunc_ln43_53_reg_1010  |  32|   0|   32|          0|
    |trunc_ln43_54_reg_1015  |  32|   0|   32|          0|
    |trunc_ln43_5_reg_765    |  32|   0|   32|          0|
    |trunc_ln43_6_reg_770    |  32|   0|   32|          0|
    |trunc_ln43_7_reg_775    |  32|   0|   32|          0|
    |trunc_ln43_8_reg_780    |  32|   0|   32|          0|
    |trunc_ln43_9_reg_785    |  32|   0|   32|          0|
    |trunc_ln43_reg_740      |  32|   0|   32|          0|
    |trunc_ln43_s_reg_790    |  32|   0|   32|          0|
    +------------------------+----+----+-----+-----------+
    |Total                   |3849|   0| 3849|          0|
    +------------------------+----+----+-----+-----------+



================================================================
== Interface
================================================================
* Summary: 
+---------------------+-----+-----+------------+--------------+--------------+
|      RTL Ports      | Dir | Bits|  Protocol  | Source Object|    C Type    |
+---------------------+-----+-----+------------+--------------+--------------+
|ap_clk               |   in|    1|  ap_ctrl_hs|  load_tile_A2|  return value|
|ap_rst               |   in|    1|  ap_ctrl_hs|  load_tile_A2|  return value|
|ap_start             |   in|    1|  ap_ctrl_hs|  load_tile_A2|  return value|
|ap_done              |  out|    1|  ap_ctrl_hs|  load_tile_A2|  return value|
|ap_continue          |   in|    1|  ap_ctrl_hs|  load_tile_A2|  return value|
|ap_idle              |  out|    1|  ap_ctrl_hs|  load_tile_A2|  return value|
|ap_ready             |  out|    1|  ap_ctrl_hs|  load_tile_A2|  return value|
|ap_return_0          |  out|   32|  ap_ctrl_hs|  load_tile_A2|  return value|
|ap_return_1          |  out|   32|  ap_ctrl_hs|  load_tile_A2|  return value|
|ap_return_2          |  out|   32|  ap_ctrl_hs|  load_tile_A2|  return value|
|ap_return_3          |  out|   32|  ap_ctrl_hs|  load_tile_A2|  return value|
|ap_return_4          |  out|   32|  ap_ctrl_hs|  load_tile_A2|  return value|
|ap_return_5          |  out|   32|  ap_ctrl_hs|  load_tile_A2|  return value|
|ap_return_6          |  out|   32|  ap_ctrl_hs|  load_tile_A2|  return value|
|ap_return_7          |  out|   32|  ap_ctrl_hs|  load_tile_A2|  return value|
|ap_return_8          |  out|   32|  ap_ctrl_hs|  load_tile_A2|  return value|
|ap_return_9          |  out|   32|  ap_ctrl_hs|  load_tile_A2|  return value|
|ap_return_10         |  out|   32|  ap_ctrl_hs|  load_tile_A2|  return value|
|ap_return_11         |  out|   32|  ap_ctrl_hs|  load_tile_A2|  return value|
|ap_return_12         |  out|   32|  ap_ctrl_hs|  load_tile_A2|  return value|
|ap_return_13         |  out|   32|  ap_ctrl_hs|  load_tile_A2|  return value|
|ap_return_14         |  out|   32|  ap_ctrl_hs|  load_tile_A2|  return value|
|ap_return_15         |  out|   32|  ap_ctrl_hs|  load_tile_A2|  return value|
|ap_return_16         |  out|   32|  ap_ctrl_hs|  load_tile_A2|  return value|
|ap_return_17         |  out|   32|  ap_ctrl_hs|  load_tile_A2|  return value|
|ap_return_18         |  out|   32|  ap_ctrl_hs|  load_tile_A2|  return value|
|ap_return_19         |  out|   32|  ap_ctrl_hs|  load_tile_A2|  return value|
|ap_return_20         |  out|   32|  ap_ctrl_hs|  load_tile_A2|  return value|
|ap_return_21         |  out|   32|  ap_ctrl_hs|  load_tile_A2|  return value|
|ap_return_22         |  out|   32|  ap_ctrl_hs|  load_tile_A2|  return value|
|ap_return_23         |  out|   32|  ap_ctrl_hs|  load_tile_A2|  return value|
|ap_return_24         |  out|   32|  ap_ctrl_hs|  load_tile_A2|  return value|
|ap_return_25         |  out|   32|  ap_ctrl_hs|  load_tile_A2|  return value|
|ap_return_26         |  out|   32|  ap_ctrl_hs|  load_tile_A2|  return value|
|ap_return_27         |  out|   32|  ap_ctrl_hs|  load_tile_A2|  return value|
|ap_return_28         |  out|   32|  ap_ctrl_hs|  load_tile_A2|  return value|
|ap_return_29         |  out|   32|  ap_ctrl_hs|  load_tile_A2|  return value|
|ap_return_30         |  out|   32|  ap_ctrl_hs|  load_tile_A2|  return value|
|ap_return_31         |  out|   32|  ap_ctrl_hs|  load_tile_A2|  return value|
|ap_return_32         |  out|   32|  ap_ctrl_hs|  load_tile_A2|  return value|
|ap_return_33         |  out|   32|  ap_ctrl_hs|  load_tile_A2|  return value|
|ap_return_34         |  out|   32|  ap_ctrl_hs|  load_tile_A2|  return value|
|ap_return_35         |  out|   32|  ap_ctrl_hs|  load_tile_A2|  return value|
|ap_return_36         |  out|   32|  ap_ctrl_hs|  load_tile_A2|  return value|
|ap_return_37         |  out|   32|  ap_ctrl_hs|  load_tile_A2|  return value|
|ap_return_38         |  out|   32|  ap_ctrl_hs|  load_tile_A2|  return value|
|ap_return_39         |  out|   32|  ap_ctrl_hs|  load_tile_A2|  return value|
|ap_return_40         |  out|   32|  ap_ctrl_hs|  load_tile_A2|  return value|
|ap_return_41         |  out|   32|  ap_ctrl_hs|  load_tile_A2|  return value|
|ap_return_42         |  out|   32|  ap_ctrl_hs|  load_tile_A2|  return value|
|ap_return_43         |  out|   32|  ap_ctrl_hs|  load_tile_A2|  return value|
|ap_return_44         |  out|   32|  ap_ctrl_hs|  load_tile_A2|  return value|
|ap_return_45         |  out|   32|  ap_ctrl_hs|  load_tile_A2|  return value|
|ap_return_46         |  out|   32|  ap_ctrl_hs|  load_tile_A2|  return value|
|ap_return_47         |  out|   32|  ap_ctrl_hs|  load_tile_A2|  return value|
|ap_return_48         |  out|   32|  ap_ctrl_hs|  load_tile_A2|  return value|
|ap_return_49         |  out|   32|  ap_ctrl_hs|  load_tile_A2|  return value|
|ap_return_50         |  out|   32|  ap_ctrl_hs|  load_tile_A2|  return value|
|ap_return_51         |  out|   32|  ap_ctrl_hs|  load_tile_A2|  return value|
|ap_return_52         |  out|   32|  ap_ctrl_hs|  load_tile_A2|  return value|
|ap_return_53         |  out|   32|  ap_ctrl_hs|  load_tile_A2|  return value|
|ap_return_54         |  out|   32|  ap_ctrl_hs|  load_tile_A2|  return value|
|ap_return_55         |  out|   32|  ap_ctrl_hs|  load_tile_A2|  return value|
|ap_return_56         |  out|   32|  ap_ctrl_hs|  load_tile_A2|  return value|
|ap_return_57         |  out|   32|  ap_ctrl_hs|  load_tile_A2|  return value|
|ap_return_58         |  out|   32|  ap_ctrl_hs|  load_tile_A2|  return value|
|ap_return_59         |  out|   32|  ap_ctrl_hs|  load_tile_A2|  return value|
|ap_return_60         |  out|   32|  ap_ctrl_hs|  load_tile_A2|  return value|
|ap_return_61         |  out|   32|  ap_ctrl_hs|  load_tile_A2|  return value|
|ap_return_62         |  out|   32|  ap_ctrl_hs|  load_tile_A2|  return value|
|ap_return_63         |  out|   32|  ap_ctrl_hs|  load_tile_A2|  return value|
|A_in_dout            |   in|  256|     ap_fifo|          A_in|       pointer|
|A_in_num_data_valid  |   in|    4|     ap_fifo|          A_in|       pointer|
|A_in_fifo_cap        |   in|    4|     ap_fifo|          A_in|       pointer|
|A_in_empty_n         |   in|    1|     ap_fifo|          A_in|       pointer|
|A_in_read            |  out|    1|     ap_fifo|          A_in|       pointer|
+---------------------+-----+-----+------------+--------------+--------------+

