

================================================================
== Vitis HLS Report for 'load_tile_A2'
================================================================
* Date:           Thu Jul 23 18:41:32 2026

* Version:        2023.2 (Build 4023990 on Oct 11 2023)
* Project:        hls_project
* Solution:       gemm2 (Vitis Kernel Flow Target)
* Product family: versalaicore
* Target device:  xcvc1902-vsva2197-2MP-e-S


================================================================
== Performance Estimates
================================================================
+ Timing: 
    * Summary: 
    +--------+---------+----------+------------+
    |  Clock |  Target | Estimated| Uncertainty|
    +--------+---------+----------+------------+
    |ap_clk  |  3.33 ns|  2.098 ns|     0.90 ns|
    +--------+---------+----------+------------+

+ Latency: 
    * Summary: 
    +---------+---------+-----------+-----------+-----+-----+---------+
    |  Latency (cycles) |   Latency (absolute)  |  Interval | Pipeline|
    |   min   |   max   |    min    |    max    | min | max |   Type  |
    +---------+---------+-----------+-----------+-----+-----+---------+
    |        7|        7|  23.331 ns|  23.331 ns|    7|    7|       no|
    +---------+---------+-----------+-----------+-----+-----+---------+

    + Detail: 
        * Instance: 
        N/A

        * Loop: 
        N/A



================================================================
== Utilization Estimates
================================================================
* Summary: 
+-----------------+---------+------+---------+--------+-----+
|       Name      | BRAM_18K|  DSP |    FF   |   LUT  | URAM|
+-----------------+---------+------+---------+--------+-----+
|DSP              |        -|     -|        -|       -|    -|
|Expression       |        -|     -|        0|       4|    -|
|FIFO             |        -|     -|        -|       -|    -|
|Instance         |        -|     -|        -|       -|    -|
|Memory           |        -|     -|        -|       -|    -|
|Multiplexer      |        -|     -|        -|    4662|    -|
|Register         |        -|     -|     5385|       -|    -|
+-----------------+---------+------+---------+--------+-----+
|Total            |        0|     0|     5385|    4666|    0|
+-----------------+---------+------+---------+--------+-----+
|Available        |     1934|  1968|  1799680|  899840|  463|
+-----------------+---------+------+---------+--------+-----+
|Utilization (%)  |        0|     0|       ~0|      ~0|    0|
+-----------------+---------+------+---------+--------+-----+

+ Detail: 
    * Instance: 
    N/A

    * DSP: 
    N/A

    * Memory: 
    N/A

    * FIFO: 
    N/A

    * Expression: 
    +-----------------+----------+----+---+----+------------+------------+
    |  Variable Name  | Operation| DSP| FF| LUT| Bitwidth P0| Bitwidth P1|
    +-----------------+----------+----+---+----+------------+------------+
    |ap_block_state1  |        or|   0|  0|   2|           1|           1|
    |ap_block_state2  |        or|   0|  0|   2|           1|           1|
    +-----------------+----------+----+---+----+------------+------------+
    |Total            |          |   0|  0|   4|           2|           2|
    +-----------------+----------+----+---+----+------------+------------+

    * Multiplexer: 
    +----------------------------------------+----+-----------+-----+-----------+
    |                  Name                  | LUT| Input Size| Bits| Total Bits|
    +----------------------------------------+----+-----------+-----+-----------+
    |A_BUF_0_0_blk_n                         |   2|          2|    1|          2|
    |A_BUF_0_1_blk_n                         |   2|          2|    1|          2|
    |A_BUF_0_2_blk_n                         |   2|          2|    1|          2|
    |A_BUF_0_3_blk_n                         |   2|          2|    1|          2|
    |A_BUF_0_4_blk_n                         |   2|          2|    1|          2|
    |A_BUF_0_5_blk_n                         |   2|          2|    1|          2|
    |A_BUF_0_6_blk_n                         |   2|          2|    1|          2|
    |A_BUF_0_7_blk_n                         |   2|          2|    1|          2|
    |A_BUF_1_0_blk_n                         |   2|          2|    1|          2|
    |A_BUF_1_1_blk_n                         |   2|          2|    1|          2|
    |A_BUF_1_2_blk_n                         |   2|          2|    1|          2|
    |A_BUF_1_3_blk_n                         |   2|          2|    1|          2|
    |A_BUF_1_4_blk_n                         |   2|          2|    1|          2|
    |A_BUF_1_5_blk_n                         |   2|          2|    1|          2|
    |A_BUF_1_6_blk_n                         |   2|          2|    1|          2|
    |A_BUF_1_7_blk_n                         |   2|          2|    1|          2|
    |A_BUF_2_0_blk_n                         |   2|          2|    1|          2|
    |A_BUF_2_1_blk_n                         |   2|          2|    1|          2|
    |A_BUF_2_2_blk_n                         |   2|          2|    1|          2|
    |A_BUF_2_3_blk_n                         |   2|          2|    1|          2|
    |A_BUF_2_4_blk_n                         |   2|          2|    1|          2|
    |A_BUF_2_5_blk_n                         |   2|          2|    1|          2|
    |A_BUF_2_6_blk_n                         |   2|          2|    1|          2|
    |A_BUF_2_7_blk_n                         |   2|          2|    1|          2|
    |A_BUF_3_0_blk_n                         |   2|          2|    1|          2|
    |A_BUF_3_1_blk_n                         |   2|          2|    1|          2|
    |A_BUF_3_2_blk_n                         |   2|          2|    1|          2|
    |A_BUF_3_3_blk_n                         |   2|          2|    1|          2|
    |A_BUF_3_4_blk_n                         |   2|          2|    1|          2|
    |A_BUF_3_5_blk_n                         |   2|          2|    1|          2|
    |A_BUF_3_6_blk_n                         |   2|          2|    1|          2|
    |A_BUF_3_7_blk_n                         |   2|          2|    1|          2|
    |ap_NS_fsm                               |  10|          9|    1|          9|
    |ap_done                                 |   2|          2|    1|          2|
    |ap_phi_mux_p_in63_i_i_i_phi_fu_1047_p8  |  93|          5|   32|        160|
    |ap_phi_mux_p_in64_i_i_i_phi_fu_1064_p8  |  93|          5|   32|        160|
    |ap_phi_mux_p_in65_i_i_i_phi_fu_1081_p8  |  93|          5|   32|        160|
    |ap_phi_mux_p_in66_i_i_i_phi_fu_1098_p8  |  93|          5|   32|        160|
    |ap_phi_mux_p_in67_i_i_i_phi_fu_1115_p8  |  93|          5|   32|        160|
    |ap_phi_mux_p_in68_i_i_i_phi_fu_1132_p8  |  93|          5|   32|        160|
    |ap_phi_mux_p_in69_i_i_i_phi_fu_1149_p8  |  93|          5|   32|        160|
    |ap_phi_mux_p_in70_i_i_i_phi_fu_1166_p8  |  93|          5|   32|        160|
    |ap_return_0                             |  32|          2|   32|         64|
    |ap_return_1                             |  32|          2|   32|         64|
    |ap_return_10                            |  32|          2|   32|         64|
    |ap_return_11                            |  32|          2|   32|         64|
    |ap_return_12                            |  32|          2|   32|         64|
    |ap_return_13                            |  32|          2|   32|         64|
    |ap_return_14                            |  32|          2|   32|         64|
    |ap_return_15                            |  32|          2|   32|         64|
    |ap_return_16                            |  32|          2|   32|         64|
    |ap_return_17                            |  32|          2|   32|         64|
    |ap_return_18                            |  32|          2|   32|         64|
    |ap_return_19                            |  32|          2|   32|         64|
    |ap_return_2                             |  32|          2|   32|         64|
    |ap_return_20                            |  32|          2|   32|         64|
    |ap_return_21                            |  32|          2|   32|         64|
    |ap_return_22                            |  32|          2|   32|         64|
    |ap_return_23                            |  32|          2|   32|         64|
    |ap_return_24                            |  32|          2|   32|         64|
    |ap_return_25                            |  32|          2|   32|         64|
    |ap_return_26                            |  32|          2|   32|         64|
    |ap_return_27                            |  32|          2|   32|         64|
    |ap_return_28                            |  32|          2|   32|         64|
    |ap_return_29                            |  32|          2|   32|         64|
    |ap_return_3                             |  32|          2|   32|         64|
    |ap_return_30                            |  32|          2|   32|         64|
    |ap_return_31                            |  32|          2|   32|         64|
    |ap_return_32                            |  32|          2|   32|         64|
    |ap_return_33                            |  32|          2|   32|         64|
    |ap_return_34                            |  32|          2|   32|         64|
    |ap_return_35                            |  32|          2|   32|         64|
    |ap_return_36                            |  32|          2|   32|         64|
    |ap_return_37                            |  32|          2|   32|         64|
    |ap_return_38                            |  32|          2|   32|         64|
    |ap_return_39                            |  32|          2|   32|         64|
    |ap_return_4                             |  32|          2|   32|         64|
    |ap_return_40                            |  32|          2|   32|         64|
    |ap_return_41                            |  32|          2|   32|         64|
    |ap_return_42                            |  32|          2|   32|         64|
    |ap_return_43                            |  32|          2|   32|         64|
    |ap_return_44                            |  32|          2|   32|         64|
    |ap_return_45                            |  32|          2|   32|         64|
    |ap_return_46                            |  32|          2|   32|         64|
    |ap_return_47                            |  32|          2|   32|         64|
    |ap_return_48                            |  32|          2|   32|         64|
    |ap_return_49                            |  32|          2|   32|         64|
    |ap_return_5                             |  32|          2|   32|         64|
    |ap_return_50                            |  32|          2|   32|         64|
    |ap_return_51                            |  32|          2|   32|         64|
    |ap_return_52                            |  32|          2|   32|         64|
    |ap_return_53                            |  32|          2|   32|         64|
    |ap_return_54                            |  32|          2|   32|         64|
    |ap_return_55                            |  32|          2|   32|         64|
    |ap_return_56                            |  32|          2|   32|         64|
    |ap_return_57                            |  32|          2|   32|         64|
    |ap_return_58                            |  32|          2|   32|         64|
    |ap_return_59                            |  32|          2|   32|         64|
    |ap_return_6                             |  32|          2|   32|         64|
    |ap_return_60                            |  32|          2|   32|         64|
    |ap_return_61                            |  32|          2|   32|         64|
    |ap_return_62                            |  32|          2|   32|         64|
    |ap_return_63                            |  32|          2|   32|         64|
    |ap_return_7                             |  32|          2|   32|         64|
    |ap_return_8                             |  32|          2|   32|         64|
    |ap_return_9                             |  32|          2|   32|         64|
    |p_in10_i_i_i_reg_433                    |  32|          4|   32|        128|
    |p_in11_i_i_i_reg_446                    |  32|          4|   32|        128|
    |p_in12_i_i_i_reg_459                    |  32|          4|   32|        128|
    |p_in13_i_i_i_reg_472                    |  32|          4|   32|        128|
    |p_in14_i_i_i_reg_485                    |  32|          4|   32|        128|
    |p_in15_i_i_i_reg_498                    |  32|          4|   32|        128|
    |p_in16_i_i_i_reg_511                    |  32|          4|   32|        128|
    |p_in18_i_i_i_reg_524                    |  32|          4|   32|        128|
    |p_in19_i_i_i_reg_537                    |  32|          4|   32|        128|
    |p_in1_i_i_i_reg_329                     |  32|          4|   32|        128|
    |p_in20_i_i_i_reg_550                    |  32|          4|   32|        128|
    |p_in21_i_i_i_reg_563                    |  32|          4|   32|        128|
    |p_in22_i_i_i_reg_576                    |  32|          4|   32|        128|
    |p_in23_i_i_i_reg_589                    |  32|          4|   32|        128|
    |p_in24_i_i_i_reg_602                    |  32|          4|   32|        128|
    |p_in25_i_i_i_reg_615                    |  32|          4|   32|        128|
    |p_in27_i_i_i_reg_628                    |  32|          4|   32|        128|
    |p_in28_i_i_i_reg_641                    |  32|          4|   32|        128|
    |p_in29_i_i_i_reg_654                    |  32|          4|   32|        128|
    |p_in2_i_i_i_reg_342                     |  32|          4|   32|        128|
    |p_in30_i_i_i_reg_667                    |  32|          4|   32|        128|
    |p_in31_i_i_i_reg_680                    |  32|          4|   32|        128|
    |p_in32_i_i_i_reg_693                    |  32|          4|   32|        128|
    |p_in33_i_i_i_reg_706                    |  32|          4|   32|        128|
    |p_in34_i_i_i_reg_719                    |  32|          4|   32|        128|
    |p_in36_i_i_i_reg_732                    |  32|          4|   32|        128|
    |p_in37_i_i_i_reg_745                    |  32|          4|   32|        128|
    |p_in38_i_i_i_reg_758                    |  32|          4|   32|        128|
    |p_in39_i_i_i_reg_771                    |  32|          4|   32|        128|
    |p_in3_i_i_i_reg_355                     |  32|          4|   32|        128|
    |p_in40_i_i_i_reg_784                    |  32|          4|   32|        128|
    |p_in41_i_i_i_reg_797                    |  32|          4|   32|        128|
    |p_in42_i_i_i_reg_810                    |  32|          4|   32|        128|
    |p_in43_i_i_i_reg_823                    |  32|          4|   32|        128|
    |p_in45_i_i_i_reg_836                    |  32|          4|   32|        128|
    |p_in46_i_i_i_reg_849                    |  32|          4|   32|        128|
    |p_in47_i_i_i_reg_862                    |  32|          4|   32|        128|
    |p_in48_i_i_i_reg_875                    |  32|          4|   32|        128|
    |p_in49_i_i_i_reg_888                    |  32|          4|   32|        128|
    |p_in4_i_i_i_reg_368                     |  32|          4|   32|        128|
    |p_in50_i_i_i_reg_901                    |  32|          4|   32|        128|
    |p_in51_i_i_i_reg_914                    |  32|          4|   32|        128|
    |p_in52_i_i_i_reg_927                    |  32|          4|   32|        128|
    |p_in54_i_i_i_reg_940                    |  32|          4|   32|        128|
    |p_in55_i_i_i_reg_953                    |  32|          4|   32|        128|
    |p_in56_i_i_i_reg_966                    |  32|          4|   32|        128|
    |p_in57_i_i_i_reg_979                    |  32|          4|   32|        128|
    |p_in58_i_i_i_reg_992                    |  32|          4|   32|        128|
    |p_in59_i_i_i_reg_1005                   |  32|          4|   32|        128|
    |p_in5_i_i_i_reg_381                     |  32|          4|   32|        128|
    |p_in60_i_i_i_reg_1018                   |  32|          4|   32|        128|
    |p_in61_i_i_i_reg_1031                   |  32|          4|   32|        128|
    |p_in6_i_i_i_reg_394                     |  32|          4|   32|        128|
    |p_in7_i_i_i_reg_407                     |  32|          4|   32|        128|
    |p_in9_i_i_i_reg_420                     |  32|          4|   32|        128|
    |p_in_i_i_i_reg_316                      |  32|          4|   32|        128|
    |t_0_c_blk_n                             |   2|          2|    1|          2|
    +----------------------------------------+----+-----------+-----+-----------+
    |Total                                   |4662|        469| 4131|      12621|
    +----------------------------------------+----+-----------+-----+-----------+

    * Register: 
    +--------------------------+----+----+-----+-----------+
    |           Name           | FF | LUT| Bits| Const Bits|
    +--------------------------+----+----+-----+-----------+
    |ap_CS_fsm                 |   8|   0|    8|          0|
    |ap_done_reg               |   1|   0|    1|          0|
    |ap_return_0_preg          |  32|   0|   32|          0|
    |ap_return_10_preg         |  32|   0|   32|          0|
    |ap_return_11_preg         |  32|   0|   32|          0|
    |ap_return_12_preg         |  32|   0|   32|          0|
    |ap_return_13_preg         |  32|   0|   32|          0|
    |ap_return_14_preg         |  32|   0|   32|          0|
    |ap_return_15_preg         |  32|   0|   32|          0|
    |ap_return_16_preg         |  32|   0|   32|          0|
    |ap_return_17_preg         |  32|   0|   32|          0|
    |ap_return_18_preg         |  32|   0|   32|          0|
    |ap_return_19_preg         |  32|   0|   32|          0|
    |ap_return_1_preg          |  32|   0|   32|          0|
    |ap_return_20_preg         |  32|   0|   32|          0|
    |ap_return_21_preg         |  32|   0|   32|          0|
    |ap_return_22_preg         |  32|   0|   32|          0|
    |ap_return_23_preg         |  32|   0|   32|          0|
    |ap_return_24_preg         |  32|   0|   32|          0|
    |ap_return_25_preg         |  32|   0|   32|          0|
    |ap_return_26_preg         |  32|   0|   32|          0|
    |ap_return_27_preg         |  32|   0|   32|          0|
    |ap_return_28_preg         |  32|   0|   32|          0|
    |ap_return_29_preg         |  32|   0|   32|          0|
    |ap_return_2_preg          |  32|   0|   32|          0|
    |ap_return_30_preg         |  32|   0|   32|          0|
    |ap_return_31_preg         |  32|   0|   32|          0|
    |ap_return_32_preg         |  32|   0|   32|          0|
    |ap_return_33_preg         |  32|   0|   32|          0|
    |ap_return_34_preg         |  32|   0|   32|          0|
    |ap_return_35_preg         |  32|   0|   32|          0|
    |ap_return_36_preg         |  32|   0|   32|          0|
    |ap_return_37_preg         |  32|   0|   32|          0|
    |ap_return_38_preg         |  32|   0|   32|          0|
    |ap_return_39_preg         |  32|   0|   32|          0|
    |ap_return_3_preg          |  32|   0|   32|          0|
    |ap_return_40_preg         |  32|   0|   32|          0|
    |ap_return_41_preg         |  32|   0|   32|          0|
    |ap_return_42_preg         |  32|   0|   32|          0|
    |ap_return_43_preg         |  32|   0|   32|          0|
    |ap_return_44_preg         |  32|   0|   32|          0|
    |ap_return_45_preg         |  32|   0|   32|          0|
    |ap_return_46_preg         |  32|   0|   32|          0|
    |ap_return_47_preg         |  32|   0|   32|          0|
    |ap_return_48_preg         |  32|   0|   32|          0|
    |ap_return_49_preg         |  32|   0|   32|          0|
    |ap_return_4_preg          |  32|   0|   32|          0|
    |ap_return_50_preg         |  32|   0|   32|          0|
    |ap_return_51_preg         |  32|   0|   32|          0|
    |ap_return_52_preg         |  32|   0|   32|          0|
    |ap_return_53_preg         |  32|   0|   32|          0|
    |ap_return_54_preg         |  32|   0|   32|          0|
    |ap_return_55_preg         |  32|   0|   32|          0|
    |ap_return_56_preg         |  32|   0|   32|          0|
    |ap_return_57_preg         |  32|   0|   32|          0|
    |ap_return_58_preg         |  32|   0|   32|          0|
    |ap_return_59_preg         |  32|   0|   32|          0|
    |ap_return_5_preg          |  32|   0|   32|          0|
    |ap_return_60_preg         |  32|   0|   32|          0|
    |ap_return_61_preg         |  32|   0|   32|          0|
    |ap_return_62_preg         |  32|   0|   32|          0|
    |ap_return_63_preg         |  32|   0|   32|          0|
    |ap_return_6_preg          |  32|   0|   32|          0|
    |ap_return_7_preg          |  32|   0|   32|          0|
    |ap_return_8_preg          |  32|   0|   32|          0|
    |ap_return_9_preg          |  32|   0|   32|          0|
    |bitcast_ln32_10_reg_2328  |  32|   0|   32|          0|
    |bitcast_ln32_11_reg_2333  |  32|   0|   32|          0|
    |bitcast_ln32_12_reg_2338  |  32|   0|   32|          0|
    |bitcast_ln32_13_reg_2343  |  32|   0|   32|          0|
    |bitcast_ln32_14_reg_2348  |  32|   0|   32|          0|
    |bitcast_ln32_15_reg_2353  |  32|   0|   32|          0|
    |bitcast_ln32_16_reg_2358  |  32|   0|   32|          0|
    |bitcast_ln32_17_reg_2363  |  32|   0|   32|          0|
    |bitcast_ln32_18_reg_2368  |  32|   0|   32|          0|
    |bitcast_ln32_19_reg_2373  |  32|   0|   32|          0|
    |bitcast_ln32_1_reg_2283   |  32|   0|   32|          0|
    |bitcast_ln32_20_reg_2378  |  32|   0|   32|          0|
    |bitcast_ln32_21_reg_2383  |  32|   0|   32|          0|
    |bitcast_ln32_22_reg_2388  |  32|   0|   32|          0|
    |bitcast_ln32_23_reg_2393  |  32|   0|   32|          0|
    |bitcast_ln32_24_reg_2398  |  32|   0|   32|          0|
    |bitcast_ln32_25_reg_2403  |  32|   0|   32|          0|
    |bitcast_ln32_26_reg_2408  |  32|   0|   32|          0|
    |bitcast_ln32_27_reg_2413  |  32|   0|   32|          0|
    |bitcast_ln32_28_reg_2418  |  32|   0|   32|          0|
    |bitcast_ln32_29_reg_2423  |  32|   0|   32|          0|
    |bitcast_ln32_2_reg_2288   |  32|   0|   32|          0|
    |bitcast_ln32_30_reg_2428  |  32|   0|   32|          0|
    |bitcast_ln32_31_reg_2433  |  32|   0|   32|          0|
    |bitcast_ln32_32_reg_2438  |  32|   0|   32|          0|
    |bitcast_ln32_33_reg_2443  |  32|   0|   32|          0|
    |bitcast_ln32_34_reg_2448  |  32|   0|   32|          0|
    |bitcast_ln32_35_reg_2453  |  32|   0|   32|          0|
    |bitcast_ln32_36_reg_2458  |  32|   0|   32|          0|
    |bitcast_ln32_37_reg_2463  |  32|   0|   32|          0|
    |bitcast_ln32_38_reg_2468  |  32|   0|   32|          0|
    |bitcast_ln32_39_reg_2473  |  32|   0|   32|          0|
    |bitcast_ln32_3_reg_2293   |  32|   0|   32|          0|
    |bitcast_ln32_40_reg_2478  |  32|   0|   32|          0|
    |bitcast_ln32_41_reg_2483  |  32|   0|   32|          0|
    |bitcast_ln32_42_reg_2488  |  32|   0|   32|          0|
    |bitcast_ln32_43_reg_2493  |  32|   0|   32|          0|
    |bitcast_ln32_44_reg_2498  |  32|   0|   32|          0|
    |bitcast_ln32_45_reg_2503  |  32|   0|   32|          0|
    |bitcast_ln32_46_reg_2508  |  32|   0|   32|          0|
    |bitcast_ln32_47_reg_2513  |  32|   0|   32|          0|
    |bitcast_ln32_4_reg_2298   |  32|   0|   32|          0|
    |bitcast_ln32_5_reg_2303   |  32|   0|   32|          0|
    |bitcast_ln32_6_reg_2308   |  32|   0|   32|          0|
    |bitcast_ln32_7_reg_2313   |  32|   0|   32|          0|
    |bitcast_ln32_8_reg_2318   |  32|   0|   32|          0|
    |bitcast_ln32_9_reg_2323   |  32|   0|   32|          0|
    |bitcast_ln32_reg_2278     |  32|   0|   32|          0|
    |p_in10_i_i_i_reg_433      |  32|   0|   32|          0|
    |p_in11_i_i_i_reg_446      |  32|   0|   32|          0|
    |p_in12_i_i_i_reg_459      |  32|   0|   32|          0|
    |p_in13_i_i_i_reg_472      |  32|   0|   32|          0|
    |p_in14_i_i_i_reg_485      |  32|   0|   32|          0|
    |p_in15_i_i_i_reg_498      |  32|   0|   32|          0|
    |p_in16_i_i_i_reg_511      |  32|   0|   32|          0|
    |p_in18_i_i_i_reg_524      |  32|   0|   32|          0|
    |p_in19_i_i_i_reg_537      |  32|   0|   32|          0|
    |p_in1_i_i_i_reg_329       |  32|   0|   32|          0|
    |p_in20_i_i_i_reg_550      |  32|   0|   32|          0|
    |p_in21_i_i_i_reg_563      |  32|   0|   32|          0|
    |p_in22_i_i_i_reg_576      |  32|   0|   32|          0|
    |p_in23_i_i_i_reg_589      |  32|   0|   32|          0|
    |p_in24_i_i_i_reg_602      |  32|   0|   32|          0|
    |p_in25_i_i_i_reg_615      |  32|   0|   32|          0|
    |p_in27_i_i_i_reg_628      |  32|   0|   32|          0|
    |p_in28_i_i_i_reg_641      |  32|   0|   32|          0|
    |p_in29_i_i_i_reg_654      |  32|   0|   32|          0|
    |p_in2_i_i_i_reg_342       |  32|   0|   32|          0|
    |p_in30_i_i_i_reg_667      |  32|   0|   32|          0|
    |p_in31_i_i_i_reg_680      |  32|   0|   32|          0|
    |p_in32_i_i_i_reg_693      |  32|   0|   32|          0|
    |p_in33_i_i_i_reg_706      |  32|   0|   32|          0|
    |p_in34_i_i_i_reg_719      |  32|   0|   32|          0|
    |p_in36_i_i_i_reg_732      |  32|   0|   32|          0|
    |p_in37_i_i_i_reg_745      |  32|   0|   32|          0|
    |p_in38_i_i_i_reg_758      |  32|   0|   32|          0|
    |p_in39_i_i_i_reg_771      |  32|   0|   32|          0|
    |p_in3_i_i_i_reg_355       |  32|   0|   32|          0|
    |p_in40_i_i_i_reg_784      |  32|   0|   32|          0|
    |p_in41_i_i_i_reg_797      |  32|   0|   32|          0|
    |p_in42_i_i_i_reg_810      |  32|   0|   32|          0|
    |p_in43_i_i_i_reg_823      |  32|   0|   32|          0|
    |p_in45_i_i_i_reg_836      |  32|   0|   32|          0|
    |p_in46_i_i_i_reg_849      |  32|   0|   32|          0|
    |p_in47_i_i_i_reg_862      |  32|   0|   32|          0|
    |p_in48_i_i_i_reg_875      |  32|   0|   32|          0|
    |p_in49_i_i_i_reg_888      |  32|   0|   32|          0|
    |p_in4_i_i_i_reg_368       |  32|   0|   32|          0|
    |p_in50_i_i_i_reg_901      |  32|   0|   32|          0|
    |p_in51_i_i_i_reg_914      |  32|   0|   32|          0|
    |p_in52_i_i_i_reg_927      |  32|   0|   32|          0|
    |p_in54_i_i_i_reg_940      |  32|   0|   32|          0|
    |p_in55_i_i_i_reg_953      |  32|   0|   32|          0|
    |p_in56_i_i_i_reg_966      |  32|   0|   32|          0|
    |p_in57_i_i_i_reg_979      |  32|   0|   32|          0|
    |p_in58_i_i_i_reg_992      |  32|   0|   32|          0|
    |p_in59_i_i_i_reg_1005     |  32|   0|   32|          0|
    |p_in5_i_i_i_reg_381       |  32|   0|   32|          0|
    |p_in60_i_i_i_reg_1018     |  32|   0|   32|          0|
    |p_in61_i_i_i_reg_1031     |  32|   0|   32|          0|
    |p_in6_i_i_i_reg_394       |  32|   0|   32|          0|
    |p_in7_i_i_i_reg_407       |  32|   0|   32|          0|
    |p_in9_i_i_i_reg_420       |  32|   0|   32|          0|
    |p_in_i_i_i_reg_316        |  32|   0|   32|          0|
    +--------------------------+----+----+-----+-----------+
    |Total                     |5385|   0| 5385|          0|
    +--------------------------+----+----+-----+-----------+



================================================================
== Interface
================================================================
* Summary: 
+----------------------+-----+-----+------------+--------------+--------------+
|       RTL Ports      | Dir | Bits|  Protocol  | Source Object|    C Type    |
+----------------------+-----+-----+------------+--------------+--------------+
|ap_clk                |   in|    1|  ap_ctrl_hs|  load_tile_A2|  return value|
|ap_rst                |   in|    1|  ap_ctrl_hs|  load_tile_A2|  return value|
|ap_start              |   in|    1|  ap_ctrl_hs|  load_tile_A2|  return value|
|ap_done               |  out|    1|  ap_ctrl_hs|  load_tile_A2|  return value|
|ap_continue           |   in|    1|  ap_ctrl_hs|  load_tile_A2|  return value|
|ap_idle               |  out|    1|  ap_ctrl_hs|  load_tile_A2|  return value|
|ap_ready              |  out|    1|  ap_ctrl_hs|  load_tile_A2|  return value|
|ap_return_0           |  out|   32|  ap_ctrl_hs|  load_tile_A2|  return value|
|ap_return_1           |  out|   32|  ap_ctrl_hs|  load_tile_A2|  return value|
|ap_return_2           |  out|   32|  ap_ctrl_hs|  load_tile_A2|  return value|
|ap_return_3           |  out|   32|  ap_ctrl_hs|  load_tile_A2|  return value|
|ap_return_4           |  out|   32|  ap_ctrl_hs|  load_tile_A2|  return value|
|ap_return_5           |  out|   32|  ap_ctrl_hs|  load_tile_A2|  return value|
|ap_return_6           |  out|   32|  ap_ctrl_hs|  load_tile_A2|  return value|
|ap_return_7           |  out|   32|  ap_ctrl_hs|  load_tile_A2|  return value|
|ap_return_8           |  out|   32|  ap_ctrl_hs|  load_tile_A2|  return value|
|ap_return_9           |  out|   32|  ap_ctrl_hs|  load_tile_A2|  return value|
|ap_return_10          |  out|   32|  ap_ctrl_hs|  load_tile_A2|  return value|
|ap_return_11          |  out|   32|  ap_ctrl_hs|  load_tile_A2|  return value|
|ap_return_12          |  out|   32|  ap_ctrl_hs|  load_tile_A2|  return value|
|ap_return_13          |  out|   32|  ap_ctrl_hs|  load_tile_A2|  return value|
|ap_return_14          |  out|   32|  ap_ctrl_hs|  load_tile_A2|  return value|
|ap_return_15          |  out|   32|  ap_ctrl_hs|  load_tile_A2|  return value|
|ap_return_16          |  out|   32|  ap_ctrl_hs|  load_tile_A2|  return value|
|ap_return_17          |  out|   32|  ap_ctrl_hs|  load_tile_A2|  return value|
|ap_return_18          |  out|   32|  ap_ctrl_hs|  load_tile_A2|  return value|
|ap_return_19          |  out|   32|  ap_ctrl_hs|  load_tile_A2|  return value|
|ap_return_20          |  out|   32|  ap_ctrl_hs|  load_tile_A2|  return value|
|ap_return_21          |  out|   32|  ap_ctrl_hs|  load_tile_A2|  return value|
|ap_return_22          |  out|   32|  ap_ctrl_hs|  load_tile_A2|  return value|
|ap_return_23          |  out|   32|  ap_ctrl_hs|  load_tile_A2|  return value|
|ap_return_24          |  out|   32|  ap_ctrl_hs|  load_tile_A2|  return value|
|ap_return_25          |  out|   32|  ap_ctrl_hs|  load_tile_A2|  return value|
|ap_return_26          |  out|   32|  ap_ctrl_hs|  load_tile_A2|  return value|
|ap_return_27          |  out|   32|  ap_ctrl_hs|  load_tile_A2|  return value|
|ap_return_28          |  out|   32|  ap_ctrl_hs|  load_tile_A2|  return value|
|ap_return_29          |  out|   32|  ap_ctrl_hs|  load_tile_A2|  return value|
|ap_return_30          |  out|   32|  ap_ctrl_hs|  load_tile_A2|  return value|
|ap_return_31          |  out|   32|  ap_ctrl_hs|  load_tile_A2|  return value|
|ap_return_32          |  out|   32|  ap_ctrl_hs|  load_tile_A2|  return value|
|ap_return_33          |  out|   32|  ap_ctrl_hs|  load_tile_A2|  return value|
|ap_return_34          |  out|   32|  ap_ctrl_hs|  load_tile_A2|  return value|
|ap_return_35          |  out|   32|  ap_ctrl_hs|  load_tile_A2|  return value|
|ap_return_36          |  out|   32|  ap_ctrl_hs|  load_tile_A2|  return value|
|ap_return_37          |  out|   32|  ap_ctrl_hs|  load_tile_A2|  return value|
|ap_return_38          |  out|   32|  ap_ctrl_hs|  load_tile_A2|  return value|
|ap_return_39          |  out|   32|  ap_ctrl_hs|  load_tile_A2|  return value|
|ap_return_40          |  out|   32|  ap_ctrl_hs|  load_tile_A2|  return value|
|ap_return_41          |  out|   32|  ap_ctrl_hs|  load_tile_A2|  return value|
|ap_return_42          |  out|   32|  ap_ctrl_hs|  load_tile_A2|  return value|
|ap_return_43          |  out|   32|  ap_ctrl_hs|  load_tile_A2|  return value|
|ap_return_44          |  out|   32|  ap_ctrl_hs|  load_tile_A2|  return value|
|ap_return_45          |  out|   32|  ap_ctrl_hs|  load_tile_A2|  return value|
|ap_return_46          |  out|   32|  ap_ctrl_hs|  load_tile_A2|  return value|
|ap_return_47          |  out|   32|  ap_ctrl_hs|  load_tile_A2|  return value|
|ap_return_48          |  out|   32|  ap_ctrl_hs|  load_tile_A2|  return value|
|ap_return_49          |  out|   32|  ap_ctrl_hs|  load_tile_A2|  return value|
|ap_return_50          |  out|   32|  ap_ctrl_hs|  load_tile_A2|  return value|
|ap_return_51          |  out|   32|  ap_ctrl_hs|  load_tile_A2|  return value|
|ap_return_52          |  out|   32|  ap_ctrl_hs|  load_tile_A2|  return value|
|ap_return_53          |  out|   32|  ap_ctrl_hs|  load_tile_A2|  return value|
|ap_return_54          |  out|   32|  ap_ctrl_hs|  load_tile_A2|  return value|
|ap_return_55          |  out|   32|  ap_ctrl_hs|  load_tile_A2|  return value|
|ap_return_56          |  out|   32|  ap_ctrl_hs|  load_tile_A2|  return value|
|ap_return_57          |  out|   32|  ap_ctrl_hs|  load_tile_A2|  return value|
|ap_return_58          |  out|   32|  ap_ctrl_hs|  load_tile_A2|  return value|
|ap_return_59          |  out|   32|  ap_ctrl_hs|  load_tile_A2|  return value|
|ap_return_60          |  out|   32|  ap_ctrl_hs|  load_tile_A2|  return value|
|ap_return_61          |  out|   32|  ap_ctrl_hs|  load_tile_A2|  return value|
|ap_return_62          |  out|   32|  ap_ctrl_hs|  load_tile_A2|  return value|
|ap_return_63          |  out|   32|  ap_ctrl_hs|  load_tile_A2|  return value|
|A_BUF_0_0_dout        |   in|   32|     ap_fifo|     A_BUF_0_0|       pointer|
|A_BUF_0_0_empty_n     |   in|    1|     ap_fifo|     A_BUF_0_0|       pointer|
|A_BUF_0_0_read        |  out|    1|     ap_fifo|     A_BUF_0_0|       pointer|
|A_BUF_0_1_dout        |   in|   32|     ap_fifo|     A_BUF_0_1|       pointer|
|A_BUF_0_1_empty_n     |   in|    1|     ap_fifo|     A_BUF_0_1|       pointer|
|A_BUF_0_1_read        |  out|    1|     ap_fifo|     A_BUF_0_1|       pointer|
|A_BUF_0_2_dout        |   in|   32|     ap_fifo|     A_BUF_0_2|       pointer|
|A_BUF_0_2_empty_n     |   in|    1|     ap_fifo|     A_BUF_0_2|       pointer|
|A_BUF_0_2_read        |  out|    1|     ap_fifo|     A_BUF_0_2|       pointer|
|A_BUF_0_3_dout        |   in|   32|     ap_fifo|     A_BUF_0_3|       pointer|
|A_BUF_0_3_empty_n     |   in|    1|     ap_fifo|     A_BUF_0_3|       pointer|
|A_BUF_0_3_read        |  out|    1|     ap_fifo|     A_BUF_0_3|       pointer|
|A_BUF_0_4_dout        |   in|   32|     ap_fifo|     A_BUF_0_4|       pointer|
|A_BUF_0_4_empty_n     |   in|    1|     ap_fifo|     A_BUF_0_4|       pointer|
|A_BUF_0_4_read        |  out|    1|     ap_fifo|     A_BUF_0_4|       pointer|
|A_BUF_0_5_dout        |   in|   32|     ap_fifo|     A_BUF_0_5|       pointer|
|A_BUF_0_5_empty_n     |   in|    1|     ap_fifo|     A_BUF_0_5|       pointer|
|A_BUF_0_5_read        |  out|    1|     ap_fifo|     A_BUF_0_5|       pointer|
|A_BUF_0_6_dout        |   in|   32|     ap_fifo|     A_BUF_0_6|       pointer|
|A_BUF_0_6_empty_n     |   in|    1|     ap_fifo|     A_BUF_0_6|       pointer|
|A_BUF_0_6_read        |  out|    1|     ap_fifo|     A_BUF_0_6|       pointer|
|A_BUF_0_7_dout        |   in|   32|     ap_fifo|     A_BUF_0_7|       pointer|
|A_BUF_0_7_empty_n     |   in|    1|     ap_fifo|     A_BUF_0_7|       pointer|
|A_BUF_0_7_read        |  out|    1|     ap_fifo|     A_BUF_0_7|       pointer|
|A_BUF_1_0_dout        |   in|   32|     ap_fifo|     A_BUF_1_0|       pointer|
|A_BUF_1_0_empty_n     |   in|    1|     ap_fifo|     A_BUF_1_0|       pointer|
|A_BUF_1_0_read        |  out|    1|     ap_fifo|     A_BUF_1_0|       pointer|
|A_BUF_1_1_dout        |   in|   32|     ap_fifo|     A_BUF_1_1|       pointer|
|A_BUF_1_1_empty_n     |   in|    1|     ap_fifo|     A_BUF_1_1|       pointer|
|A_BUF_1_1_read        |  out|    1|     ap_fifo|     A_BUF_1_1|       pointer|
|A_BUF_1_2_dout        |   in|   32|     ap_fifo|     A_BUF_1_2|       pointer|
|A_BUF_1_2_empty_n     |   in|    1|     ap_fifo|     A_BUF_1_2|       pointer|
|A_BUF_1_2_read        |  out|    1|     ap_fifo|     A_BUF_1_2|       pointer|
|A_BUF_1_3_dout        |   in|   32|     ap_fifo|     A_BUF_1_3|       pointer|
|A_BUF_1_3_empty_n     |   in|    1|     ap_fifo|     A_BUF_1_3|       pointer|
|A_BUF_1_3_read        |  out|    1|     ap_fifo|     A_BUF_1_3|       pointer|
|A_BUF_1_4_dout        |   in|   32|     ap_fifo|     A_BUF_1_4|       pointer|
|A_BUF_1_4_empty_n     |   in|    1|     ap_fifo|     A_BUF_1_4|       pointer|
|A_BUF_1_4_read        |  out|    1|     ap_fifo|     A_BUF_1_4|       pointer|
|A_BUF_1_5_dout        |   in|   32|     ap_fifo|     A_BUF_1_5|       pointer|
|A_BUF_1_5_empty_n     |   in|    1|     ap_fifo|     A_BUF_1_5|       pointer|
|A_BUF_1_5_read        |  out|    1|     ap_fifo|     A_BUF_1_5|       pointer|
|A_BUF_1_6_dout        |   in|   32|     ap_fifo|     A_BUF_1_6|       pointer|
|A_BUF_1_6_empty_n     |   in|    1|     ap_fifo|     A_BUF_1_6|       pointer|
|A_BUF_1_6_read        |  out|    1|     ap_fifo|     A_BUF_1_6|       pointer|
|A_BUF_1_7_dout        |   in|   32|     ap_fifo|     A_BUF_1_7|       pointer|
|A_BUF_1_7_empty_n     |   in|    1|     ap_fifo|     A_BUF_1_7|       pointer|
|A_BUF_1_7_read        |  out|    1|     ap_fifo|     A_BUF_1_7|       pointer|
|A_BUF_2_0_dout        |   in|   32|     ap_fifo|     A_BUF_2_0|       pointer|
|A_BUF_2_0_empty_n     |   in|    1|     ap_fifo|     A_BUF_2_0|       pointer|
|A_BUF_2_0_read        |  out|    1|     ap_fifo|     A_BUF_2_0|       pointer|
|A_BUF_2_1_dout        |   in|   32|     ap_fifo|     A_BUF_2_1|       pointer|
|A_BUF_2_1_empty_n     |   in|    1|     ap_fifo|     A_BUF_2_1|       pointer|
|A_BUF_2_1_read        |  out|    1|     ap_fifo|     A_BUF_2_1|       pointer|
|A_BUF_2_2_dout        |   in|   32|     ap_fifo|     A_BUF_2_2|       pointer|
|A_BUF_2_2_empty_n     |   in|    1|     ap_fifo|     A_BUF_2_2|       pointer|
|A_BUF_2_2_read        |  out|    1|     ap_fifo|     A_BUF_2_2|       pointer|
|A_BUF_2_3_dout        |   in|   32|     ap_fifo|     A_BUF_2_3|       pointer|
|A_BUF_2_3_empty_n     |   in|    1|     ap_fifo|     A_BUF_2_3|       pointer|
|A_BUF_2_3_read        |  out|    1|     ap_fifo|     A_BUF_2_3|       pointer|
|A_BUF_2_4_dout        |   in|   32|     ap_fifo|     A_BUF_2_4|       pointer|
|A_BUF_2_4_empty_n     |   in|    1|     ap_fifo|     A_BUF_2_4|       pointer|
|A_BUF_2_4_read        |  out|    1|     ap_fifo|     A_BUF_2_4|       pointer|
|A_BUF_2_5_dout        |   in|   32|     ap_fifo|     A_BUF_2_5|       pointer|
|A_BUF_2_5_empty_n     |   in|    1|     ap_fifo|     A_BUF_2_5|       pointer|
|A_BUF_2_5_read        |  out|    1|     ap_fifo|     A_BUF_2_5|       pointer|
|A_BUF_2_6_dout        |   in|   32|     ap_fifo|     A_BUF_2_6|       pointer|
|A_BUF_2_6_empty_n     |   in|    1|     ap_fifo|     A_BUF_2_6|       pointer|
|A_BUF_2_6_read        |  out|    1|     ap_fifo|     A_BUF_2_6|       pointer|
|A_BUF_2_7_dout        |   in|   32|     ap_fifo|     A_BUF_2_7|       pointer|
|A_BUF_2_7_empty_n     |   in|    1|     ap_fifo|     A_BUF_2_7|       pointer|
|A_BUF_2_7_read        |  out|    1|     ap_fifo|     A_BUF_2_7|       pointer|
|A_BUF_3_0_dout        |   in|   32|     ap_fifo|     A_BUF_3_0|       pointer|
|A_BUF_3_0_empty_n     |   in|    1|     ap_fifo|     A_BUF_3_0|       pointer|
|A_BUF_3_0_read        |  out|    1|     ap_fifo|     A_BUF_3_0|       pointer|
|A_BUF_3_1_dout        |   in|   32|     ap_fifo|     A_BUF_3_1|       pointer|
|A_BUF_3_1_empty_n     |   in|    1|     ap_fifo|     A_BUF_3_1|       pointer|
|A_BUF_3_1_read        |  out|    1|     ap_fifo|     A_BUF_3_1|       pointer|
|A_BUF_3_2_dout        |   in|   32|     ap_fifo|     A_BUF_3_2|       pointer|
|A_BUF_3_2_empty_n     |   in|    1|     ap_fifo|     A_BUF_3_2|       pointer|
|A_BUF_3_2_read        |  out|    1|     ap_fifo|     A_BUF_3_2|       pointer|
|A_BUF_3_3_dout        |   in|   32|     ap_fifo|     A_BUF_3_3|       pointer|
|A_BUF_3_3_empty_n     |   in|    1|     ap_fifo|     A_BUF_3_3|       pointer|
|A_BUF_3_3_read        |  out|    1|     ap_fifo|     A_BUF_3_3|       pointer|
|A_BUF_3_4_dout        |   in|   32|     ap_fifo|     A_BUF_3_4|       pointer|
|A_BUF_3_4_empty_n     |   in|    1|     ap_fifo|     A_BUF_3_4|       pointer|
|A_BUF_3_4_read        |  out|    1|     ap_fifo|     A_BUF_3_4|       pointer|
|A_BUF_3_5_dout        |   in|   32|     ap_fifo|     A_BUF_3_5|       pointer|
|A_BUF_3_5_empty_n     |   in|    1|     ap_fifo|     A_BUF_3_5|       pointer|
|A_BUF_3_5_read        |  out|    1|     ap_fifo|     A_BUF_3_5|       pointer|
|A_BUF_3_6_dout        |   in|   32|     ap_fifo|     A_BUF_3_6|       pointer|
|A_BUF_3_6_empty_n     |   in|    1|     ap_fifo|     A_BUF_3_6|       pointer|
|A_BUF_3_6_read        |  out|    1|     ap_fifo|     A_BUF_3_6|       pointer|
|A_BUF_3_7_dout        |   in|   32|     ap_fifo|     A_BUF_3_7|       pointer|
|A_BUF_3_7_empty_n     |   in|    1|     ap_fifo|     A_BUF_3_7|       pointer|
|A_BUF_3_7_read        |  out|    1|     ap_fifo|     A_BUF_3_7|       pointer|
|t_0                   |   in|    2|     ap_none|           t_0|        scalar|
|t_0_c_din             |  out|    2|     ap_fifo|         t_0_c|       pointer|
|t_0_c_num_data_valid  |   in|    6|     ap_fifo|         t_0_c|       pointer|
|t_0_c_fifo_cap        |   in|    6|     ap_fifo|         t_0_c|       pointer|
|t_0_c_full_n          |   in|    1|     ap_fifo|         t_0_c|       pointer|
|t_0_c_write           |  out|    1|     ap_fifo|         t_0_c|       pointer|
+----------------------+-----+-----+------------+--------------+--------------+

