

================================================================
== Vitis HLS Report for 'load_B'
================================================================
* Date:           Tue Sep  1 15:24:17 2026

* Version:        2023.2 (Build 4023990 on Oct 11 2023)
* Project:        hls_project
* Solution:       gemm2 (Vitis Kernel Flow Target)
* Product family: versalaicore
* Target device:  xcvc1902-vsva2197-2MP-e-S


================================================================
== Performance Estimates
================================================================
+ Timing: 
    * Summary: 
    +--------+---------+----------+------------+
    |  Clock |  Target | Estimated| Uncertainty|
    +--------+---------+----------+------------+
    |ap_clk  |  3.33 ns|  2.504 ns|     0.90 ns|
    +--------+---------+----------+------------+

+ Latency: 
    * Summary: 
    +---------+---------+----------+----------+-----+-----+---------+
    |  Latency (cycles) |  Latency (absolute) |  Interval | Pipeline|
    |   min   |   max   |    min   |    max   | min | max |   Type  |
    +---------+---------+----------+----------+-----+-----+---------+
    |      519|      519|  1.730 us|  1.730 us|  519|  519|       no|
    +---------+---------+----------+----------+-----+-----+---------+

    + Detail: 
        * Instance: 
        +-----------------------------------------------------------+-------------------------------------------------+---------+---------+-----------+-----------+-----+-----+---------+
        |                                                           |                                                 |  Latency (cycles) |   Latency (absolute)  |  Interval | Pipeline|
        |                          Instance                         |                      Module                     |   min   |   max   |    min    |    max    | min | max |   Type  |
        +-----------------------------------------------------------+-------------------------------------------------+---------+---------+-----------+-----------+-----+-----+---------+
        |grp_load_B_Pipeline_VITIS_LOOP_40_1_VITIS_LOOP_41_2_fu_87  |load_B_Pipeline_VITIS_LOOP_40_1_VITIS_LOOP_41_2  |       34|       34|   0.113 us|   0.113 us|   34|   34|       no|
        |grp_load_B_Pipeline_VITIS_LOOP_47_3_fu_94                  |load_B_Pipeline_VITIS_LOOP_47_3                  |       18|       18|  59.994 ns|  59.994 ns|   18|   18|       no|
        +-----------------------------------------------------------+-------------------------------------------------+---------+---------+-----------+-----------+-----+-----+---------+

        * Loop: 
        +----------+---------+---------+----------+-----------+-----------+------+----------+
        |          |  Latency (cycles) | Iteration|  Initiation Interval  | Trip |          |
        | Loop Name|   min   |   max   |  Latency |  achieved |   target  | Count| Pipelined|
        +----------+---------+---------+----------+-----------+-----------+------+----------+
        |- load_B  |      448|      448|        56|          -|          -|     8|        no|
        +----------+---------+---------+----------+-----------+-----------+------+----------+



================================================================
== Utilization Estimates
================================================================
* Summary: 
+-----------------+---------+------+---------+--------+-----+
|       Name      | BRAM_18K|  DSP |    FF   |   LUT  | URAM|
+-----------------+---------+------+---------+--------+-----+
|DSP              |        -|     -|        -|       -|    -|
|Expression       |        -|     -|        0|      12|    -|
|FIFO             |        -|     -|        -|       -|    -|
|Instance         |        -|     -|       29|     112|    -|
|Memory           |       16|     -|        0|       0|    0|
|Multiplexer      |        -|     -|        -|     233|    -|
|Register         |        -|     -|       82|       -|    -|
+-----------------+---------+------+---------+--------+-----+
|Total            |       16|     0|      111|     357|    0|
+-----------------+---------+------+---------+--------+-----+
|Available        |     1934|  1968|  1799680|  899840|  463|
+-----------------+---------+------+---------+--------+-----+
|Utilization (%)  |       ~0|     0|       ~0|      ~0|    0|
+-----------------+---------+------+---------+--------+-----+

+ Detail: 
    * Instance: 
    +-----------------------------------------------------------+-------------------------------------------------+---------+----+----+----+-----+
    |                          Instance                         |                      Module                     | BRAM_18K| DSP| FF | LUT| URAM|
    +-----------------------------------------------------------+-------------------------------------------------+---------+----+----+----+-----+
    |grp_load_B_Pipeline_VITIS_LOOP_40_1_VITIS_LOOP_41_2_fu_87  |load_B_Pipeline_VITIS_LOOP_40_1_VITIS_LOOP_41_2  |        0|   0|  21|  75|    0|
    |grp_load_B_Pipeline_VITIS_LOOP_47_3_fu_94                  |load_B_Pipeline_VITIS_LOOP_47_3                  |        0|   0|   8|  37|    0|
    +-----------------------------------------------------------+-------------------------------------------------+---------+----+----+----+-----+
    |Total                                                      |                                                 |        0|   0|  29| 112|    0|
    +-----------------------------------------------------------+-------------------------------------------------+---------+----+----+----+-----+

    * DSP: 
    N/A

    * Memory: 
    +---------+----------------------------+---------+---+----+-----+------+-----+------+-------------+
    |  Memory |           Module           | BRAM_18K| FF| LUT| URAM| Words| Bits| Banks| W*Bits*Banks|
    +---------+----------------------------+---------+---+----+-----+------+-----+------+-------------+
    |B_BUF_U  |load_B_B_BUF_RAM_AUTO_1R1W  |       16|  0|   0|    0|    32|  512|     1|        16384|
    +---------+----------------------------+---------+---+----+-----+------+-----+------+-------------+
    |Total    |                            |       16|  0|   0|    0|    32|  512|     1|        16384|
    +---------+----------------------------+---------+---+----+-----+------+-----+------+-------------+

    * FIFO: 
    N/A

    * Expression: 
    +---------------------+----------+----+---+----+------------+------------+
    |    Variable Name    | Operation| DSP| FF| LUT| Bitwidth P0| Bitwidth P1|
    +---------------------+----------+----+---+----+------------+------------+
    |tj_2_fu_142_p2       |         +|   0|  0|   5|           4|           1|
    |icmp_ln37_fu_148_p2  |      icmp|   0|  0|   5|           4|           5|
    |ap_block_state1      |        or|   0|  0|   2|           1|           1|
    +---------------------+----------+----+---+----+------------+------------+
    |Total                |          |   0|  0|  12|           9|           7|
    +---------------------+----------+----+---+----+------------+------------+

    * Multiplexer: 
    +----------------------+----+-----------+-----+-----------+
    |         Name         | LUT| Input Size| Bits| Total Bits|
    +----------------------+----+-----------+-----+-----------+
    |B_BUF_address0        |   5|          3|    5|         15|
    |B_BUF_ce0             |   2|          3|    1|          3|
    |B_BUF_ce1             |   2|          2|    1|          2|
    |B_BUF_we0             |   2|          2|    1|          2|
    |B_in_write            |   2|          2|    1|          2|
    |ap_NS_fsm             |  86|         76|    1|         76|
    |ap_done               |   2|          2|    1|          2|
    |gmem1_blk_n_AR        |   2|          2|    1|          2|
    |m_axi_gmem1_ARADDR    |  64|          3|   64|        192|
    |m_axi_gmem1_ARBURST   |   2|          2|    2|          4|
    |m_axi_gmem1_ARCACHE   |   4|          2|    4|          8|
    |m_axi_gmem1_ARID      |   2|          2|    1|          2|
    |m_axi_gmem1_ARLEN     |  32|          3|   32|         96|
    |m_axi_gmem1_ARLOCK    |   2|          2|    2|          4|
    |m_axi_gmem1_ARPROT    |   3|          2|    3|          6|
    |m_axi_gmem1_ARQOS     |   4|          2|    4|          8|
    |m_axi_gmem1_ARREGION  |   4|          2|    4|          8|
    |m_axi_gmem1_ARSIZE    |   3|          2|    3|          6|
    |m_axi_gmem1_ARUSER    |   2|          2|    1|          2|
    |m_axi_gmem1_ARVALID   |   2|          3|    1|          3|
    |m_axi_gmem1_RREADY    |   2|          2|    1|          2|
    |tj_fu_66              |   4|          2|    4|          8|
    +----------------------+----+-----------+-----+-----------+
    |Total                 | 233|        123|  138|        453|
    +----------------------+----+-----------+-----+-----------+

    * Register: 
    +------------------------------------------------------------------------+----+----+-----+-----------+
    |                                  Name                                  | FF | LUT| Bits| Const Bits|
    +------------------------------------------------------------------------+----+----+-----+-----------+
    |ap_CS_fsm                                                               |  75|   0|   75|          0|
    |ap_done_reg                                                             |   1|   0|    1|          0|
    |grp_load_B_Pipeline_VITIS_LOOP_40_1_VITIS_LOOP_41_2_fu_87_ap_start_reg  |   1|   0|    1|          0|
    |grp_load_B_Pipeline_VITIS_LOOP_47_3_fu_94_ap_start_reg                  |   1|   0|    1|          0|
    |tj_fu_66                                                                |   4|   0|    4|          0|
    +------------------------------------------------------------------------+----+----+-----+-----------+
    |Total                                                                   |  82|   0|   82|          0|
    +------------------------------------------------------------------------+----+----+-----+-----------+



================================================================
== Interface
================================================================
* Summary: 
+----------------------+-----+------+------------+--------------+--------------+
|       RTL Ports      | Dir | Bits |  Protocol  | Source Object|    C Type    |
+----------------------+-----+------+------------+--------------+--------------+
|ap_clk                |   in|     1|  ap_ctrl_hs|        load_B|  return value|
|ap_rst                |   in|     1|  ap_ctrl_hs|        load_B|  return value|
|ap_start              |   in|     1|  ap_ctrl_hs|        load_B|  return value|
|ap_done               |  out|     1|  ap_ctrl_hs|        load_B|  return value|
|ap_continue           |   in|     1|  ap_ctrl_hs|        load_B|  return value|
|ap_idle               |  out|     1|  ap_ctrl_hs|        load_B|  return value|
|ap_ready              |  out|     1|  ap_ctrl_hs|        load_B|  return value|
|m_axi_gmem1_AWVALID   |  out|     1|       m_axi|         gmem1|       pointer|
|m_axi_gmem1_AWREADY   |   in|     1|       m_axi|         gmem1|       pointer|
|m_axi_gmem1_AWADDR    |  out|    64|       m_axi|         gmem1|       pointer|
|m_axi_gmem1_AWID      |  out|     1|       m_axi|         gmem1|       pointer|
|m_axi_gmem1_AWLEN     |  out|    32|       m_axi|         gmem1|       pointer|
|m_axi_gmem1_AWSIZE    |  out|     3|       m_axi|         gmem1|       pointer|
|m_axi_gmem1_AWBURST   |  out|     2|       m_axi|         gmem1|       pointer|
|m_axi_gmem1_AWLOCK    |  out|     2|       m_axi|         gmem1|       pointer|
|m_axi_gmem1_AWCACHE   |  out|     4|       m_axi|         gmem1|       pointer|
|m_axi_gmem1_AWPROT    |  out|     3|       m_axi|         gmem1|       pointer|
|m_axi_gmem1_AWQOS     |  out|     4|       m_axi|         gmem1|       pointer|
|m_axi_gmem1_AWREGION  |  out|     4|       m_axi|         gmem1|       pointer|
|m_axi_gmem1_AWUSER    |  out|     1|       m_axi|         gmem1|       pointer|
|m_axi_gmem1_WVALID    |  out|     1|       m_axi|         gmem1|       pointer|
|m_axi_gmem1_WREADY    |   in|     1|       m_axi|         gmem1|       pointer|
|m_axi_gmem1_WDATA     |  out|   512|       m_axi|         gmem1|       pointer|
|m_axi_gmem1_WSTRB     |  out|    64|       m_axi|         gmem1|       pointer|
|m_axi_gmem1_WLAST     |  out|     1|       m_axi|         gmem1|       pointer|
|m_axi_gmem1_WID       |  out|     1|       m_axi|         gmem1|       pointer|
|m_axi_gmem1_WUSER     |  out|     1|       m_axi|         gmem1|       pointer|
|m_axi_gmem1_ARVALID   |  out|     1|       m_axi|         gmem1|       pointer|
|m_axi_gmem1_ARREADY   |   in|     1|       m_axi|         gmem1|       pointer|
|m_axi_gmem1_ARADDR    |  out|    64|       m_axi|         gmem1|       pointer|
|m_axi_gmem1_ARID      |  out|     1|       m_axi|         gmem1|       pointer|
|m_axi_gmem1_ARLEN     |  out|    32|       m_axi|         gmem1|       pointer|
|m_axi_gmem1_ARSIZE    |  out|     3|       m_axi|         gmem1|       pointer|
|m_axi_gmem1_ARBURST   |  out|     2|       m_axi|         gmem1|       pointer|
|m_axi_gmem1_ARLOCK    |  out|     2|       m_axi|         gmem1|       pointer|
|m_axi_gmem1_ARCACHE   |  out|     4|       m_axi|         gmem1|       pointer|
|m_axi_gmem1_ARPROT    |  out|     3|       m_axi|         gmem1|       pointer|
|m_axi_gmem1_ARQOS     |  out|     4|       m_axi|         gmem1|       pointer|
|m_axi_gmem1_ARREGION  |  out|     4|       m_axi|         gmem1|       pointer|
|m_axi_gmem1_ARUSER    |  out|     1|       m_axi|         gmem1|       pointer|
|m_axi_gmem1_RVALID    |   in|     1|       m_axi|         gmem1|       pointer|
|m_axi_gmem1_RREADY    |  out|     1|       m_axi|         gmem1|       pointer|
|m_axi_gmem1_RDATA     |   in|   512|       m_axi|         gmem1|       pointer|
|m_axi_gmem1_RLAST     |   in|     1|       m_axi|         gmem1|       pointer|
|m_axi_gmem1_RID       |   in|     1|       m_axi|         gmem1|       pointer|
|m_axi_gmem1_RFIFONUM  |   in|    12|       m_axi|         gmem1|       pointer|
|m_axi_gmem1_RUSER     |   in|     1|       m_axi|         gmem1|       pointer|
|m_axi_gmem1_RRESP     |   in|     2|       m_axi|         gmem1|       pointer|
|m_axi_gmem1_BVALID    |   in|     1|       m_axi|         gmem1|       pointer|
|m_axi_gmem1_BREADY    |  out|     1|       m_axi|         gmem1|       pointer|
|m_axi_gmem1_BRESP     |   in|     2|       m_axi|         gmem1|       pointer|
|m_axi_gmem1_BID       |   in|     1|       m_axi|         gmem1|       pointer|
|m_axi_gmem1_BUSER     |   in|     1|       m_axi|         gmem1|       pointer|
|B_DRAM                |   in|    64|     ap_none|        B_DRAM|        scalar|
|B_in_din              |  out|  1024|     ap_fifo|          B_in|       pointer|
|B_in_num_data_valid   |   in|     5|     ap_fifo|          B_in|       pointer|
|B_in_fifo_cap         |   in|     5|     ap_fifo|          B_in|       pointer|
|B_in_full_n           |   in|     1|     ap_fifo|          B_in|       pointer|
|B_in_write            |  out|     1|     ap_fifo|          B_in|       pointer|
+----------------------+-----+------+------------+--------------+--------------+

