

================================================================
== Vitis HLS Report for 'load_A_Pipeline_load_from_DRAM'
================================================================
* Date:           Tue Sep  1 15:24:15 2026

* Version:        2023.2 (Build 4023990 on Oct 11 2023)
* Project:        hls_project
* Solution:       gemm2 (Vitis Kernel Flow Target)
* Product family: versalaicore
* Target device:  xcvc1902-vsva2197-2MP-e-S


================================================================
== Performance Estimates
================================================================
+ Timing: 
    * Summary: 
    +--------+---------+----------+------------+
    |  Clock |  Target | Estimated| Uncertainty|
    +--------+---------+----------+------------+
    |ap_clk  |  3.33 ns|  1.518 ns|     0.90 ns|
    +--------+---------+----------+------------+

+ Latency: 
    * Summary: 
    +---------+---------+----------+----------+-----+-----+---------+
    |  Latency (cycles) |  Latency (absolute) |  Interval | Pipeline|
    |   min   |   max   |    min   |    max   | min | max |   Type  |
    +---------+---------+----------+----------+-----+-----+---------+
    |      258|      258|  0.860 us|  0.860 us|  258|  258|       no|
    +---------+---------+----------+----------+-----+-----+---------+

    + Detail: 
        * Instance: 
        N/A

        * Loop: 
        +------------------+---------+---------+----------+-----------+-----------+------+----------+
        |                  |  Latency (cycles) | Iteration|  Initiation Interval  | Trip |          |
        |     Loop Name    |   min   |   max   |  Latency |  achieved |   target  | Count| Pipelined|
        +------------------+---------+---------+----------+-----------+-----------+------+----------+
        |- load_from_DRAM  |      256|      256|         3|          2|          2|   128|       yes|
        +------------------+---------+---------+----------+-----------+-----------+------+----------+



================================================================
== Utilization Estimates
================================================================
* Summary: 
+-----------------+---------+------+---------+--------+-----+
|       Name      | BRAM_18K|  DSP |    FF   |   LUT  | URAM|
+-----------------+---------+------+---------+--------+-----+
|DSP              |        -|     -|        -|       -|    -|
|Expression       |        -|     -|        0|      25|    -|
|FIFO             |        -|     -|        -|       -|    -|
|Instance         |        -|     -|        -|       -|    -|
|Memory           |        -|     -|        -|       -|    -|
|Multiplexer      |        -|     -|        -|      28|    -|
|Register         |        -|     -|       30|       -|    -|
+-----------------+---------+------+---------+--------+-----+
|Total            |        0|     0|       30|      53|    0|
+-----------------+---------+------+---------+--------+-----+
|Available        |     1934|  1968|  1799680|  899840|  463|
+-----------------+---------+------+---------+--------+-----+
|Utilization (%)  |        0|     0|       ~0|      ~0|    0|
+-----------------+---------+------+---------+--------+-----+

+ Detail: 
    * Instance: 
    N/A

    * DSP: 
    N/A

    * Memory: 
    N/A

    * FIFO: 
    N/A

    * Expression: 
    +----------------------------------+----------+----+---+----+------------+------------+
    |           Variable Name          | Operation| DSP| FF| LUT| Bitwidth P0| Bitwidth P1|
    +----------------------------------+----------+----+---+----+------------+------------+
    |add_ln11_fu_764_p2                |         +|   0|  0|   8|           8|           1|
    |ap_block_pp0_stage0_11001         |       and|   0|  0|   2|           1|           1|
    |ap_block_pp0_stage1_11001         |       and|   0|  0|   2|           1|           1|
    |ap_block_state2_pp0_stage1_iter0  |       and|   0|  0|   2|           1|           1|
    |icmp_ln11_fu_770_p2               |      icmp|   0|  0|   9|           8|           9|
    |ap_enable_pp0                     |       xor|   0|  0|   2|           1|           2|
    +----------------------------------+----------+----+---+----+------------+------------+
    |Total                             |          |   0|  0|  25|          20|          15|
    +----------------------------------+----------+----+---+----+------------+------------+

    * Multiplexer: 
    +-----------------------------+----+-----------+-----+-----------+
    |             Name            | LUT| Input Size| Bits| Total Bits|
    +-----------------------------+----+-----------+-----+-----------+
    |ap_NS_fsm                    |   2|          3|    1|          3|
    |ap_done_int                  |   2|          2|    1|          2|
    |ap_enable_reg_pp0_iter0      |   2|          2|    1|          2|
    |ap_enable_reg_pp0_iter0_reg  |   2|          2|    1|          2|
    |ap_enable_reg_pp0_iter1      |   2|          2|    1|          2|
    |ap_sig_allocacmp_i_4         |   8|          2|    8|         16|
    |gmem0_blk_n_R                |   2|          2|    1|          2|
    |i_fu_168                     |   8|          2|    8|         16|
    +-----------------------------+----+-----------+-----+-----------+
    |Total                        |  28|         17|   22|         45|
    +-----------------------------+----+-----------+-----+-----------+

    * Register: 
    +-----------------------------+---+----+-----+-----------+
    |             Name            | FF| LUT| Bits| Const Bits|
    +-----------------------------+---+----+-----+-----------+
    |ap_CS_fsm                    |  2|   0|    2|          0|
    |ap_done_reg                  |  1|   0|    1|          0|
    |ap_enable_reg_pp0_iter0_reg  |  1|   0|    1|          0|
    |ap_enable_reg_pp0_iter1      |  1|   0|    1|          0|
    |i_4_reg_1241                 |  8|   0|    8|          0|
    |i_fu_168                     |  8|   0|    8|          0|
    |icmp_ln11_reg_1246           |  1|   0|    1|          0|
    |zext_ln11_reg_1250           |  8|   0|   64|         56|
    +-----------------------------+---+----+-----+-----------+
    |Total                        | 30|   0|   86|         56|
    +-----------------------------+---+----+-----+-----------+



================================================================
== Interface
================================================================
* Summary: 
+----------------------+-----+-----+------------+--------------------------------+--------------+
|       RTL Ports      | Dir | Bits|  Protocol  |          Source Object         |    C Type    |
+----------------------+-----+-----+------------+--------------------------------+--------------+
|ap_clk                |   in|    1|  ap_ctrl_hs|  load_A_Pipeline_load_from_DRAM|  return value|
|ap_rst                |   in|    1|  ap_ctrl_hs|  load_A_Pipeline_load_from_DRAM|  return value|
|ap_start              |   in|    1|  ap_ctrl_hs|  load_A_Pipeline_load_from_DRAM|  return value|
|ap_done               |  out|    1|  ap_ctrl_hs|  load_A_Pipeline_load_from_DRAM|  return value|
|ap_idle               |  out|    1|  ap_ctrl_hs|  load_A_Pipeline_load_from_DRAM|  return value|
|ap_ready              |  out|    1|  ap_ctrl_hs|  load_A_Pipeline_load_from_DRAM|  return value|
|m_axi_gmem0_AWVALID   |  out|    1|       m_axi|                           gmem0|       pointer|
|m_axi_gmem0_AWREADY   |   in|    1|       m_axi|                           gmem0|       pointer|
|m_axi_gmem0_AWADDR    |  out|   64|       m_axi|                           gmem0|       pointer|
|m_axi_gmem0_AWID      |  out|    1|       m_axi|                           gmem0|       pointer|
|m_axi_gmem0_AWLEN     |  out|   32|       m_axi|                           gmem0|       pointer|
|m_axi_gmem0_AWSIZE    |  out|    3|       m_axi|                           gmem0|       pointer|
|m_axi_gmem0_AWBURST   |  out|    2|       m_axi|                           gmem0|       pointer|
|m_axi_gmem0_AWLOCK    |  out|    2|       m_axi|                           gmem0|       pointer|
|m_axi_gmem0_AWCACHE   |  out|    4|       m_axi|                           gmem0|       pointer|
|m_axi_gmem0_AWPROT    |  out|    3|       m_axi|                           gmem0|       pointer|
|m_axi_gmem0_AWQOS     |  out|    4|       m_axi|                           gmem0|       pointer|
|m_axi_gmem0_AWREGION  |  out|    4|       m_axi|                           gmem0|       pointer|
|m_axi_gmem0_AWUSER    |  out|    1|       m_axi|                           gmem0|       pointer|
|m_axi_gmem0_WVALID    |  out|    1|       m_axi|                           gmem0|       pointer|
|m_axi_gmem0_WREADY    |   in|    1|       m_axi|                           gmem0|       pointer|
|m_axi_gmem0_WDATA     |  out|  512|       m_axi|                           gmem0|       pointer|
|m_axi_gmem0_WSTRB     |  out|   64|       m_axi|                           gmem0|       pointer|
|m_axi_gmem0_WLAST     |  out|    1|       m_axi|                           gmem0|       pointer|
|m_axi_gmem0_WID       |  out|    1|       m_axi|                           gmem0|       pointer|
|m_axi_gmem0_WUSER     |  out|    1|       m_axi|                           gmem0|       pointer|
|m_axi_gmem0_ARVALID   |  out|    1|       m_axi|                           gmem0|       pointer|
|m_axi_gmem0_ARREADY   |   in|    1|       m_axi|                           gmem0|       pointer|
|m_axi_gmem0_ARADDR    |  out|   64|       m_axi|                           gmem0|       pointer|
|m_axi_gmem0_ARID      |  out|    1|       m_axi|                           gmem0|       pointer|
|m_axi_gmem0_ARLEN     |  out|   32|       m_axi|                           gmem0|       pointer|
|m_axi_gmem0_ARSIZE    |  out|    3|       m_axi|                           gmem0|       pointer|
|m_axi_gmem0_ARBURST   |  out|    2|       m_axi|                           gmem0|       pointer|
|m_axi_gmem0_ARLOCK    |  out|    2|       m_axi|                           gmem0|       pointer|
|m_axi_gmem0_ARCACHE   |  out|    4|       m_axi|                           gmem0|       pointer|
|m_axi_gmem0_ARPROT    |  out|    3|       m_axi|                           gmem0|       pointer|
|m_axi_gmem0_ARQOS     |  out|    4|       m_axi|                           gmem0|       pointer|
|m_axi_gmem0_ARREGION  |  out|    4|       m_axi|                           gmem0|       pointer|
|m_axi_gmem0_ARUSER    |  out|    1|       m_axi|                           gmem0|       pointer|
|m_axi_gmem0_RVALID    |   in|    1|       m_axi|                           gmem0|       pointer|
|m_axi_gmem0_RREADY    |  out|    1|       m_axi|                           gmem0|       pointer|
|m_axi_gmem0_RDATA     |   in|  512|       m_axi|                           gmem0|       pointer|
|m_axi_gmem0_RLAST     |   in|    1|       m_axi|                           gmem0|       pointer|
|m_axi_gmem0_RID       |   in|    1|       m_axi|                           gmem0|       pointer|
|m_axi_gmem0_RFIFONUM  |   in|   12|       m_axi|                           gmem0|       pointer|
|m_axi_gmem0_RUSER     |   in|    1|       m_axi|                           gmem0|       pointer|
|m_axi_gmem0_RRESP     |   in|    2|       m_axi|                           gmem0|       pointer|
|m_axi_gmem0_BVALID    |   in|    1|       m_axi|                           gmem0|       pointer|
|m_axi_gmem0_BREADY    |  out|    1|       m_axi|                           gmem0|       pointer|
|m_axi_gmem0_BRESP     |   in|    2|       m_axi|                           gmem0|       pointer|
|m_axi_gmem0_BID       |   in|    1|       m_axi|                           gmem0|       pointer|
|m_axi_gmem0_BUSER     |   in|    1|       m_axi|                           gmem0|       pointer|
|A_BUF_0_address0      |  out|    7|   ap_memory|                         A_BUF_0|         array|
|A_BUF_0_ce0           |  out|    1|   ap_memory|                         A_BUF_0|         array|
|A_BUF_0_we0           |  out|    1|   ap_memory|                         A_BUF_0|         array|
|A_BUF_0_d0            |  out|   32|   ap_memory|                         A_BUF_0|         array|
|A_BUF_1_address0      |  out|    7|   ap_memory|                         A_BUF_1|         array|
|A_BUF_1_ce0           |  out|    1|   ap_memory|                         A_BUF_1|         array|
|A_BUF_1_we0           |  out|    1|   ap_memory|                         A_BUF_1|         array|
|A_BUF_1_d0            |  out|   32|   ap_memory|                         A_BUF_1|         array|
|A_BUF_2_address0      |  out|    7|   ap_memory|                         A_BUF_2|         array|
|A_BUF_2_ce0           |  out|    1|   ap_memory|                         A_BUF_2|         array|
|A_BUF_2_we0           |  out|    1|   ap_memory|                         A_BUF_2|         array|
|A_BUF_2_d0            |  out|   32|   ap_memory|                         A_BUF_2|         array|
|A_BUF_3_address0      |  out|    7|   ap_memory|                         A_BUF_3|         array|
|A_BUF_3_ce0           |  out|    1|   ap_memory|                         A_BUF_3|         array|
|A_BUF_3_we0           |  out|    1|   ap_memory|                         A_BUF_3|         array|
|A_BUF_3_d0            |  out|   32|   ap_memory|                         A_BUF_3|         array|
|A_BUF_4_address0      |  out|    7|   ap_memory|                         A_BUF_4|         array|
|A_BUF_4_ce0           |  out|    1|   ap_memory|                         A_BUF_4|         array|
|A_BUF_4_we0           |  out|    1|   ap_memory|                         A_BUF_4|         array|
|A_BUF_4_d0            |  out|   32|   ap_memory|                         A_BUF_4|         array|
|A_BUF_5_address0      |  out|    7|   ap_memory|                         A_BUF_5|         array|
|A_BUF_5_ce0           |  out|    1|   ap_memory|                         A_BUF_5|         array|
|A_BUF_5_we0           |  out|    1|   ap_memory|                         A_BUF_5|         array|
|A_BUF_5_d0            |  out|   32|   ap_memory|                         A_BUF_5|         array|
|A_BUF_6_address0      |  out|    7|   ap_memory|                         A_BUF_6|         array|
|A_BUF_6_ce0           |  out|    1|   ap_memory|                         A_BUF_6|         array|
|A_BUF_6_we0           |  out|    1|   ap_memory|                         A_BUF_6|         array|
|A_BUF_6_d0            |  out|   32|   ap_memory|                         A_BUF_6|         array|
|A_BUF_7_address0      |  out|    7|   ap_memory|                         A_BUF_7|         array|
|A_BUF_7_ce0           |  out|    1|   ap_memory|                         A_BUF_7|         array|
|A_BUF_7_we0           |  out|    1|   ap_memory|                         A_BUF_7|         array|
|A_BUF_7_d0            |  out|   32|   ap_memory|                         A_BUF_7|         array|
|A_BUF_8_address0      |  out|    7|   ap_memory|                         A_BUF_8|         array|
|A_BUF_8_ce0           |  out|    1|   ap_memory|                         A_BUF_8|         array|
|A_BUF_8_we0           |  out|    1|   ap_memory|                         A_BUF_8|         array|
|A_BUF_8_d0            |  out|   32|   ap_memory|                         A_BUF_8|         array|
|A_BUF_9_address0      |  out|    7|   ap_memory|                         A_BUF_9|         array|
|A_BUF_9_ce0           |  out|    1|   ap_memory|                         A_BUF_9|         array|
|A_BUF_9_we0           |  out|    1|   ap_memory|                         A_BUF_9|         array|
|A_BUF_9_d0            |  out|   32|   ap_memory|                         A_BUF_9|         array|
|A_BUF_10_address0     |  out|    7|   ap_memory|                        A_BUF_10|         array|
|A_BUF_10_ce0          |  out|    1|   ap_memory|                        A_BUF_10|         array|
|A_BUF_10_we0          |  out|    1|   ap_memory|                        A_BUF_10|         array|
|A_BUF_10_d0           |  out|   32|   ap_memory|                        A_BUF_10|         array|
|A_BUF_11_address0     |  out|    7|   ap_memory|                        A_BUF_11|         array|
|A_BUF_11_ce0          |  out|    1|   ap_memory|                        A_BUF_11|         array|
|A_BUF_11_we0          |  out|    1|   ap_memory|                        A_BUF_11|         array|
|A_BUF_11_d0           |  out|   32|   ap_memory|                        A_BUF_11|         array|
|A_BUF_12_address0     |  out|    7|   ap_memory|                        A_BUF_12|         array|
|A_BUF_12_ce0          |  out|    1|   ap_memory|                        A_BUF_12|         array|
|A_BUF_12_we0          |  out|    1|   ap_memory|                        A_BUF_12|         array|
|A_BUF_12_d0           |  out|   32|   ap_memory|                        A_BUF_12|         array|
|A_BUF_13_address0     |  out|    7|   ap_memory|                        A_BUF_13|         array|
|A_BUF_13_ce0          |  out|    1|   ap_memory|                        A_BUF_13|         array|
|A_BUF_13_we0          |  out|    1|   ap_memory|                        A_BUF_13|         array|
|A_BUF_13_d0           |  out|   32|   ap_memory|                        A_BUF_13|         array|
|A_BUF_14_address0     |  out|    7|   ap_memory|                        A_BUF_14|         array|
|A_BUF_14_ce0          |  out|    1|   ap_memory|                        A_BUF_14|         array|
|A_BUF_14_we0          |  out|    1|   ap_memory|                        A_BUF_14|         array|
|A_BUF_14_d0           |  out|   32|   ap_memory|                        A_BUF_14|         array|
|A_BUF_15_address0     |  out|    7|   ap_memory|                        A_BUF_15|         array|
|A_BUF_15_ce0          |  out|    1|   ap_memory|                        A_BUF_15|         array|
|A_BUF_15_we0          |  out|    1|   ap_memory|                        A_BUF_15|         array|
|A_BUF_15_d0           |  out|   32|   ap_memory|                        A_BUF_15|         array|
|A_BUF_16_address0     |  out|    7|   ap_memory|                        A_BUF_16|         array|
|A_BUF_16_ce0          |  out|    1|   ap_memory|                        A_BUF_16|         array|
|A_BUF_16_we0          |  out|    1|   ap_memory|                        A_BUF_16|         array|
|A_BUF_16_d0           |  out|   32|   ap_memory|                        A_BUF_16|         array|
|A_BUF_17_address0     |  out|    7|   ap_memory|                        A_BUF_17|         array|
|A_BUF_17_ce0          |  out|    1|   ap_memory|                        A_BUF_17|         array|
|A_BUF_17_we0          |  out|    1|   ap_memory|                        A_BUF_17|         array|
|A_BUF_17_d0           |  out|   32|   ap_memory|                        A_BUF_17|         array|
|A_BUF_18_address0     |  out|    7|   ap_memory|                        A_BUF_18|         array|
|A_BUF_18_ce0          |  out|    1|   ap_memory|                        A_BUF_18|         array|
|A_BUF_18_we0          |  out|    1|   ap_memory|                        A_BUF_18|         array|
|A_BUF_18_d0           |  out|   32|   ap_memory|                        A_BUF_18|         array|
|A_BUF_19_address0     |  out|    7|   ap_memory|                        A_BUF_19|         array|
|A_BUF_19_ce0          |  out|    1|   ap_memory|                        A_BUF_19|         array|
|A_BUF_19_we0          |  out|    1|   ap_memory|                        A_BUF_19|         array|
|A_BUF_19_d0           |  out|   32|   ap_memory|                        A_BUF_19|         array|
|A_BUF_20_address0     |  out|    7|   ap_memory|                        A_BUF_20|         array|
|A_BUF_20_ce0          |  out|    1|   ap_memory|                        A_BUF_20|         array|
|A_BUF_20_we0          |  out|    1|   ap_memory|                        A_BUF_20|         array|
|A_BUF_20_d0           |  out|   32|   ap_memory|                        A_BUF_20|         array|
|A_BUF_21_address0     |  out|    7|   ap_memory|                        A_BUF_21|         array|
|A_BUF_21_ce0          |  out|    1|   ap_memory|                        A_BUF_21|         array|
|A_BUF_21_we0          |  out|    1|   ap_memory|                        A_BUF_21|         array|
|A_BUF_21_d0           |  out|   32|   ap_memory|                        A_BUF_21|         array|
|A_BUF_22_address0     |  out|    7|   ap_memory|                        A_BUF_22|         array|
|A_BUF_22_ce0          |  out|    1|   ap_memory|                        A_BUF_22|         array|
|A_BUF_22_we0          |  out|    1|   ap_memory|                        A_BUF_22|         array|
|A_BUF_22_d0           |  out|   32|   ap_memory|                        A_BUF_22|         array|
|A_BUF_23_address0     |  out|    7|   ap_memory|                        A_BUF_23|         array|
|A_BUF_23_ce0          |  out|    1|   ap_memory|                        A_BUF_23|         array|
|A_BUF_23_we0          |  out|    1|   ap_memory|                        A_BUF_23|         array|
|A_BUF_23_d0           |  out|   32|   ap_memory|                        A_BUF_23|         array|
|A_BUF_24_address0     |  out|    7|   ap_memory|                        A_BUF_24|         array|
|A_BUF_24_ce0          |  out|    1|   ap_memory|                        A_BUF_24|         array|
|A_BUF_24_we0          |  out|    1|   ap_memory|                        A_BUF_24|         array|
|A_BUF_24_d0           |  out|   32|   ap_memory|                        A_BUF_24|         array|
|A_BUF_25_address0     |  out|    7|   ap_memory|                        A_BUF_25|         array|
|A_BUF_25_ce0          |  out|    1|   ap_memory|                        A_BUF_25|         array|
|A_BUF_25_we0          |  out|    1|   ap_memory|                        A_BUF_25|         array|
|A_BUF_25_d0           |  out|   32|   ap_memory|                        A_BUF_25|         array|
|A_BUF_26_address0     |  out|    7|   ap_memory|                        A_BUF_26|         array|
|A_BUF_26_ce0          |  out|    1|   ap_memory|                        A_BUF_26|         array|
|A_BUF_26_we0          |  out|    1|   ap_memory|                        A_BUF_26|         array|
|A_BUF_26_d0           |  out|   32|   ap_memory|                        A_BUF_26|         array|
|A_BUF_27_address0     |  out|    7|   ap_memory|                        A_BUF_27|         array|
|A_BUF_27_ce0          |  out|    1|   ap_memory|                        A_BUF_27|         array|
|A_BUF_27_we0          |  out|    1|   ap_memory|                        A_BUF_27|         array|
|A_BUF_27_d0           |  out|   32|   ap_memory|                        A_BUF_27|         array|
|A_BUF_28_address0     |  out|    7|   ap_memory|                        A_BUF_28|         array|
|A_BUF_28_ce0          |  out|    1|   ap_memory|                        A_BUF_28|         array|
|A_BUF_28_we0          |  out|    1|   ap_memory|                        A_BUF_28|         array|
|A_BUF_28_d0           |  out|   32|   ap_memory|                        A_BUF_28|         array|
|A_BUF_29_address0     |  out|    7|   ap_memory|                        A_BUF_29|         array|
|A_BUF_29_ce0          |  out|    1|   ap_memory|                        A_BUF_29|         array|
|A_BUF_29_we0          |  out|    1|   ap_memory|                        A_BUF_29|         array|
|A_BUF_29_d0           |  out|   32|   ap_memory|                        A_BUF_29|         array|
|A_BUF_30_address0     |  out|    7|   ap_memory|                        A_BUF_30|         array|
|A_BUF_30_ce0          |  out|    1|   ap_memory|                        A_BUF_30|         array|
|A_BUF_30_we0          |  out|    1|   ap_memory|                        A_BUF_30|         array|
|A_BUF_30_d0           |  out|   32|   ap_memory|                        A_BUF_30|         array|
|A_BUF_31_address0     |  out|    7|   ap_memory|                        A_BUF_31|         array|
|A_BUF_31_ce0          |  out|    1|   ap_memory|                        A_BUF_31|         array|
|A_BUF_31_we0          |  out|    1|   ap_memory|                        A_BUF_31|         array|
|A_BUF_31_d0           |  out|   32|   ap_memory|                        A_BUF_31|         array|
+----------------------+-----+-----+------------+--------------------------------+--------------+

