

================================================================
== Vitis HLS Report for 'load_tile_A2'
================================================================
* Date:           Thu Jul 23 19:40:31 2026

* Version:        2023.2 (Build 4023990 on Oct 11 2023)
* Project:        hls_project
* Solution:       gemm2 (Vitis Kernel Flow Target)
* Product family: versalaicore
* Target device:  xcvc1902-vsva2197-2MP-e-S


================================================================
== Performance Estimates
================================================================
+ Timing: 
    * Summary: 
    +--------+---------+----------+------------+
    |  Clock |  Target | Estimated| Uncertainty|
    +--------+---------+----------+------------+
    |ap_clk  |  3.33 ns|  1.384 ns|     0.90 ns|
    +--------+---------+----------+------------+

+ Latency: 
    * Summary: 
    +---------+---------+-----------+-----------+-----+-----+---------+
    |  Latency (cycles) |   Latency (absolute)  |  Interval | Pipeline|
    |   min   |   max   |    min    |    max    | min | max |   Type  |
    +---------+---------+-----------+-----------+-----+-----+---------+
    |        8|        8|  26.664 ns|  26.664 ns|    8|    8|       no|
    +---------+---------+-----------+-----------+-----+-----+---------+

    + Detail: 
        * Instance: 
        N/A

        * Loop: 
        N/A



================================================================
== Utilization Estimates
================================================================
* Summary: 
+-----------------+---------+------+---------+--------+-----+
|       Name      | BRAM_18K|  DSP |    FF   |   LUT  | URAM|
+-----------------+---------+------+---------+--------+-----+
|DSP              |        -|     -|        -|       -|    -|
|Expression       |        -|     -|        0|       2|    -|
|FIFO             |        -|     -|        -|       -|    -|
|Instance         |        -|     -|        0|     256|    -|
|Memory           |        -|     -|        -|       -|    -|
|Multiplexer      |        -|     -|        -|    2542|    -|
|Register         |        -|     -|     3850|       -|    -|
+-----------------+---------+------+---------+--------+-----+
|Total            |        0|     0|     3850|    2800|    0|
+-----------------+---------+------+---------+--------+-----+
|Available        |     1934|  1968|  1799680|  899840|  463|
+-----------------+---------+------+---------+--------+-----+
|Utilization (%)  |        0|     0|       ~0|      ~0|    0|
+-----------------+---------+------+---------+--------+-----+

+ Detail: 
    * Instance: 
    +---------------------------+----------------------+---------+----+---+----+-----+
    |          Instance         |        Module        | BRAM_18K| DSP| FF| LUT| URAM|
    +---------------------------+----------------------+---------+----+---+----+-----+
    |sparsemux_9_2_32_1_1_U266  |sparsemux_9_2_32_1_1  |        0|   0|  0|  32|    0|
    |sparsemux_9_2_32_1_1_U267  |sparsemux_9_2_32_1_1  |        0|   0|  0|  32|    0|
    |sparsemux_9_2_32_1_1_U268  |sparsemux_9_2_32_1_1  |        0|   0|  0|  32|    0|
    |sparsemux_9_2_32_1_1_U269  |sparsemux_9_2_32_1_1  |        0|   0|  0|  32|    0|
    |sparsemux_9_2_32_1_1_U270  |sparsemux_9_2_32_1_1  |        0|   0|  0|  32|    0|
    |sparsemux_9_2_32_1_1_U271  |sparsemux_9_2_32_1_1  |        0|   0|  0|  32|    0|
    |sparsemux_9_2_32_1_1_U272  |sparsemux_9_2_32_1_1  |        0|   0|  0|  32|    0|
    |sparsemux_9_2_32_1_1_U273  |sparsemux_9_2_32_1_1  |        0|   0|  0|  32|    0|
    +---------------------------+----------------------+---------+----+---+----+-----+
    |Total                      |                      |        0|   0|  0| 256|    0|
    +---------------------------+----------------------+---------+----+---+----+-----+

    * DSP: 
    N/A

    * Memory: 
    N/A

    * FIFO: 
    N/A

    * Expression: 
    +-----------------+----------+----+---+----+------------+------------+
    |  Variable Name  | Operation| DSP| FF| LUT| Bitwidth P0| Bitwidth P1|
    +-----------------+----------+----+---+----+------------+------------+
    |ap_block_state1  |        or|   0|  0|   2|           1|           1|
    +-----------------+----------+----+---+----+------------+------------+
    |Total            |          |   0|  0|   2|           1|           1|
    +-----------------+----------+----+---+----+------------+------------+

    * Multiplexer: 
    +--------------------+----+-----------+-----+-----------+
    |        Name        | LUT| Input Size| Bits| Total Bits|
    +--------------------+----+-----------+-----+-----------+
    |A_BUF_0_0_address0  |  15|          9|    3|         27|
    |A_BUF_0_1_address0  |  15|          9|    3|         27|
    |A_BUF_0_2_address0  |  15|          9|    3|         27|
    |A_BUF_0_3_address0  |  15|          9|    3|         27|
    |A_BUF_0_4_address0  |  15|          9|    3|         27|
    |A_BUF_0_5_address0  |  15|          9|    3|         27|
    |A_BUF_0_6_address0  |  15|          9|    3|         27|
    |A_BUF_0_7_address0  |  15|          9|    3|         27|
    |A_BUF_1_0_address0  |  15|          9|    3|         27|
    |A_BUF_1_1_address0  |  15|          9|    3|         27|
    |A_BUF_1_2_address0  |  15|          9|    3|         27|
    |A_BUF_1_3_address0  |  15|          9|    3|         27|
    |A_BUF_1_4_address0  |  15|          9|    3|         27|
    |A_BUF_1_5_address0  |  15|          9|    3|         27|
    |A_BUF_1_6_address0  |  15|          9|    3|         27|
    |A_BUF_1_7_address0  |  15|          9|    3|         27|
    |A_BUF_2_0_address0  |  15|          9|    3|         27|
    |A_BUF_2_1_address0  |  15|          9|    3|         27|
    |A_BUF_2_2_address0  |  15|          9|    3|         27|
    |A_BUF_2_3_address0  |  15|          9|    3|         27|
    |A_BUF_2_4_address0  |  15|          9|    3|         27|
    |A_BUF_2_5_address0  |  15|          9|    3|         27|
    |A_BUF_2_6_address0  |  15|          9|    3|         27|
    |A_BUF_2_7_address0  |  15|          9|    3|         27|
    |A_BUF_3_0_address0  |  15|          9|    3|         27|
    |A_BUF_3_1_address0  |  15|          9|    3|         27|
    |A_BUF_3_2_address0  |  15|          9|    3|         27|
    |A_BUF_3_3_address0  |  15|          9|    3|         27|
    |A_BUF_3_4_address0  |  15|          9|    3|         27|
    |A_BUF_3_5_address0  |  15|          9|    3|         27|
    |A_BUF_3_6_address0  |  15|          9|    3|         27|
    |A_BUF_3_7_address0  |  15|          9|    3|         27|
    |ap_NS_fsm           |  10|         10|    1|         10|
    |ap_done             |   2|          2|    1|          2|
    |ap_return_0         |  32|          2|   32|         64|
    |ap_return_1         |  32|          2|   32|         64|
    |ap_return_10        |  32|          2|   32|         64|
    |ap_return_11        |  32|          2|   32|         64|
    |ap_return_12        |  32|          2|   32|         64|
    |ap_return_13        |  32|          2|   32|         64|
    |ap_return_14        |  32|          2|   32|         64|
    |ap_return_15        |  32|          2|   32|         64|
    |ap_return_16        |  32|          2|   32|         64|
    |ap_return_17        |  32|          2|   32|         64|
    |ap_return_18        |  32|          2|   32|         64|
    |ap_return_19        |  32|          2|   32|         64|
    |ap_return_2         |  32|          2|   32|         64|
    |ap_return_20        |  32|          2|   32|         64|
    |ap_return_21        |  32|          2|   32|         64|
    |ap_return_22        |  32|          2|   32|         64|
    |ap_return_23        |  32|          2|   32|         64|
    |ap_return_24        |  32|          2|   32|         64|
    |ap_return_25        |  32|          2|   32|         64|
    |ap_return_26        |  32|          2|   32|         64|
    |ap_return_27        |  32|          2|   32|         64|
    |ap_return_28        |  32|          2|   32|         64|
    |ap_return_29        |  32|          2|   32|         64|
    |ap_return_3         |  32|          2|   32|         64|
    |ap_return_30        |  32|          2|   32|         64|
    |ap_return_31        |  32|          2|   32|         64|
    |ap_return_32        |  32|          2|   32|         64|
    |ap_return_33        |  32|          2|   32|         64|
    |ap_return_34        |  32|          2|   32|         64|
    |ap_return_35        |  32|          2|   32|         64|
    |ap_return_36        |  32|          2|   32|         64|
    |ap_return_37        |  32|          2|   32|         64|
    |ap_return_38        |  32|          2|   32|         64|
    |ap_return_39        |  32|          2|   32|         64|
    |ap_return_4         |  32|          2|   32|         64|
    |ap_return_40        |  32|          2|   32|         64|
    |ap_return_41        |  32|          2|   32|         64|
    |ap_return_42        |  32|          2|   32|         64|
    |ap_return_43        |  32|          2|   32|         64|
    |ap_return_44        |  32|          2|   32|         64|
    |ap_return_45        |  32|          2|   32|         64|
    |ap_return_46        |  32|          2|   32|         64|
    |ap_return_47        |  32|          2|   32|         64|
    |ap_return_48        |  32|          2|   32|         64|
    |ap_return_49        |  32|          2|   32|         64|
    |ap_return_5         |  32|          2|   32|         64|
    |ap_return_50        |  32|          2|   32|         64|
    |ap_return_51        |  32|          2|   32|         64|
    |ap_return_52        |  32|          2|   32|         64|
    |ap_return_53        |  32|          2|   32|         64|
    |ap_return_54        |  32|          2|   32|         64|
    |ap_return_55        |  32|          2|   32|         64|
    |ap_return_56        |  32|          2|   32|         64|
    |ap_return_57        |  32|          2|   32|         64|
    |ap_return_58        |  32|          2|   32|         64|
    |ap_return_59        |  32|          2|   32|         64|
    |ap_return_6         |  32|          2|   32|         64|
    |ap_return_60        |  32|          2|   32|         64|
    |ap_return_61        |  32|          2|   32|         64|
    |ap_return_62        |  32|          2|   32|         64|
    |ap_return_63        |  32|          2|   32|         64|
    |ap_return_7         |  32|          2|   32|         64|
    |ap_return_8         |  32|          2|   32|         64|
    |ap_return_9         |  32|          2|   32|         64|
    |tileA_0_c_blk_n     |   2|          2|    1|          2|
    +--------------------+----+-----------+-----+-----------+
    |Total               |2542|        430| 2147|       4974|
    +--------------------+----+-----------+-----+-----------+

    * Register: 
    +------------------------------------------------------------------+----+----+-----+-----------+
    |                               Name                               | FF | LUT| Bits| Const Bits|
    +------------------------------------------------------------------+----+----+-----+-----------+
    |ap_CS_fsm                                                         |   9|   0|    9|          0|
    |ap_done_reg                                                       |   1|   0|    1|          0|
    |ap_return_0_preg                                                  |  32|   0|   32|          0|
    |ap_return_10_preg                                                 |  32|   0|   32|          0|
    |ap_return_11_preg                                                 |  32|   0|   32|          0|
    |ap_return_12_preg                                                 |  32|   0|   32|          0|
    |ap_return_13_preg                                                 |  32|   0|   32|          0|
    |ap_return_14_preg                                                 |  32|   0|   32|          0|
    |ap_return_15_preg                                                 |  32|   0|   32|          0|
    |ap_return_16_preg                                                 |  32|   0|   32|          0|
    |ap_return_17_preg                                                 |  32|   0|   32|          0|
    |ap_return_18_preg                                                 |  32|   0|   32|          0|
    |ap_return_19_preg                                                 |  32|   0|   32|          0|
    |ap_return_1_preg                                                  |  32|   0|   32|          0|
    |ap_return_20_preg                                                 |  32|   0|   32|          0|
    |ap_return_21_preg                                                 |  32|   0|   32|          0|
    |ap_return_22_preg                                                 |  32|   0|   32|          0|
    |ap_return_23_preg                                                 |  32|   0|   32|          0|
    |ap_return_24_preg                                                 |  32|   0|   32|          0|
    |ap_return_25_preg                                                 |  32|   0|   32|          0|
    |ap_return_26_preg                                                 |  32|   0|   32|          0|
    |ap_return_27_preg                                                 |  32|   0|   32|          0|
    |ap_return_28_preg                                                 |  32|   0|   32|          0|
    |ap_return_29_preg                                                 |  32|   0|   32|          0|
    |ap_return_2_preg                                                  |  32|   0|   32|          0|
    |ap_return_30_preg                                                 |  32|   0|   32|          0|
    |ap_return_31_preg                                                 |  32|   0|   32|          0|
    |ap_return_32_preg                                                 |  32|   0|   32|          0|
    |ap_return_33_preg                                                 |  32|   0|   32|          0|
    |ap_return_34_preg                                                 |  32|   0|   32|          0|
    |ap_return_35_preg                                                 |  32|   0|   32|          0|
    |ap_return_36_preg                                                 |  32|   0|   32|          0|
    |ap_return_37_preg                                                 |  32|   0|   32|          0|
    |ap_return_38_preg                                                 |  32|   0|   32|          0|
    |ap_return_39_preg                                                 |  32|   0|   32|          0|
    |ap_return_3_preg                                                  |  32|   0|   32|          0|
    |ap_return_40_preg                                                 |  32|   0|   32|          0|
    |ap_return_41_preg                                                 |  32|   0|   32|          0|
    |ap_return_42_preg                                                 |  32|   0|   32|          0|
    |ap_return_43_preg                                                 |  32|   0|   32|          0|
    |ap_return_44_preg                                                 |  32|   0|   32|          0|
    |ap_return_45_preg                                                 |  32|   0|   32|          0|
    |ap_return_46_preg                                                 |  32|   0|   32|          0|
    |ap_return_47_preg                                                 |  32|   0|   32|          0|
    |ap_return_48_preg                                                 |  32|   0|   32|          0|
    |ap_return_49_preg                                                 |  32|   0|   32|          0|
    |ap_return_4_preg                                                  |  32|   0|   32|          0|
    |ap_return_50_preg                                                 |  32|   0|   32|          0|
    |ap_return_51_preg                                                 |  32|   0|   32|          0|
    |ap_return_52_preg                                                 |  32|   0|   32|          0|
    |ap_return_53_preg                                                 |  32|   0|   32|          0|
    |ap_return_54_preg                                                 |  32|   0|   32|          0|
    |ap_return_55_preg                                                 |  32|   0|   32|          0|
    |ap_return_56_preg                                                 |  32|   0|   32|          0|
    |ap_return_57_preg                                                 |  32|   0|   32|          0|
    |ap_return_58_preg                                                 |  32|   0|   32|          0|
    |ap_return_59_preg                                                 |  32|   0|   32|          0|
    |ap_return_5_preg                                                  |  32|   0|   32|          0|
    |ap_return_60_preg                                                 |  32|   0|   32|          0|
    |ap_return_61_preg                                                 |  32|   0|   32|          0|
    |ap_return_62_preg                                                 |  32|   0|   32|          0|
    |ap_return_63_preg                                                 |  32|   0|   32|          0|
    |ap_return_6_preg                                                  |  32|   0|   32|          0|
    |ap_return_7_preg                                                  |  32|   0|   32|          0|
    |ap_return_8_preg                                                  |  32|   0|   32|          0|
    |ap_return_9_preg                                                  |  32|   0|   32|          0|
    |p_ZZ4tm_APA8_fPA9_N3hls6streamIfLi0EEEiE6A_TILE_0_0_c_i_reg_4318  |  32|   0|   32|          0|
    |p_ZZ4tm_APA8_fPA9_N3hls6streamIfLi0EEEiE6A_TILE_0_1_c_i_reg_4483  |  32|   0|   32|          0|
    |p_ZZ4tm_APA8_fPA9_N3hls6streamIfLi0EEEiE6A_TILE_0_2_c_i_reg_4488  |  32|   0|   32|          0|
    |p_ZZ4tm_APA8_fPA9_N3hls6streamIfLi0EEEiE6A_TILE_0_3_c_i_reg_4493  |  32|   0|   32|          0|
    |p_ZZ4tm_APA8_fPA9_N3hls6streamIfLi0EEEiE6A_TILE_0_4_c_i_reg_4498  |  32|   0|   32|          0|
    |p_ZZ4tm_APA8_fPA9_N3hls6streamIfLi0EEEiE6A_TILE_0_5_c_i_reg_4503  |  32|   0|   32|          0|
    |p_ZZ4tm_APA8_fPA9_N3hls6streamIfLi0EEEiE6A_TILE_0_6_c_i_reg_4508  |  32|   0|   32|          0|
    |p_ZZ4tm_APA8_fPA9_N3hls6streamIfLi0EEEiE6A_TILE_0_7_c_i_reg_4513  |  32|   0|   32|          0|
    |p_ZZ4tm_APA8_fPA9_N3hls6streamIfLi0EEEiE6A_TILE_1_0_c_i_reg_4678  |  32|   0|   32|          0|
    |p_ZZ4tm_APA8_fPA9_N3hls6streamIfLi0EEEiE6A_TILE_1_1_c_i_reg_4683  |  32|   0|   32|          0|
    |p_ZZ4tm_APA8_fPA9_N3hls6streamIfLi0EEEiE6A_TILE_1_2_c_i_reg_4688  |  32|   0|   32|          0|
    |p_ZZ4tm_APA8_fPA9_N3hls6streamIfLi0EEEiE6A_TILE_1_3_c_i_reg_4693  |  32|   0|   32|          0|
    |p_ZZ4tm_APA8_fPA9_N3hls6streamIfLi0EEEiE6A_TILE_1_4_c_i_reg_4698  |  32|   0|   32|          0|
    |p_ZZ4tm_APA8_fPA9_N3hls6streamIfLi0EEEiE6A_TILE_1_5_c_i_reg_4703  |  32|   0|   32|          0|
    |p_ZZ4tm_APA8_fPA9_N3hls6streamIfLi0EEEiE6A_TILE_1_6_c_i_reg_4708  |  32|   0|   32|          0|
    |p_ZZ4tm_APA8_fPA9_N3hls6streamIfLi0EEEiE6A_TILE_1_7_c_i_reg_4713  |  32|   0|   32|          0|
    |p_ZZ4tm_APA8_fPA9_N3hls6streamIfLi0EEEiE6A_TILE_2_0_c_i_reg_4878  |  32|   0|   32|          0|
    |p_ZZ4tm_APA8_fPA9_N3hls6streamIfLi0EEEiE6A_TILE_2_1_c_i_reg_4883  |  32|   0|   32|          0|
    |p_ZZ4tm_APA8_fPA9_N3hls6streamIfLi0EEEiE6A_TILE_2_2_c_i_reg_4888  |  32|   0|   32|          0|
    |p_ZZ4tm_APA8_fPA9_N3hls6streamIfLi0EEEiE6A_TILE_2_3_c_i_reg_4893  |  32|   0|   32|          0|
    |p_ZZ4tm_APA8_fPA9_N3hls6streamIfLi0EEEiE6A_TILE_2_4_c_i_reg_4898  |  32|   0|   32|          0|
    |p_ZZ4tm_APA8_fPA9_N3hls6streamIfLi0EEEiE6A_TILE_2_5_c_i_reg_4903  |  32|   0|   32|          0|
    |p_ZZ4tm_APA8_fPA9_N3hls6streamIfLi0EEEiE6A_TILE_2_6_c_i_reg_4908  |  32|   0|   32|          0|
    |p_ZZ4tm_APA8_fPA9_N3hls6streamIfLi0EEEiE6A_TILE_2_7_c_i_reg_4913  |  32|   0|   32|          0|
    |p_ZZ4tm_APA8_fPA9_N3hls6streamIfLi0EEEiE6A_TILE_3_0_c_i_reg_5078  |  32|   0|   32|          0|
    |p_ZZ4tm_APA8_fPA9_N3hls6streamIfLi0EEEiE6A_TILE_3_1_c_i_reg_5083  |  32|   0|   32|          0|
    |p_ZZ4tm_APA8_fPA9_N3hls6streamIfLi0EEEiE6A_TILE_3_2_c_i_reg_5088  |  32|   0|   32|          0|
    |p_ZZ4tm_APA8_fPA9_N3hls6streamIfLi0EEEiE6A_TILE_3_3_c_i_reg_5093  |  32|   0|   32|          0|
    |p_ZZ4tm_APA8_fPA9_N3hls6streamIfLi0EEEiE6A_TILE_3_4_c_i_reg_5098  |  32|   0|   32|          0|
    |p_ZZ4tm_APA8_fPA9_N3hls6streamIfLi0EEEiE6A_TILE_3_5_c_i_reg_5103  |  32|   0|   32|          0|
    |p_ZZ4tm_APA8_fPA9_N3hls6streamIfLi0EEEiE6A_TILE_3_6_c_i_reg_5108  |  32|   0|   32|          0|
    |p_ZZ4tm_APA8_fPA9_N3hls6streamIfLi0EEEiE6A_TILE_3_7_c_i_reg_5113  |  32|   0|   32|          0|
    |p_ZZ4tm_APA8_fPA9_N3hls6streamIfLi0EEEiE6A_TILE_4_0_c_i_reg_5278  |  32|   0|   32|          0|
    |p_ZZ4tm_APA8_fPA9_N3hls6streamIfLi0EEEiE6A_TILE_4_1_c_i_reg_5283  |  32|   0|   32|          0|
    |p_ZZ4tm_APA8_fPA9_N3hls6streamIfLi0EEEiE6A_TILE_4_2_c_i_reg_5288  |  32|   0|   32|          0|
    |p_ZZ4tm_APA8_fPA9_N3hls6streamIfLi0EEEiE6A_TILE_4_3_c_i_reg_5293  |  32|   0|   32|          0|
    |p_ZZ4tm_APA8_fPA9_N3hls6streamIfLi0EEEiE6A_TILE_4_4_c_i_reg_5298  |  32|   0|   32|          0|
    |p_ZZ4tm_APA8_fPA9_N3hls6streamIfLi0EEEiE6A_TILE_4_5_c_i_reg_5303  |  32|   0|   32|          0|
    |p_ZZ4tm_APA8_fPA9_N3hls6streamIfLi0EEEiE6A_TILE_4_6_c_i_reg_5308  |  32|   0|   32|          0|
    |p_ZZ4tm_APA8_fPA9_N3hls6streamIfLi0EEEiE6A_TILE_4_7_c_i_reg_5313  |  32|   0|   32|          0|
    |p_ZZ4tm_APA8_fPA9_N3hls6streamIfLi0EEEiE6A_TILE_5_0_c_i_reg_5478  |  32|   0|   32|          0|
    |p_ZZ4tm_APA8_fPA9_N3hls6streamIfLi0EEEiE6A_TILE_5_1_c_i_reg_5483  |  32|   0|   32|          0|
    |p_ZZ4tm_APA8_fPA9_N3hls6streamIfLi0EEEiE6A_TILE_5_2_c_i_reg_5488  |  32|   0|   32|          0|
    |p_ZZ4tm_APA8_fPA9_N3hls6streamIfLi0EEEiE6A_TILE_5_3_c_i_reg_5493  |  32|   0|   32|          0|
    |p_ZZ4tm_APA8_fPA9_N3hls6streamIfLi0EEEiE6A_TILE_5_4_c_i_reg_5498  |  32|   0|   32|          0|
    |p_ZZ4tm_APA8_fPA9_N3hls6streamIfLi0EEEiE6A_TILE_5_5_c_i_reg_5503  |  32|   0|   32|          0|
    |p_ZZ4tm_APA8_fPA9_N3hls6streamIfLi0EEEiE6A_TILE_5_6_c_i_reg_5508  |  32|   0|   32|          0|
    |p_ZZ4tm_APA8_fPA9_N3hls6streamIfLi0EEEiE6A_TILE_5_7_c_i_reg_5513  |  32|   0|   32|          0|
    |p_ZZ4tm_APA8_fPA9_N3hls6streamIfLi0EEEiE6A_TILE_6_0_c_i_reg_5678  |  32|   0|   32|          0|
    |p_ZZ4tm_APA8_fPA9_N3hls6streamIfLi0EEEiE6A_TILE_6_1_c_i_reg_5683  |  32|   0|   32|          0|
    |p_ZZ4tm_APA8_fPA9_N3hls6streamIfLi0EEEiE6A_TILE_6_2_c_i_reg_5688  |  32|   0|   32|          0|
    |p_ZZ4tm_APA8_fPA9_N3hls6streamIfLi0EEEiE6A_TILE_6_3_c_i_reg_5693  |  32|   0|   32|          0|
    |p_ZZ4tm_APA8_fPA9_N3hls6streamIfLi0EEEiE6A_TILE_6_4_c_i_reg_5698  |  32|   0|   32|          0|
    |p_ZZ4tm_APA8_fPA9_N3hls6streamIfLi0EEEiE6A_TILE_6_5_c_i_reg_5703  |  32|   0|   32|          0|
    |p_ZZ4tm_APA8_fPA9_N3hls6streamIfLi0EEEiE6A_TILE_6_6_c_i_reg_5708  |  32|   0|   32|          0|
    |p_ZZ4tm_APA8_fPA9_N3hls6streamIfLi0EEEiE6A_TILE_6_7_c_i_reg_5713  |  32|   0|   32|          0|
    +------------------------------------------------------------------+----+----+-----+-----------+
    |Total                                                             |3850|   0| 3850|          0|
    +------------------------------------------------------------------+----+----+-----+-----------+



================================================================
== Interface
================================================================
* Summary: 
+--------------------------+-----+-----+------------+--------------+--------------+
|         RTL Ports        | Dir | Bits|  Protocol  | Source Object|    C Type    |
+--------------------------+-----+-----+------------+--------------+--------------+
|ap_clk                    |   in|    1|  ap_ctrl_hs|  load_tile_A2|  return value|
|ap_rst                    |   in|    1|  ap_ctrl_hs|  load_tile_A2|  return value|
|ap_start                  |   in|    1|  ap_ctrl_hs|  load_tile_A2|  return value|
|ap_done                   |  out|    1|  ap_ctrl_hs|  load_tile_A2|  return value|
|ap_continue               |   in|    1|  ap_ctrl_hs|  load_tile_A2|  return value|
|ap_idle                   |  out|    1|  ap_ctrl_hs|  load_tile_A2|  return value|
|ap_ready                  |  out|    1|  ap_ctrl_hs|  load_tile_A2|  return value|
|ap_return_0               |  out|   32|  ap_ctrl_hs|  load_tile_A2|  return value|
|ap_return_1               |  out|   32|  ap_ctrl_hs|  load_tile_A2|  return value|
|ap_return_2               |  out|   32|  ap_ctrl_hs|  load_tile_A2|  return value|
|ap_return_3               |  out|   32|  ap_ctrl_hs|  load_tile_A2|  return value|
|ap_return_4               |  out|   32|  ap_ctrl_hs|  load_tile_A2|  return value|
|ap_return_5               |  out|   32|  ap_ctrl_hs|  load_tile_A2|  return value|
|ap_return_6               |  out|   32|  ap_ctrl_hs|  load_tile_A2|  return value|
|ap_return_7               |  out|   32|  ap_ctrl_hs|  load_tile_A2|  return value|
|ap_return_8               |  out|   32|  ap_ctrl_hs|  load_tile_A2|  return value|
|ap_return_9               |  out|   32|  ap_ctrl_hs|  load_tile_A2|  return value|
|ap_return_10              |  out|   32|  ap_ctrl_hs|  load_tile_A2|  return value|
|ap_return_11              |  out|   32|  ap_ctrl_hs|  load_tile_A2|  return value|
|ap_return_12              |  out|   32|  ap_ctrl_hs|  load_tile_A2|  return value|
|ap_return_13              |  out|   32|  ap_ctrl_hs|  load_tile_A2|  return value|
|ap_return_14              |  out|   32|  ap_ctrl_hs|  load_tile_A2|  return value|
|ap_return_15              |  out|   32|  ap_ctrl_hs|  load_tile_A2|  return value|
|ap_return_16              |  out|   32|  ap_ctrl_hs|  load_tile_A2|  return value|
|ap_return_17              |  out|   32|  ap_ctrl_hs|  load_tile_A2|  return value|
|ap_return_18              |  out|   32|  ap_ctrl_hs|  load_tile_A2|  return value|
|ap_return_19              |  out|   32|  ap_ctrl_hs|  load_tile_A2|  return value|
|ap_return_20              |  out|   32|  ap_ctrl_hs|  load_tile_A2|  return value|
|ap_return_21              |  out|   32|  ap_ctrl_hs|  load_tile_A2|  return value|
|ap_return_22              |  out|   32|  ap_ctrl_hs|  load_tile_A2|  return value|
|ap_return_23              |  out|   32|  ap_ctrl_hs|  load_tile_A2|  return value|
|ap_return_24              |  out|   32|  ap_ctrl_hs|  load_tile_A2|  return value|
|ap_return_25              |  out|   32|  ap_ctrl_hs|  load_tile_A2|  return value|
|ap_return_26              |  out|   32|  ap_ctrl_hs|  load_tile_A2|  return value|
|ap_return_27              |  out|   32|  ap_ctrl_hs|  load_tile_A2|  return value|
|ap_return_28              |  out|   32|  ap_ctrl_hs|  load_tile_A2|  return value|
|ap_return_29              |  out|   32|  ap_ctrl_hs|  load_tile_A2|  return value|
|ap_return_30              |  out|   32|  ap_ctrl_hs|  load_tile_A2|  return value|
|ap_return_31              |  out|   32|  ap_ctrl_hs|  load_tile_A2|  return value|
|ap_return_32              |  out|   32|  ap_ctrl_hs|  load_tile_A2|  return value|
|ap_return_33              |  out|   32|  ap_ctrl_hs|  load_tile_A2|  return value|
|ap_return_34              |  out|   32|  ap_ctrl_hs|  load_tile_A2|  return value|
|ap_return_35              |  out|   32|  ap_ctrl_hs|  load_tile_A2|  return value|
|ap_return_36              |  out|   32|  ap_ctrl_hs|  load_tile_A2|  return value|
|ap_return_37              |  out|   32|  ap_ctrl_hs|  load_tile_A2|  return value|
|ap_return_38              |  out|   32|  ap_ctrl_hs|  load_tile_A2|  return value|
|ap_return_39              |  out|   32|  ap_ctrl_hs|  load_tile_A2|  return value|
|ap_return_40              |  out|   32|  ap_ctrl_hs|  load_tile_A2|  return value|
|ap_return_41              |  out|   32|  ap_ctrl_hs|  load_tile_A2|  return value|
|ap_return_42              |  out|   32|  ap_ctrl_hs|  load_tile_A2|  return value|
|ap_return_43              |  out|   32|  ap_ctrl_hs|  load_tile_A2|  return value|
|ap_return_44              |  out|   32|  ap_ctrl_hs|  load_tile_A2|  return value|
|ap_return_45              |  out|   32|  ap_ctrl_hs|  load_tile_A2|  return value|
|ap_return_46              |  out|   32|  ap_ctrl_hs|  load_tile_A2|  return value|
|ap_return_47              |  out|   32|  ap_ctrl_hs|  load_tile_A2|  return value|
|ap_return_48              |  out|   32|  ap_ctrl_hs|  load_tile_A2|  return value|
|ap_return_49              |  out|   32|  ap_ctrl_hs|  load_tile_A2|  return value|
|ap_return_50              |  out|   32|  ap_ctrl_hs|  load_tile_A2|  return value|
|ap_return_51              |  out|   32|  ap_ctrl_hs|  load_tile_A2|  return value|
|ap_return_52              |  out|   32|  ap_ctrl_hs|  load_tile_A2|  return value|
|ap_return_53              |  out|   32|  ap_ctrl_hs|  load_tile_A2|  return value|
|ap_return_54              |  out|   32|  ap_ctrl_hs|  load_tile_A2|  return value|
|ap_return_55              |  out|   32|  ap_ctrl_hs|  load_tile_A2|  return value|
|ap_return_56              |  out|   32|  ap_ctrl_hs|  load_tile_A2|  return value|
|ap_return_57              |  out|   32|  ap_ctrl_hs|  load_tile_A2|  return value|
|ap_return_58              |  out|   32|  ap_ctrl_hs|  load_tile_A2|  return value|
|ap_return_59              |  out|   32|  ap_ctrl_hs|  load_tile_A2|  return value|
|ap_return_60              |  out|   32|  ap_ctrl_hs|  load_tile_A2|  return value|
|ap_return_61              |  out|   32|  ap_ctrl_hs|  load_tile_A2|  return value|
|ap_return_62              |  out|   32|  ap_ctrl_hs|  load_tile_A2|  return value|
|ap_return_63              |  out|   32|  ap_ctrl_hs|  load_tile_A2|  return value|
|A_BUF_0_0_address0        |  out|    3|   ap_memory|     A_BUF_0_0|         array|
|A_BUF_0_0_ce0             |  out|    1|   ap_memory|     A_BUF_0_0|         array|
|A_BUF_0_0_q0              |   in|   32|   ap_memory|     A_BUF_0_0|         array|
|A_BUF_0_1_address0        |  out|    3|   ap_memory|     A_BUF_0_1|         array|
|A_BUF_0_1_ce0             |  out|    1|   ap_memory|     A_BUF_0_1|         array|
|A_BUF_0_1_q0              |   in|   32|   ap_memory|     A_BUF_0_1|         array|
|A_BUF_0_2_address0        |  out|    3|   ap_memory|     A_BUF_0_2|         array|
|A_BUF_0_2_ce0             |  out|    1|   ap_memory|     A_BUF_0_2|         array|
|A_BUF_0_2_q0              |   in|   32|   ap_memory|     A_BUF_0_2|         array|
|A_BUF_0_3_address0        |  out|    3|   ap_memory|     A_BUF_0_3|         array|
|A_BUF_0_3_ce0             |  out|    1|   ap_memory|     A_BUF_0_3|         array|
|A_BUF_0_3_q0              |   in|   32|   ap_memory|     A_BUF_0_3|         array|
|A_BUF_0_4_address0        |  out|    3|   ap_memory|     A_BUF_0_4|         array|
|A_BUF_0_4_ce0             |  out|    1|   ap_memory|     A_BUF_0_4|         array|
|A_BUF_0_4_q0              |   in|   32|   ap_memory|     A_BUF_0_4|         array|
|A_BUF_0_5_address0        |  out|    3|   ap_memory|     A_BUF_0_5|         array|
|A_BUF_0_5_ce0             |  out|    1|   ap_memory|     A_BUF_0_5|         array|
|A_BUF_0_5_q0              |   in|   32|   ap_memory|     A_BUF_0_5|         array|
|A_BUF_0_6_address0        |  out|    3|   ap_memory|     A_BUF_0_6|         array|
|A_BUF_0_6_ce0             |  out|    1|   ap_memory|     A_BUF_0_6|         array|
|A_BUF_0_6_q0              |   in|   32|   ap_memory|     A_BUF_0_6|         array|
|A_BUF_0_7_address0        |  out|    3|   ap_memory|     A_BUF_0_7|         array|
|A_BUF_0_7_ce0             |  out|    1|   ap_memory|     A_BUF_0_7|         array|
|A_BUF_0_7_q0              |   in|   32|   ap_memory|     A_BUF_0_7|         array|
|A_BUF_1_0_address0        |  out|    3|   ap_memory|     A_BUF_1_0|         array|
|A_BUF_1_0_ce0             |  out|    1|   ap_memory|     A_BUF_1_0|         array|
|A_BUF_1_0_q0              |   in|   32|   ap_memory|     A_BUF_1_0|         array|
|A_BUF_1_1_address0        |  out|    3|   ap_memory|     A_BUF_1_1|         array|
|A_BUF_1_1_ce0             |  out|    1|   ap_memory|     A_BUF_1_1|         array|
|A_BUF_1_1_q0              |   in|   32|   ap_memory|     A_BUF_1_1|         array|
|A_BUF_1_2_address0        |  out|    3|   ap_memory|     A_BUF_1_2|         array|
|A_BUF_1_2_ce0             |  out|    1|   ap_memory|     A_BUF_1_2|         array|
|A_BUF_1_2_q0              |   in|   32|   ap_memory|     A_BUF_1_2|         array|
|A_BUF_1_3_address0        |  out|    3|   ap_memory|     A_BUF_1_3|         array|
|A_BUF_1_3_ce0             |  out|    1|   ap_memory|     A_BUF_1_3|         array|
|A_BUF_1_3_q0              |   in|   32|   ap_memory|     A_BUF_1_3|         array|
|A_BUF_1_4_address0        |  out|    3|   ap_memory|     A_BUF_1_4|         array|
|A_BUF_1_4_ce0             |  out|    1|   ap_memory|     A_BUF_1_4|         array|
|A_BUF_1_4_q0              |   in|   32|   ap_memory|     A_BUF_1_4|         array|
|A_BUF_1_5_address0        |  out|    3|   ap_memory|     A_BUF_1_5|         array|
|A_BUF_1_5_ce0             |  out|    1|   ap_memory|     A_BUF_1_5|         array|
|A_BUF_1_5_q0              |   in|   32|   ap_memory|     A_BUF_1_5|         array|
|A_BUF_1_6_address0        |  out|    3|   ap_memory|     A_BUF_1_6|         array|
|A_BUF_1_6_ce0             |  out|    1|   ap_memory|     A_BUF_1_6|         array|
|A_BUF_1_6_q0              |   in|   32|   ap_memory|     A_BUF_1_6|         array|
|A_BUF_1_7_address0        |  out|    3|   ap_memory|     A_BUF_1_7|         array|
|A_BUF_1_7_ce0             |  out|    1|   ap_memory|     A_BUF_1_7|         array|
|A_BUF_1_7_q0              |   in|   32|   ap_memory|     A_BUF_1_7|         array|
|A_BUF_2_0_address0        |  out|    3|   ap_memory|     A_BUF_2_0|         array|
|A_BUF_2_0_ce0             |  out|    1|   ap_memory|     A_BUF_2_0|         array|
|A_BUF_2_0_q0              |   in|   32|   ap_memory|     A_BUF_2_0|         array|
|A_BUF_2_1_address0        |  out|    3|   ap_memory|     A_BUF_2_1|         array|
|A_BUF_2_1_ce0             |  out|    1|   ap_memory|     A_BUF_2_1|         array|
|A_BUF_2_1_q0              |   in|   32|   ap_memory|     A_BUF_2_1|         array|
|A_BUF_2_2_address0        |  out|    3|   ap_memory|     A_BUF_2_2|         array|
|A_BUF_2_2_ce0             |  out|    1|   ap_memory|     A_BUF_2_2|         array|
|A_BUF_2_2_q0              |   in|   32|   ap_memory|     A_BUF_2_2|         array|
|A_BUF_2_3_address0        |  out|    3|   ap_memory|     A_BUF_2_3|         array|
|A_BUF_2_3_ce0             |  out|    1|   ap_memory|     A_BUF_2_3|         array|
|A_BUF_2_3_q0              |   in|   32|   ap_memory|     A_BUF_2_3|         array|
|A_BUF_2_4_address0        |  out|    3|   ap_memory|     A_BUF_2_4|         array|
|A_BUF_2_4_ce0             |  out|    1|   ap_memory|     A_BUF_2_4|         array|
|A_BUF_2_4_q0              |   in|   32|   ap_memory|     A_BUF_2_4|         array|
|A_BUF_2_5_address0        |  out|    3|   ap_memory|     A_BUF_2_5|         array|
|A_BUF_2_5_ce0             |  out|    1|   ap_memory|     A_BUF_2_5|         array|
|A_BUF_2_5_q0              |   in|   32|   ap_memory|     A_BUF_2_5|         array|
|A_BUF_2_6_address0        |  out|    3|   ap_memory|     A_BUF_2_6|         array|
|A_BUF_2_6_ce0             |  out|    1|   ap_memory|     A_BUF_2_6|         array|
|A_BUF_2_6_q0              |   in|   32|   ap_memory|     A_BUF_2_6|         array|
|A_BUF_2_7_address0        |  out|    3|   ap_memory|     A_BUF_2_7|         array|
|A_BUF_2_7_ce0             |  out|    1|   ap_memory|     A_BUF_2_7|         array|
|A_BUF_2_7_q0              |   in|   32|   ap_memory|     A_BUF_2_7|         array|
|A_BUF_3_0_address0        |  out|    3|   ap_memory|     A_BUF_3_0|         array|
|A_BUF_3_0_ce0             |  out|    1|   ap_memory|     A_BUF_3_0|         array|
|A_BUF_3_0_q0              |   in|   32|   ap_memory|     A_BUF_3_0|         array|
|A_BUF_3_1_address0        |  out|    3|   ap_memory|     A_BUF_3_1|         array|
|A_BUF_3_1_ce0             |  out|    1|   ap_memory|     A_BUF_3_1|         array|
|A_BUF_3_1_q0              |   in|   32|   ap_memory|     A_BUF_3_1|         array|
|A_BUF_3_2_address0        |  out|    3|   ap_memory|     A_BUF_3_2|         array|
|A_BUF_3_2_ce0             |  out|    1|   ap_memory|     A_BUF_3_2|         array|
|A_BUF_3_2_q0              |   in|   32|   ap_memory|     A_BUF_3_2|         array|
|A_BUF_3_3_address0        |  out|    3|   ap_memory|     A_BUF_3_3|         array|
|A_BUF_3_3_ce0             |  out|    1|   ap_memory|     A_BUF_3_3|         array|
|A_BUF_3_3_q0              |   in|   32|   ap_memory|     A_BUF_3_3|         array|
|A_BUF_3_4_address0        |  out|    3|   ap_memory|     A_BUF_3_4|         array|
|A_BUF_3_4_ce0             |  out|    1|   ap_memory|     A_BUF_3_4|         array|
|A_BUF_3_4_q0              |   in|   32|   ap_memory|     A_BUF_3_4|         array|
|A_BUF_3_5_address0        |  out|    3|   ap_memory|     A_BUF_3_5|         array|
|A_BUF_3_5_ce0             |  out|    1|   ap_memory|     A_BUF_3_5|         array|
|A_BUF_3_5_q0              |   in|   32|   ap_memory|     A_BUF_3_5|         array|
|A_BUF_3_6_address0        |  out|    3|   ap_memory|     A_BUF_3_6|         array|
|A_BUF_3_6_ce0             |  out|    1|   ap_memory|     A_BUF_3_6|         array|
|A_BUF_3_6_q0              |   in|   32|   ap_memory|     A_BUF_3_6|         array|
|A_BUF_3_7_address0        |  out|    3|   ap_memory|     A_BUF_3_7|         array|
|A_BUF_3_7_ce0             |  out|    1|   ap_memory|     A_BUF_3_7|         array|
|A_BUF_3_7_q0              |   in|   32|   ap_memory|     A_BUF_3_7|         array|
|tileA_0                   |   in|    2|     ap_none|       tileA_0|        scalar|
|tileA_0_c_din             |  out|    2|     ap_fifo|     tileA_0_c|       pointer|
|tileA_0_c_num_data_valid  |   in|    6|     ap_fifo|     tileA_0_c|       pointer|
|tileA_0_c_fifo_cap        |   in|    6|     ap_fifo|     tileA_0_c|       pointer|
|tileA_0_c_full_n          |   in|    1|     ap_fifo|     tileA_0_c|       pointer|
|tileA_0_c_write           |  out|    1|     ap_fifo|     tileA_0_c|       pointer|
+--------------------------+-----+-----+------------+--------------+--------------+

