

================================================================
== Vitis HLS Report for 'loadInputsFromDRAM'
================================================================
* Date:           Tue Jul 28 13:11:28 2026

* Version:        2023.2 (Build 4023990 on Oct 11 2023)
* Project:        hls_project
* Solution:       gemm2 (Vitis Kernel Flow Target)
* Product family: versalaicore
* Target device:  xcvc1902-vsva2197-2MP-e-S


================================================================
== Performance Estimates
================================================================
+ Timing: 
    * Summary: 
    +--------+---------+----------+------------+
    |  Clock |  Target | Estimated| Uncertainty|
    +--------+---------+----------+------------+
    |ap_clk  |  3.33 ns|  2.433 ns|     0.90 ns|
    +--------+---------+----------+------------+

+ Latency: 
    * Summary: 
    +---------+---------+----------+----------+-----+-----+----------+
    |  Latency (cycles) |  Latency (absolute) |  Interval | Pipeline |
    |   min   |   max   |    min   |    max   | min | max |   Type   |
    +---------+---------+----------+----------+-----+-----+----------+
    |      136|      136|  0.453 us|  0.453 us|  137|  137|  dataflow|
    +---------+---------+----------+----------+-----+-----+----------+

    + Detail: 
        * Instance: 
        +-----------+--------+---------+---------+----------+----------+-----+-----+---------+
        |           |        |  Latency (cycles) |  Latency (absolute) |  Interval | Pipeline|
        |  Instance | Module |   min   |   max   |    min   |    max   | min | max |   Type  |
        +-----------+--------+---------+---------+----------+----------+-----+-----+---------+
        |load_A_U0  |load_A  |      136|      136|  0.453 us|  0.453 us|  136|  136|       no|
        |load_B_U0  |load_B  |       85|       85|  0.283 us|  0.283 us|   85|   85|       no|
        +-----------+--------+---------+---------+----------+----------+-----+-----+---------+

        * Loop: 
        N/A



================================================================
== Utilization Estimates
================================================================
* Summary: 
+-----------------+---------+------+---------+--------+-----+
|       Name      | BRAM_18K|  DSP |    FF   |   LUT  | URAM|
+-----------------+---------+------+---------+--------+-----+
|DSP              |        -|     -|        -|       -|    -|
|Expression       |        -|     -|        0|      16|    -|
|FIFO             |        -|     -|        -|       -|    -|
|Instance         |        -|     -|     1139|    1673|    -|
|Memory           |        -|     -|        -|       -|    -|
|Multiplexer      |        -|     -|        -|       4|    -|
|Register         |        -|     -|        2|       -|    -|
+-----------------+---------+------+---------+--------+-----+
|Total            |        0|     0|     1141|    1693|    0|
+-----------------+---------+------+---------+--------+-----+
|Available        |     1934|  1968|  1799680|  899840|  463|
+-----------------+---------+------+---------+--------+-----+
|Utilization (%)  |        0|     0|       ~0|      ~0|    0|
+-----------------+---------+------+---------+--------+-----+

+ Detail: 
    * Instance: 
    +-----------+--------+---------+----+-----+------+-----+
    |  Instance | Module | BRAM_18K| DSP|  FF |  LUT | URAM|
    +-----------+--------+---------+----+-----+------+-----+
    |load_A_U0  |load_A  |        0|   0|  156|   179|    0|
    |load_B_U0  |load_B  |        0|   0|  983|  1494|    0|
    +-----------+--------+---------+----+-----+------+-----+
    |Total      |        |        0|   0| 1139|  1673|    0|
    +-----------+--------+---------+----+-----+------+-----+

    * DSP: 
    N/A

    * Memory: 
    N/A

    * FIFO: 
    N/A

    * Expression: 
    +----------------------------+----------+----+---+----+------------+------------+
    |        Variable Name       | Operation| DSP| FF| LUT| Bitwidth P0| Bitwidth P1|
    +----------------------------+----------+----+---+----+------------+------------+
    |ap_idle                     |       and|   0|  0|   2|           1|           1|
    |ap_sync_continue            |       and|   0|  0|   2|           1|           1|
    |ap_sync_done                |       and|   0|  0|   2|           1|           1|
    |ap_sync_ready               |       and|   0|  0|   2|           1|           1|
    |load_A_U0_ap_start          |       and|   0|  0|   2|           1|           1|
    |load_B_U0_ap_start          |       and|   0|  0|   2|           1|           1|
    |ap_sync_load_A_U0_ap_ready  |        or|   0|  0|   2|           1|           1|
    |ap_sync_load_B_U0_ap_ready  |        or|   0|  0|   2|           1|           1|
    +----------------------------+----------+----+---+----+------------+------------+
    |Total                       |          |   0|  0|  16|           8|           8|
    +----------------------------+----------+----+---+----+------------+------------+

    * Multiplexer: 
    +--------------------------------+----+-----------+-----+-----------+
    |              Name              | LUT| Input Size| Bits| Total Bits|
    +--------------------------------+----+-----------+-----+-----------+
    |ap_sync_reg_load_A_U0_ap_ready  |   2|          2|    1|          2|
    |ap_sync_reg_load_B_U0_ap_ready  |   2|          2|    1|          2|
    +--------------------------------+----+-----------+-----+-----------+
    |Total                           |   4|          4|    2|          4|
    +--------------------------------+----+-----------+-----+-----------+

    * Register: 
    +--------------------------------+---+----+-----+-----------+
    |              Name              | FF| LUT| Bits| Const Bits|
    +--------------------------------+---+----+-----+-----------+
    |ap_sync_reg_load_A_U0_ap_ready  |  1|   0|    1|          0|
    |ap_sync_reg_load_B_U0_ap_ready  |  1|   0|    1|          0|
    +--------------------------------+---+----+-----+-----------+
    |Total                           |  2|   0|    2|          0|
    +--------------------------------+---+----+-----+-----------+



================================================================
== Interface
================================================================
* Summary: 
+----------------------+-----+-----+------------+--------------------+--------------+
|       RTL Ports      | Dir | Bits|  Protocol  |    Source Object   |    C Type    |
+----------------------+-----+-----+------------+--------------------+--------------+
|m_axi_gmem0_AWVALID   |  out|    1|       m_axi|               gmem0|       pointer|
|m_axi_gmem0_AWREADY   |   in|    1|       m_axi|               gmem0|       pointer|
|m_axi_gmem0_AWADDR    |  out|   64|       m_axi|               gmem0|       pointer|
|m_axi_gmem0_AWID      |  out|    1|       m_axi|               gmem0|       pointer|
|m_axi_gmem0_AWLEN     |  out|   32|       m_axi|               gmem0|       pointer|
|m_axi_gmem0_AWSIZE    |  out|    3|       m_axi|               gmem0|       pointer|
|m_axi_gmem0_AWBURST   |  out|    2|       m_axi|               gmem0|       pointer|
|m_axi_gmem0_AWLOCK    |  out|    2|       m_axi|               gmem0|       pointer|
|m_axi_gmem0_AWCACHE   |  out|    4|       m_axi|               gmem0|       pointer|
|m_axi_gmem0_AWPROT    |  out|    3|       m_axi|               gmem0|       pointer|
|m_axi_gmem0_AWQOS     |  out|    4|       m_axi|               gmem0|       pointer|
|m_axi_gmem0_AWREGION  |  out|    4|       m_axi|               gmem0|       pointer|
|m_axi_gmem0_AWUSER    |  out|    1|       m_axi|               gmem0|       pointer|
|m_axi_gmem0_WVALID    |  out|    1|       m_axi|               gmem0|       pointer|
|m_axi_gmem0_WREADY    |   in|    1|       m_axi|               gmem0|       pointer|
|m_axi_gmem0_WDATA     |  out|  256|       m_axi|               gmem0|       pointer|
|m_axi_gmem0_WSTRB     |  out|   32|       m_axi|               gmem0|       pointer|
|m_axi_gmem0_WLAST     |  out|    1|       m_axi|               gmem0|       pointer|
|m_axi_gmem0_WID       |  out|    1|       m_axi|               gmem0|       pointer|
|m_axi_gmem0_WUSER     |  out|    1|       m_axi|               gmem0|       pointer|
|m_axi_gmem0_ARVALID   |  out|    1|       m_axi|               gmem0|       pointer|
|m_axi_gmem0_ARREADY   |   in|    1|       m_axi|               gmem0|       pointer|
|m_axi_gmem0_ARADDR    |  out|   64|       m_axi|               gmem0|       pointer|
|m_axi_gmem0_ARID      |  out|    1|       m_axi|               gmem0|       pointer|
|m_axi_gmem0_ARLEN     |  out|   32|       m_axi|               gmem0|       pointer|
|m_axi_gmem0_ARSIZE    |  out|    3|       m_axi|               gmem0|       pointer|
|m_axi_gmem0_ARBURST   |  out|    2|       m_axi|               gmem0|       pointer|
|m_axi_gmem0_ARLOCK    |  out|    2|       m_axi|               gmem0|       pointer|
|m_axi_gmem0_ARCACHE   |  out|    4|       m_axi|               gmem0|       pointer|
|m_axi_gmem0_ARPROT    |  out|    3|       m_axi|               gmem0|       pointer|
|m_axi_gmem0_ARQOS     |  out|    4|       m_axi|               gmem0|       pointer|
|m_axi_gmem0_ARREGION  |  out|    4|       m_axi|               gmem0|       pointer|
|m_axi_gmem0_ARUSER    |  out|    1|       m_axi|               gmem0|       pointer|
|m_axi_gmem0_RVALID    |   in|    1|       m_axi|               gmem0|       pointer|
|m_axi_gmem0_RREADY    |  out|    1|       m_axi|               gmem0|       pointer|
|m_axi_gmem0_RDATA     |   in|  256|       m_axi|               gmem0|       pointer|
|m_axi_gmem0_RLAST     |   in|    1|       m_axi|               gmem0|       pointer|
|m_axi_gmem0_RID       |   in|    1|       m_axi|               gmem0|       pointer|
|m_axi_gmem0_RFIFONUM  |   in|    8|       m_axi|               gmem0|       pointer|
|m_axi_gmem0_RUSER     |   in|    1|       m_axi|               gmem0|       pointer|
|m_axi_gmem0_RRESP     |   in|    2|       m_axi|               gmem0|       pointer|
|m_axi_gmem0_BVALID    |   in|    1|       m_axi|               gmem0|       pointer|
|m_axi_gmem0_BREADY    |  out|    1|       m_axi|               gmem0|       pointer|
|m_axi_gmem0_BRESP     |   in|    2|       m_axi|               gmem0|       pointer|
|m_axi_gmem0_BID       |   in|    1|       m_axi|               gmem0|       pointer|
|m_axi_gmem0_BUSER     |   in|    1|       m_axi|               gmem0|       pointer|
|A_DRAM                |   in|   64|     ap_none|              A_DRAM|        scalar|
|A_DRAM_ap_vld         |   in|    1|     ap_none|              A_DRAM|        scalar|
|m_axi_gmem1_AWVALID   |  out|    1|       m_axi|               gmem1|       pointer|
|m_axi_gmem1_AWREADY   |   in|    1|       m_axi|               gmem1|       pointer|
|m_axi_gmem1_AWADDR    |  out|   64|       m_axi|               gmem1|       pointer|
|m_axi_gmem1_AWID      |  out|    1|       m_axi|               gmem1|       pointer|
|m_axi_gmem1_AWLEN     |  out|   32|       m_axi|               gmem1|       pointer|
|m_axi_gmem1_AWSIZE    |  out|    3|       m_axi|               gmem1|       pointer|
|m_axi_gmem1_AWBURST   |  out|    2|       m_axi|               gmem1|       pointer|
|m_axi_gmem1_AWLOCK    |  out|    2|       m_axi|               gmem1|       pointer|
|m_axi_gmem1_AWCACHE   |  out|    4|       m_axi|               gmem1|       pointer|
|m_axi_gmem1_AWPROT    |  out|    3|       m_axi|               gmem1|       pointer|
|m_axi_gmem1_AWQOS     |  out|    4|       m_axi|               gmem1|       pointer|
|m_axi_gmem1_AWREGION  |  out|    4|       m_axi|               gmem1|       pointer|
|m_axi_gmem1_AWUSER    |  out|    1|       m_axi|               gmem1|       pointer|
|m_axi_gmem1_WVALID    |  out|    1|       m_axi|               gmem1|       pointer|
|m_axi_gmem1_WREADY    |   in|    1|       m_axi|               gmem1|       pointer|
|m_axi_gmem1_WDATA     |  out|  256|       m_axi|               gmem1|       pointer|
|m_axi_gmem1_WSTRB     |  out|   32|       m_axi|               gmem1|       pointer|
|m_axi_gmem1_WLAST     |  out|    1|       m_axi|               gmem1|       pointer|
|m_axi_gmem1_WID       |  out|    1|       m_axi|               gmem1|       pointer|
|m_axi_gmem1_WUSER     |  out|    1|       m_axi|               gmem1|       pointer|
|m_axi_gmem1_ARVALID   |  out|    1|       m_axi|               gmem1|       pointer|
|m_axi_gmem1_ARREADY   |   in|    1|       m_axi|               gmem1|       pointer|
|m_axi_gmem1_ARADDR    |  out|   64|       m_axi|               gmem1|       pointer|
|m_axi_gmem1_ARID      |  out|    1|       m_axi|               gmem1|       pointer|
|m_axi_gmem1_ARLEN     |  out|   32|       m_axi|               gmem1|       pointer|
|m_axi_gmem1_ARSIZE    |  out|    3|       m_axi|               gmem1|       pointer|
|m_axi_gmem1_ARBURST   |  out|    2|       m_axi|               gmem1|       pointer|
|m_axi_gmem1_ARLOCK    |  out|    2|       m_axi|               gmem1|       pointer|
|m_axi_gmem1_ARCACHE   |  out|    4|       m_axi|               gmem1|       pointer|
|m_axi_gmem1_ARPROT    |  out|    3|       m_axi|               gmem1|       pointer|
|m_axi_gmem1_ARQOS     |  out|    4|       m_axi|               gmem1|       pointer|
|m_axi_gmem1_ARREGION  |  out|    4|       m_axi|               gmem1|       pointer|
|m_axi_gmem1_ARUSER    |  out|    1|       m_axi|               gmem1|       pointer|
|m_axi_gmem1_RVALID    |   in|    1|       m_axi|               gmem1|       pointer|
|m_axi_gmem1_RREADY    |  out|    1|       m_axi|               gmem1|       pointer|
|m_axi_gmem1_RDATA     |   in|  256|       m_axi|               gmem1|       pointer|
|m_axi_gmem1_RLAST     |   in|    1|       m_axi|               gmem1|       pointer|
|m_axi_gmem1_RID       |   in|    1|       m_axi|               gmem1|       pointer|
|m_axi_gmem1_RFIFONUM  |   in|    8|       m_axi|               gmem1|       pointer|
|m_axi_gmem1_RUSER     |   in|    1|       m_axi|               gmem1|       pointer|
|m_axi_gmem1_RRESP     |   in|    2|       m_axi|               gmem1|       pointer|
|m_axi_gmem1_BVALID    |   in|    1|       m_axi|               gmem1|       pointer|
|m_axi_gmem1_BREADY    |  out|    1|       m_axi|               gmem1|       pointer|
|m_axi_gmem1_BRESP     |   in|    2|       m_axi|               gmem1|       pointer|
|m_axi_gmem1_BID       |   in|    1|       m_axi|               gmem1|       pointer|
|m_axi_gmem1_BUSER     |   in|    1|       m_axi|               gmem1|       pointer|
|B_DRAM                |   in|   64|     ap_none|              B_DRAM|        scalar|
|B_DRAM_ap_vld         |   in|    1|     ap_none|              B_DRAM|        scalar|
|A_in_0_din            |  out|  256|     ap_fifo|              A_in_0|       pointer|
|A_in_0_full_n         |   in|    1|     ap_fifo|              A_in_0|       pointer|
|A_in_0_write          |  out|    1|     ap_fifo|              A_in_0|       pointer|
|A_in_1_din            |  out|  256|     ap_fifo|              A_in_1|       pointer|
|A_in_1_full_n         |   in|    1|     ap_fifo|              A_in_1|       pointer|
|A_in_1_write          |  out|    1|     ap_fifo|              A_in_1|       pointer|
|A_in_2_din            |  out|  256|     ap_fifo|              A_in_2|       pointer|
|A_in_2_full_n         |   in|    1|     ap_fifo|              A_in_2|       pointer|
|A_in_2_write          |  out|    1|     ap_fifo|              A_in_2|       pointer|
|A_in_3_din            |  out|  256|     ap_fifo|              A_in_3|       pointer|
|A_in_3_full_n         |   in|    1|     ap_fifo|              A_in_3|       pointer|
|A_in_3_write          |  out|    1|     ap_fifo|              A_in_3|       pointer|
|B_BUF_0_address0      |  out|    3|   ap_memory|             B_BUF_0|         array|
|B_BUF_0_ce0           |  out|    1|   ap_memory|             B_BUF_0|         array|
|B_BUF_0_d0            |  out|   32|   ap_memory|             B_BUF_0|         array|
|B_BUF_0_q0            |   in|   32|   ap_memory|             B_BUF_0|         array|
|B_BUF_0_we0           |  out|    1|   ap_memory|             B_BUF_0|         array|
|B_BUF_0_address1      |  out|    3|   ap_memory|             B_BUF_0|         array|
|B_BUF_0_ce1           |  out|    1|   ap_memory|             B_BUF_0|         array|
|B_BUF_0_d1            |  out|   32|   ap_memory|             B_BUF_0|         array|
|B_BUF_0_q1            |   in|   32|   ap_memory|             B_BUF_0|         array|
|B_BUF_0_we1           |  out|    1|   ap_memory|             B_BUF_0|         array|
|B_BUF_0_address2      |  out|    3|   ap_memory|             B_BUF_0|         array|
|B_BUF_0_ce2           |  out|    1|   ap_memory|             B_BUF_0|         array|
|B_BUF_0_d2            |  out|   32|   ap_memory|             B_BUF_0|         array|
|B_BUF_0_q2            |   in|   32|   ap_memory|             B_BUF_0|         array|
|B_BUF_0_we2           |  out|    1|   ap_memory|             B_BUF_0|         array|
|B_BUF_0_address3      |  out|    3|   ap_memory|             B_BUF_0|         array|
|B_BUF_0_ce3           |  out|    1|   ap_memory|             B_BUF_0|         array|
|B_BUF_0_d3            |  out|   32|   ap_memory|             B_BUF_0|         array|
|B_BUF_0_q3            |   in|   32|   ap_memory|             B_BUF_0|         array|
|B_BUF_0_we3           |  out|    1|   ap_memory|             B_BUF_0|         array|
|B_BUF_0_address4      |  out|    3|   ap_memory|             B_BUF_0|         array|
|B_BUF_0_ce4           |  out|    1|   ap_memory|             B_BUF_0|         array|
|B_BUF_0_d4            |  out|   32|   ap_memory|             B_BUF_0|         array|
|B_BUF_0_q4            |   in|   32|   ap_memory|             B_BUF_0|         array|
|B_BUF_0_we4           |  out|    1|   ap_memory|             B_BUF_0|         array|
|B_BUF_0_address5      |  out|    3|   ap_memory|             B_BUF_0|         array|
|B_BUF_0_ce5           |  out|    1|   ap_memory|             B_BUF_0|         array|
|B_BUF_0_d5            |  out|   32|   ap_memory|             B_BUF_0|         array|
|B_BUF_0_q5            |   in|   32|   ap_memory|             B_BUF_0|         array|
|B_BUF_0_we5           |  out|    1|   ap_memory|             B_BUF_0|         array|
|B_BUF_0_address6      |  out|    3|   ap_memory|             B_BUF_0|         array|
|B_BUF_0_ce6           |  out|    1|   ap_memory|             B_BUF_0|         array|
|B_BUF_0_d6            |  out|   32|   ap_memory|             B_BUF_0|         array|
|B_BUF_0_q6            |   in|   32|   ap_memory|             B_BUF_0|         array|
|B_BUF_0_we6           |  out|    1|   ap_memory|             B_BUF_0|         array|
|B_BUF_0_address7      |  out|    3|   ap_memory|             B_BUF_0|         array|
|B_BUF_0_ce7           |  out|    1|   ap_memory|             B_BUF_0|         array|
|B_BUF_0_d7            |  out|   32|   ap_memory|             B_BUF_0|         array|
|B_BUF_0_q7            |   in|   32|   ap_memory|             B_BUF_0|         array|
|B_BUF_0_we7           |  out|    1|   ap_memory|             B_BUF_0|         array|
|B_BUF_0_address8      |  out|    3|   ap_memory|             B_BUF_0|         array|
|B_BUF_0_ce8           |  out|    1|   ap_memory|             B_BUF_0|         array|
|B_BUF_0_d8            |  out|   32|   ap_memory|             B_BUF_0|         array|
|B_BUF_0_q8            |   in|   32|   ap_memory|             B_BUF_0|         array|
|B_BUF_0_we8           |  out|    1|   ap_memory|             B_BUF_0|         array|
|B_BUF_0_address9      |  out|    3|   ap_memory|             B_BUF_0|         array|
|B_BUF_0_ce9           |  out|    1|   ap_memory|             B_BUF_0|         array|
|B_BUF_0_d9            |  out|   32|   ap_memory|             B_BUF_0|         array|
|B_BUF_0_q9            |   in|   32|   ap_memory|             B_BUF_0|         array|
|B_BUF_0_we9           |  out|    1|   ap_memory|             B_BUF_0|         array|
|B_BUF_0_address10     |  out|    3|   ap_memory|             B_BUF_0|         array|
|B_BUF_0_ce10          |  out|    1|   ap_memory|             B_BUF_0|         array|
|B_BUF_0_d10           |  out|   32|   ap_memory|             B_BUF_0|         array|
|B_BUF_0_q10           |   in|   32|   ap_memory|             B_BUF_0|         array|
|B_BUF_0_we10          |  out|    1|   ap_memory|             B_BUF_0|         array|
|B_BUF_0_address11     |  out|    3|   ap_memory|             B_BUF_0|         array|
|B_BUF_0_ce11          |  out|    1|   ap_memory|             B_BUF_0|         array|
|B_BUF_0_d11           |  out|   32|   ap_memory|             B_BUF_0|         array|
|B_BUF_0_q11           |   in|   32|   ap_memory|             B_BUF_0|         array|
|B_BUF_0_we11          |  out|    1|   ap_memory|             B_BUF_0|         array|
|B_BUF_0_address12     |  out|    3|   ap_memory|             B_BUF_0|         array|
|B_BUF_0_ce12          |  out|    1|   ap_memory|             B_BUF_0|         array|
|B_BUF_0_d12           |  out|   32|   ap_memory|             B_BUF_0|         array|
|B_BUF_0_q12           |   in|   32|   ap_memory|             B_BUF_0|         array|
|B_BUF_0_we12          |  out|    1|   ap_memory|             B_BUF_0|         array|
|B_BUF_0_address13     |  out|    3|   ap_memory|             B_BUF_0|         array|
|B_BUF_0_ce13          |  out|    1|   ap_memory|             B_BUF_0|         array|
|B_BUF_0_d13           |  out|   32|   ap_memory|             B_BUF_0|         array|
|B_BUF_0_q13           |   in|   32|   ap_memory|             B_BUF_0|         array|
|B_BUF_0_we13          |  out|    1|   ap_memory|             B_BUF_0|         array|
|B_BUF_0_address14     |  out|    3|   ap_memory|             B_BUF_0|         array|
|B_BUF_0_ce14          |  out|    1|   ap_memory|             B_BUF_0|         array|
|B_BUF_0_d14           |  out|   32|   ap_memory|             B_BUF_0|         array|
|B_BUF_0_q14           |   in|   32|   ap_memory|             B_BUF_0|         array|
|B_BUF_0_we14          |  out|    1|   ap_memory|             B_BUF_0|         array|
|B_BUF_0_address15     |  out|    3|   ap_memory|             B_BUF_0|         array|
|B_BUF_0_ce15          |  out|    1|   ap_memory|             B_BUF_0|         array|
|B_BUF_0_d15           |  out|   32|   ap_memory|             B_BUF_0|         array|
|B_BUF_0_q15           |   in|   32|   ap_memory|             B_BUF_0|         array|
|B_BUF_0_we15          |  out|    1|   ap_memory|             B_BUF_0|         array|
|B_BUF_0_address16     |  out|    3|   ap_memory|             B_BUF_0|         array|
|B_BUF_0_ce16          |  out|    1|   ap_memory|             B_BUF_0|         array|
|B_BUF_0_d16           |  out|   32|   ap_memory|             B_BUF_0|         array|
|B_BUF_0_q16           |   in|   32|   ap_memory|             B_BUF_0|         array|
|B_BUF_0_we16          |  out|    1|   ap_memory|             B_BUF_0|         array|
|B_BUF_1_address0      |  out|    3|   ap_memory|             B_BUF_1|         array|
|B_BUF_1_ce0           |  out|    1|   ap_memory|             B_BUF_1|         array|
|B_BUF_1_d0            |  out|   32|   ap_memory|             B_BUF_1|         array|
|B_BUF_1_q0            |   in|   32|   ap_memory|             B_BUF_1|         array|
|B_BUF_1_we0           |  out|    1|   ap_memory|             B_BUF_1|         array|
|B_BUF_1_address1      |  out|    3|   ap_memory|             B_BUF_1|         array|
|B_BUF_1_ce1           |  out|    1|   ap_memory|             B_BUF_1|         array|
|B_BUF_1_d1            |  out|   32|   ap_memory|             B_BUF_1|         array|
|B_BUF_1_q1            |   in|   32|   ap_memory|             B_BUF_1|         array|
|B_BUF_1_we1           |  out|    1|   ap_memory|             B_BUF_1|         array|
|B_BUF_1_address2      |  out|    3|   ap_memory|             B_BUF_1|         array|
|B_BUF_1_ce2           |  out|    1|   ap_memory|             B_BUF_1|         array|
|B_BUF_1_d2            |  out|   32|   ap_memory|             B_BUF_1|         array|
|B_BUF_1_q2            |   in|   32|   ap_memory|             B_BUF_1|         array|
|B_BUF_1_we2           |  out|    1|   ap_memory|             B_BUF_1|         array|
|B_BUF_1_address3      |  out|    3|   ap_memory|             B_BUF_1|         array|
|B_BUF_1_ce3           |  out|    1|   ap_memory|             B_BUF_1|         array|
|B_BUF_1_d3            |  out|   32|   ap_memory|             B_BUF_1|         array|
|B_BUF_1_q3            |   in|   32|   ap_memory|             B_BUF_1|         array|
|B_BUF_1_we3           |  out|    1|   ap_memory|             B_BUF_1|         array|
|B_BUF_1_address4      |  out|    3|   ap_memory|             B_BUF_1|         array|
|B_BUF_1_ce4           |  out|    1|   ap_memory|             B_BUF_1|         array|
|B_BUF_1_d4            |  out|   32|   ap_memory|             B_BUF_1|         array|
|B_BUF_1_q4            |   in|   32|   ap_memory|             B_BUF_1|         array|
|B_BUF_1_we4           |  out|    1|   ap_memory|             B_BUF_1|         array|
|B_BUF_1_address5      |  out|    3|   ap_memory|             B_BUF_1|         array|
|B_BUF_1_ce5           |  out|    1|   ap_memory|             B_BUF_1|         array|
|B_BUF_1_d5            |  out|   32|   ap_memory|             B_BUF_1|         array|
|B_BUF_1_q5            |   in|   32|   ap_memory|             B_BUF_1|         array|
|B_BUF_1_we5           |  out|    1|   ap_memory|             B_BUF_1|         array|
|B_BUF_1_address6      |  out|    3|   ap_memory|             B_BUF_1|         array|
|B_BUF_1_ce6           |  out|    1|   ap_memory|             B_BUF_1|         array|
|B_BUF_1_d6            |  out|   32|   ap_memory|             B_BUF_1|         array|
|B_BUF_1_q6            |   in|   32|   ap_memory|             B_BUF_1|         array|
|B_BUF_1_we6           |  out|    1|   ap_memory|             B_BUF_1|         array|
|B_BUF_1_address7      |  out|    3|   ap_memory|             B_BUF_1|         array|
|B_BUF_1_ce7           |  out|    1|   ap_memory|             B_BUF_1|         array|
|B_BUF_1_d7            |  out|   32|   ap_memory|             B_BUF_1|         array|
|B_BUF_1_q7            |   in|   32|   ap_memory|             B_BUF_1|         array|
|B_BUF_1_we7           |  out|    1|   ap_memory|             B_BUF_1|         array|
|B_BUF_1_address8      |  out|    3|   ap_memory|             B_BUF_1|         array|
|B_BUF_1_ce8           |  out|    1|   ap_memory|             B_BUF_1|         array|
|B_BUF_1_d8            |  out|   32|   ap_memory|             B_BUF_1|         array|
|B_BUF_1_q8            |   in|   32|   ap_memory|             B_BUF_1|         array|
|B_BUF_1_we8           |  out|    1|   ap_memory|             B_BUF_1|         array|
|B_BUF_1_address9      |  out|    3|   ap_memory|             B_BUF_1|         array|
|B_BUF_1_ce9           |  out|    1|   ap_memory|             B_BUF_1|         array|
|B_BUF_1_d9            |  out|   32|   ap_memory|             B_BUF_1|         array|
|B_BUF_1_q9            |   in|   32|   ap_memory|             B_BUF_1|         array|
|B_BUF_1_we9           |  out|    1|   ap_memory|             B_BUF_1|         array|
|B_BUF_1_address10     |  out|    3|   ap_memory|             B_BUF_1|         array|
|B_BUF_1_ce10          |  out|    1|   ap_memory|             B_BUF_1|         array|
|B_BUF_1_d10           |  out|   32|   ap_memory|             B_BUF_1|         array|
|B_BUF_1_q10           |   in|   32|   ap_memory|             B_BUF_1|         array|
|B_BUF_1_we10          |  out|    1|   ap_memory|             B_BUF_1|         array|
|B_BUF_1_address11     |  out|    3|   ap_memory|             B_BUF_1|         array|
|B_BUF_1_ce11          |  out|    1|   ap_memory|             B_BUF_1|         array|
|B_BUF_1_d11           |  out|   32|   ap_memory|             B_BUF_1|         array|
|B_BUF_1_q11           |   in|   32|   ap_memory|             B_BUF_1|         array|
|B_BUF_1_we11          |  out|    1|   ap_memory|             B_BUF_1|         array|
|B_BUF_1_address12     |  out|    3|   ap_memory|             B_BUF_1|         array|
|B_BUF_1_ce12          |  out|    1|   ap_memory|             B_BUF_1|         array|
|B_BUF_1_d12           |  out|   32|   ap_memory|             B_BUF_1|         array|
|B_BUF_1_q12           |   in|   32|   ap_memory|             B_BUF_1|         array|
|B_BUF_1_we12          |  out|    1|   ap_memory|             B_BUF_1|         array|
|B_BUF_1_address13     |  out|    3|   ap_memory|             B_BUF_1|         array|
|B_BUF_1_ce13          |  out|    1|   ap_memory|             B_BUF_1|         array|
|B_BUF_1_d13           |  out|   32|   ap_memory|             B_BUF_1|         array|
|B_BUF_1_q13           |   in|   32|   ap_memory|             B_BUF_1|         array|
|B_BUF_1_we13          |  out|    1|   ap_memory|             B_BUF_1|         array|
|B_BUF_1_address14     |  out|    3|   ap_memory|             B_BUF_1|         array|
|B_BUF_1_ce14          |  out|    1|   ap_memory|             B_BUF_1|         array|
|B_BUF_1_d14           |  out|   32|   ap_memory|             B_BUF_1|         array|
|B_BUF_1_q14           |   in|   32|   ap_memory|             B_BUF_1|         array|
|B_BUF_1_we14          |  out|    1|   ap_memory|             B_BUF_1|         array|
|B_BUF_1_address15     |  out|    3|   ap_memory|             B_BUF_1|         array|
|B_BUF_1_ce15          |  out|    1|   ap_memory|             B_BUF_1|         array|
|B_BUF_1_d15           |  out|   32|   ap_memory|             B_BUF_1|         array|
|B_BUF_1_q15           |   in|   32|   ap_memory|             B_BUF_1|         array|
|B_BUF_1_we15          |  out|    1|   ap_memory|             B_BUF_1|         array|
|B_BUF_1_address16     |  out|    3|   ap_memory|             B_BUF_1|         array|
|B_BUF_1_ce16          |  out|    1|   ap_memory|             B_BUF_1|         array|
|B_BUF_1_d16           |  out|   32|   ap_memory|             B_BUF_1|         array|
|B_BUF_1_q16           |   in|   32|   ap_memory|             B_BUF_1|         array|
|B_BUF_1_we16          |  out|    1|   ap_memory|             B_BUF_1|         array|
|B_BUF_2_address0      |  out|    3|   ap_memory|             B_BUF_2|         array|
|B_BUF_2_ce0           |  out|    1|   ap_memory|             B_BUF_2|         array|
|B_BUF_2_d0            |  out|   32|   ap_memory|             B_BUF_2|         array|
|B_BUF_2_q0            |   in|   32|   ap_memory|             B_BUF_2|         array|
|B_BUF_2_we0           |  out|    1|   ap_memory|             B_BUF_2|         array|
|B_BUF_2_address1      |  out|    3|   ap_memory|             B_BUF_2|         array|
|B_BUF_2_ce1           |  out|    1|   ap_memory|             B_BUF_2|         array|
|B_BUF_2_d1            |  out|   32|   ap_memory|             B_BUF_2|         array|
|B_BUF_2_q1            |   in|   32|   ap_memory|             B_BUF_2|         array|
|B_BUF_2_we1           |  out|    1|   ap_memory|             B_BUF_2|         array|
|B_BUF_2_address2      |  out|    3|   ap_memory|             B_BUF_2|         array|
|B_BUF_2_ce2           |  out|    1|   ap_memory|             B_BUF_2|         array|
|B_BUF_2_d2            |  out|   32|   ap_memory|             B_BUF_2|         array|
|B_BUF_2_q2            |   in|   32|   ap_memory|             B_BUF_2|         array|
|B_BUF_2_we2           |  out|    1|   ap_memory|             B_BUF_2|         array|
|B_BUF_2_address3      |  out|    3|   ap_memory|             B_BUF_2|         array|
|B_BUF_2_ce3           |  out|    1|   ap_memory|             B_BUF_2|         array|
|B_BUF_2_d3            |  out|   32|   ap_memory|             B_BUF_2|         array|
|B_BUF_2_q3            |   in|   32|   ap_memory|             B_BUF_2|         array|
|B_BUF_2_we3           |  out|    1|   ap_memory|             B_BUF_2|         array|
|B_BUF_2_address4      |  out|    3|   ap_memory|             B_BUF_2|         array|
|B_BUF_2_ce4           |  out|    1|   ap_memory|             B_BUF_2|         array|
|B_BUF_2_d4            |  out|   32|   ap_memory|             B_BUF_2|         array|
|B_BUF_2_q4            |   in|   32|   ap_memory|             B_BUF_2|         array|
|B_BUF_2_we4           |  out|    1|   ap_memory|             B_BUF_2|         array|
|B_BUF_2_address5      |  out|    3|   ap_memory|             B_BUF_2|         array|
|B_BUF_2_ce5           |  out|    1|   ap_memory|             B_BUF_2|         array|
|B_BUF_2_d5            |  out|   32|   ap_memory|             B_BUF_2|         array|
|B_BUF_2_q5            |   in|   32|   ap_memory|             B_BUF_2|         array|
|B_BUF_2_we5           |  out|    1|   ap_memory|             B_BUF_2|         array|
|B_BUF_2_address6      |  out|    3|   ap_memory|             B_BUF_2|         array|
|B_BUF_2_ce6           |  out|    1|   ap_memory|             B_BUF_2|         array|
|B_BUF_2_d6            |  out|   32|   ap_memory|             B_BUF_2|         array|
|B_BUF_2_q6            |   in|   32|   ap_memory|             B_BUF_2|         array|
|B_BUF_2_we6           |  out|    1|   ap_memory|             B_BUF_2|         array|
|B_BUF_2_address7      |  out|    3|   ap_memory|             B_BUF_2|         array|
|B_BUF_2_ce7           |  out|    1|   ap_memory|             B_BUF_2|         array|
|B_BUF_2_d7            |  out|   32|   ap_memory|             B_BUF_2|         array|
|B_BUF_2_q7            |   in|   32|   ap_memory|             B_BUF_2|         array|
|B_BUF_2_we7           |  out|    1|   ap_memory|             B_BUF_2|         array|
|B_BUF_2_address8      |  out|    3|   ap_memory|             B_BUF_2|         array|
|B_BUF_2_ce8           |  out|    1|   ap_memory|             B_BUF_2|         array|
|B_BUF_2_d8            |  out|   32|   ap_memory|             B_BUF_2|         array|
|B_BUF_2_q8            |   in|   32|   ap_memory|             B_BUF_2|         array|
|B_BUF_2_we8           |  out|    1|   ap_memory|             B_BUF_2|         array|
|B_BUF_2_address9      |  out|    3|   ap_memory|             B_BUF_2|         array|
|B_BUF_2_ce9           |  out|    1|   ap_memory|             B_BUF_2|         array|
|B_BUF_2_d9            |  out|   32|   ap_memory|             B_BUF_2|         array|
|B_BUF_2_q9            |   in|   32|   ap_memory|             B_BUF_2|         array|
|B_BUF_2_we9           |  out|    1|   ap_memory|             B_BUF_2|         array|
|B_BUF_2_address10     |  out|    3|   ap_memory|             B_BUF_2|         array|
|B_BUF_2_ce10          |  out|    1|   ap_memory|             B_BUF_2|         array|
|B_BUF_2_d10           |  out|   32|   ap_memory|             B_BUF_2|         array|
|B_BUF_2_q10           |   in|   32|   ap_memory|             B_BUF_2|         array|
|B_BUF_2_we10          |  out|    1|   ap_memory|             B_BUF_2|         array|
|B_BUF_2_address11     |  out|    3|   ap_memory|             B_BUF_2|         array|
|B_BUF_2_ce11          |  out|    1|   ap_memory|             B_BUF_2|         array|
|B_BUF_2_d11           |  out|   32|   ap_memory|             B_BUF_2|         array|
|B_BUF_2_q11           |   in|   32|   ap_memory|             B_BUF_2|         array|
|B_BUF_2_we11          |  out|    1|   ap_memory|             B_BUF_2|         array|
|B_BUF_2_address12     |  out|    3|   ap_memory|             B_BUF_2|         array|
|B_BUF_2_ce12          |  out|    1|   ap_memory|             B_BUF_2|         array|
|B_BUF_2_d12           |  out|   32|   ap_memory|             B_BUF_2|         array|
|B_BUF_2_q12           |   in|   32|   ap_memory|             B_BUF_2|         array|
|B_BUF_2_we12          |  out|    1|   ap_memory|             B_BUF_2|         array|
|B_BUF_2_address13     |  out|    3|   ap_memory|             B_BUF_2|         array|
|B_BUF_2_ce13          |  out|    1|   ap_memory|             B_BUF_2|         array|
|B_BUF_2_d13           |  out|   32|   ap_memory|             B_BUF_2|         array|
|B_BUF_2_q13           |   in|   32|   ap_memory|             B_BUF_2|         array|
|B_BUF_2_we13          |  out|    1|   ap_memory|             B_BUF_2|         array|
|B_BUF_2_address14     |  out|    3|   ap_memory|             B_BUF_2|         array|
|B_BUF_2_ce14          |  out|    1|   ap_memory|             B_BUF_2|         array|
|B_BUF_2_d14           |  out|   32|   ap_memory|             B_BUF_2|         array|
|B_BUF_2_q14           |   in|   32|   ap_memory|             B_BUF_2|         array|
|B_BUF_2_we14          |  out|    1|   ap_memory|             B_BUF_2|         array|
|B_BUF_2_address15     |  out|    3|   ap_memory|             B_BUF_2|         array|
|B_BUF_2_ce15          |  out|    1|   ap_memory|             B_BUF_2|         array|
|B_BUF_2_d15           |  out|   32|   ap_memory|             B_BUF_2|         array|
|B_BUF_2_q15           |   in|   32|   ap_memory|             B_BUF_2|         array|
|B_BUF_2_we15          |  out|    1|   ap_memory|             B_BUF_2|         array|
|B_BUF_2_address16     |  out|    3|   ap_memory|             B_BUF_2|         array|
|B_BUF_2_ce16          |  out|    1|   ap_memory|             B_BUF_2|         array|
|B_BUF_2_d16           |  out|   32|   ap_memory|             B_BUF_2|         array|
|B_BUF_2_q16           |   in|   32|   ap_memory|             B_BUF_2|         array|
|B_BUF_2_we16          |  out|    1|   ap_memory|             B_BUF_2|         array|
|B_BUF_3_address0      |  out|    3|   ap_memory|             B_BUF_3|         array|
|B_BUF_3_ce0           |  out|    1|   ap_memory|             B_BUF_3|         array|
|B_BUF_3_d0            |  out|   32|   ap_memory|             B_BUF_3|         array|
|B_BUF_3_q0            |   in|   32|   ap_memory|             B_BUF_3|         array|
|B_BUF_3_we0           |  out|    1|   ap_memory|             B_BUF_3|         array|
|B_BUF_3_address1      |  out|    3|   ap_memory|             B_BUF_3|         array|
|B_BUF_3_ce1           |  out|    1|   ap_memory|             B_BUF_3|         array|
|B_BUF_3_d1            |  out|   32|   ap_memory|             B_BUF_3|         array|
|B_BUF_3_q1            |   in|   32|   ap_memory|             B_BUF_3|         array|
|B_BUF_3_we1           |  out|    1|   ap_memory|             B_BUF_3|         array|
|B_BUF_3_address2      |  out|    3|   ap_memory|             B_BUF_3|         array|
|B_BUF_3_ce2           |  out|    1|   ap_memory|             B_BUF_3|         array|
|B_BUF_3_d2            |  out|   32|   ap_memory|             B_BUF_3|         array|
|B_BUF_3_q2            |   in|   32|   ap_memory|             B_BUF_3|         array|
|B_BUF_3_we2           |  out|    1|   ap_memory|             B_BUF_3|         array|
|B_BUF_3_address3      |  out|    3|   ap_memory|             B_BUF_3|         array|
|B_BUF_3_ce3           |  out|    1|   ap_memory|             B_BUF_3|         array|
|B_BUF_3_d3            |  out|   32|   ap_memory|             B_BUF_3|         array|
|B_BUF_3_q3            |   in|   32|   ap_memory|             B_BUF_3|         array|
|B_BUF_3_we3           |  out|    1|   ap_memory|             B_BUF_3|         array|
|B_BUF_3_address4      |  out|    3|   ap_memory|             B_BUF_3|         array|
|B_BUF_3_ce4           |  out|    1|   ap_memory|             B_BUF_3|         array|
|B_BUF_3_d4            |  out|   32|   ap_memory|             B_BUF_3|         array|
|B_BUF_3_q4            |   in|   32|   ap_memory|             B_BUF_3|         array|
|B_BUF_3_we4           |  out|    1|   ap_memory|             B_BUF_3|         array|
|B_BUF_3_address5      |  out|    3|   ap_memory|             B_BUF_3|         array|
|B_BUF_3_ce5           |  out|    1|   ap_memory|             B_BUF_3|         array|
|B_BUF_3_d5            |  out|   32|   ap_memory|             B_BUF_3|         array|
|B_BUF_3_q5            |   in|   32|   ap_memory|             B_BUF_3|         array|
|B_BUF_3_we5           |  out|    1|   ap_memory|             B_BUF_3|         array|
|B_BUF_3_address6      |  out|    3|   ap_memory|             B_BUF_3|         array|
|B_BUF_3_ce6           |  out|    1|   ap_memory|             B_BUF_3|         array|
|B_BUF_3_d6            |  out|   32|   ap_memory|             B_BUF_3|         array|
|B_BUF_3_q6            |   in|   32|   ap_memory|             B_BUF_3|         array|
|B_BUF_3_we6           |  out|    1|   ap_memory|             B_BUF_3|         array|
|B_BUF_3_address7      |  out|    3|   ap_memory|             B_BUF_3|         array|
|B_BUF_3_ce7           |  out|    1|   ap_memory|             B_BUF_3|         array|
|B_BUF_3_d7            |  out|   32|   ap_memory|             B_BUF_3|         array|
|B_BUF_3_q7            |   in|   32|   ap_memory|             B_BUF_3|         array|
|B_BUF_3_we7           |  out|    1|   ap_memory|             B_BUF_3|         array|
|B_BUF_3_address8      |  out|    3|   ap_memory|             B_BUF_3|         array|
|B_BUF_3_ce8           |  out|    1|   ap_memory|             B_BUF_3|         array|
|B_BUF_3_d8            |  out|   32|   ap_memory|             B_BUF_3|         array|
|B_BUF_3_q8            |   in|   32|   ap_memory|             B_BUF_3|         array|
|B_BUF_3_we8           |  out|    1|   ap_memory|             B_BUF_3|         array|
|B_BUF_3_address9      |  out|    3|   ap_memory|             B_BUF_3|         array|
|B_BUF_3_ce9           |  out|    1|   ap_memory|             B_BUF_3|         array|
|B_BUF_3_d9            |  out|   32|   ap_memory|             B_BUF_3|         array|
|B_BUF_3_q9            |   in|   32|   ap_memory|             B_BUF_3|         array|
|B_BUF_3_we9           |  out|    1|   ap_memory|             B_BUF_3|         array|
|B_BUF_3_address10     |  out|    3|   ap_memory|             B_BUF_3|         array|
|B_BUF_3_ce10          |  out|    1|   ap_memory|             B_BUF_3|         array|
|B_BUF_3_d10           |  out|   32|   ap_memory|             B_BUF_3|         array|
|B_BUF_3_q10           |   in|   32|   ap_memory|             B_BUF_3|         array|
|B_BUF_3_we10          |  out|    1|   ap_memory|             B_BUF_3|         array|
|B_BUF_3_address11     |  out|    3|   ap_memory|             B_BUF_3|         array|
|B_BUF_3_ce11          |  out|    1|   ap_memory|             B_BUF_3|         array|
|B_BUF_3_d11           |  out|   32|   ap_memory|             B_BUF_3|         array|
|B_BUF_3_q11           |   in|   32|   ap_memory|             B_BUF_3|         array|
|B_BUF_3_we11          |  out|    1|   ap_memory|             B_BUF_3|         array|
|B_BUF_3_address12     |  out|    3|   ap_memory|             B_BUF_3|         array|
|B_BUF_3_ce12          |  out|    1|   ap_memory|             B_BUF_3|         array|
|B_BUF_3_d12           |  out|   32|   ap_memory|             B_BUF_3|         array|
|B_BUF_3_q12           |   in|   32|   ap_memory|             B_BUF_3|         array|
|B_BUF_3_we12          |  out|    1|   ap_memory|             B_BUF_3|         array|
|B_BUF_3_address13     |  out|    3|   ap_memory|             B_BUF_3|         array|
|B_BUF_3_ce13          |  out|    1|   ap_memory|             B_BUF_3|         array|
|B_BUF_3_d13           |  out|   32|   ap_memory|             B_BUF_3|         array|
|B_BUF_3_q13           |   in|   32|   ap_memory|             B_BUF_3|         array|
|B_BUF_3_we13          |  out|    1|   ap_memory|             B_BUF_3|         array|
|B_BUF_3_address14     |  out|    3|   ap_memory|             B_BUF_3|         array|
|B_BUF_3_ce14          |  out|    1|   ap_memory|             B_BUF_3|         array|
|B_BUF_3_d14           |  out|   32|   ap_memory|             B_BUF_3|         array|
|B_BUF_3_q14           |   in|   32|   ap_memory|             B_BUF_3|         array|
|B_BUF_3_we14          |  out|    1|   ap_memory|             B_BUF_3|         array|
|B_BUF_3_address15     |  out|    3|   ap_memory|             B_BUF_3|         array|
|B_BUF_3_ce15          |  out|    1|   ap_memory|             B_BUF_3|         array|
|B_BUF_3_d15           |  out|   32|   ap_memory|             B_BUF_3|         array|
|B_BUF_3_q15           |   in|   32|   ap_memory|             B_BUF_3|         array|
|B_BUF_3_we15          |  out|    1|   ap_memory|             B_BUF_3|         array|
|B_BUF_3_address16     |  out|    3|   ap_memory|             B_BUF_3|         array|
|B_BUF_3_ce16          |  out|    1|   ap_memory|             B_BUF_3|         array|
|B_BUF_3_d16           |  out|   32|   ap_memory|             B_BUF_3|         array|
|B_BUF_3_q16           |   in|   32|   ap_memory|             B_BUF_3|         array|
|B_BUF_3_we16          |  out|    1|   ap_memory|             B_BUF_3|         array|
|B_BUF_4_address0      |  out|    3|   ap_memory|             B_BUF_4|         array|
|B_BUF_4_ce0           |  out|    1|   ap_memory|             B_BUF_4|         array|
|B_BUF_4_d0            |  out|   32|   ap_memory|             B_BUF_4|         array|
|B_BUF_4_q0            |   in|   32|   ap_memory|             B_BUF_4|         array|
|B_BUF_4_we0           |  out|    1|   ap_memory|             B_BUF_4|         array|
|B_BUF_4_address1      |  out|    3|   ap_memory|             B_BUF_4|         array|
|B_BUF_4_ce1           |  out|    1|   ap_memory|             B_BUF_4|         array|
|B_BUF_4_d1            |  out|   32|   ap_memory|             B_BUF_4|         array|
|B_BUF_4_q1            |   in|   32|   ap_memory|             B_BUF_4|         array|
|B_BUF_4_we1           |  out|    1|   ap_memory|             B_BUF_4|         array|
|B_BUF_4_address2      |  out|    3|   ap_memory|             B_BUF_4|         array|
|B_BUF_4_ce2           |  out|    1|   ap_memory|             B_BUF_4|         array|
|B_BUF_4_d2            |  out|   32|   ap_memory|             B_BUF_4|         array|
|B_BUF_4_q2            |   in|   32|   ap_memory|             B_BUF_4|         array|
|B_BUF_4_we2           |  out|    1|   ap_memory|             B_BUF_4|         array|
|B_BUF_4_address3      |  out|    3|   ap_memory|             B_BUF_4|         array|
|B_BUF_4_ce3           |  out|    1|   ap_memory|             B_BUF_4|         array|
|B_BUF_4_d3            |  out|   32|   ap_memory|             B_BUF_4|         array|
|B_BUF_4_q3            |   in|   32|   ap_memory|             B_BUF_4|         array|
|B_BUF_4_we3           |  out|    1|   ap_memory|             B_BUF_4|         array|
|B_BUF_4_address4      |  out|    3|   ap_memory|             B_BUF_4|         array|
|B_BUF_4_ce4           |  out|    1|   ap_memory|             B_BUF_4|         array|
|B_BUF_4_d4            |  out|   32|   ap_memory|             B_BUF_4|         array|
|B_BUF_4_q4            |   in|   32|   ap_memory|             B_BUF_4|         array|
|B_BUF_4_we4           |  out|    1|   ap_memory|             B_BUF_4|         array|
|B_BUF_4_address5      |  out|    3|   ap_memory|             B_BUF_4|         array|
|B_BUF_4_ce5           |  out|    1|   ap_memory|             B_BUF_4|         array|
|B_BUF_4_d5            |  out|   32|   ap_memory|             B_BUF_4|         array|
|B_BUF_4_q5            |   in|   32|   ap_memory|             B_BUF_4|         array|
|B_BUF_4_we5           |  out|    1|   ap_memory|             B_BUF_4|         array|
|B_BUF_4_address6      |  out|    3|   ap_memory|             B_BUF_4|         array|
|B_BUF_4_ce6           |  out|    1|   ap_memory|             B_BUF_4|         array|
|B_BUF_4_d6            |  out|   32|   ap_memory|             B_BUF_4|         array|
|B_BUF_4_q6            |   in|   32|   ap_memory|             B_BUF_4|         array|
|B_BUF_4_we6           |  out|    1|   ap_memory|             B_BUF_4|         array|
|B_BUF_4_address7      |  out|    3|   ap_memory|             B_BUF_4|         array|
|B_BUF_4_ce7           |  out|    1|   ap_memory|             B_BUF_4|         array|
|B_BUF_4_d7            |  out|   32|   ap_memory|             B_BUF_4|         array|
|B_BUF_4_q7            |   in|   32|   ap_memory|             B_BUF_4|         array|
|B_BUF_4_we7           |  out|    1|   ap_memory|             B_BUF_4|         array|
|B_BUF_4_address8      |  out|    3|   ap_memory|             B_BUF_4|         array|
|B_BUF_4_ce8           |  out|    1|   ap_memory|             B_BUF_4|         array|
|B_BUF_4_d8            |  out|   32|   ap_memory|             B_BUF_4|         array|
|B_BUF_4_q8            |   in|   32|   ap_memory|             B_BUF_4|         array|
|B_BUF_4_we8           |  out|    1|   ap_memory|             B_BUF_4|         array|
|B_BUF_4_address9      |  out|    3|   ap_memory|             B_BUF_4|         array|
|B_BUF_4_ce9           |  out|    1|   ap_memory|             B_BUF_4|         array|
|B_BUF_4_d9            |  out|   32|   ap_memory|             B_BUF_4|         array|
|B_BUF_4_q9            |   in|   32|   ap_memory|             B_BUF_4|         array|
|B_BUF_4_we9           |  out|    1|   ap_memory|             B_BUF_4|         array|
|B_BUF_4_address10     |  out|    3|   ap_memory|             B_BUF_4|         array|
|B_BUF_4_ce10          |  out|    1|   ap_memory|             B_BUF_4|         array|
|B_BUF_4_d10           |  out|   32|   ap_memory|             B_BUF_4|         array|
|B_BUF_4_q10           |   in|   32|   ap_memory|             B_BUF_4|         array|
|B_BUF_4_we10          |  out|    1|   ap_memory|             B_BUF_4|         array|
|B_BUF_4_address11     |  out|    3|   ap_memory|             B_BUF_4|         array|
|B_BUF_4_ce11          |  out|    1|   ap_memory|             B_BUF_4|         array|
|B_BUF_4_d11           |  out|   32|   ap_memory|             B_BUF_4|         array|
|B_BUF_4_q11           |   in|   32|   ap_memory|             B_BUF_4|         array|
|B_BUF_4_we11          |  out|    1|   ap_memory|             B_BUF_4|         array|
|B_BUF_4_address12     |  out|    3|   ap_memory|             B_BUF_4|         array|
|B_BUF_4_ce12          |  out|    1|   ap_memory|             B_BUF_4|         array|
|B_BUF_4_d12           |  out|   32|   ap_memory|             B_BUF_4|         array|
|B_BUF_4_q12           |   in|   32|   ap_memory|             B_BUF_4|         array|
|B_BUF_4_we12          |  out|    1|   ap_memory|             B_BUF_4|         array|
|B_BUF_4_address13     |  out|    3|   ap_memory|             B_BUF_4|         array|
|B_BUF_4_ce13          |  out|    1|   ap_memory|             B_BUF_4|         array|
|B_BUF_4_d13           |  out|   32|   ap_memory|             B_BUF_4|         array|
|B_BUF_4_q13           |   in|   32|   ap_memory|             B_BUF_4|         array|
|B_BUF_4_we13          |  out|    1|   ap_memory|             B_BUF_4|         array|
|B_BUF_4_address14     |  out|    3|   ap_memory|             B_BUF_4|         array|
|B_BUF_4_ce14          |  out|    1|   ap_memory|             B_BUF_4|         array|
|B_BUF_4_d14           |  out|   32|   ap_memory|             B_BUF_4|         array|
|B_BUF_4_q14           |   in|   32|   ap_memory|             B_BUF_4|         array|
|B_BUF_4_we14          |  out|    1|   ap_memory|             B_BUF_4|         array|
|B_BUF_4_address15     |  out|    3|   ap_memory|             B_BUF_4|         array|
|B_BUF_4_ce15          |  out|    1|   ap_memory|             B_BUF_4|         array|
|B_BUF_4_d15           |  out|   32|   ap_memory|             B_BUF_4|         array|
|B_BUF_4_q15           |   in|   32|   ap_memory|             B_BUF_4|         array|
|B_BUF_4_we15          |  out|    1|   ap_memory|             B_BUF_4|         array|
|B_BUF_4_address16     |  out|    3|   ap_memory|             B_BUF_4|         array|
|B_BUF_4_ce16          |  out|    1|   ap_memory|             B_BUF_4|         array|
|B_BUF_4_d16           |  out|   32|   ap_memory|             B_BUF_4|         array|
|B_BUF_4_q16           |   in|   32|   ap_memory|             B_BUF_4|         array|
|B_BUF_4_we16          |  out|    1|   ap_memory|             B_BUF_4|         array|
|B_BUF_5_address0      |  out|    3|   ap_memory|             B_BUF_5|         array|
|B_BUF_5_ce0           |  out|    1|   ap_memory|             B_BUF_5|         array|
|B_BUF_5_d0            |  out|   32|   ap_memory|             B_BUF_5|         array|
|B_BUF_5_q0            |   in|   32|   ap_memory|             B_BUF_5|         array|
|B_BUF_5_we0           |  out|    1|   ap_memory|             B_BUF_5|         array|
|B_BUF_5_address1      |  out|    3|   ap_memory|             B_BUF_5|         array|
|B_BUF_5_ce1           |  out|    1|   ap_memory|             B_BUF_5|         array|
|B_BUF_5_d1            |  out|   32|   ap_memory|             B_BUF_5|         array|
|B_BUF_5_q1            |   in|   32|   ap_memory|             B_BUF_5|         array|
|B_BUF_5_we1           |  out|    1|   ap_memory|             B_BUF_5|         array|
|B_BUF_5_address2      |  out|    3|   ap_memory|             B_BUF_5|         array|
|B_BUF_5_ce2           |  out|    1|   ap_memory|             B_BUF_5|         array|
|B_BUF_5_d2            |  out|   32|   ap_memory|             B_BUF_5|         array|
|B_BUF_5_q2            |   in|   32|   ap_memory|             B_BUF_5|         array|
|B_BUF_5_we2           |  out|    1|   ap_memory|             B_BUF_5|         array|
|B_BUF_5_address3      |  out|    3|   ap_memory|             B_BUF_5|         array|
|B_BUF_5_ce3           |  out|    1|   ap_memory|             B_BUF_5|         array|
|B_BUF_5_d3            |  out|   32|   ap_memory|             B_BUF_5|         array|
|B_BUF_5_q3            |   in|   32|   ap_memory|             B_BUF_5|         array|
|B_BUF_5_we3           |  out|    1|   ap_memory|             B_BUF_5|         array|
|B_BUF_5_address4      |  out|    3|   ap_memory|             B_BUF_5|         array|
|B_BUF_5_ce4           |  out|    1|   ap_memory|             B_BUF_5|         array|
|B_BUF_5_d4            |  out|   32|   ap_memory|             B_BUF_5|         array|
|B_BUF_5_q4            |   in|   32|   ap_memory|             B_BUF_5|         array|
|B_BUF_5_we4           |  out|    1|   ap_memory|             B_BUF_5|         array|
|B_BUF_5_address5      |  out|    3|   ap_memory|             B_BUF_5|         array|
|B_BUF_5_ce5           |  out|    1|   ap_memory|             B_BUF_5|         array|
|B_BUF_5_d5            |  out|   32|   ap_memory|             B_BUF_5|         array|
|B_BUF_5_q5            |   in|   32|   ap_memory|             B_BUF_5|         array|
|B_BUF_5_we5           |  out|    1|   ap_memory|             B_BUF_5|         array|
|B_BUF_5_address6      |  out|    3|   ap_memory|             B_BUF_5|         array|
|B_BUF_5_ce6           |  out|    1|   ap_memory|             B_BUF_5|         array|
|B_BUF_5_d6            |  out|   32|   ap_memory|             B_BUF_5|         array|
|B_BUF_5_q6            |   in|   32|   ap_memory|             B_BUF_5|         array|
|B_BUF_5_we6           |  out|    1|   ap_memory|             B_BUF_5|         array|
|B_BUF_5_address7      |  out|    3|   ap_memory|             B_BUF_5|         array|
|B_BUF_5_ce7           |  out|    1|   ap_memory|             B_BUF_5|         array|
|B_BUF_5_d7            |  out|   32|   ap_memory|             B_BUF_5|         array|
|B_BUF_5_q7            |   in|   32|   ap_memory|             B_BUF_5|         array|
|B_BUF_5_we7           |  out|    1|   ap_memory|             B_BUF_5|         array|
|B_BUF_5_address8      |  out|    3|   ap_memory|             B_BUF_5|         array|
|B_BUF_5_ce8           |  out|    1|   ap_memory|             B_BUF_5|         array|
|B_BUF_5_d8            |  out|   32|   ap_memory|             B_BUF_5|         array|
|B_BUF_5_q8            |   in|   32|   ap_memory|             B_BUF_5|         array|
|B_BUF_5_we8           |  out|    1|   ap_memory|             B_BUF_5|         array|
|B_BUF_5_address9      |  out|    3|   ap_memory|             B_BUF_5|         array|
|B_BUF_5_ce9           |  out|    1|   ap_memory|             B_BUF_5|         array|
|B_BUF_5_d9            |  out|   32|   ap_memory|             B_BUF_5|         array|
|B_BUF_5_q9            |   in|   32|   ap_memory|             B_BUF_5|         array|
|B_BUF_5_we9           |  out|    1|   ap_memory|             B_BUF_5|         array|
|B_BUF_5_address10     |  out|    3|   ap_memory|             B_BUF_5|         array|
|B_BUF_5_ce10          |  out|    1|   ap_memory|             B_BUF_5|         array|
|B_BUF_5_d10           |  out|   32|   ap_memory|             B_BUF_5|         array|
|B_BUF_5_q10           |   in|   32|   ap_memory|             B_BUF_5|         array|
|B_BUF_5_we10          |  out|    1|   ap_memory|             B_BUF_5|         array|
|B_BUF_5_address11     |  out|    3|   ap_memory|             B_BUF_5|         array|
|B_BUF_5_ce11          |  out|    1|   ap_memory|             B_BUF_5|         array|
|B_BUF_5_d11           |  out|   32|   ap_memory|             B_BUF_5|         array|
|B_BUF_5_q11           |   in|   32|   ap_memory|             B_BUF_5|         array|
|B_BUF_5_we11          |  out|    1|   ap_memory|             B_BUF_5|         array|
|B_BUF_5_address12     |  out|    3|   ap_memory|             B_BUF_5|         array|
|B_BUF_5_ce12          |  out|    1|   ap_memory|             B_BUF_5|         array|
|B_BUF_5_d12           |  out|   32|   ap_memory|             B_BUF_5|         array|
|B_BUF_5_q12           |   in|   32|   ap_memory|             B_BUF_5|         array|
|B_BUF_5_we12          |  out|    1|   ap_memory|             B_BUF_5|         array|
|B_BUF_5_address13     |  out|    3|   ap_memory|             B_BUF_5|         array|
|B_BUF_5_ce13          |  out|    1|   ap_memory|             B_BUF_5|         array|
|B_BUF_5_d13           |  out|   32|   ap_memory|             B_BUF_5|         array|
|B_BUF_5_q13           |   in|   32|   ap_memory|             B_BUF_5|         array|
|B_BUF_5_we13          |  out|    1|   ap_memory|             B_BUF_5|         array|
|B_BUF_5_address14     |  out|    3|   ap_memory|             B_BUF_5|         array|
|B_BUF_5_ce14          |  out|    1|   ap_memory|             B_BUF_5|         array|
|B_BUF_5_d14           |  out|   32|   ap_memory|             B_BUF_5|         array|
|B_BUF_5_q14           |   in|   32|   ap_memory|             B_BUF_5|         array|
|B_BUF_5_we14          |  out|    1|   ap_memory|             B_BUF_5|         array|
|B_BUF_5_address15     |  out|    3|   ap_memory|             B_BUF_5|         array|
|B_BUF_5_ce15          |  out|    1|   ap_memory|             B_BUF_5|         array|
|B_BUF_5_d15           |  out|   32|   ap_memory|             B_BUF_5|         array|
|B_BUF_5_q15           |   in|   32|   ap_memory|             B_BUF_5|         array|
|B_BUF_5_we15          |  out|    1|   ap_memory|             B_BUF_5|         array|
|B_BUF_5_address16     |  out|    3|   ap_memory|             B_BUF_5|         array|
|B_BUF_5_ce16          |  out|    1|   ap_memory|             B_BUF_5|         array|
|B_BUF_5_d16           |  out|   32|   ap_memory|             B_BUF_5|         array|
|B_BUF_5_q16           |   in|   32|   ap_memory|             B_BUF_5|         array|
|B_BUF_5_we16          |  out|    1|   ap_memory|             B_BUF_5|         array|
|B_BUF_6_address0      |  out|    3|   ap_memory|             B_BUF_6|         array|
|B_BUF_6_ce0           |  out|    1|   ap_memory|             B_BUF_6|         array|
|B_BUF_6_d0            |  out|   32|   ap_memory|             B_BUF_6|         array|
|B_BUF_6_q0            |   in|   32|   ap_memory|             B_BUF_6|         array|
|B_BUF_6_we0           |  out|    1|   ap_memory|             B_BUF_6|         array|
|B_BUF_6_address1      |  out|    3|   ap_memory|             B_BUF_6|         array|
|B_BUF_6_ce1           |  out|    1|   ap_memory|             B_BUF_6|         array|
|B_BUF_6_d1            |  out|   32|   ap_memory|             B_BUF_6|         array|
|B_BUF_6_q1            |   in|   32|   ap_memory|             B_BUF_6|         array|
|B_BUF_6_we1           |  out|    1|   ap_memory|             B_BUF_6|         array|
|B_BUF_6_address2      |  out|    3|   ap_memory|             B_BUF_6|         array|
|B_BUF_6_ce2           |  out|    1|   ap_memory|             B_BUF_6|         array|
|B_BUF_6_d2            |  out|   32|   ap_memory|             B_BUF_6|         array|
|B_BUF_6_q2            |   in|   32|   ap_memory|             B_BUF_6|         array|
|B_BUF_6_we2           |  out|    1|   ap_memory|             B_BUF_6|         array|
|B_BUF_6_address3      |  out|    3|   ap_memory|             B_BUF_6|         array|
|B_BUF_6_ce3           |  out|    1|   ap_memory|             B_BUF_6|         array|
|B_BUF_6_d3            |  out|   32|   ap_memory|             B_BUF_6|         array|
|B_BUF_6_q3            |   in|   32|   ap_memory|             B_BUF_6|         array|
|B_BUF_6_we3           |  out|    1|   ap_memory|             B_BUF_6|         array|
|B_BUF_6_address4      |  out|    3|   ap_memory|             B_BUF_6|         array|
|B_BUF_6_ce4           |  out|    1|   ap_memory|             B_BUF_6|         array|
|B_BUF_6_d4            |  out|   32|   ap_memory|             B_BUF_6|         array|
|B_BUF_6_q4            |   in|   32|   ap_memory|             B_BUF_6|         array|
|B_BUF_6_we4           |  out|    1|   ap_memory|             B_BUF_6|         array|
|B_BUF_6_address5      |  out|    3|   ap_memory|             B_BUF_6|         array|
|B_BUF_6_ce5           |  out|    1|   ap_memory|             B_BUF_6|         array|
|B_BUF_6_d5            |  out|   32|   ap_memory|             B_BUF_6|         array|
|B_BUF_6_q5            |   in|   32|   ap_memory|             B_BUF_6|         array|
|B_BUF_6_we5           |  out|    1|   ap_memory|             B_BUF_6|         array|
|B_BUF_6_address6      |  out|    3|   ap_memory|             B_BUF_6|         array|
|B_BUF_6_ce6           |  out|    1|   ap_memory|             B_BUF_6|         array|
|B_BUF_6_d6            |  out|   32|   ap_memory|             B_BUF_6|         array|
|B_BUF_6_q6            |   in|   32|   ap_memory|             B_BUF_6|         array|
|B_BUF_6_we6           |  out|    1|   ap_memory|             B_BUF_6|         array|
|B_BUF_6_address7      |  out|    3|   ap_memory|             B_BUF_6|         array|
|B_BUF_6_ce7           |  out|    1|   ap_memory|             B_BUF_6|         array|
|B_BUF_6_d7            |  out|   32|   ap_memory|             B_BUF_6|         array|
|B_BUF_6_q7            |   in|   32|   ap_memory|             B_BUF_6|         array|
|B_BUF_6_we7           |  out|    1|   ap_memory|             B_BUF_6|         array|
|B_BUF_6_address8      |  out|    3|   ap_memory|             B_BUF_6|         array|
|B_BUF_6_ce8           |  out|    1|   ap_memory|             B_BUF_6|         array|
|B_BUF_6_d8            |  out|   32|   ap_memory|             B_BUF_6|         array|
|B_BUF_6_q8            |   in|   32|   ap_memory|             B_BUF_6|         array|
|B_BUF_6_we8           |  out|    1|   ap_memory|             B_BUF_6|         array|
|B_BUF_6_address9      |  out|    3|   ap_memory|             B_BUF_6|         array|
|B_BUF_6_ce9           |  out|    1|   ap_memory|             B_BUF_6|         array|
|B_BUF_6_d9            |  out|   32|   ap_memory|             B_BUF_6|         array|
|B_BUF_6_q9            |   in|   32|   ap_memory|             B_BUF_6|         array|
|B_BUF_6_we9           |  out|    1|   ap_memory|             B_BUF_6|         array|
|B_BUF_6_address10     |  out|    3|   ap_memory|             B_BUF_6|         array|
|B_BUF_6_ce10          |  out|    1|   ap_memory|             B_BUF_6|         array|
|B_BUF_6_d10           |  out|   32|   ap_memory|             B_BUF_6|         array|
|B_BUF_6_q10           |   in|   32|   ap_memory|             B_BUF_6|         array|
|B_BUF_6_we10          |  out|    1|   ap_memory|             B_BUF_6|         array|
|B_BUF_6_address11     |  out|    3|   ap_memory|             B_BUF_6|         array|
|B_BUF_6_ce11          |  out|    1|   ap_memory|             B_BUF_6|         array|
|B_BUF_6_d11           |  out|   32|   ap_memory|             B_BUF_6|         array|
|B_BUF_6_q11           |   in|   32|   ap_memory|             B_BUF_6|         array|
|B_BUF_6_we11          |  out|    1|   ap_memory|             B_BUF_6|         array|
|B_BUF_6_address12     |  out|    3|   ap_memory|             B_BUF_6|         array|
|B_BUF_6_ce12          |  out|    1|   ap_memory|             B_BUF_6|         array|
|B_BUF_6_d12           |  out|   32|   ap_memory|             B_BUF_6|         array|
|B_BUF_6_q12           |   in|   32|   ap_memory|             B_BUF_6|         array|
|B_BUF_6_we12          |  out|    1|   ap_memory|             B_BUF_6|         array|
|B_BUF_6_address13     |  out|    3|   ap_memory|             B_BUF_6|         array|
|B_BUF_6_ce13          |  out|    1|   ap_memory|             B_BUF_6|         array|
|B_BUF_6_d13           |  out|   32|   ap_memory|             B_BUF_6|         array|
|B_BUF_6_q13           |   in|   32|   ap_memory|             B_BUF_6|         array|
|B_BUF_6_we13          |  out|    1|   ap_memory|             B_BUF_6|         array|
|B_BUF_6_address14     |  out|    3|   ap_memory|             B_BUF_6|         array|
|B_BUF_6_ce14          |  out|    1|   ap_memory|             B_BUF_6|         array|
|B_BUF_6_d14           |  out|   32|   ap_memory|             B_BUF_6|         array|
|B_BUF_6_q14           |   in|   32|   ap_memory|             B_BUF_6|         array|
|B_BUF_6_we14          |  out|    1|   ap_memory|             B_BUF_6|         array|
|B_BUF_6_address15     |  out|    3|   ap_memory|             B_BUF_6|         array|
|B_BUF_6_ce15          |  out|    1|   ap_memory|             B_BUF_6|         array|
|B_BUF_6_d15           |  out|   32|   ap_memory|             B_BUF_6|         array|
|B_BUF_6_q15           |   in|   32|   ap_memory|             B_BUF_6|         array|
|B_BUF_6_we15          |  out|    1|   ap_memory|             B_BUF_6|         array|
|B_BUF_6_address16     |  out|    3|   ap_memory|             B_BUF_6|         array|
|B_BUF_6_ce16          |  out|    1|   ap_memory|             B_BUF_6|         array|
|B_BUF_6_d16           |  out|   32|   ap_memory|             B_BUF_6|         array|
|B_BUF_6_q16           |   in|   32|   ap_memory|             B_BUF_6|         array|
|B_BUF_6_we16          |  out|    1|   ap_memory|             B_BUF_6|         array|
|B_BUF_7_address0      |  out|    3|   ap_memory|             B_BUF_7|         array|
|B_BUF_7_ce0           |  out|    1|   ap_memory|             B_BUF_7|         array|
|B_BUF_7_d0            |  out|   32|   ap_memory|             B_BUF_7|         array|
|B_BUF_7_q0            |   in|   32|   ap_memory|             B_BUF_7|         array|
|B_BUF_7_we0           |  out|    1|   ap_memory|             B_BUF_7|         array|
|B_BUF_7_address1      |  out|    3|   ap_memory|             B_BUF_7|         array|
|B_BUF_7_ce1           |  out|    1|   ap_memory|             B_BUF_7|         array|
|B_BUF_7_d1            |  out|   32|   ap_memory|             B_BUF_7|         array|
|B_BUF_7_q1            |   in|   32|   ap_memory|             B_BUF_7|         array|
|B_BUF_7_we1           |  out|    1|   ap_memory|             B_BUF_7|         array|
|B_BUF_7_address2      |  out|    3|   ap_memory|             B_BUF_7|         array|
|B_BUF_7_ce2           |  out|    1|   ap_memory|             B_BUF_7|         array|
|B_BUF_7_d2            |  out|   32|   ap_memory|             B_BUF_7|         array|
|B_BUF_7_q2            |   in|   32|   ap_memory|             B_BUF_7|         array|
|B_BUF_7_we2           |  out|    1|   ap_memory|             B_BUF_7|         array|
|B_BUF_7_address3      |  out|    3|   ap_memory|             B_BUF_7|         array|
|B_BUF_7_ce3           |  out|    1|   ap_memory|             B_BUF_7|         array|
|B_BUF_7_d3            |  out|   32|   ap_memory|             B_BUF_7|         array|
|B_BUF_7_q3            |   in|   32|   ap_memory|             B_BUF_7|         array|
|B_BUF_7_we3           |  out|    1|   ap_memory|             B_BUF_7|         array|
|B_BUF_7_address4      |  out|    3|   ap_memory|             B_BUF_7|         array|
|B_BUF_7_ce4           |  out|    1|   ap_memory|             B_BUF_7|         array|
|B_BUF_7_d4            |  out|   32|   ap_memory|             B_BUF_7|         array|
|B_BUF_7_q4            |   in|   32|   ap_memory|             B_BUF_7|         array|
|B_BUF_7_we4           |  out|    1|   ap_memory|             B_BUF_7|         array|
|B_BUF_7_address5      |  out|    3|   ap_memory|             B_BUF_7|         array|
|B_BUF_7_ce5           |  out|    1|   ap_memory|             B_BUF_7|         array|
|B_BUF_7_d5            |  out|   32|   ap_memory|             B_BUF_7|         array|
|B_BUF_7_q5            |   in|   32|   ap_memory|             B_BUF_7|         array|
|B_BUF_7_we5           |  out|    1|   ap_memory|             B_BUF_7|         array|
|B_BUF_7_address6      |  out|    3|   ap_memory|             B_BUF_7|         array|
|B_BUF_7_ce6           |  out|    1|   ap_memory|             B_BUF_7|         array|
|B_BUF_7_d6            |  out|   32|   ap_memory|             B_BUF_7|         array|
|B_BUF_7_q6            |   in|   32|   ap_memory|             B_BUF_7|         array|
|B_BUF_7_we6           |  out|    1|   ap_memory|             B_BUF_7|         array|
|B_BUF_7_address7      |  out|    3|   ap_memory|             B_BUF_7|         array|
|B_BUF_7_ce7           |  out|    1|   ap_memory|             B_BUF_7|         array|
|B_BUF_7_d7            |  out|   32|   ap_memory|             B_BUF_7|         array|
|B_BUF_7_q7            |   in|   32|   ap_memory|             B_BUF_7|         array|
|B_BUF_7_we7           |  out|    1|   ap_memory|             B_BUF_7|         array|
|B_BUF_7_address8      |  out|    3|   ap_memory|             B_BUF_7|         array|
|B_BUF_7_ce8           |  out|    1|   ap_memory|             B_BUF_7|         array|
|B_BUF_7_d8            |  out|   32|   ap_memory|             B_BUF_7|         array|
|B_BUF_7_q8            |   in|   32|   ap_memory|             B_BUF_7|         array|
|B_BUF_7_we8           |  out|    1|   ap_memory|             B_BUF_7|         array|
|B_BUF_7_address9      |  out|    3|   ap_memory|             B_BUF_7|         array|
|B_BUF_7_ce9           |  out|    1|   ap_memory|             B_BUF_7|         array|
|B_BUF_7_d9            |  out|   32|   ap_memory|             B_BUF_7|         array|
|B_BUF_7_q9            |   in|   32|   ap_memory|             B_BUF_7|         array|
|B_BUF_7_we9           |  out|    1|   ap_memory|             B_BUF_7|         array|
|B_BUF_7_address10     |  out|    3|   ap_memory|             B_BUF_7|         array|
|B_BUF_7_ce10          |  out|    1|   ap_memory|             B_BUF_7|         array|
|B_BUF_7_d10           |  out|   32|   ap_memory|             B_BUF_7|         array|
|B_BUF_7_q10           |   in|   32|   ap_memory|             B_BUF_7|         array|
|B_BUF_7_we10          |  out|    1|   ap_memory|             B_BUF_7|         array|
|B_BUF_7_address11     |  out|    3|   ap_memory|             B_BUF_7|         array|
|B_BUF_7_ce11          |  out|    1|   ap_memory|             B_BUF_7|         array|
|B_BUF_7_d11           |  out|   32|   ap_memory|             B_BUF_7|         array|
|B_BUF_7_q11           |   in|   32|   ap_memory|             B_BUF_7|         array|
|B_BUF_7_we11          |  out|    1|   ap_memory|             B_BUF_7|         array|
|B_BUF_7_address12     |  out|    3|   ap_memory|             B_BUF_7|         array|
|B_BUF_7_ce12          |  out|    1|   ap_memory|             B_BUF_7|         array|
|B_BUF_7_d12           |  out|   32|   ap_memory|             B_BUF_7|         array|
|B_BUF_7_q12           |   in|   32|   ap_memory|             B_BUF_7|         array|
|B_BUF_7_we12          |  out|    1|   ap_memory|             B_BUF_7|         array|
|B_BUF_7_address13     |  out|    3|   ap_memory|             B_BUF_7|         array|
|B_BUF_7_ce13          |  out|    1|   ap_memory|             B_BUF_7|         array|
|B_BUF_7_d13           |  out|   32|   ap_memory|             B_BUF_7|         array|
|B_BUF_7_q13           |   in|   32|   ap_memory|             B_BUF_7|         array|
|B_BUF_7_we13          |  out|    1|   ap_memory|             B_BUF_7|         array|
|B_BUF_7_address14     |  out|    3|   ap_memory|             B_BUF_7|         array|
|B_BUF_7_ce14          |  out|    1|   ap_memory|             B_BUF_7|         array|
|B_BUF_7_d14           |  out|   32|   ap_memory|             B_BUF_7|         array|
|B_BUF_7_q14           |   in|   32|   ap_memory|             B_BUF_7|         array|
|B_BUF_7_we14          |  out|    1|   ap_memory|             B_BUF_7|         array|
|B_BUF_7_address15     |  out|    3|   ap_memory|             B_BUF_7|         array|
|B_BUF_7_ce15          |  out|    1|   ap_memory|             B_BUF_7|         array|
|B_BUF_7_d15           |  out|   32|   ap_memory|             B_BUF_7|         array|
|B_BUF_7_q15           |   in|   32|   ap_memory|             B_BUF_7|         array|
|B_BUF_7_we15          |  out|    1|   ap_memory|             B_BUF_7|         array|
|B_BUF_7_address16     |  out|    3|   ap_memory|             B_BUF_7|         array|
|B_BUF_7_ce16          |  out|    1|   ap_memory|             B_BUF_7|         array|
|B_BUF_7_d16           |  out|   32|   ap_memory|             B_BUF_7|         array|
|B_BUF_7_q16           |   in|   32|   ap_memory|             B_BUF_7|         array|
|B_BUF_7_we16          |  out|    1|   ap_memory|             B_BUF_7|         array|
|ap_clk                |   in|    1|  ap_ctrl_hs|  loadInputsFromDRAM|  return value|
|ap_rst                |   in|    1|  ap_ctrl_hs|  loadInputsFromDRAM|  return value|
|ap_start              |   in|    1|  ap_ctrl_hs|  loadInputsFromDRAM|  return value|
|ap_done               |  out|    1|  ap_ctrl_hs|  loadInputsFromDRAM|  return value|
|B_BUF_0_full_n        |   in|    1|  ap_ctrl_hs|  loadInputsFromDRAM|  return value|
|B_BUF_0_write         |  out|    1|  ap_ctrl_hs|  loadInputsFromDRAM|  return value|
|B_BUF_1_full_n        |   in|    1|  ap_ctrl_hs|  loadInputsFromDRAM|  return value|
|B_BUF_1_write         |  out|    1|  ap_ctrl_hs|  loadInputsFromDRAM|  return value|
|B_BUF_2_full_n        |   in|    1|  ap_ctrl_hs|  loadInputsFromDRAM|  return value|
|B_BUF_2_write         |  out|    1|  ap_ctrl_hs|  loadInputsFromDRAM|  return value|
|B_BUF_3_full_n        |   in|    1|  ap_ctrl_hs|  loadInputsFromDRAM|  return value|
|B_BUF_3_write         |  out|    1|  ap_ctrl_hs|  loadInputsFromDRAM|  return value|
|B_BUF_4_full_n        |   in|    1|  ap_ctrl_hs|  loadInputsFromDRAM|  return value|
|B_BUF_4_write         |  out|    1|  ap_ctrl_hs|  loadInputsFromDRAM|  return value|
|B_BUF_5_full_n        |   in|    1|  ap_ctrl_hs|  loadInputsFromDRAM|  return value|
|B_BUF_5_write         |  out|    1|  ap_ctrl_hs|  loadInputsFromDRAM|  return value|
|B_BUF_6_full_n        |   in|    1|  ap_ctrl_hs|  loadInputsFromDRAM|  return value|
|B_BUF_6_write         |  out|    1|  ap_ctrl_hs|  loadInputsFromDRAM|  return value|
|B_BUF_7_full_n        |   in|    1|  ap_ctrl_hs|  loadInputsFromDRAM|  return value|
|B_BUF_7_write         |  out|    1|  ap_ctrl_hs|  loadInputsFromDRAM|  return value|
|ap_ready              |  out|    1|  ap_ctrl_hs|  loadInputsFromDRAM|  return value|
|ap_idle               |  out|    1|  ap_ctrl_hs|  loadInputsFromDRAM|  return value|
|ap_continue           |   in|    1|  ap_ctrl_hs|  loadInputsFromDRAM|  return value|
+----------------------+-----+-----+------------+--------------------+--------------+

