

================================================================
== Vitis HLS Report for 'PE_false_false_7091354'
================================================================
* Date:           Tue Sep  1 15:24:51 2026

* Version:        2023.2 (Build 4023990 on Oct 11 2023)
* Project:        hls_project
* Solution:       gemm2 (Vitis Kernel Flow Target)
* Product family: versalaicore
* Target device:  xcvc1902-vsva2197-2MP-e-S


================================================================
== Performance Estimates
================================================================
+ Timing: 
    * Summary: 
    +--------+---------+----------+------------+
    |  Clock |  Target | Estimated| Uncertainty|
    +--------+---------+----------+------------+
    |ap_clk  |  3.33 ns|  1.759 ns|     0.90 ns|
    +--------+---------+----------+------------+

+ Latency: 
    * Summary: 
    +---------+---------+----------+----------+-----+-----+------------------------------------------+
    |  Latency (cycles) |  Latency (absolute) |  Interval |                 Pipeline                 |
    |   min   |   max   |    min   |    max   | min | max |                   Type                   |
    +---------+---------+----------+----------+-----+-----+------------------------------------------+
    |       34|       35|  0.113 us|  0.117 us|   32|   32|  loop rewind stp(delay=0 clock cycles(s))|
    +---------+---------+----------+----------+-----+-----+------------------------------------------+

    + Detail: 
        * Instance: 
        N/A

        * Loop: 
        +------------------+---------+---------+----------+-----------+-----------+------+----------+
        |                  |  Latency (cycles) | Iteration|  Initiation Interval  | Trip |          |
        |     Loop Name    |   min   |   max   |  Latency |  achieved |   target  | Count| Pipelined|
        +------------------+---------+---------+----------+-----------+-----------+------+----------+
        |- VITIS_LOOP_9_1  |       34|       34|         4|          1|          1|    32|       yes|
        +------------------+---------+---------+----------+-----------+-----------+------+----------+



================================================================
== Utilization Estimates
================================================================
* Summary: 
+-----------------+---------+------+---------+--------+-----+
|       Name      | BRAM_18K|  DSP |    FF   |   LUT  | URAM|
+-----------------+---------+------+---------+--------+-----+
|DSP              |        -|     -|        -|       -|    -|
|Expression       |        -|     -|        0|      24|    -|
|FIFO             |        -|     -|        -|       -|    -|
|Instance         |        -|     1|        5|       2|    -|
|Memory           |        -|     -|        -|       -|    -|
|Multiplexer      |        -|     -|        -|      30|    -|
|Register         |        -|     -|       86|       2|    -|
+-----------------+---------+------+---------+--------+-----+
|Total            |        0|     1|       91|      58|    0|
+-----------------+---------+------+---------+--------+-----+
|Available        |     1934|  1968|  1799680|  899840|  463|
+-----------------+---------+------+---------+--------+-----+
|Utilization (%)  |        0|    ~0|       ~0|      ~0|    0|
+-----------------+---------+------+---------+--------+-----+

+ Detail: 
    * Instance: 
    +-----------------------------------------------------+-----------------------------------------------+---------+----+---+----+-----+
    |                       Instance                      |                     Module                    | BRAM_18K| DSP| FF| LUT| URAM|
    +-----------------------------------------------------+-----------------------------------------------+---------+----+---+----+-----+
    |fmacc_32ns_32ns_32ns_1ns_32_3_primitive_dsp_1_U2105  |fmacc_32ns_32ns_32ns_1ns_32_3_primitive_dsp_1  |        0|   1|  5|   2|    0|
    +-----------------------------------------------------+-----------------------------------------------+---------+----+---+----+-----+
    |Total                                                |                                               |        0|   1|  5|   2|    0|
    +-----------------------------------------------------+-----------------------------------------------+---------+----+---+----+-----+

    * DSP: 
    N/A

    * Memory: 
    N/A

    * FIFO: 
    N/A

    * Expression: 
    +----------------------------------+----------+----+---+----+------------+------------+
    |           Variable Name          | Operation| DSP| FF| LUT| Bitwidth P0| Bitwidth P1|
    +----------------------------------+----------+----+---+----+------------+------------+
    |k_fu_91_p2                        |         +|   0|  0|   5|           5|           1|
    |ap_block_state5_pp0_stage0_iter3  |       and|   0|  0|   2|           1|           1|
    |ap_condition_124                  |       and|   0|  0|   2|           1|           1|
    |icmp_ln9_fu_97_p2                 |      icmp|   0|  0|   5|           5|           2|
    |ap_block_pp0_stage0_01001         |        or|   0|  0|   2|           1|           1|
    |ap_block_state1                   |        or|   0|  0|   2|           1|           1|
    |ap_block_state2_pp0_stage0_iter0  |        or|   0|  0|   2|           1|           1|
    |ap_block_state3_pp0_stage0_iter1  |        or|   0|  0|   2|           1|           1|
    |ap_enable_pp0                     |       xor|   0|  0|   2|           1|           2|
    +----------------------------------+----------+----+---+----+------------+------------+
    |Total                             |          |   0|  0|  24|          17|          11|
    +----------------------------------+----------+----+---+----+------------+------------+

    * Multiplexer: 
    +-------------------------------+----+-----------+-----+-----------+
    |              Name             | LUT| Input Size| Bits| Total Bits|
    +-------------------------------+----+-----------+-----+-----------+
    |A_stream_4_7_blk_n             |   2|          2|    1|          2|
    |A_stream_4_8_blk_n             |   2|          2|    1|          2|
    |B_stream_4_7_blk_n             |   2|          2|    1|          2|
    |B_stream_5_7_blk_n             |   2|          2|    1|          2|
    |C_stream_4_7_blk_n             |   2|          2|    1|          2|
    |ap_NS_fsm                      |   2|          3|    1|          3|
    |ap_done                        |   2|          2|    1|          2|
    |ap_enable_reg_pp0_iter1        |   2|          2|    1|          2|
    |ap_enable_reg_pp0_iter3        |   2|          2|    1|          2|
    |ap_phi_mux_k_021_phi_fu_81_p6  |   5|          3|    5|         15|
    |k_021_reg_77                   |   5|          2|    5|         10|
    |real_start                     |   2|          2|    1|          2|
    +-------------------------------+----+-----------+-----+-----------+
    |Total                          |  30|         26|   20|         46|
    +-------------------------------+----+-----------+-----+-----------+

    * Register: 
    +---------------------------+----+----+-----+-----------+
    |            Name           | FF | LUT| Bits| Const Bits|
    +---------------------------+----+----+-----+-----------+
    |A_stream_4_7_read_reg_149  |  32|   0|   32|          0|
    |B_stream_4_7_read_reg_156  |  32|   0|   32|          0|
    |ap_CS_fsm                  |   2|   0|    2|          0|
    |ap_done_reg                |   1|   0|    1|          0|
    |ap_enable_reg_pp0_iter1    |   1|   0|    1|          0|
    |ap_enable_reg_pp0_iter2    |   1|   0|    1|          0|
    |ap_enable_reg_pp0_iter3    |   1|   0|    1|          0|
    |icmp_ln9_reg_144           |   1|   0|    1|          0|
    |k_021_reg_77               |   5|   0|    5|          0|
    |k_reg_139                  |   5|   0|    5|          0|
    |start_once_reg             |   1|   0|    1|          0|
    |icmp_ln9_reg_144           |   4|   2|    1|          0|
    +---------------------------+----+----+-----+-----------+
    |Total                      |  86|   2|   83|          0|
    +---------------------------+----+----+-----+-----------+



================================================================
== Interface
================================================================
* Summary: 
+-----------------------------+-----+-----+------------+--------------------------+--------------+
|          RTL Ports          | Dir | Bits|  Protocol  |       Source Object      |    C Type    |
+-----------------------------+-----+-----+------------+--------------------------+--------------+
|ap_clk                       |   in|    1|  ap_ctrl_hs|  PE<false, false>.7091354|  return value|
|ap_rst                       |   in|    1|  ap_ctrl_hs|  PE<false, false>.7091354|  return value|
|ap_start                     |   in|    1|  ap_ctrl_hs|  PE<false, false>.7091354|  return value|
|start_full_n                 |   in|    1|  ap_ctrl_hs|  PE<false, false>.7091354|  return value|
|ap_done                      |  out|    1|  ap_ctrl_hs|  PE<false, false>.7091354|  return value|
|ap_continue                  |   in|    1|  ap_ctrl_hs|  PE<false, false>.7091354|  return value|
|ap_idle                      |  out|    1|  ap_ctrl_hs|  PE<false, false>.7091354|  return value|
|ap_ready                     |  out|    1|  ap_ctrl_hs|  PE<false, false>.7091354|  return value|
|start_out                    |  out|    1|  ap_ctrl_hs|  PE<false, false>.7091354|  return value|
|start_write                  |  out|    1|  ap_ctrl_hs|  PE<false, false>.7091354|  return value|
|A_stream_4_7_dout            |   in|   32|     ap_fifo|              A_stream_4_7|       pointer|
|A_stream_4_7_num_data_valid  |   in|    7|     ap_fifo|              A_stream_4_7|       pointer|
|A_stream_4_7_fifo_cap        |   in|    7|     ap_fifo|              A_stream_4_7|       pointer|
|A_stream_4_7_empty_n         |   in|    1|     ap_fifo|              A_stream_4_7|       pointer|
|A_stream_4_7_read            |  out|    1|     ap_fifo|              A_stream_4_7|       pointer|
|B_stream_4_7_dout            |   in|   32|     ap_fifo|              B_stream_4_7|       pointer|
|B_stream_4_7_num_data_valid  |   in|    7|     ap_fifo|              B_stream_4_7|       pointer|
|B_stream_4_7_fifo_cap        |   in|    7|     ap_fifo|              B_stream_4_7|       pointer|
|B_stream_4_7_empty_n         |   in|    1|     ap_fifo|              B_stream_4_7|       pointer|
|B_stream_4_7_read            |  out|    1|     ap_fifo|              B_stream_4_7|       pointer|
|A_stream_4_8_din             |  out|   32|     ap_fifo|              A_stream_4_8|       pointer|
|A_stream_4_8_num_data_valid  |   in|    7|     ap_fifo|              A_stream_4_8|       pointer|
|A_stream_4_8_fifo_cap        |   in|    7|     ap_fifo|              A_stream_4_8|       pointer|
|A_stream_4_8_full_n          |   in|    1|     ap_fifo|              A_stream_4_8|       pointer|
|A_stream_4_8_write           |  out|    1|     ap_fifo|              A_stream_4_8|       pointer|
|B_stream_5_7_din             |  out|   32|     ap_fifo|              B_stream_5_7|       pointer|
|B_stream_5_7_num_data_valid  |   in|    7|     ap_fifo|              B_stream_5_7|       pointer|
|B_stream_5_7_fifo_cap        |   in|    7|     ap_fifo|              B_stream_5_7|       pointer|
|B_stream_5_7_full_n          |   in|    1|     ap_fifo|              B_stream_5_7|       pointer|
|B_stream_5_7_write           |  out|    1|     ap_fifo|              B_stream_5_7|       pointer|
|C_stream_4_7_din             |  out|   32|     ap_fifo|              C_stream_4_7|       pointer|
|C_stream_4_7_num_data_valid  |   in|    7|     ap_fifo|              C_stream_4_7|       pointer|
|C_stream_4_7_fifo_cap        |   in|    7|     ap_fifo|              C_stream_4_7|       pointer|
|C_stream_4_7_full_n          |   in|    1|     ap_fifo|              C_stream_4_7|       pointer|
|C_stream_4_7_write           |  out|    1|     ap_fifo|              C_stream_4_7|       pointer|
+-----------------------------+-----+-----+------------+--------------------------+--------------+

