

================================================================
== Vitis HLS Report for 'PE_true_true_275538'
================================================================
* Date:           Tue Sep  1 15:25:34 2026

* Version:        2023.2 (Build 4023990 on Oct 11 2023)
* Project:        hls_project
* Solution:       gemm2 (Vitis Kernel Flow Target)
* Product family: versalaicore
* Target device:  xcvc1902-vsva2197-2MP-e-S


================================================================
== Performance Estimates
================================================================
+ Timing: 
    * Summary: 
    +--------+---------+----------+------------+
    |  Clock |  Target | Estimated| Uncertainty|
    +--------+---------+----------+------------+
    |ap_clk  |  3.33 ns|  1.759 ns|     0.90 ns|
    +--------+---------+----------+------------+

+ Latency: 
    * Summary: 
    +---------+---------+----------+----------+-----+-----+------------------------------------------+
    |  Latency (cycles) |  Latency (absolute) |  Interval |                 Pipeline                 |
    |   min   |   max   |    min   |    max   | min | max |                   Type                   |
    +---------+---------+----------+----------+-----+-----+------------------------------------------+
    |       34|       35|  0.113 us|  0.117 us|   32|   32|  loop rewind stp(delay=0 clock cycles(s))|
    +---------+---------+----------+----------+-----+-----+------------------------------------------+

    + Detail: 
        * Instance: 
        N/A

        * Loop: 
        +------------------+---------+---------+----------+-----------+-----------+------+----------+
        |                  |  Latency (cycles) | Iteration|  Initiation Interval  | Trip |          |
        |     Loop Name    |   min   |   max   |  Latency |  achieved |   target  | Count| Pipelined|
        +------------------+---------+---------+----------+-----------+-----------+------+----------+
        |- VITIS_LOOP_9_1  |       34|       34|         4|          1|          1|    32|       yes|
        +------------------+---------+---------+----------+-----------+-----------+------+----------+



================================================================
== Utilization Estimates
================================================================
* Summary: 
+-----------------+---------+------+---------+--------+-----+
|       Name      | BRAM_18K|  DSP |    FF   |   LUT  | URAM|
+-----------------+---------+------+---------+--------+-----+
|DSP              |        -|     -|        -|       -|    -|
|Expression       |        -|     -|        0|      22|    -|
|FIFO             |        -|     -|        -|       -|    -|
|Instance         |        -|     1|        5|       2|    -|
|Memory           |        -|     -|        -|       -|    -|
|Multiplexer      |        -|     -|        -|      24|    -|
|Register         |        -|     -|       85|       2|    -|
+-----------------+---------+------+---------+--------+-----+
|Total            |        0|     1|       90|      50|    0|
+-----------------+---------+------+---------+--------+-----+
|Available        |     1934|  1968|  1799680|  899840|  463|
+-----------------+---------+------+---------+--------+-----+
|Utilization (%)  |        0|    ~0|       ~0|      ~0|    0|
+-----------------+---------+------+---------+--------+-----+

+ Detail: 
    * Instance: 
    +-----------------------------------------------------+-----------------------------------------------+---------+----+---+----+-----+
    |                       Instance                      |                     Module                    | BRAM_18K| DSP| FF| LUT| URAM|
    +-----------------------------------------------------+-----------------------------------------------+---------+----+---+----+-----+
    |fmacc_32ns_32ns_32ns_1ns_32_3_primitive_dsp_1_U3183  |fmacc_32ns_32ns_32ns_1ns_32_3_primitive_dsp_1  |        0|   1|  5|   2|    0|
    +-----------------------------------------------------+-----------------------------------------------+---------+----+---+----+-----+
    |Total                                                |                                               |        0|   1|  5|   2|    0|
    +-----------------------------------------------------+-----------------------------------------------+---------+----+---+----+-----+

    * DSP: 
    N/A

    * Memory: 
    N/A

    * FIFO: 
    N/A

    * Expression: 
    +----------------------------------+----------+----+---+----+------------+------------+
    |           Variable Name          | Operation| DSP| FF| LUT| Bitwidth P0| Bitwidth P1|
    +----------------------------------+----------+----+---+----+------------+------------+
    |k_fu_73_p2                        |         +|   0|  0|   5|           5|           1|
    |ap_block_state5_pp0_stage0_iter3  |       and|   0|  0|   2|           1|           1|
    |ap_condition_133                  |       and|   0|  0|   2|           1|           1|
    |icmp_ln9_fu_79_p2                 |      icmp|   0|  0|   5|           5|           2|
    |ap_block_pp0_stage0_01001         |        or|   0|  0|   2|           1|           1|
    |ap_block_state1                   |        or|   0|  0|   2|           1|           1|
    |ap_block_state2_pp0_stage0_iter0  |        or|   0|  0|   2|           1|           1|
    |ap_enable_pp0                     |       xor|   0|  0|   2|           1|           2|
    +----------------------------------+----------+----+---+----+------------+------------+
    |Total                             |          |   0|  0|  22|          16|          10|
    +----------------------------------+----------+----+---+----+------------+------------+

    * Multiplexer: 
    +----------------------------+----+-----------+-----+-----------+
    |            Name            | LUT| Input Size| Bits| Total Bits|
    +----------------------------+----+-----------+-----+-----------+
    |A_stream_15_15_blk_n        |   2|          2|    1|          2|
    |B_stream_15_15_blk_n        |   2|          2|    1|          2|
    |C_stream_15_15_blk_n        |   2|          2|    1|          2|
    |ap_NS_fsm                   |   2|          3|    1|          3|
    |ap_done                     |   2|          2|    1|          2|
    |ap_enable_reg_pp0_iter1     |   2|          2|    1|          2|
    |ap_enable_reg_pp0_iter3     |   2|          2|    1|          2|
    |ap_phi_mux_k1_phi_fu_63_p6  |   5|          3|    5|         15|
    |k1_reg_59                   |   5|          2|    5|         10|
    +----------------------------+----+-----------+-----+-----------+
    |Total                       |  24|         20|   17|         40|
    +----------------------------+----+-----------+-----+-----------+

    * Register: 
    +-----------------------------+----+----+-----+-----------+
    |             Name            | FF | LUT| Bits| Const Bits|
    +-----------------------------+----+----+-----+-----------+
    |A_stream_15_15_read_reg_125  |  32|   0|   32|          0|
    |B_stream_15_15_read_reg_130  |  32|   0|   32|          0|
    |ap_CS_fsm                    |   2|   0|    2|          0|
    |ap_done_reg                  |   1|   0|    1|          0|
    |ap_enable_reg_pp0_iter1      |   1|   0|    1|          0|
    |ap_enable_reg_pp0_iter2      |   1|   0|    1|          0|
    |ap_enable_reg_pp0_iter3      |   1|   0|    1|          0|
    |icmp_ln9_reg_120             |   1|   0|    1|          0|
    |k1_reg_59                    |   5|   0|    5|          0|
    |k_reg_115                    |   5|   0|    5|          0|
    |icmp_ln9_reg_120             |   4|   2|    1|          0|
    +-----------------------------+----+----+-----+-----------+
    |Total                        |  85|   2|   82|          0|
    +-----------------------------+----+----+-----+-----------+



================================================================
== Interface
================================================================
* Summary: 
+-------------------------------+-----+-----+------------+----------------------+--------------+
|           RTL Ports           | Dir | Bits|  Protocol  |     Source Object    |    C Type    |
+-------------------------------+-----+-----+------------+----------------------+--------------+
|ap_clk                         |   in|    1|  ap_ctrl_hs|  PE<true, true>275538|  return value|
|ap_rst                         |   in|    1|  ap_ctrl_hs|  PE<true, true>275538|  return value|
|ap_start                       |   in|    1|  ap_ctrl_hs|  PE<true, true>275538|  return value|
|ap_done                        |  out|    1|  ap_ctrl_hs|  PE<true, true>275538|  return value|
|ap_continue                    |   in|    1|  ap_ctrl_hs|  PE<true, true>275538|  return value|
|ap_idle                        |  out|    1|  ap_ctrl_hs|  PE<true, true>275538|  return value|
|ap_ready                       |  out|    1|  ap_ctrl_hs|  PE<true, true>275538|  return value|
|A_stream_15_15_dout            |   in|   32|     ap_fifo|        A_stream_15_15|       pointer|
|A_stream_15_15_num_data_valid  |   in|    7|     ap_fifo|        A_stream_15_15|       pointer|
|A_stream_15_15_fifo_cap        |   in|    7|     ap_fifo|        A_stream_15_15|       pointer|
|A_stream_15_15_empty_n         |   in|    1|     ap_fifo|        A_stream_15_15|       pointer|
|A_stream_15_15_read            |  out|    1|     ap_fifo|        A_stream_15_15|       pointer|
|B_stream_15_15_dout            |   in|   32|     ap_fifo|        B_stream_15_15|       pointer|
|B_stream_15_15_num_data_valid  |   in|    7|     ap_fifo|        B_stream_15_15|       pointer|
|B_stream_15_15_fifo_cap        |   in|    7|     ap_fifo|        B_stream_15_15|       pointer|
|B_stream_15_15_empty_n         |   in|    1|     ap_fifo|        B_stream_15_15|       pointer|
|B_stream_15_15_read            |  out|    1|     ap_fifo|        B_stream_15_15|       pointer|
|C_stream_15_15_din             |  out|   32|     ap_fifo|        C_stream_15_15|       pointer|
|C_stream_15_15_num_data_valid  |   in|    7|     ap_fifo|        C_stream_15_15|       pointer|
|C_stream_15_15_fifo_cap        |   in|    7|     ap_fifo|        C_stream_15_15|       pointer|
|C_stream_15_15_full_n          |   in|    1|     ap_fifo|        C_stream_15_15|       pointer|
|C_stream_15_15_write           |  out|    1|     ap_fifo|        C_stream_15_15|       pointer|
+-------------------------------+-----+-----+------------+----------------------+--------------+

