

================================================================
== Vitis HLS Report for 'storeOutputToDRAM'
================================================================
* Date:           Fri Jul 24 12:49:53 2026

* Version:        2023.2 (Build 4023990 on Oct 11 2023)
* Project:        hls_project
* Solution:       gemm2 (Vitis Kernel Flow Target)
* Product family: versalaicore
* Target device:  xcvc1902-vsva2197-2MP-e-S


================================================================
== Performance Estimates
================================================================
+ Timing: 
    * Summary: 
    +--------+---------+----------+------------+
    |  Clock |  Target | Estimated| Uncertainty|
    +--------+---------+----------+------------+
    |ap_clk  |  3.33 ns|  2.433 ns|     0.90 ns|
    +--------+---------+----------+------------+

+ Latency: 
    * Summary: 
    +---------+---------+----------+----------+-----+-----+---------+
    |  Latency (cycles) |  Latency (absolute) |  Interval | Pipeline|
    |   min   |   max   |    min   |    max   | min | max |   Type  |
    +---------+---------+----------+----------+-----+-----+---------+
    |      136|      136|  0.453 us|  0.453 us|  136|  136|       no|
    +---------+---------+----------+----------+-----+-----+---------+

    + Detail: 
        * Instance: 
        +--------------------------------------------------------+--------------------------------------------+---------+---------+----------+----------+-----+-----+---------+
        |                                                        |                                            |  Latency (cycles) |  Latency (absolute) |  Interval | Pipeline|
        |                        Instance                        |                   Module                   |   min   |   max   |    min   |    max   | min | max |   Type  |
        +--------------------------------------------------------+--------------------------------------------+---------+---------+----------+----------+-----+-----+---------+
        |grp_storeOutputToDRAM_Pipeline_VITIS_LOOP_49_1_fu_4155  |storeOutputToDRAM_Pipeline_VITIS_LOOP_49_1  |       66|       66|  0.220 us|  0.220 us|   66|   66|       no|
        +--------------------------------------------------------+--------------------------------------------+---------+---------+----------+----------+-----+-----+---------+

        * Loop: 
        N/A



================================================================
== Utilization Estimates
================================================================
* Summary: 
+-----------------+---------+------+---------+--------+-----+
|       Name      | BRAM_18K|  DSP |    FF   |   LUT  | URAM|
+-----------------+---------+------+---------+--------+-----+
|DSP              |        -|     -|        -|       -|    -|
|Expression       |        -|     -|        -|       -|    -|
|FIFO             |        -|     -|        -|       -|    -|
|Instance         |        -|     -|      524|    6635|    -|
|Memory           |        -|     -|        -|       -|    -|
|Multiplexer      |        -|     -|        -|     218|    -|
|Register         |        -|     -|       72|       -|    -|
+-----------------+---------+------+---------+--------+-----+
|Total            |        0|     0|      596|    6853|    0|
+-----------------+---------+------+---------+--------+-----+
|Available        |     1934|  1968|  1799680|  899840|  463|
+-----------------+---------+------+---------+--------+-----+
|Utilization (%)  |        0|     0|       ~0|      ~0|    0|
+-----------------+---------+------+---------+--------+-----+

+ Detail: 
    * Instance: 
    +--------------------------------------------------------+--------------------------------------------+---------+----+-----+------+-----+
    |                        Instance                        |                   Module                   | BRAM_18K| DSP|  FF |  LUT | URAM|
    +--------------------------------------------------------+--------------------------------------------+---------+----+-----+------+-----+
    |grp_storeOutputToDRAM_Pipeline_VITIS_LOOP_49_1_fu_4155  |storeOutputToDRAM_Pipeline_VITIS_LOOP_49_1  |        0|   0|  524|  6635|    0|
    +--------------------------------------------------------+--------------------------------------------+---------+----+-----+------+-----+
    |Total                                                   |                                            |        0|   0|  524|  6635|    0|
    +--------------------------------------------------------+--------------------------------------------+---------+----+-----+------+-----+

    * DSP: 
    N/A

    * Memory: 
    N/A

    * FIFO: 
    N/A

    * Expression: 
    N/A

    * Multiplexer: 
    +----------------------+----+-----------+-----+-----------+
    |         Name         | LUT| Input Size| Bits| Total Bits|
    +----------------------+----+-----------+-----+-----------+
    |ap_NS_fsm             |  86|         72|    1|         72|
    |gmem2_blk_n_AW        |   2|          2|    1|          2|
    |gmem2_blk_n_B         |   2|          2|    1|          2|
    |m_axi_gmem2_AWADDR    |  64|          3|   64|        192|
    |m_axi_gmem2_AWBURST   |   2|          2|    2|          4|
    |m_axi_gmem2_AWCACHE   |   4|          2|    4|          8|
    |m_axi_gmem2_AWID      |   2|          2|    1|          2|
    |m_axi_gmem2_AWLEN     |  32|          3|   32|         96|
    |m_axi_gmem2_AWLOCK    |   2|          2|    2|          4|
    |m_axi_gmem2_AWPROT    |   3|          2|    3|          6|
    |m_axi_gmem2_AWQOS     |   4|          2|    4|          8|
    |m_axi_gmem2_AWREGION  |   4|          2|    4|          8|
    |m_axi_gmem2_AWSIZE    |   3|          2|    3|          6|
    |m_axi_gmem2_AWUSER    |   2|          2|    1|          2|
    |m_axi_gmem2_AWVALID   |   2|          3|    1|          3|
    |m_axi_gmem2_BREADY    |   2|          3|    1|          3|
    |m_axi_gmem2_WVALID    |   2|          2|    1|          2|
    +----------------------+----+-----------+-----+-----------+
    |Total                 | 218|        108|  126|        420|
    +----------------------+----+-----------+-----+-----------+

    * Register: 
    +---------------------------------------------------------------------+----+----+-----+-----------+
    |                                 Name                                | FF | LUT| Bits| Const Bits|
    +---------------------------------------------------------------------+----+----+-----+-----------+
    |ap_CS_fsm                                                            |  71|   0|   71|          0|
    |grp_storeOutputToDRAM_Pipeline_VITIS_LOOP_49_1_fu_4155_ap_start_reg  |   1|   0|    1|          0|
    +---------------------------------------------------------------------+----+----+-----+-----------+
    |Total                                                                |  72|   0|   72|          0|
    +---------------------------------------------------------------------+----+----+-----+-----------+



================================================================
== Interface
================================================================
* Summary: 
+----------------------+-----+-----+------------+-------------------+--------------+
|       RTL Ports      | Dir | Bits|  Protocol  |   Source Object   |    C Type    |
+----------------------+-----+-----+------------+-------------------+--------------+
|ap_clk                |   in|    1|  ap_ctrl_hs|  storeOutputToDRAM|  return value|
|ap_rst                |   in|    1|  ap_ctrl_hs|  storeOutputToDRAM|  return value|
|ap_start              |   in|    1|  ap_ctrl_hs|  storeOutputToDRAM|  return value|
|ap_done               |  out|    1|  ap_ctrl_hs|  storeOutputToDRAM|  return value|
|ap_idle               |  out|    1|  ap_ctrl_hs|  storeOutputToDRAM|  return value|
|ap_ready              |  out|    1|  ap_ctrl_hs|  storeOutputToDRAM|  return value|
|C_BUF_0_0_0_0_val     |   in|   32|     ap_none|  C_BUF_0_0_0_0_val|        scalar|
|C_BUF_0_0_0_1_val     |   in|   32|     ap_none|  C_BUF_0_0_0_1_val|        scalar|
|C_BUF_0_0_0_2_val     |   in|   32|     ap_none|  C_BUF_0_0_0_2_val|        scalar|
|C_BUF_0_0_0_3_val     |   in|   32|     ap_none|  C_BUF_0_0_0_3_val|        scalar|
|C_BUF_0_0_0_4_val     |   in|   32|     ap_none|  C_BUF_0_0_0_4_val|        scalar|
|C_BUF_0_0_0_5_val     |   in|   32|     ap_none|  C_BUF_0_0_0_5_val|        scalar|
|C_BUF_0_0_0_6_val     |   in|   32|     ap_none|  C_BUF_0_0_0_6_val|        scalar|
|C_BUF_0_0_0_7_val     |   in|   32|     ap_none|  C_BUF_0_0_0_7_val|        scalar|
|C_BUF_0_0_1_0_val     |   in|   32|     ap_none|  C_BUF_0_0_1_0_val|        scalar|
|C_BUF_0_0_1_1_val     |   in|   32|     ap_none|  C_BUF_0_0_1_1_val|        scalar|
|C_BUF_0_0_1_2_val     |   in|   32|     ap_none|  C_BUF_0_0_1_2_val|        scalar|
|C_BUF_0_0_1_3_val     |   in|   32|     ap_none|  C_BUF_0_0_1_3_val|        scalar|
|C_BUF_0_0_1_4_val     |   in|   32|     ap_none|  C_BUF_0_0_1_4_val|        scalar|
|C_BUF_0_0_1_5_val     |   in|   32|     ap_none|  C_BUF_0_0_1_5_val|        scalar|
|C_BUF_0_0_1_6_val     |   in|   32|     ap_none|  C_BUF_0_0_1_6_val|        scalar|
|C_BUF_0_0_1_7_val     |   in|   32|     ap_none|  C_BUF_0_0_1_7_val|        scalar|
|C_BUF_0_0_2_0_val     |   in|   32|     ap_none|  C_BUF_0_0_2_0_val|        scalar|
|C_BUF_0_0_2_1_val     |   in|   32|     ap_none|  C_BUF_0_0_2_1_val|        scalar|
|C_BUF_0_0_2_2_val     |   in|   32|     ap_none|  C_BUF_0_0_2_2_val|        scalar|
|C_BUF_0_0_2_3_val     |   in|   32|     ap_none|  C_BUF_0_0_2_3_val|        scalar|
|C_BUF_0_0_2_4_val     |   in|   32|     ap_none|  C_BUF_0_0_2_4_val|        scalar|
|C_BUF_0_0_2_5_val     |   in|   32|     ap_none|  C_BUF_0_0_2_5_val|        scalar|
|C_BUF_0_0_2_6_val     |   in|   32|     ap_none|  C_BUF_0_0_2_6_val|        scalar|
|C_BUF_0_0_2_7_val     |   in|   32|     ap_none|  C_BUF_0_0_2_7_val|        scalar|
|C_BUF_0_0_3_0_val     |   in|   32|     ap_none|  C_BUF_0_0_3_0_val|        scalar|
|C_BUF_0_0_3_1_val     |   in|   32|     ap_none|  C_BUF_0_0_3_1_val|        scalar|
|C_BUF_0_0_3_2_val     |   in|   32|     ap_none|  C_BUF_0_0_3_2_val|        scalar|
|C_BUF_0_0_3_3_val     |   in|   32|     ap_none|  C_BUF_0_0_3_3_val|        scalar|
|C_BUF_0_0_3_4_val     |   in|   32|     ap_none|  C_BUF_0_0_3_4_val|        scalar|
|C_BUF_0_0_3_5_val     |   in|   32|     ap_none|  C_BUF_0_0_3_5_val|        scalar|
|C_BUF_0_0_3_6_val     |   in|   32|     ap_none|  C_BUF_0_0_3_6_val|        scalar|
|C_BUF_0_0_3_7_val     |   in|   32|     ap_none|  C_BUF_0_0_3_7_val|        scalar|
|C_BUF_0_0_4_0_val     |   in|   32|     ap_none|  C_BUF_0_0_4_0_val|        scalar|
|C_BUF_0_0_4_1_val     |   in|   32|     ap_none|  C_BUF_0_0_4_1_val|        scalar|
|C_BUF_0_0_4_2_val     |   in|   32|     ap_none|  C_BUF_0_0_4_2_val|        scalar|
|C_BUF_0_0_4_3_val     |   in|   32|     ap_none|  C_BUF_0_0_4_3_val|        scalar|
|C_BUF_0_0_4_4_val     |   in|   32|     ap_none|  C_BUF_0_0_4_4_val|        scalar|
|C_BUF_0_0_4_5_val     |   in|   32|     ap_none|  C_BUF_0_0_4_5_val|        scalar|
|C_BUF_0_0_4_6_val     |   in|   32|     ap_none|  C_BUF_0_0_4_6_val|        scalar|
|C_BUF_0_0_4_7_val     |   in|   32|     ap_none|  C_BUF_0_0_4_7_val|        scalar|
|C_BUF_0_0_5_0_val     |   in|   32|     ap_none|  C_BUF_0_0_5_0_val|        scalar|
|C_BUF_0_0_5_1_val     |   in|   32|     ap_none|  C_BUF_0_0_5_1_val|        scalar|
|C_BUF_0_0_5_2_val     |   in|   32|     ap_none|  C_BUF_0_0_5_2_val|        scalar|
|C_BUF_0_0_5_3_val     |   in|   32|     ap_none|  C_BUF_0_0_5_3_val|        scalar|
|C_BUF_0_0_5_4_val     |   in|   32|     ap_none|  C_BUF_0_0_5_4_val|        scalar|
|C_BUF_0_0_5_5_val     |   in|   32|     ap_none|  C_BUF_0_0_5_5_val|        scalar|
|C_BUF_0_0_5_6_val     |   in|   32|     ap_none|  C_BUF_0_0_5_6_val|        scalar|
|C_BUF_0_0_5_7_val     |   in|   32|     ap_none|  C_BUF_0_0_5_7_val|        scalar|
|C_BUF_0_0_6_0_val     |   in|   32|     ap_none|  C_BUF_0_0_6_0_val|        scalar|
|C_BUF_0_0_6_1_val     |   in|   32|     ap_none|  C_BUF_0_0_6_1_val|        scalar|
|C_BUF_0_0_6_2_val     |   in|   32|     ap_none|  C_BUF_0_0_6_2_val|        scalar|
|C_BUF_0_0_6_3_val     |   in|   32|     ap_none|  C_BUF_0_0_6_3_val|        scalar|
|C_BUF_0_0_6_4_val     |   in|   32|     ap_none|  C_BUF_0_0_6_4_val|        scalar|
|C_BUF_0_0_6_5_val     |   in|   32|     ap_none|  C_BUF_0_0_6_5_val|        scalar|
|C_BUF_0_0_6_6_val     |   in|   32|     ap_none|  C_BUF_0_0_6_6_val|        scalar|
|C_BUF_0_0_6_7_val     |   in|   32|     ap_none|  C_BUF_0_0_6_7_val|        scalar|
|C_BUF_0_0_7_0_val     |   in|   32|     ap_none|  C_BUF_0_0_7_0_val|        scalar|
|C_BUF_0_0_7_1_val     |   in|   32|     ap_none|  C_BUF_0_0_7_1_val|        scalar|
|C_BUF_0_0_7_2_val     |   in|   32|     ap_none|  C_BUF_0_0_7_2_val|        scalar|
|C_BUF_0_0_7_3_val     |   in|   32|     ap_none|  C_BUF_0_0_7_3_val|        scalar|
|C_BUF_0_0_7_4_val     |   in|   32|     ap_none|  C_BUF_0_0_7_4_val|        scalar|
|C_BUF_0_0_7_5_val     |   in|   32|     ap_none|  C_BUF_0_0_7_5_val|        scalar|
|C_BUF_0_0_7_6_val     |   in|   32|     ap_none|  C_BUF_0_0_7_6_val|        scalar|
|C_BUF_0_0_7_7_val     |   in|   32|     ap_none|  C_BUF_0_0_7_7_val|        scalar|
|C_BUF_0_1_0_0_val     |   in|   32|     ap_none|  C_BUF_0_1_0_0_val|        scalar|
|C_BUF_0_1_0_1_val     |   in|   32|     ap_none|  C_BUF_0_1_0_1_val|        scalar|
|C_BUF_0_1_0_2_val     |   in|   32|     ap_none|  C_BUF_0_1_0_2_val|        scalar|
|C_BUF_0_1_0_3_val     |   in|   32|     ap_none|  C_BUF_0_1_0_3_val|        scalar|
|C_BUF_0_1_0_4_val     |   in|   32|     ap_none|  C_BUF_0_1_0_4_val|        scalar|
|C_BUF_0_1_0_5_val     |   in|   32|     ap_none|  C_BUF_0_1_0_5_val|        scalar|
|C_BUF_0_1_0_6_val     |   in|   32|     ap_none|  C_BUF_0_1_0_6_val|        scalar|
|C_BUF_0_1_0_7_val     |   in|   32|     ap_none|  C_BUF_0_1_0_7_val|        scalar|
|C_BUF_0_1_1_0_val     |   in|   32|     ap_none|  C_BUF_0_1_1_0_val|        scalar|
|C_BUF_0_1_1_1_val     |   in|   32|     ap_none|  C_BUF_0_1_1_1_val|        scalar|
|C_BUF_0_1_1_2_val     |   in|   32|     ap_none|  C_BUF_0_1_1_2_val|        scalar|
|C_BUF_0_1_1_3_val     |   in|   32|     ap_none|  C_BUF_0_1_1_3_val|        scalar|
|C_BUF_0_1_1_4_val     |   in|   32|     ap_none|  C_BUF_0_1_1_4_val|        scalar|
|C_BUF_0_1_1_5_val     |   in|   32|     ap_none|  C_BUF_0_1_1_5_val|        scalar|
|C_BUF_0_1_1_6_val     |   in|   32|     ap_none|  C_BUF_0_1_1_6_val|        scalar|
|C_BUF_0_1_1_7_val     |   in|   32|     ap_none|  C_BUF_0_1_1_7_val|        scalar|
|C_BUF_0_1_2_0_val     |   in|   32|     ap_none|  C_BUF_0_1_2_0_val|        scalar|
|C_BUF_0_1_2_1_val     |   in|   32|     ap_none|  C_BUF_0_1_2_1_val|        scalar|
|C_BUF_0_1_2_2_val     |   in|   32|     ap_none|  C_BUF_0_1_2_2_val|        scalar|
|C_BUF_0_1_2_3_val     |   in|   32|     ap_none|  C_BUF_0_1_2_3_val|        scalar|
|C_BUF_0_1_2_4_val     |   in|   32|     ap_none|  C_BUF_0_1_2_4_val|        scalar|
|C_BUF_0_1_2_5_val     |   in|   32|     ap_none|  C_BUF_0_1_2_5_val|        scalar|
|C_BUF_0_1_2_6_val     |   in|   32|     ap_none|  C_BUF_0_1_2_6_val|        scalar|
|C_BUF_0_1_2_7_val     |   in|   32|     ap_none|  C_BUF_0_1_2_7_val|        scalar|
|C_BUF_0_1_3_0_val     |   in|   32|     ap_none|  C_BUF_0_1_3_0_val|        scalar|
|C_BUF_0_1_3_1_val     |   in|   32|     ap_none|  C_BUF_0_1_3_1_val|        scalar|
|C_BUF_0_1_3_2_val     |   in|   32|     ap_none|  C_BUF_0_1_3_2_val|        scalar|
|C_BUF_0_1_3_3_val     |   in|   32|     ap_none|  C_BUF_0_1_3_3_val|        scalar|
|C_BUF_0_1_3_4_val     |   in|   32|     ap_none|  C_BUF_0_1_3_4_val|        scalar|
|C_BUF_0_1_3_5_val     |   in|   32|     ap_none|  C_BUF_0_1_3_5_val|        scalar|
|C_BUF_0_1_3_6_val     |   in|   32|     ap_none|  C_BUF_0_1_3_6_val|        scalar|
|C_BUF_0_1_3_7_val     |   in|   32|     ap_none|  C_BUF_0_1_3_7_val|        scalar|
|C_BUF_0_1_4_0_val     |   in|   32|     ap_none|  C_BUF_0_1_4_0_val|        scalar|
|C_BUF_0_1_4_1_val     |   in|   32|     ap_none|  C_BUF_0_1_4_1_val|        scalar|
|C_BUF_0_1_4_2_val     |   in|   32|     ap_none|  C_BUF_0_1_4_2_val|        scalar|
|C_BUF_0_1_4_3_val     |   in|   32|     ap_none|  C_BUF_0_1_4_3_val|        scalar|
|C_BUF_0_1_4_4_val     |   in|   32|     ap_none|  C_BUF_0_1_4_4_val|        scalar|
|C_BUF_0_1_4_5_val     |   in|   32|     ap_none|  C_BUF_0_1_4_5_val|        scalar|
|C_BUF_0_1_4_6_val     |   in|   32|     ap_none|  C_BUF_0_1_4_6_val|        scalar|
|C_BUF_0_1_4_7_val     |   in|   32|     ap_none|  C_BUF_0_1_4_7_val|        scalar|
|C_BUF_0_1_5_0_val     |   in|   32|     ap_none|  C_BUF_0_1_5_0_val|        scalar|
|C_BUF_0_1_5_1_val     |   in|   32|     ap_none|  C_BUF_0_1_5_1_val|        scalar|
|C_BUF_0_1_5_2_val     |   in|   32|     ap_none|  C_BUF_0_1_5_2_val|        scalar|
|C_BUF_0_1_5_3_val     |   in|   32|     ap_none|  C_BUF_0_1_5_3_val|        scalar|
|C_BUF_0_1_5_4_val     |   in|   32|     ap_none|  C_BUF_0_1_5_4_val|        scalar|
|C_BUF_0_1_5_5_val     |   in|   32|     ap_none|  C_BUF_0_1_5_5_val|        scalar|
|C_BUF_0_1_5_6_val     |   in|   32|     ap_none|  C_BUF_0_1_5_6_val|        scalar|
|C_BUF_0_1_5_7_val     |   in|   32|     ap_none|  C_BUF_0_1_5_7_val|        scalar|
|C_BUF_0_1_6_0_val     |   in|   32|     ap_none|  C_BUF_0_1_6_0_val|        scalar|
|C_BUF_0_1_6_1_val     |   in|   32|     ap_none|  C_BUF_0_1_6_1_val|        scalar|
|C_BUF_0_1_6_2_val     |   in|   32|     ap_none|  C_BUF_0_1_6_2_val|        scalar|
|C_BUF_0_1_6_3_val     |   in|   32|     ap_none|  C_BUF_0_1_6_3_val|        scalar|
|C_BUF_0_1_6_4_val     |   in|   32|     ap_none|  C_BUF_0_1_6_4_val|        scalar|
|C_BUF_0_1_6_5_val     |   in|   32|     ap_none|  C_BUF_0_1_6_5_val|        scalar|
|C_BUF_0_1_6_6_val     |   in|   32|     ap_none|  C_BUF_0_1_6_6_val|        scalar|
|C_BUF_0_1_6_7_val     |   in|   32|     ap_none|  C_BUF_0_1_6_7_val|        scalar|
|C_BUF_0_1_7_0_val     |   in|   32|     ap_none|  C_BUF_0_1_7_0_val|        scalar|
|C_BUF_0_1_7_1_val     |   in|   32|     ap_none|  C_BUF_0_1_7_1_val|        scalar|
|C_BUF_0_1_7_2_val     |   in|   32|     ap_none|  C_BUF_0_1_7_2_val|        scalar|
|C_BUF_0_1_7_3_val     |   in|   32|     ap_none|  C_BUF_0_1_7_3_val|        scalar|
|C_BUF_0_1_7_4_val     |   in|   32|     ap_none|  C_BUF_0_1_7_4_val|        scalar|
|C_BUF_0_1_7_5_val     |   in|   32|     ap_none|  C_BUF_0_1_7_5_val|        scalar|
|C_BUF_0_1_7_6_val     |   in|   32|     ap_none|  C_BUF_0_1_7_6_val|        scalar|
|C_BUF_0_1_7_7_val     |   in|   32|     ap_none|  C_BUF_0_1_7_7_val|        scalar|
|C_BUF_1_0_0_0_val     |   in|   32|     ap_none|  C_BUF_1_0_0_0_val|        scalar|
|C_BUF_1_0_0_1_val     |   in|   32|     ap_none|  C_BUF_1_0_0_1_val|        scalar|
|C_BUF_1_0_0_2_val     |   in|   32|     ap_none|  C_BUF_1_0_0_2_val|        scalar|
|C_BUF_1_0_0_3_val     |   in|   32|     ap_none|  C_BUF_1_0_0_3_val|        scalar|
|C_BUF_1_0_0_4_val     |   in|   32|     ap_none|  C_BUF_1_0_0_4_val|        scalar|
|C_BUF_1_0_0_5_val     |   in|   32|     ap_none|  C_BUF_1_0_0_5_val|        scalar|
|C_BUF_1_0_0_6_val     |   in|   32|     ap_none|  C_BUF_1_0_0_6_val|        scalar|
|C_BUF_1_0_0_7_val     |   in|   32|     ap_none|  C_BUF_1_0_0_7_val|        scalar|
|C_BUF_1_0_1_0_val     |   in|   32|     ap_none|  C_BUF_1_0_1_0_val|        scalar|
|C_BUF_1_0_1_1_val     |   in|   32|     ap_none|  C_BUF_1_0_1_1_val|        scalar|
|C_BUF_1_0_1_2_val     |   in|   32|     ap_none|  C_BUF_1_0_1_2_val|        scalar|
|C_BUF_1_0_1_3_val     |   in|   32|     ap_none|  C_BUF_1_0_1_3_val|        scalar|
|C_BUF_1_0_1_4_val     |   in|   32|     ap_none|  C_BUF_1_0_1_4_val|        scalar|
|C_BUF_1_0_1_5_val     |   in|   32|     ap_none|  C_BUF_1_0_1_5_val|        scalar|
|C_BUF_1_0_1_6_val     |   in|   32|     ap_none|  C_BUF_1_0_1_6_val|        scalar|
|C_BUF_1_0_1_7_val     |   in|   32|     ap_none|  C_BUF_1_0_1_7_val|        scalar|
|C_BUF_1_0_2_0_val     |   in|   32|     ap_none|  C_BUF_1_0_2_0_val|        scalar|
|C_BUF_1_0_2_1_val     |   in|   32|     ap_none|  C_BUF_1_0_2_1_val|        scalar|
|C_BUF_1_0_2_2_val     |   in|   32|     ap_none|  C_BUF_1_0_2_2_val|        scalar|
|C_BUF_1_0_2_3_val     |   in|   32|     ap_none|  C_BUF_1_0_2_3_val|        scalar|
|C_BUF_1_0_2_4_val     |   in|   32|     ap_none|  C_BUF_1_0_2_4_val|        scalar|
|C_BUF_1_0_2_5_val     |   in|   32|     ap_none|  C_BUF_1_0_2_5_val|        scalar|
|C_BUF_1_0_2_6_val     |   in|   32|     ap_none|  C_BUF_1_0_2_6_val|        scalar|
|C_BUF_1_0_2_7_val     |   in|   32|     ap_none|  C_BUF_1_0_2_7_val|        scalar|
|C_BUF_1_0_3_0_val     |   in|   32|     ap_none|  C_BUF_1_0_3_0_val|        scalar|
|C_BUF_1_0_3_1_val     |   in|   32|     ap_none|  C_BUF_1_0_3_1_val|        scalar|
|C_BUF_1_0_3_2_val     |   in|   32|     ap_none|  C_BUF_1_0_3_2_val|        scalar|
|C_BUF_1_0_3_3_val     |   in|   32|     ap_none|  C_BUF_1_0_3_3_val|        scalar|
|C_BUF_1_0_3_4_val     |   in|   32|     ap_none|  C_BUF_1_0_3_4_val|        scalar|
|C_BUF_1_0_3_5_val     |   in|   32|     ap_none|  C_BUF_1_0_3_5_val|        scalar|
|C_BUF_1_0_3_6_val     |   in|   32|     ap_none|  C_BUF_1_0_3_6_val|        scalar|
|C_BUF_1_0_3_7_val     |   in|   32|     ap_none|  C_BUF_1_0_3_7_val|        scalar|
|C_BUF_1_0_4_0_val     |   in|   32|     ap_none|  C_BUF_1_0_4_0_val|        scalar|
|C_BUF_1_0_4_1_val     |   in|   32|     ap_none|  C_BUF_1_0_4_1_val|        scalar|
|C_BUF_1_0_4_2_val     |   in|   32|     ap_none|  C_BUF_1_0_4_2_val|        scalar|
|C_BUF_1_0_4_3_val     |   in|   32|     ap_none|  C_BUF_1_0_4_3_val|        scalar|
|C_BUF_1_0_4_4_val     |   in|   32|     ap_none|  C_BUF_1_0_4_4_val|        scalar|
|C_BUF_1_0_4_5_val     |   in|   32|     ap_none|  C_BUF_1_0_4_5_val|        scalar|
|C_BUF_1_0_4_6_val     |   in|   32|     ap_none|  C_BUF_1_0_4_6_val|        scalar|
|C_BUF_1_0_4_7_val     |   in|   32|     ap_none|  C_BUF_1_0_4_7_val|        scalar|
|C_BUF_1_0_5_0_val     |   in|   32|     ap_none|  C_BUF_1_0_5_0_val|        scalar|
|C_BUF_1_0_5_1_val     |   in|   32|     ap_none|  C_BUF_1_0_5_1_val|        scalar|
|C_BUF_1_0_5_2_val     |   in|   32|     ap_none|  C_BUF_1_0_5_2_val|        scalar|
|C_BUF_1_0_5_3_val     |   in|   32|     ap_none|  C_BUF_1_0_5_3_val|        scalar|
|C_BUF_1_0_5_4_val     |   in|   32|     ap_none|  C_BUF_1_0_5_4_val|        scalar|
|C_BUF_1_0_5_5_val     |   in|   32|     ap_none|  C_BUF_1_0_5_5_val|        scalar|
|C_BUF_1_0_5_6_val     |   in|   32|     ap_none|  C_BUF_1_0_5_6_val|        scalar|
|C_BUF_1_0_5_7_val     |   in|   32|     ap_none|  C_BUF_1_0_5_7_val|        scalar|
|C_BUF_1_0_6_0_val     |   in|   32|     ap_none|  C_BUF_1_0_6_0_val|        scalar|
|C_BUF_1_0_6_1_val     |   in|   32|     ap_none|  C_BUF_1_0_6_1_val|        scalar|
|C_BUF_1_0_6_2_val     |   in|   32|     ap_none|  C_BUF_1_0_6_2_val|        scalar|
|C_BUF_1_0_6_3_val     |   in|   32|     ap_none|  C_BUF_1_0_6_3_val|        scalar|
|C_BUF_1_0_6_4_val     |   in|   32|     ap_none|  C_BUF_1_0_6_4_val|        scalar|
|C_BUF_1_0_6_5_val     |   in|   32|     ap_none|  C_BUF_1_0_6_5_val|        scalar|
|C_BUF_1_0_6_6_val     |   in|   32|     ap_none|  C_BUF_1_0_6_6_val|        scalar|
|C_BUF_1_0_6_7_val     |   in|   32|     ap_none|  C_BUF_1_0_6_7_val|        scalar|
|C_BUF_1_0_7_0_val     |   in|   32|     ap_none|  C_BUF_1_0_7_0_val|        scalar|
|C_BUF_1_0_7_1_val     |   in|   32|     ap_none|  C_BUF_1_0_7_1_val|        scalar|
|C_BUF_1_0_7_2_val     |   in|   32|     ap_none|  C_BUF_1_0_7_2_val|        scalar|
|C_BUF_1_0_7_3_val     |   in|   32|     ap_none|  C_BUF_1_0_7_3_val|        scalar|
|C_BUF_1_0_7_4_val     |   in|   32|     ap_none|  C_BUF_1_0_7_4_val|        scalar|
|C_BUF_1_0_7_5_val     |   in|   32|     ap_none|  C_BUF_1_0_7_5_val|        scalar|
|C_BUF_1_0_7_6_val     |   in|   32|     ap_none|  C_BUF_1_0_7_6_val|        scalar|
|C_BUF_1_0_7_7_val     |   in|   32|     ap_none|  C_BUF_1_0_7_7_val|        scalar|
|C_BUF_1_1_0_0_val     |   in|   32|     ap_none|  C_BUF_1_1_0_0_val|        scalar|
|C_BUF_1_1_0_1_val     |   in|   32|     ap_none|  C_BUF_1_1_0_1_val|        scalar|
|C_BUF_1_1_0_2_val     |   in|   32|     ap_none|  C_BUF_1_1_0_2_val|        scalar|
|C_BUF_1_1_0_3_val     |   in|   32|     ap_none|  C_BUF_1_1_0_3_val|        scalar|
|C_BUF_1_1_0_4_val     |   in|   32|     ap_none|  C_BUF_1_1_0_4_val|        scalar|
|C_BUF_1_1_0_5_val     |   in|   32|     ap_none|  C_BUF_1_1_0_5_val|        scalar|
|C_BUF_1_1_0_6_val     |   in|   32|     ap_none|  C_BUF_1_1_0_6_val|        scalar|
|C_BUF_1_1_0_7_val     |   in|   32|     ap_none|  C_BUF_1_1_0_7_val|        scalar|
|C_BUF_1_1_1_0_val     |   in|   32|     ap_none|  C_BUF_1_1_1_0_val|        scalar|
|C_BUF_1_1_1_1_val     |   in|   32|     ap_none|  C_BUF_1_1_1_1_val|        scalar|
|C_BUF_1_1_1_2_val     |   in|   32|     ap_none|  C_BUF_1_1_1_2_val|        scalar|
|C_BUF_1_1_1_3_val     |   in|   32|     ap_none|  C_BUF_1_1_1_3_val|        scalar|
|C_BUF_1_1_1_4_val     |   in|   32|     ap_none|  C_BUF_1_1_1_4_val|        scalar|
|C_BUF_1_1_1_5_val     |   in|   32|     ap_none|  C_BUF_1_1_1_5_val|        scalar|
|C_BUF_1_1_1_6_val     |   in|   32|     ap_none|  C_BUF_1_1_1_6_val|        scalar|
|C_BUF_1_1_1_7_val     |   in|   32|     ap_none|  C_BUF_1_1_1_7_val|        scalar|
|C_BUF_1_1_2_0_val     |   in|   32|     ap_none|  C_BUF_1_1_2_0_val|        scalar|
|C_BUF_1_1_2_1_val     |   in|   32|     ap_none|  C_BUF_1_1_2_1_val|        scalar|
|C_BUF_1_1_2_2_val     |   in|   32|     ap_none|  C_BUF_1_1_2_2_val|        scalar|
|C_BUF_1_1_2_3_val     |   in|   32|     ap_none|  C_BUF_1_1_2_3_val|        scalar|
|C_BUF_1_1_2_4_val     |   in|   32|     ap_none|  C_BUF_1_1_2_4_val|        scalar|
|C_BUF_1_1_2_5_val     |   in|   32|     ap_none|  C_BUF_1_1_2_5_val|        scalar|
|C_BUF_1_1_2_6_val     |   in|   32|     ap_none|  C_BUF_1_1_2_6_val|        scalar|
|C_BUF_1_1_2_7_val     |   in|   32|     ap_none|  C_BUF_1_1_2_7_val|        scalar|
|C_BUF_1_1_3_0_val     |   in|   32|     ap_none|  C_BUF_1_1_3_0_val|        scalar|
|C_BUF_1_1_3_1_val     |   in|   32|     ap_none|  C_BUF_1_1_3_1_val|        scalar|
|C_BUF_1_1_3_2_val     |   in|   32|     ap_none|  C_BUF_1_1_3_2_val|        scalar|
|C_BUF_1_1_3_3_val     |   in|   32|     ap_none|  C_BUF_1_1_3_3_val|        scalar|
|C_BUF_1_1_3_4_val     |   in|   32|     ap_none|  C_BUF_1_1_3_4_val|        scalar|
|C_BUF_1_1_3_5_val     |   in|   32|     ap_none|  C_BUF_1_1_3_5_val|        scalar|
|C_BUF_1_1_3_6_val     |   in|   32|     ap_none|  C_BUF_1_1_3_6_val|        scalar|
|C_BUF_1_1_3_7_val     |   in|   32|     ap_none|  C_BUF_1_1_3_7_val|        scalar|
|C_BUF_1_1_4_0_val     |   in|   32|     ap_none|  C_BUF_1_1_4_0_val|        scalar|
|C_BUF_1_1_4_1_val     |   in|   32|     ap_none|  C_BUF_1_1_4_1_val|        scalar|
|C_BUF_1_1_4_2_val     |   in|   32|     ap_none|  C_BUF_1_1_4_2_val|        scalar|
|C_BUF_1_1_4_3_val     |   in|   32|     ap_none|  C_BUF_1_1_4_3_val|        scalar|
|C_BUF_1_1_4_4_val     |   in|   32|     ap_none|  C_BUF_1_1_4_4_val|        scalar|
|C_BUF_1_1_4_5_val     |   in|   32|     ap_none|  C_BUF_1_1_4_5_val|        scalar|
|C_BUF_1_1_4_6_val     |   in|   32|     ap_none|  C_BUF_1_1_4_6_val|        scalar|
|C_BUF_1_1_4_7_val     |   in|   32|     ap_none|  C_BUF_1_1_4_7_val|        scalar|
|C_BUF_1_1_5_0_val     |   in|   32|     ap_none|  C_BUF_1_1_5_0_val|        scalar|
|C_BUF_1_1_5_1_val     |   in|   32|     ap_none|  C_BUF_1_1_5_1_val|        scalar|
|C_BUF_1_1_5_2_val     |   in|   32|     ap_none|  C_BUF_1_1_5_2_val|        scalar|
|C_BUF_1_1_5_3_val     |   in|   32|     ap_none|  C_BUF_1_1_5_3_val|        scalar|
|C_BUF_1_1_5_4_val     |   in|   32|     ap_none|  C_BUF_1_1_5_4_val|        scalar|
|C_BUF_1_1_5_5_val     |   in|   32|     ap_none|  C_BUF_1_1_5_5_val|        scalar|
|C_BUF_1_1_5_6_val     |   in|   32|     ap_none|  C_BUF_1_1_5_6_val|        scalar|
|C_BUF_1_1_5_7_val     |   in|   32|     ap_none|  C_BUF_1_1_5_7_val|        scalar|
|C_BUF_1_1_6_0_val     |   in|   32|     ap_none|  C_BUF_1_1_6_0_val|        scalar|
|C_BUF_1_1_6_1_val     |   in|   32|     ap_none|  C_BUF_1_1_6_1_val|        scalar|
|C_BUF_1_1_6_2_val     |   in|   32|     ap_none|  C_BUF_1_1_6_2_val|        scalar|
|C_BUF_1_1_6_3_val     |   in|   32|     ap_none|  C_BUF_1_1_6_3_val|        scalar|
|C_BUF_1_1_6_4_val     |   in|   32|     ap_none|  C_BUF_1_1_6_4_val|        scalar|
|C_BUF_1_1_6_5_val     |   in|   32|     ap_none|  C_BUF_1_1_6_5_val|        scalar|
|C_BUF_1_1_6_6_val     |   in|   32|     ap_none|  C_BUF_1_1_6_6_val|        scalar|
|C_BUF_1_1_6_7_val     |   in|   32|     ap_none|  C_BUF_1_1_6_7_val|        scalar|
|C_BUF_1_1_7_0_val     |   in|   32|     ap_none|  C_BUF_1_1_7_0_val|        scalar|
|C_BUF_1_1_7_1_val     |   in|   32|     ap_none|  C_BUF_1_1_7_1_val|        scalar|
|C_BUF_1_1_7_2_val     |   in|   32|     ap_none|  C_BUF_1_1_7_2_val|        scalar|
|C_BUF_1_1_7_3_val     |   in|   32|     ap_none|  C_BUF_1_1_7_3_val|        scalar|
|C_BUF_1_1_7_4_val     |   in|   32|     ap_none|  C_BUF_1_1_7_4_val|        scalar|
|C_BUF_1_1_7_5_val     |   in|   32|     ap_none|  C_BUF_1_1_7_5_val|        scalar|
|C_BUF_1_1_7_6_val     |   in|   32|     ap_none|  C_BUF_1_1_7_6_val|        scalar|
|C_BUF_1_1_7_7_val     |   in|   32|     ap_none|  C_BUF_1_1_7_7_val|        scalar|
|C_BUF_2_0_0_0_val     |   in|   32|     ap_none|  C_BUF_2_0_0_0_val|        scalar|
|C_BUF_2_0_0_1_val     |   in|   32|     ap_none|  C_BUF_2_0_0_1_val|        scalar|
|C_BUF_2_0_0_2_val     |   in|   32|     ap_none|  C_BUF_2_0_0_2_val|        scalar|
|C_BUF_2_0_0_3_val     |   in|   32|     ap_none|  C_BUF_2_0_0_3_val|        scalar|
|C_BUF_2_0_0_4_val     |   in|   32|     ap_none|  C_BUF_2_0_0_4_val|        scalar|
|C_BUF_2_0_0_5_val     |   in|   32|     ap_none|  C_BUF_2_0_0_5_val|        scalar|
|C_BUF_2_0_0_6_val     |   in|   32|     ap_none|  C_BUF_2_0_0_6_val|        scalar|
|C_BUF_2_0_0_7_val     |   in|   32|     ap_none|  C_BUF_2_0_0_7_val|        scalar|
|C_BUF_2_0_1_0_val     |   in|   32|     ap_none|  C_BUF_2_0_1_0_val|        scalar|
|C_BUF_2_0_1_1_val     |   in|   32|     ap_none|  C_BUF_2_0_1_1_val|        scalar|
|C_BUF_2_0_1_2_val     |   in|   32|     ap_none|  C_BUF_2_0_1_2_val|        scalar|
|C_BUF_2_0_1_3_val     |   in|   32|     ap_none|  C_BUF_2_0_1_3_val|        scalar|
|C_BUF_2_0_1_4_val     |   in|   32|     ap_none|  C_BUF_2_0_1_4_val|        scalar|
|C_BUF_2_0_1_5_val     |   in|   32|     ap_none|  C_BUF_2_0_1_5_val|        scalar|
|C_BUF_2_0_1_6_val     |   in|   32|     ap_none|  C_BUF_2_0_1_6_val|        scalar|
|C_BUF_2_0_1_7_val     |   in|   32|     ap_none|  C_BUF_2_0_1_7_val|        scalar|
|C_BUF_2_0_2_0_val     |   in|   32|     ap_none|  C_BUF_2_0_2_0_val|        scalar|
|C_BUF_2_0_2_1_val     |   in|   32|     ap_none|  C_BUF_2_0_2_1_val|        scalar|
|C_BUF_2_0_2_2_val     |   in|   32|     ap_none|  C_BUF_2_0_2_2_val|        scalar|
|C_BUF_2_0_2_3_val     |   in|   32|     ap_none|  C_BUF_2_0_2_3_val|        scalar|
|C_BUF_2_0_2_4_val     |   in|   32|     ap_none|  C_BUF_2_0_2_4_val|        scalar|
|C_BUF_2_0_2_5_val     |   in|   32|     ap_none|  C_BUF_2_0_2_5_val|        scalar|
|C_BUF_2_0_2_6_val     |   in|   32|     ap_none|  C_BUF_2_0_2_6_val|        scalar|
|C_BUF_2_0_2_7_val     |   in|   32|     ap_none|  C_BUF_2_0_2_7_val|        scalar|
|C_BUF_2_0_3_0_val     |   in|   32|     ap_none|  C_BUF_2_0_3_0_val|        scalar|
|C_BUF_2_0_3_1_val     |   in|   32|     ap_none|  C_BUF_2_0_3_1_val|        scalar|
|C_BUF_2_0_3_2_val     |   in|   32|     ap_none|  C_BUF_2_0_3_2_val|        scalar|
|C_BUF_2_0_3_3_val     |   in|   32|     ap_none|  C_BUF_2_0_3_3_val|        scalar|
|C_BUF_2_0_3_4_val     |   in|   32|     ap_none|  C_BUF_2_0_3_4_val|        scalar|
|C_BUF_2_0_3_5_val     |   in|   32|     ap_none|  C_BUF_2_0_3_5_val|        scalar|
|C_BUF_2_0_3_6_val     |   in|   32|     ap_none|  C_BUF_2_0_3_6_val|        scalar|
|C_BUF_2_0_3_7_val     |   in|   32|     ap_none|  C_BUF_2_0_3_7_val|        scalar|
|C_BUF_2_0_4_0_val     |   in|   32|     ap_none|  C_BUF_2_0_4_0_val|        scalar|
|C_BUF_2_0_4_1_val     |   in|   32|     ap_none|  C_BUF_2_0_4_1_val|        scalar|
|C_BUF_2_0_4_2_val     |   in|   32|     ap_none|  C_BUF_2_0_4_2_val|        scalar|
|C_BUF_2_0_4_3_val     |   in|   32|     ap_none|  C_BUF_2_0_4_3_val|        scalar|
|C_BUF_2_0_4_4_val     |   in|   32|     ap_none|  C_BUF_2_0_4_4_val|        scalar|
|C_BUF_2_0_4_5_val     |   in|   32|     ap_none|  C_BUF_2_0_4_5_val|        scalar|
|C_BUF_2_0_4_6_val     |   in|   32|     ap_none|  C_BUF_2_0_4_6_val|        scalar|
|C_BUF_2_0_4_7_val     |   in|   32|     ap_none|  C_BUF_2_0_4_7_val|        scalar|
|C_BUF_2_0_5_0_val     |   in|   32|     ap_none|  C_BUF_2_0_5_0_val|        scalar|
|C_BUF_2_0_5_1_val     |   in|   32|     ap_none|  C_BUF_2_0_5_1_val|        scalar|
|C_BUF_2_0_5_2_val     |   in|   32|     ap_none|  C_BUF_2_0_5_2_val|        scalar|
|C_BUF_2_0_5_3_val     |   in|   32|     ap_none|  C_BUF_2_0_5_3_val|        scalar|
|C_BUF_2_0_5_4_val     |   in|   32|     ap_none|  C_BUF_2_0_5_4_val|        scalar|
|C_BUF_2_0_5_5_val     |   in|   32|     ap_none|  C_BUF_2_0_5_5_val|        scalar|
|C_BUF_2_0_5_6_val     |   in|   32|     ap_none|  C_BUF_2_0_5_6_val|        scalar|
|C_BUF_2_0_5_7_val     |   in|   32|     ap_none|  C_BUF_2_0_5_7_val|        scalar|
|C_BUF_2_0_6_0_val     |   in|   32|     ap_none|  C_BUF_2_0_6_0_val|        scalar|
|C_BUF_2_0_6_1_val     |   in|   32|     ap_none|  C_BUF_2_0_6_1_val|        scalar|
|C_BUF_2_0_6_2_val     |   in|   32|     ap_none|  C_BUF_2_0_6_2_val|        scalar|
|C_BUF_2_0_6_3_val     |   in|   32|     ap_none|  C_BUF_2_0_6_3_val|        scalar|
|C_BUF_2_0_6_4_val     |   in|   32|     ap_none|  C_BUF_2_0_6_4_val|        scalar|
|C_BUF_2_0_6_5_val     |   in|   32|     ap_none|  C_BUF_2_0_6_5_val|        scalar|
|C_BUF_2_0_6_6_val     |   in|   32|     ap_none|  C_BUF_2_0_6_6_val|        scalar|
|C_BUF_2_0_6_7_val     |   in|   32|     ap_none|  C_BUF_2_0_6_7_val|        scalar|
|C_BUF_2_0_7_0_val     |   in|   32|     ap_none|  C_BUF_2_0_7_0_val|        scalar|
|C_BUF_2_0_7_1_val     |   in|   32|     ap_none|  C_BUF_2_0_7_1_val|        scalar|
|C_BUF_2_0_7_2_val     |   in|   32|     ap_none|  C_BUF_2_0_7_2_val|        scalar|
|C_BUF_2_0_7_3_val     |   in|   32|     ap_none|  C_BUF_2_0_7_3_val|        scalar|
|C_BUF_2_0_7_4_val     |   in|   32|     ap_none|  C_BUF_2_0_7_4_val|        scalar|
|C_BUF_2_0_7_5_val     |   in|   32|     ap_none|  C_BUF_2_0_7_5_val|        scalar|
|C_BUF_2_0_7_6_val     |   in|   32|     ap_none|  C_BUF_2_0_7_6_val|        scalar|
|C_BUF_2_0_7_7_val     |   in|   32|     ap_none|  C_BUF_2_0_7_7_val|        scalar|
|C_BUF_2_1_0_0_val     |   in|   32|     ap_none|  C_BUF_2_1_0_0_val|        scalar|
|C_BUF_2_1_0_1_val     |   in|   32|     ap_none|  C_BUF_2_1_0_1_val|        scalar|
|C_BUF_2_1_0_2_val     |   in|   32|     ap_none|  C_BUF_2_1_0_2_val|        scalar|
|C_BUF_2_1_0_3_val     |   in|   32|     ap_none|  C_BUF_2_1_0_3_val|        scalar|
|C_BUF_2_1_0_4_val     |   in|   32|     ap_none|  C_BUF_2_1_0_4_val|        scalar|
|C_BUF_2_1_0_5_val     |   in|   32|     ap_none|  C_BUF_2_1_0_5_val|        scalar|
|C_BUF_2_1_0_6_val     |   in|   32|     ap_none|  C_BUF_2_1_0_6_val|        scalar|
|C_BUF_2_1_0_7_val     |   in|   32|     ap_none|  C_BUF_2_1_0_7_val|        scalar|
|C_BUF_2_1_1_0_val     |   in|   32|     ap_none|  C_BUF_2_1_1_0_val|        scalar|
|C_BUF_2_1_1_1_val     |   in|   32|     ap_none|  C_BUF_2_1_1_1_val|        scalar|
|C_BUF_2_1_1_2_val     |   in|   32|     ap_none|  C_BUF_2_1_1_2_val|        scalar|
|C_BUF_2_1_1_3_val     |   in|   32|     ap_none|  C_BUF_2_1_1_3_val|        scalar|
|C_BUF_2_1_1_4_val     |   in|   32|     ap_none|  C_BUF_2_1_1_4_val|        scalar|
|C_BUF_2_1_1_5_val     |   in|   32|     ap_none|  C_BUF_2_1_1_5_val|        scalar|
|C_BUF_2_1_1_6_val     |   in|   32|     ap_none|  C_BUF_2_1_1_6_val|        scalar|
|C_BUF_2_1_1_7_val     |   in|   32|     ap_none|  C_BUF_2_1_1_7_val|        scalar|
|C_BUF_2_1_2_0_val     |   in|   32|     ap_none|  C_BUF_2_1_2_0_val|        scalar|
|C_BUF_2_1_2_1_val     |   in|   32|     ap_none|  C_BUF_2_1_2_1_val|        scalar|
|C_BUF_2_1_2_2_val     |   in|   32|     ap_none|  C_BUF_2_1_2_2_val|        scalar|
|C_BUF_2_1_2_3_val     |   in|   32|     ap_none|  C_BUF_2_1_2_3_val|        scalar|
|C_BUF_2_1_2_4_val     |   in|   32|     ap_none|  C_BUF_2_1_2_4_val|        scalar|
|C_BUF_2_1_2_5_val     |   in|   32|     ap_none|  C_BUF_2_1_2_5_val|        scalar|
|C_BUF_2_1_2_6_val     |   in|   32|     ap_none|  C_BUF_2_1_2_6_val|        scalar|
|C_BUF_2_1_2_7_val     |   in|   32|     ap_none|  C_BUF_2_1_2_7_val|        scalar|
|C_BUF_2_1_3_0_val     |   in|   32|     ap_none|  C_BUF_2_1_3_0_val|        scalar|
|C_BUF_2_1_3_1_val     |   in|   32|     ap_none|  C_BUF_2_1_3_1_val|        scalar|
|C_BUF_2_1_3_2_val     |   in|   32|     ap_none|  C_BUF_2_1_3_2_val|        scalar|
|C_BUF_2_1_3_3_val     |   in|   32|     ap_none|  C_BUF_2_1_3_3_val|        scalar|
|C_BUF_2_1_3_4_val     |   in|   32|     ap_none|  C_BUF_2_1_3_4_val|        scalar|
|C_BUF_2_1_3_5_val     |   in|   32|     ap_none|  C_BUF_2_1_3_5_val|        scalar|
|C_BUF_2_1_3_6_val     |   in|   32|     ap_none|  C_BUF_2_1_3_6_val|        scalar|
|C_BUF_2_1_3_7_val     |   in|   32|     ap_none|  C_BUF_2_1_3_7_val|        scalar|
|C_BUF_2_1_4_0_val     |   in|   32|     ap_none|  C_BUF_2_1_4_0_val|        scalar|
|C_BUF_2_1_4_1_val     |   in|   32|     ap_none|  C_BUF_2_1_4_1_val|        scalar|
|C_BUF_2_1_4_2_val     |   in|   32|     ap_none|  C_BUF_2_1_4_2_val|        scalar|
|C_BUF_2_1_4_3_val     |   in|   32|     ap_none|  C_BUF_2_1_4_3_val|        scalar|
|C_BUF_2_1_4_4_val     |   in|   32|     ap_none|  C_BUF_2_1_4_4_val|        scalar|
|C_BUF_2_1_4_5_val     |   in|   32|     ap_none|  C_BUF_2_1_4_5_val|        scalar|
|C_BUF_2_1_4_6_val     |   in|   32|     ap_none|  C_BUF_2_1_4_6_val|        scalar|
|C_BUF_2_1_4_7_val     |   in|   32|     ap_none|  C_BUF_2_1_4_7_val|        scalar|
|C_BUF_2_1_5_0_val     |   in|   32|     ap_none|  C_BUF_2_1_5_0_val|        scalar|
|C_BUF_2_1_5_1_val     |   in|   32|     ap_none|  C_BUF_2_1_5_1_val|        scalar|
|C_BUF_2_1_5_2_val     |   in|   32|     ap_none|  C_BUF_2_1_5_2_val|        scalar|
|C_BUF_2_1_5_3_val     |   in|   32|     ap_none|  C_BUF_2_1_5_3_val|        scalar|
|C_BUF_2_1_5_4_val     |   in|   32|     ap_none|  C_BUF_2_1_5_4_val|        scalar|
|C_BUF_2_1_5_5_val     |   in|   32|     ap_none|  C_BUF_2_1_5_5_val|        scalar|
|C_BUF_2_1_5_6_val     |   in|   32|     ap_none|  C_BUF_2_1_5_6_val|        scalar|
|C_BUF_2_1_5_7_val     |   in|   32|     ap_none|  C_BUF_2_1_5_7_val|        scalar|
|C_BUF_2_1_6_0_val     |   in|   32|     ap_none|  C_BUF_2_1_6_0_val|        scalar|
|C_BUF_2_1_6_1_val     |   in|   32|     ap_none|  C_BUF_2_1_6_1_val|        scalar|
|C_BUF_2_1_6_2_val     |   in|   32|     ap_none|  C_BUF_2_1_6_2_val|        scalar|
|C_BUF_2_1_6_3_val     |   in|   32|     ap_none|  C_BUF_2_1_6_3_val|        scalar|
|C_BUF_2_1_6_4_val     |   in|   32|     ap_none|  C_BUF_2_1_6_4_val|        scalar|
|C_BUF_2_1_6_5_val     |   in|   32|     ap_none|  C_BUF_2_1_6_5_val|        scalar|
|C_BUF_2_1_6_6_val     |   in|   32|     ap_none|  C_BUF_2_1_6_6_val|        scalar|
|C_BUF_2_1_6_7_val     |   in|   32|     ap_none|  C_BUF_2_1_6_7_val|        scalar|
|C_BUF_2_1_7_0_val     |   in|   32|     ap_none|  C_BUF_2_1_7_0_val|        scalar|
|C_BUF_2_1_7_1_val     |   in|   32|     ap_none|  C_BUF_2_1_7_1_val|        scalar|
|C_BUF_2_1_7_2_val     |   in|   32|     ap_none|  C_BUF_2_1_7_2_val|        scalar|
|C_BUF_2_1_7_3_val     |   in|   32|     ap_none|  C_BUF_2_1_7_3_val|        scalar|
|C_BUF_2_1_7_4_val     |   in|   32|     ap_none|  C_BUF_2_1_7_4_val|        scalar|
|C_BUF_2_1_7_5_val     |   in|   32|     ap_none|  C_BUF_2_1_7_5_val|        scalar|
|C_BUF_2_1_7_6_val     |   in|   32|     ap_none|  C_BUF_2_1_7_6_val|        scalar|
|C_BUF_2_1_7_7_val     |   in|   32|     ap_none|  C_BUF_2_1_7_7_val|        scalar|
|C_BUF_3_0_0_0_val     |   in|   32|     ap_none|  C_BUF_3_0_0_0_val|        scalar|
|C_BUF_3_0_0_1_val     |   in|   32|     ap_none|  C_BUF_3_0_0_1_val|        scalar|
|C_BUF_3_0_0_2_val     |   in|   32|     ap_none|  C_BUF_3_0_0_2_val|        scalar|
|C_BUF_3_0_0_3_val     |   in|   32|     ap_none|  C_BUF_3_0_0_3_val|        scalar|
|C_BUF_3_0_0_4_val     |   in|   32|     ap_none|  C_BUF_3_0_0_4_val|        scalar|
|C_BUF_3_0_0_5_val     |   in|   32|     ap_none|  C_BUF_3_0_0_5_val|        scalar|
|C_BUF_3_0_0_6_val     |   in|   32|     ap_none|  C_BUF_3_0_0_6_val|        scalar|
|C_BUF_3_0_0_7_val     |   in|   32|     ap_none|  C_BUF_3_0_0_7_val|        scalar|
|C_BUF_3_0_1_0_val     |   in|   32|     ap_none|  C_BUF_3_0_1_0_val|        scalar|
|C_BUF_3_0_1_1_val     |   in|   32|     ap_none|  C_BUF_3_0_1_1_val|        scalar|
|C_BUF_3_0_1_2_val     |   in|   32|     ap_none|  C_BUF_3_0_1_2_val|        scalar|
|C_BUF_3_0_1_3_val     |   in|   32|     ap_none|  C_BUF_3_0_1_3_val|        scalar|
|C_BUF_3_0_1_4_val     |   in|   32|     ap_none|  C_BUF_3_0_1_4_val|        scalar|
|C_BUF_3_0_1_5_val     |   in|   32|     ap_none|  C_BUF_3_0_1_5_val|        scalar|
|C_BUF_3_0_1_6_val     |   in|   32|     ap_none|  C_BUF_3_0_1_6_val|        scalar|
|C_BUF_3_0_1_7_val     |   in|   32|     ap_none|  C_BUF_3_0_1_7_val|        scalar|
|C_BUF_3_0_2_0_val     |   in|   32|     ap_none|  C_BUF_3_0_2_0_val|        scalar|
|C_BUF_3_0_2_1_val     |   in|   32|     ap_none|  C_BUF_3_0_2_1_val|        scalar|
|C_BUF_3_0_2_2_val     |   in|   32|     ap_none|  C_BUF_3_0_2_2_val|        scalar|
|C_BUF_3_0_2_3_val     |   in|   32|     ap_none|  C_BUF_3_0_2_3_val|        scalar|
|C_BUF_3_0_2_4_val     |   in|   32|     ap_none|  C_BUF_3_0_2_4_val|        scalar|
|C_BUF_3_0_2_5_val     |   in|   32|     ap_none|  C_BUF_3_0_2_5_val|        scalar|
|C_BUF_3_0_2_6_val     |   in|   32|     ap_none|  C_BUF_3_0_2_6_val|        scalar|
|C_BUF_3_0_2_7_val     |   in|   32|     ap_none|  C_BUF_3_0_2_7_val|        scalar|
|C_BUF_3_0_3_0_val     |   in|   32|     ap_none|  C_BUF_3_0_3_0_val|        scalar|
|C_BUF_3_0_3_1_val     |   in|   32|     ap_none|  C_BUF_3_0_3_1_val|        scalar|
|C_BUF_3_0_3_2_val     |   in|   32|     ap_none|  C_BUF_3_0_3_2_val|        scalar|
|C_BUF_3_0_3_3_val     |   in|   32|     ap_none|  C_BUF_3_0_3_3_val|        scalar|
|C_BUF_3_0_3_4_val     |   in|   32|     ap_none|  C_BUF_3_0_3_4_val|        scalar|
|C_BUF_3_0_3_5_val     |   in|   32|     ap_none|  C_BUF_3_0_3_5_val|        scalar|
|C_BUF_3_0_3_6_val     |   in|   32|     ap_none|  C_BUF_3_0_3_6_val|        scalar|
|C_BUF_3_0_3_7_val     |   in|   32|     ap_none|  C_BUF_3_0_3_7_val|        scalar|
|C_BUF_3_0_4_0_val     |   in|   32|     ap_none|  C_BUF_3_0_4_0_val|        scalar|
|C_BUF_3_0_4_1_val     |   in|   32|     ap_none|  C_BUF_3_0_4_1_val|        scalar|
|C_BUF_3_0_4_2_val     |   in|   32|     ap_none|  C_BUF_3_0_4_2_val|        scalar|
|C_BUF_3_0_4_3_val     |   in|   32|     ap_none|  C_BUF_3_0_4_3_val|        scalar|
|C_BUF_3_0_4_4_val     |   in|   32|     ap_none|  C_BUF_3_0_4_4_val|        scalar|
|C_BUF_3_0_4_5_val     |   in|   32|     ap_none|  C_BUF_3_0_4_5_val|        scalar|
|C_BUF_3_0_4_6_val     |   in|   32|     ap_none|  C_BUF_3_0_4_6_val|        scalar|
|C_BUF_3_0_4_7_val     |   in|   32|     ap_none|  C_BUF_3_0_4_7_val|        scalar|
|C_BUF_3_0_5_0_val     |   in|   32|     ap_none|  C_BUF_3_0_5_0_val|        scalar|
|C_BUF_3_0_5_1_val     |   in|   32|     ap_none|  C_BUF_3_0_5_1_val|        scalar|
|C_BUF_3_0_5_2_val     |   in|   32|     ap_none|  C_BUF_3_0_5_2_val|        scalar|
|C_BUF_3_0_5_3_val     |   in|   32|     ap_none|  C_BUF_3_0_5_3_val|        scalar|
|C_BUF_3_0_5_4_val     |   in|   32|     ap_none|  C_BUF_3_0_5_4_val|        scalar|
|C_BUF_3_0_5_5_val     |   in|   32|     ap_none|  C_BUF_3_0_5_5_val|        scalar|
|C_BUF_3_0_5_6_val     |   in|   32|     ap_none|  C_BUF_3_0_5_6_val|        scalar|
|C_BUF_3_0_5_7_val     |   in|   32|     ap_none|  C_BUF_3_0_5_7_val|        scalar|
|C_BUF_3_0_6_0_val     |   in|   32|     ap_none|  C_BUF_3_0_6_0_val|        scalar|
|C_BUF_3_0_6_1_val     |   in|   32|     ap_none|  C_BUF_3_0_6_1_val|        scalar|
|C_BUF_3_0_6_2_val     |   in|   32|     ap_none|  C_BUF_3_0_6_2_val|        scalar|
|C_BUF_3_0_6_3_val     |   in|   32|     ap_none|  C_BUF_3_0_6_3_val|        scalar|
|C_BUF_3_0_6_4_val     |   in|   32|     ap_none|  C_BUF_3_0_6_4_val|        scalar|
|C_BUF_3_0_6_5_val     |   in|   32|     ap_none|  C_BUF_3_0_6_5_val|        scalar|
|C_BUF_3_0_6_6_val     |   in|   32|     ap_none|  C_BUF_3_0_6_6_val|        scalar|
|C_BUF_3_0_6_7_val     |   in|   32|     ap_none|  C_BUF_3_0_6_7_val|        scalar|
|C_BUF_3_0_7_0_val     |   in|   32|     ap_none|  C_BUF_3_0_7_0_val|        scalar|
|C_BUF_3_0_7_1_val     |   in|   32|     ap_none|  C_BUF_3_0_7_1_val|        scalar|
|C_BUF_3_0_7_2_val     |   in|   32|     ap_none|  C_BUF_3_0_7_2_val|        scalar|
|C_BUF_3_0_7_3_val     |   in|   32|     ap_none|  C_BUF_3_0_7_3_val|        scalar|
|C_BUF_3_0_7_4_val     |   in|   32|     ap_none|  C_BUF_3_0_7_4_val|        scalar|
|C_BUF_3_0_7_5_val     |   in|   32|     ap_none|  C_BUF_3_0_7_5_val|        scalar|
|C_BUF_3_0_7_6_val     |   in|   32|     ap_none|  C_BUF_3_0_7_6_val|        scalar|
|C_BUF_3_0_7_7_val     |   in|   32|     ap_none|  C_BUF_3_0_7_7_val|        scalar|
|C_BUF_3_1_0_0_val     |   in|   32|     ap_none|  C_BUF_3_1_0_0_val|        scalar|
|C_BUF_3_1_0_1_val     |   in|   32|     ap_none|  C_BUF_3_1_0_1_val|        scalar|
|C_BUF_3_1_0_2_val     |   in|   32|     ap_none|  C_BUF_3_1_0_2_val|        scalar|
|C_BUF_3_1_0_3_val     |   in|   32|     ap_none|  C_BUF_3_1_0_3_val|        scalar|
|C_BUF_3_1_0_4_val     |   in|   32|     ap_none|  C_BUF_3_1_0_4_val|        scalar|
|C_BUF_3_1_0_5_val     |   in|   32|     ap_none|  C_BUF_3_1_0_5_val|        scalar|
|C_BUF_3_1_0_6_val     |   in|   32|     ap_none|  C_BUF_3_1_0_6_val|        scalar|
|C_BUF_3_1_0_7_val     |   in|   32|     ap_none|  C_BUF_3_1_0_7_val|        scalar|
|C_BUF_3_1_1_0_val     |   in|   32|     ap_none|  C_BUF_3_1_1_0_val|        scalar|
|C_BUF_3_1_1_1_val     |   in|   32|     ap_none|  C_BUF_3_1_1_1_val|        scalar|
|C_BUF_3_1_1_2_val     |   in|   32|     ap_none|  C_BUF_3_1_1_2_val|        scalar|
|C_BUF_3_1_1_3_val     |   in|   32|     ap_none|  C_BUF_3_1_1_3_val|        scalar|
|C_BUF_3_1_1_4_val     |   in|   32|     ap_none|  C_BUF_3_1_1_4_val|        scalar|
|C_BUF_3_1_1_5_val     |   in|   32|     ap_none|  C_BUF_3_1_1_5_val|        scalar|
|C_BUF_3_1_1_6_val     |   in|   32|     ap_none|  C_BUF_3_1_1_6_val|        scalar|
|C_BUF_3_1_1_7_val     |   in|   32|     ap_none|  C_BUF_3_1_1_7_val|        scalar|
|C_BUF_3_1_2_0_val     |   in|   32|     ap_none|  C_BUF_3_1_2_0_val|        scalar|
|C_BUF_3_1_2_1_val     |   in|   32|     ap_none|  C_BUF_3_1_2_1_val|        scalar|
|C_BUF_3_1_2_2_val     |   in|   32|     ap_none|  C_BUF_3_1_2_2_val|        scalar|
|C_BUF_3_1_2_3_val     |   in|   32|     ap_none|  C_BUF_3_1_2_3_val|        scalar|
|C_BUF_3_1_2_4_val     |   in|   32|     ap_none|  C_BUF_3_1_2_4_val|        scalar|
|C_BUF_3_1_2_5_val     |   in|   32|     ap_none|  C_BUF_3_1_2_5_val|        scalar|
|C_BUF_3_1_2_6_val     |   in|   32|     ap_none|  C_BUF_3_1_2_6_val|        scalar|
|C_BUF_3_1_2_7_val     |   in|   32|     ap_none|  C_BUF_3_1_2_7_val|        scalar|
|C_BUF_3_1_3_0_val     |   in|   32|     ap_none|  C_BUF_3_1_3_0_val|        scalar|
|C_BUF_3_1_3_1_val     |   in|   32|     ap_none|  C_BUF_3_1_3_1_val|        scalar|
|C_BUF_3_1_3_2_val     |   in|   32|     ap_none|  C_BUF_3_1_3_2_val|        scalar|
|C_BUF_3_1_3_3_val     |   in|   32|     ap_none|  C_BUF_3_1_3_3_val|        scalar|
|C_BUF_3_1_3_4_val     |   in|   32|     ap_none|  C_BUF_3_1_3_4_val|        scalar|
|C_BUF_3_1_3_5_val     |   in|   32|     ap_none|  C_BUF_3_1_3_5_val|        scalar|
|C_BUF_3_1_3_6_val     |   in|   32|     ap_none|  C_BUF_3_1_3_6_val|        scalar|
|C_BUF_3_1_3_7_val     |   in|   32|     ap_none|  C_BUF_3_1_3_7_val|        scalar|
|C_BUF_3_1_4_0_val     |   in|   32|     ap_none|  C_BUF_3_1_4_0_val|        scalar|
|C_BUF_3_1_4_1_val     |   in|   32|     ap_none|  C_BUF_3_1_4_1_val|        scalar|
|C_BUF_3_1_4_2_val     |   in|   32|     ap_none|  C_BUF_3_1_4_2_val|        scalar|
|C_BUF_3_1_4_3_val     |   in|   32|     ap_none|  C_BUF_3_1_4_3_val|        scalar|
|C_BUF_3_1_4_4_val     |   in|   32|     ap_none|  C_BUF_3_1_4_4_val|        scalar|
|C_BUF_3_1_4_5_val     |   in|   32|     ap_none|  C_BUF_3_1_4_5_val|        scalar|
|C_BUF_3_1_4_6_val     |   in|   32|     ap_none|  C_BUF_3_1_4_6_val|        scalar|
|C_BUF_3_1_4_7_val     |   in|   32|     ap_none|  C_BUF_3_1_4_7_val|        scalar|
|C_BUF_3_1_5_0_val     |   in|   32|     ap_none|  C_BUF_3_1_5_0_val|        scalar|
|C_BUF_3_1_5_1_val     |   in|   32|     ap_none|  C_BUF_3_1_5_1_val|        scalar|
|C_BUF_3_1_5_2_val     |   in|   32|     ap_none|  C_BUF_3_1_5_2_val|        scalar|
|C_BUF_3_1_5_3_val     |   in|   32|     ap_none|  C_BUF_3_1_5_3_val|        scalar|
|C_BUF_3_1_5_4_val     |   in|   32|     ap_none|  C_BUF_3_1_5_4_val|        scalar|
|C_BUF_3_1_5_5_val     |   in|   32|     ap_none|  C_BUF_3_1_5_5_val|        scalar|
|C_BUF_3_1_5_6_val     |   in|   32|     ap_none|  C_BUF_3_1_5_6_val|        scalar|
|C_BUF_3_1_5_7_val     |   in|   32|     ap_none|  C_BUF_3_1_5_7_val|        scalar|
|C_BUF_3_1_6_0_val     |   in|   32|     ap_none|  C_BUF_3_1_6_0_val|        scalar|
|C_BUF_3_1_6_1_val     |   in|   32|     ap_none|  C_BUF_3_1_6_1_val|        scalar|
|C_BUF_3_1_6_2_val     |   in|   32|     ap_none|  C_BUF_3_1_6_2_val|        scalar|
|C_BUF_3_1_6_3_val     |   in|   32|     ap_none|  C_BUF_3_1_6_3_val|        scalar|
|C_BUF_3_1_6_4_val     |   in|   32|     ap_none|  C_BUF_3_1_6_4_val|        scalar|
|C_BUF_3_1_6_5_val     |   in|   32|     ap_none|  C_BUF_3_1_6_5_val|        scalar|
|C_BUF_3_1_6_6_val     |   in|   32|     ap_none|  C_BUF_3_1_6_6_val|        scalar|
|C_BUF_3_1_6_7_val     |   in|   32|     ap_none|  C_BUF_3_1_6_7_val|        scalar|
|C_BUF_3_1_7_0_val     |   in|   32|     ap_none|  C_BUF_3_1_7_0_val|        scalar|
|C_BUF_3_1_7_1_val     |   in|   32|     ap_none|  C_BUF_3_1_7_1_val|        scalar|
|C_BUF_3_1_7_2_val     |   in|   32|     ap_none|  C_BUF_3_1_7_2_val|        scalar|
|C_BUF_3_1_7_3_val     |   in|   32|     ap_none|  C_BUF_3_1_7_3_val|        scalar|
|C_BUF_3_1_7_4_val     |   in|   32|     ap_none|  C_BUF_3_1_7_4_val|        scalar|
|C_BUF_3_1_7_5_val     |   in|   32|     ap_none|  C_BUF_3_1_7_5_val|        scalar|
|C_BUF_3_1_7_6_val     |   in|   32|     ap_none|  C_BUF_3_1_7_6_val|        scalar|
|C_BUF_3_1_7_7_val     |   in|   32|     ap_none|  C_BUF_3_1_7_7_val|        scalar|
|m_axi_gmem2_AWVALID   |  out|    1|       m_axi|              gmem2|       pointer|
|m_axi_gmem2_AWREADY   |   in|    1|       m_axi|              gmem2|       pointer|
|m_axi_gmem2_AWADDR    |  out|   64|       m_axi|              gmem2|       pointer|
|m_axi_gmem2_AWID      |  out|    1|       m_axi|              gmem2|       pointer|
|m_axi_gmem2_AWLEN     |  out|   32|       m_axi|              gmem2|       pointer|
|m_axi_gmem2_AWSIZE    |  out|    3|       m_axi|              gmem2|       pointer|
|m_axi_gmem2_AWBURST   |  out|    2|       m_axi|              gmem2|       pointer|
|m_axi_gmem2_AWLOCK    |  out|    2|       m_axi|              gmem2|       pointer|
|m_axi_gmem2_AWCACHE   |  out|    4|       m_axi|              gmem2|       pointer|
|m_axi_gmem2_AWPROT    |  out|    3|       m_axi|              gmem2|       pointer|
|m_axi_gmem2_AWQOS     |  out|    4|       m_axi|              gmem2|       pointer|
|m_axi_gmem2_AWREGION  |  out|    4|       m_axi|              gmem2|       pointer|
|m_axi_gmem2_AWUSER    |  out|    1|       m_axi|              gmem2|       pointer|
|m_axi_gmem2_WVALID    |  out|    1|       m_axi|              gmem2|       pointer|
|m_axi_gmem2_WREADY    |   in|    1|       m_axi|              gmem2|       pointer|
|m_axi_gmem2_WDATA     |  out|  256|       m_axi|              gmem2|       pointer|
|m_axi_gmem2_WSTRB     |  out|   32|       m_axi|              gmem2|       pointer|
|m_axi_gmem2_WLAST     |  out|    1|       m_axi|              gmem2|       pointer|
|m_axi_gmem2_WID       |  out|    1|       m_axi|              gmem2|       pointer|
|m_axi_gmem2_WUSER     |  out|    1|       m_axi|              gmem2|       pointer|
|m_axi_gmem2_ARVALID   |  out|    1|       m_axi|              gmem2|       pointer|
|m_axi_gmem2_ARREADY   |   in|    1|       m_axi|              gmem2|       pointer|
|m_axi_gmem2_ARADDR    |  out|   64|       m_axi|              gmem2|       pointer|
|m_axi_gmem2_ARID      |  out|    1|       m_axi|              gmem2|       pointer|
|m_axi_gmem2_ARLEN     |  out|   32|       m_axi|              gmem2|       pointer|
|m_axi_gmem2_ARSIZE    |  out|    3|       m_axi|              gmem2|       pointer|
|m_axi_gmem2_ARBURST   |  out|    2|       m_axi|              gmem2|       pointer|
|m_axi_gmem2_ARLOCK    |  out|    2|       m_axi|              gmem2|       pointer|
|m_axi_gmem2_ARCACHE   |  out|    4|       m_axi|              gmem2|       pointer|
|m_axi_gmem2_ARPROT    |  out|    3|       m_axi|              gmem2|       pointer|
|m_axi_gmem2_ARQOS     |  out|    4|       m_axi|              gmem2|       pointer|
|m_axi_gmem2_ARREGION  |  out|    4|       m_axi|              gmem2|       pointer|
|m_axi_gmem2_ARUSER    |  out|    1|       m_axi|              gmem2|       pointer|
|m_axi_gmem2_RVALID    |   in|    1|       m_axi|              gmem2|       pointer|
|m_axi_gmem2_RREADY    |  out|    1|       m_axi|              gmem2|       pointer|
|m_axi_gmem2_RDATA     |   in|  256|       m_axi|              gmem2|       pointer|
|m_axi_gmem2_RLAST     |   in|    1|       m_axi|              gmem2|       pointer|
|m_axi_gmem2_RID       |   in|    1|       m_axi|              gmem2|       pointer|
|m_axi_gmem2_RFIFONUM  |   in|    9|       m_axi|              gmem2|       pointer|
|m_axi_gmem2_RUSER     |   in|    1|       m_axi|              gmem2|       pointer|
|m_axi_gmem2_RRESP     |   in|    2|       m_axi|              gmem2|       pointer|
|m_axi_gmem2_BVALID    |   in|    1|       m_axi|              gmem2|       pointer|
|m_axi_gmem2_BREADY    |  out|    1|       m_axi|              gmem2|       pointer|
|m_axi_gmem2_BRESP     |   in|    2|       m_axi|              gmem2|       pointer|
|m_axi_gmem2_BID       |   in|    1|       m_axi|              gmem2|       pointer|
|m_axi_gmem2_BUSER     |   in|    1|       m_axi|              gmem2|       pointer|
|C_DRAM                |   in|   64|     ap_none|             C_DRAM|        scalar|
+----------------------+-----+-----+------------+-------------------+--------------+

