

================================================================
== Vitis HLS Report for 'storeOutputToDRAM_Pipeline_VITIS_LOOP_49_1'
================================================================
* Date:           Fri Jul 24 12:49:52 2026

* Version:        2023.2 (Build 4023990 on Oct 11 2023)
* Project:        hls_project
* Solution:       gemm2 (Vitis Kernel Flow Target)
* Product family: versalaicore
* Target device:  xcvc1902-vsva2197-2MP-e-S


================================================================
== Performance Estimates
================================================================
+ Timing: 
    * Summary: 
    +--------+---------+----------+------------+
    |  Clock |  Target | Estimated| Uncertainty|
    +--------+---------+----------+------------+
    |ap_clk  |  3.33 ns|  1.901 ns|     0.90 ns|
    +--------+---------+----------+------------+

+ Latency: 
    * Summary: 
    +---------+---------+----------+----------+-----+-----+---------+
    |  Latency (cycles) |  Latency (absolute) |  Interval | Pipeline|
    |   min   |   max   |    min   |    max   | min | max |   Type  |
    +---------+---------+----------+----------+-----+-----+---------+
    |       66|       66|  0.220 us|  0.220 us|   66|   66|       no|
    +---------+---------+----------+----------+-----+-----+---------+

    + Detail: 
        * Instance: 
        N/A

        * Loop: 
        +-------------------+---------+---------+----------+-----------+-----------+------+----------+
        |                   |  Latency (cycles) | Iteration|  Initiation Interval  | Trip |          |
        |     Loop Name     |   min   |   max   |  Latency |  achieved |   target  | Count| Pipelined|
        +-------------------+---------+---------+----------+-----------+-----------+------+----------+
        |- VITIS_LOOP_49_1  |       64|       64|         3|          2|          1|    32|       yes|
        +-------------------+---------+---------+----------+-----------+-----------+------+----------+



================================================================
== Utilization Estimates
================================================================
* Summary: 
+-----------------+---------+------+---------+--------+-----+
|       Name      | BRAM_18K|  DSP |    FF   |   LUT  | URAM|
+-----------------+---------+------+---------+--------+-----+
|DSP              |        -|     -|        -|       -|    -|
|Expression       |        -|     -|        0|      21|    -|
|FIFO             |        -|     -|        -|       -|    -|
|Instance         |        -|     -|        0|    6464|    -|
|Memory           |        -|     -|        -|       -|    -|
|Multiplexer      |        -|     -|        -|     150|    -|
|Register         |        -|     -|      524|       -|    -|
+-----------------+---------+------+---------+--------+-----+
|Total            |        0|     0|      524|    6635|    0|
+-----------------+---------+------+---------+--------+-----+
|Available        |     1934|  1968|  1799680|  899840|  463|
+-----------------+---------+------+---------+--------+-----+
|Utilization (%)  |        0|     0|       ~0|      ~0|    0|
+-----------------+---------+------+---------+--------+-----+

+ Detail: 
    * Instance: 
    +-----------------------------+-----------------------+---------+----+---+----+-----+
    |           Instance          |         Module        | BRAM_18K| DSP| FF| LUT| URAM|
    +-----------------------------+-----------------------+---------+----+---+----+-----+
    |sparsemux_17_3_32_1_1_U4179  |sparsemux_17_3_32_1_1  |        0|   0|  0|  93|    0|
    |sparsemux_17_3_32_1_1_U4180  |sparsemux_17_3_32_1_1  |        0|   0|  0|  93|    0|
    |sparsemux_17_3_32_1_1_U4181  |sparsemux_17_3_32_1_1  |        0|   0|  0|  93|    0|
    |sparsemux_17_3_32_1_1_U4182  |sparsemux_17_3_32_1_1  |        0|   0|  0|  93|    0|
    |sparsemux_17_3_32_1_1_U4184  |sparsemux_17_3_32_1_1  |        0|   0|  0|  93|    0|
    |sparsemux_17_3_32_1_1_U4185  |sparsemux_17_3_32_1_1  |        0|   0|  0|  93|    0|
    |sparsemux_17_3_32_1_1_U4186  |sparsemux_17_3_32_1_1  |        0|   0|  0|  93|    0|
    |sparsemux_17_3_32_1_1_U4187  |sparsemux_17_3_32_1_1  |        0|   0|  0|  93|    0|
    |sparsemux_17_3_32_1_1_U4189  |sparsemux_17_3_32_1_1  |        0|   0|  0|  93|    0|
    |sparsemux_17_3_32_1_1_U4190  |sparsemux_17_3_32_1_1  |        0|   0|  0|  93|    0|
    |sparsemux_17_3_32_1_1_U4191  |sparsemux_17_3_32_1_1  |        0|   0|  0|  93|    0|
    |sparsemux_17_3_32_1_1_U4192  |sparsemux_17_3_32_1_1  |        0|   0|  0|  93|    0|
    |sparsemux_17_3_32_1_1_U4194  |sparsemux_17_3_32_1_1  |        0|   0|  0|  93|    0|
    |sparsemux_17_3_32_1_1_U4195  |sparsemux_17_3_32_1_1  |        0|   0|  0|  93|    0|
    |sparsemux_17_3_32_1_1_U4196  |sparsemux_17_3_32_1_1  |        0|   0|  0|  93|    0|
    |sparsemux_17_3_32_1_1_U4197  |sparsemux_17_3_32_1_1  |        0|   0|  0|  93|    0|
    |sparsemux_17_3_32_1_1_U4199  |sparsemux_17_3_32_1_1  |        0|   0|  0|  93|    0|
    |sparsemux_17_3_32_1_1_U4200  |sparsemux_17_3_32_1_1  |        0|   0|  0|  93|    0|
    |sparsemux_17_3_32_1_1_U4201  |sparsemux_17_3_32_1_1  |        0|   0|  0|  93|    0|
    |sparsemux_17_3_32_1_1_U4202  |sparsemux_17_3_32_1_1  |        0|   0|  0|  93|    0|
    |sparsemux_17_3_32_1_1_U4204  |sparsemux_17_3_32_1_1  |        0|   0|  0|  93|    0|
    |sparsemux_17_3_32_1_1_U4205  |sparsemux_17_3_32_1_1  |        0|   0|  0|  93|    0|
    |sparsemux_17_3_32_1_1_U4206  |sparsemux_17_3_32_1_1  |        0|   0|  0|  93|    0|
    |sparsemux_17_3_32_1_1_U4207  |sparsemux_17_3_32_1_1  |        0|   0|  0|  93|    0|
    |sparsemux_17_3_32_1_1_U4209  |sparsemux_17_3_32_1_1  |        0|   0|  0|  93|    0|
    |sparsemux_17_3_32_1_1_U4210  |sparsemux_17_3_32_1_1  |        0|   0|  0|  93|    0|
    |sparsemux_17_3_32_1_1_U4211  |sparsemux_17_3_32_1_1  |        0|   0|  0|  93|    0|
    |sparsemux_17_3_32_1_1_U4212  |sparsemux_17_3_32_1_1  |        0|   0|  0|  93|    0|
    |sparsemux_17_3_32_1_1_U4214  |sparsemux_17_3_32_1_1  |        0|   0|  0|  93|    0|
    |sparsemux_17_3_32_1_1_U4215  |sparsemux_17_3_32_1_1  |        0|   0|  0|  93|    0|
    |sparsemux_17_3_32_1_1_U4216  |sparsemux_17_3_32_1_1  |        0|   0|  0|  93|    0|
    |sparsemux_17_3_32_1_1_U4217  |sparsemux_17_3_32_1_1  |        0|   0|  0|  93|    0|
    |sparsemux_17_3_32_1_1_U4219  |sparsemux_17_3_32_1_1  |        0|   0|  0|  93|    0|
    |sparsemux_17_3_32_1_1_U4220  |sparsemux_17_3_32_1_1  |        0|   0|  0|  93|    0|
    |sparsemux_17_3_32_1_1_U4221  |sparsemux_17_3_32_1_1  |        0|   0|  0|  93|    0|
    |sparsemux_17_3_32_1_1_U4222  |sparsemux_17_3_32_1_1  |        0|   0|  0|  93|    0|
    |sparsemux_17_3_32_1_1_U4224  |sparsemux_17_3_32_1_1  |        0|   0|  0|  93|    0|
    |sparsemux_17_3_32_1_1_U4225  |sparsemux_17_3_32_1_1  |        0|   0|  0|  93|    0|
    |sparsemux_17_3_32_1_1_U4226  |sparsemux_17_3_32_1_1  |        0|   0|  0|  93|    0|
    |sparsemux_17_3_32_1_1_U4227  |sparsemux_17_3_32_1_1  |        0|   0|  0|  93|    0|
    |sparsemux_17_3_32_1_1_U4229  |sparsemux_17_3_32_1_1  |        0|   0|  0|  93|    0|
    |sparsemux_17_3_32_1_1_U4230  |sparsemux_17_3_32_1_1  |        0|   0|  0|  93|    0|
    |sparsemux_17_3_32_1_1_U4231  |sparsemux_17_3_32_1_1  |        0|   0|  0|  93|    0|
    |sparsemux_17_3_32_1_1_U4232  |sparsemux_17_3_32_1_1  |        0|   0|  0|  93|    0|
    |sparsemux_17_3_32_1_1_U4234  |sparsemux_17_3_32_1_1  |        0|   0|  0|  93|    0|
    |sparsemux_17_3_32_1_1_U4235  |sparsemux_17_3_32_1_1  |        0|   0|  0|  93|    0|
    |sparsemux_17_3_32_1_1_U4236  |sparsemux_17_3_32_1_1  |        0|   0|  0|  93|    0|
    |sparsemux_17_3_32_1_1_U4237  |sparsemux_17_3_32_1_1  |        0|   0|  0|  93|    0|
    |sparsemux_17_3_32_1_1_U4239  |sparsemux_17_3_32_1_1  |        0|   0|  0|  93|    0|
    |sparsemux_17_3_32_1_1_U4240  |sparsemux_17_3_32_1_1  |        0|   0|  0|  93|    0|
    |sparsemux_17_3_32_1_1_U4241  |sparsemux_17_3_32_1_1  |        0|   0|  0|  93|    0|
    |sparsemux_17_3_32_1_1_U4242  |sparsemux_17_3_32_1_1  |        0|   0|  0|  93|    0|
    |sparsemux_17_3_32_1_1_U4244  |sparsemux_17_3_32_1_1  |        0|   0|  0|  93|    0|
    |sparsemux_17_3_32_1_1_U4245  |sparsemux_17_3_32_1_1  |        0|   0|  0|  93|    0|
    |sparsemux_17_3_32_1_1_U4246  |sparsemux_17_3_32_1_1  |        0|   0|  0|  93|    0|
    |sparsemux_17_3_32_1_1_U4247  |sparsemux_17_3_32_1_1  |        0|   0|  0|  93|    0|
    |sparsemux_17_3_32_1_1_U4249  |sparsemux_17_3_32_1_1  |        0|   0|  0|  93|    0|
    |sparsemux_17_3_32_1_1_U4250  |sparsemux_17_3_32_1_1  |        0|   0|  0|  93|    0|
    |sparsemux_17_3_32_1_1_U4251  |sparsemux_17_3_32_1_1  |        0|   0|  0|  93|    0|
    |sparsemux_17_3_32_1_1_U4252  |sparsemux_17_3_32_1_1  |        0|   0|  0|  93|    0|
    |sparsemux_17_3_32_1_1_U4254  |sparsemux_17_3_32_1_1  |        0|   0|  0|  93|    0|
    |sparsemux_17_3_32_1_1_U4255  |sparsemux_17_3_32_1_1  |        0|   0|  0|  93|    0|
    |sparsemux_17_3_32_1_1_U4256  |sparsemux_17_3_32_1_1  |        0|   0|  0|  93|    0|
    |sparsemux_17_3_32_1_1_U4257  |sparsemux_17_3_32_1_1  |        0|   0|  0|  93|    0|
    |sparsemux_9_2_32_1_1_U4183   |sparsemux_9_2_32_1_1   |        0|   0|  0|  32|    0|
    |sparsemux_9_2_32_1_1_U4188   |sparsemux_9_2_32_1_1   |        0|   0|  0|  32|    0|
    |sparsemux_9_2_32_1_1_U4193   |sparsemux_9_2_32_1_1   |        0|   0|  0|  32|    0|
    |sparsemux_9_2_32_1_1_U4198   |sparsemux_9_2_32_1_1   |        0|   0|  0|  32|    0|
    |sparsemux_9_2_32_1_1_U4203   |sparsemux_9_2_32_1_1   |        0|   0|  0|  32|    0|
    |sparsemux_9_2_32_1_1_U4208   |sparsemux_9_2_32_1_1   |        0|   0|  0|  32|    0|
    |sparsemux_9_2_32_1_1_U4213   |sparsemux_9_2_32_1_1   |        0|   0|  0|  32|    0|
    |sparsemux_9_2_32_1_1_U4218   |sparsemux_9_2_32_1_1   |        0|   0|  0|  32|    0|
    |sparsemux_9_2_32_1_1_U4223   |sparsemux_9_2_32_1_1   |        0|   0|  0|  32|    0|
    |sparsemux_9_2_32_1_1_U4228   |sparsemux_9_2_32_1_1   |        0|   0|  0|  32|    0|
    |sparsemux_9_2_32_1_1_U4233   |sparsemux_9_2_32_1_1   |        0|   0|  0|  32|    0|
    |sparsemux_9_2_32_1_1_U4238   |sparsemux_9_2_32_1_1   |        0|   0|  0|  32|    0|
    |sparsemux_9_2_32_1_1_U4243   |sparsemux_9_2_32_1_1   |        0|   0|  0|  32|    0|
    |sparsemux_9_2_32_1_1_U4248   |sparsemux_9_2_32_1_1   |        0|   0|  0|  32|    0|
    |sparsemux_9_2_32_1_1_U4253   |sparsemux_9_2_32_1_1   |        0|   0|  0|  32|    0|
    |sparsemux_9_2_32_1_1_U4258   |sparsemux_9_2_32_1_1   |        0|   0|  0|  32|    0|
    +-----------------------------+-----------------------+---------+----+---+----+-----+
    |Total                        |                       |        0|   0|  0|6464|    0|
    +-----------------------------+-----------------------+---------+----+---+----+-----+

    * DSP: 
    N/A

    * Memory: 
    N/A

    * FIFO: 
    N/A

    * Expression: 
    +---------------------------+----------+----+---+----+------------+------------+
    |       Variable Name       | Operation| DSP| FF| LUT| Bitwidth P0| Bitwidth P1|
    +---------------------------+----------+----+---+----+------------+------------+
    |i_2_fu_5242_p2             |         +|   0|  0|   6|           6|           1|
    |ap_block_pp0_stage0_11001  |       and|   0|  0|   2|           1|           1|
    |ap_block_pp0_stage1_11001  |       and|   0|  0|   2|           1|           1|
    |ap_block_state2_io         |       and|   0|  0|   2|           1|           1|
    |icmp_ln49_fu_5248_p2       |      icmp|   0|  0|   7|           6|           7|
    |ap_enable_pp0              |       xor|   0|  0|   2|           1|           2|
    +---------------------------+----------+----+---+----+------------+------------+
    |Total                      |          |   0|  0|  21|          16|          13|
    +---------------------------+----------+----+---+----+------------+------------+

    * Multiplexer: 
    +-----------------------------+-----+-----------+-----+-----------+
    |             Name            | LUT | Input Size| Bits| Total Bits|
    +-----------------------------+-----+-----------+-----+-----------+
    |ap_NS_fsm                    |    2|          3|    1|          3|
    |ap_done_int                  |    2|          2|    1|          2|
    |ap_enable_reg_pp0_iter0      |    2|          2|    1|          2|
    |ap_enable_reg_pp0_iter0_reg  |    2|          2|    1|          2|
    |ap_enable_reg_pp0_iter1      |    2|          2|    1|          2|
    |ap_sig_allocacmp_i_1         |    5|          2|    6|         12|
    |gmem2_blk_n_W                |    2|          2|    1|          2|
    |i_fu_1106                    |    5|          2|    6|         12|
    |m_axi_gmem2_WDATA            |  128|          3|  256|        768|
    +-----------------------------+-----+-----------+-----+-----------+
    |Total                        |  150|         20|  274|        805|
    +-----------------------------+-----+-----------+-----+-----------+

    * Register: 
    +-----------------------------+----+----+-----+-----------+
    |             Name            | FF | LUT| Bits| Const Bits|
    +-----------------------------+----+----+-----+-----------+
    |ap_CS_fsm                    |   2|   0|    2|          0|
    |ap_done_reg                  |   1|   0|    1|          0|
    |ap_enable_reg_pp0_iter0_reg  |   1|   0|    1|          0|
    |ap_enable_reg_pp0_iter1      |   1|   0|    1|          0|
    |i_fu_1106                    |   6|   0|    6|          0|
    |icmp_ln49_reg_8332           |   1|   0|    1|          0|
    |tmp_13_reg_8346              |  32|   0|   32|          0|
    |tmp_18_reg_8351              |  32|   0|   32|          0|
    |tmp_23_reg_8356              |  32|   0|   32|          0|
    |tmp_28_reg_8361              |  32|   0|   32|          0|
    |tmp_33_reg_8366              |  32|   0|   32|          0|
    |tmp_38_reg_8371              |  32|   0|   32|          0|
    |tmp_43_reg_8376              |  32|   0|   32|          0|
    |tmp_48_reg_8381              |  32|   0|   32|          0|
    |tmp_4_reg_8336               |  32|   0|   32|          0|
    |tmp_53_reg_8386              |  32|   0|   32|          0|
    |tmp_58_reg_8391              |  32|   0|   32|          0|
    |tmp_63_reg_8396              |  32|   0|   32|          0|
    |tmp_68_reg_8401              |  32|   0|   32|          0|
    |tmp_73_reg_8406              |  32|   0|   32|          0|
    |tmp_78_reg_8411              |  32|   0|   32|          0|
    |tmp_9_reg_8341               |  32|   0|   32|          0|
    +-----------------------------+----+----+-----+-----------+
    |Total                        | 524|   0|  524|          0|
    +-----------------------------+----+----+-----+-----------+



================================================================
== Interface
================================================================
* Summary: 
+----------------------+-----+-----+------------+--------------------------------------------+--------------+
|       RTL Ports      | Dir | Bits|  Protocol  |                Source Object               |    C Type    |
+----------------------+-----+-----+------------+--------------------------------------------+--------------+
|ap_clk                |   in|    1|  ap_ctrl_hs|  storeOutputToDRAM_Pipeline_VITIS_LOOP_49_1|  return value|
|ap_rst                |   in|    1|  ap_ctrl_hs|  storeOutputToDRAM_Pipeline_VITIS_LOOP_49_1|  return value|
|ap_start              |   in|    1|  ap_ctrl_hs|  storeOutputToDRAM_Pipeline_VITIS_LOOP_49_1|  return value|
|ap_done               |  out|    1|  ap_ctrl_hs|  storeOutputToDRAM_Pipeline_VITIS_LOOP_49_1|  return value|
|ap_idle               |  out|    1|  ap_ctrl_hs|  storeOutputToDRAM_Pipeline_VITIS_LOOP_49_1|  return value|
|ap_ready              |  out|    1|  ap_ctrl_hs|  storeOutputToDRAM_Pipeline_VITIS_LOOP_49_1|  return value|
|m_axi_gmem2_AWVALID   |  out|    1|       m_axi|                                       gmem2|       pointer|
|m_axi_gmem2_AWREADY   |   in|    1|       m_axi|                                       gmem2|       pointer|
|m_axi_gmem2_AWADDR    |  out|   64|       m_axi|                                       gmem2|       pointer|
|m_axi_gmem2_AWID      |  out|    1|       m_axi|                                       gmem2|       pointer|
|m_axi_gmem2_AWLEN     |  out|   32|       m_axi|                                       gmem2|       pointer|
|m_axi_gmem2_AWSIZE    |  out|    3|       m_axi|                                       gmem2|       pointer|
|m_axi_gmem2_AWBURST   |  out|    2|       m_axi|                                       gmem2|       pointer|
|m_axi_gmem2_AWLOCK    |  out|    2|       m_axi|                                       gmem2|       pointer|
|m_axi_gmem2_AWCACHE   |  out|    4|       m_axi|                                       gmem2|       pointer|
|m_axi_gmem2_AWPROT    |  out|    3|       m_axi|                                       gmem2|       pointer|
|m_axi_gmem2_AWQOS     |  out|    4|       m_axi|                                       gmem2|       pointer|
|m_axi_gmem2_AWREGION  |  out|    4|       m_axi|                                       gmem2|       pointer|
|m_axi_gmem2_AWUSER    |  out|    1|       m_axi|                                       gmem2|       pointer|
|m_axi_gmem2_WVALID    |  out|    1|       m_axi|                                       gmem2|       pointer|
|m_axi_gmem2_WREADY    |   in|    1|       m_axi|                                       gmem2|       pointer|
|m_axi_gmem2_WDATA     |  out|  256|       m_axi|                                       gmem2|       pointer|
|m_axi_gmem2_WSTRB     |  out|   32|       m_axi|                                       gmem2|       pointer|
|m_axi_gmem2_WLAST     |  out|    1|       m_axi|                                       gmem2|       pointer|
|m_axi_gmem2_WID       |  out|    1|       m_axi|                                       gmem2|       pointer|
|m_axi_gmem2_WUSER     |  out|    1|       m_axi|                                       gmem2|       pointer|
|m_axi_gmem2_ARVALID   |  out|    1|       m_axi|                                       gmem2|       pointer|
|m_axi_gmem2_ARREADY   |   in|    1|       m_axi|                                       gmem2|       pointer|
|m_axi_gmem2_ARADDR    |  out|   64|       m_axi|                                       gmem2|       pointer|
|m_axi_gmem2_ARID      |  out|    1|       m_axi|                                       gmem2|       pointer|
|m_axi_gmem2_ARLEN     |  out|   32|       m_axi|                                       gmem2|       pointer|
|m_axi_gmem2_ARSIZE    |  out|    3|       m_axi|                                       gmem2|       pointer|
|m_axi_gmem2_ARBURST   |  out|    2|       m_axi|                                       gmem2|       pointer|
|m_axi_gmem2_ARLOCK    |  out|    2|       m_axi|                                       gmem2|       pointer|
|m_axi_gmem2_ARCACHE   |  out|    4|       m_axi|                                       gmem2|       pointer|
|m_axi_gmem2_ARPROT    |  out|    3|       m_axi|                                       gmem2|       pointer|
|m_axi_gmem2_ARQOS     |  out|    4|       m_axi|                                       gmem2|       pointer|
|m_axi_gmem2_ARREGION  |  out|    4|       m_axi|                                       gmem2|       pointer|
|m_axi_gmem2_ARUSER    |  out|    1|       m_axi|                                       gmem2|       pointer|
|m_axi_gmem2_RVALID    |   in|    1|       m_axi|                                       gmem2|       pointer|
|m_axi_gmem2_RREADY    |  out|    1|       m_axi|                                       gmem2|       pointer|
|m_axi_gmem2_RDATA     |   in|  256|       m_axi|                                       gmem2|       pointer|
|m_axi_gmem2_RLAST     |   in|    1|       m_axi|                                       gmem2|       pointer|
|m_axi_gmem2_RID       |   in|    1|       m_axi|                                       gmem2|       pointer|
|m_axi_gmem2_RFIFONUM  |   in|    9|       m_axi|                                       gmem2|       pointer|
|m_axi_gmem2_RUSER     |   in|    1|       m_axi|                                       gmem2|       pointer|
|m_axi_gmem2_RRESP     |   in|    2|       m_axi|                                       gmem2|       pointer|
|m_axi_gmem2_BVALID    |   in|    1|       m_axi|                                       gmem2|       pointer|
|m_axi_gmem2_BREADY    |  out|    1|       m_axi|                                       gmem2|       pointer|
|m_axi_gmem2_BRESP     |   in|    2|       m_axi|                                       gmem2|       pointer|
|m_axi_gmem2_BID       |   in|    1|       m_axi|                                       gmem2|       pointer|
|m_axi_gmem2_BUSER     |   in|    1|       m_axi|                                       gmem2|       pointer|
|C_BUF_0_0_0_0_val     |   in|   32|     ap_none|                           C_BUF_0_0_0_0_val|        scalar|
|C_BUF_0_0_1_0_val     |   in|   32|     ap_none|                           C_BUF_0_0_1_0_val|        scalar|
|C_BUF_0_0_2_0_val     |   in|   32|     ap_none|                           C_BUF_0_0_2_0_val|        scalar|
|C_BUF_0_0_3_0_val     |   in|   32|     ap_none|                           C_BUF_0_0_3_0_val|        scalar|
|C_BUF_0_0_4_0_val     |   in|   32|     ap_none|                           C_BUF_0_0_4_0_val|        scalar|
|C_BUF_0_0_5_0_val     |   in|   32|     ap_none|                           C_BUF_0_0_5_0_val|        scalar|
|C_BUF_0_0_6_0_val     |   in|   32|     ap_none|                           C_BUF_0_0_6_0_val|        scalar|
|C_BUF_0_0_7_0_val     |   in|   32|     ap_none|                           C_BUF_0_0_7_0_val|        scalar|
|C_BUF_1_0_0_0_val     |   in|   32|     ap_none|                           C_BUF_1_0_0_0_val|        scalar|
|C_BUF_1_0_1_0_val     |   in|   32|     ap_none|                           C_BUF_1_0_1_0_val|        scalar|
|C_BUF_1_0_2_0_val     |   in|   32|     ap_none|                           C_BUF_1_0_2_0_val|        scalar|
|C_BUF_1_0_3_0_val     |   in|   32|     ap_none|                           C_BUF_1_0_3_0_val|        scalar|
|C_BUF_1_0_4_0_val     |   in|   32|     ap_none|                           C_BUF_1_0_4_0_val|        scalar|
|C_BUF_1_0_5_0_val     |   in|   32|     ap_none|                           C_BUF_1_0_5_0_val|        scalar|
|C_BUF_1_0_6_0_val     |   in|   32|     ap_none|                           C_BUF_1_0_6_0_val|        scalar|
|C_BUF_1_0_7_0_val     |   in|   32|     ap_none|                           C_BUF_1_0_7_0_val|        scalar|
|C_BUF_2_0_0_0_val     |   in|   32|     ap_none|                           C_BUF_2_0_0_0_val|        scalar|
|C_BUF_2_0_1_0_val     |   in|   32|     ap_none|                           C_BUF_2_0_1_0_val|        scalar|
|C_BUF_2_0_2_0_val     |   in|   32|     ap_none|                           C_BUF_2_0_2_0_val|        scalar|
|C_BUF_2_0_3_0_val     |   in|   32|     ap_none|                           C_BUF_2_0_3_0_val|        scalar|
|C_BUF_2_0_4_0_val     |   in|   32|     ap_none|                           C_BUF_2_0_4_0_val|        scalar|
|C_BUF_2_0_5_0_val     |   in|   32|     ap_none|                           C_BUF_2_0_5_0_val|        scalar|
|C_BUF_2_0_6_0_val     |   in|   32|     ap_none|                           C_BUF_2_0_6_0_val|        scalar|
|C_BUF_2_0_7_0_val     |   in|   32|     ap_none|                           C_BUF_2_0_7_0_val|        scalar|
|C_BUF_3_0_0_0_val     |   in|   32|     ap_none|                           C_BUF_3_0_0_0_val|        scalar|
|C_BUF_3_0_1_0_val     |   in|   32|     ap_none|                           C_BUF_3_0_1_0_val|        scalar|
|C_BUF_3_0_2_0_val     |   in|   32|     ap_none|                           C_BUF_3_0_2_0_val|        scalar|
|C_BUF_3_0_3_0_val     |   in|   32|     ap_none|                           C_BUF_3_0_3_0_val|        scalar|
|C_BUF_3_0_4_0_val     |   in|   32|     ap_none|                           C_BUF_3_0_4_0_val|        scalar|
|C_BUF_3_0_5_0_val     |   in|   32|     ap_none|                           C_BUF_3_0_5_0_val|        scalar|
|C_BUF_3_0_6_0_val     |   in|   32|     ap_none|                           C_BUF_3_0_6_0_val|        scalar|
|C_BUF_3_0_7_0_val     |   in|   32|     ap_none|                           C_BUF_3_0_7_0_val|        scalar|
|C_BUF_0_0_0_1_val     |   in|   32|     ap_none|                           C_BUF_0_0_0_1_val|        scalar|
|C_BUF_0_0_1_1_val     |   in|   32|     ap_none|                           C_BUF_0_0_1_1_val|        scalar|
|C_BUF_0_0_2_1_val     |   in|   32|     ap_none|                           C_BUF_0_0_2_1_val|        scalar|
|C_BUF_0_0_3_1_val     |   in|   32|     ap_none|                           C_BUF_0_0_3_1_val|        scalar|
|C_BUF_0_0_4_1_val     |   in|   32|     ap_none|                           C_BUF_0_0_4_1_val|        scalar|
|C_BUF_0_0_5_1_val     |   in|   32|     ap_none|                           C_BUF_0_0_5_1_val|        scalar|
|C_BUF_0_0_6_1_val     |   in|   32|     ap_none|                           C_BUF_0_0_6_1_val|        scalar|
|C_BUF_0_0_7_1_val     |   in|   32|     ap_none|                           C_BUF_0_0_7_1_val|        scalar|
|C_BUF_1_0_0_1_val     |   in|   32|     ap_none|                           C_BUF_1_0_0_1_val|        scalar|
|C_BUF_1_0_1_1_val     |   in|   32|     ap_none|                           C_BUF_1_0_1_1_val|        scalar|
|C_BUF_1_0_2_1_val     |   in|   32|     ap_none|                           C_BUF_1_0_2_1_val|        scalar|
|C_BUF_1_0_3_1_val     |   in|   32|     ap_none|                           C_BUF_1_0_3_1_val|        scalar|
|C_BUF_1_0_4_1_val     |   in|   32|     ap_none|                           C_BUF_1_0_4_1_val|        scalar|
|C_BUF_1_0_5_1_val     |   in|   32|     ap_none|                           C_BUF_1_0_5_1_val|        scalar|
|C_BUF_1_0_6_1_val     |   in|   32|     ap_none|                           C_BUF_1_0_6_1_val|        scalar|
|C_BUF_1_0_7_1_val     |   in|   32|     ap_none|                           C_BUF_1_0_7_1_val|        scalar|
|C_BUF_2_0_0_1_val     |   in|   32|     ap_none|                           C_BUF_2_0_0_1_val|        scalar|
|C_BUF_2_0_1_1_val     |   in|   32|     ap_none|                           C_BUF_2_0_1_1_val|        scalar|
|C_BUF_2_0_2_1_val     |   in|   32|     ap_none|                           C_BUF_2_0_2_1_val|        scalar|
|C_BUF_2_0_3_1_val     |   in|   32|     ap_none|                           C_BUF_2_0_3_1_val|        scalar|
|C_BUF_2_0_4_1_val     |   in|   32|     ap_none|                           C_BUF_2_0_4_1_val|        scalar|
|C_BUF_2_0_5_1_val     |   in|   32|     ap_none|                           C_BUF_2_0_5_1_val|        scalar|
|C_BUF_2_0_6_1_val     |   in|   32|     ap_none|                           C_BUF_2_0_6_1_val|        scalar|
|C_BUF_2_0_7_1_val     |   in|   32|     ap_none|                           C_BUF_2_0_7_1_val|        scalar|
|C_BUF_3_0_0_1_val     |   in|   32|     ap_none|                           C_BUF_3_0_0_1_val|        scalar|
|C_BUF_3_0_1_1_val     |   in|   32|     ap_none|                           C_BUF_3_0_1_1_val|        scalar|
|C_BUF_3_0_2_1_val     |   in|   32|     ap_none|                           C_BUF_3_0_2_1_val|        scalar|
|C_BUF_3_0_3_1_val     |   in|   32|     ap_none|                           C_BUF_3_0_3_1_val|        scalar|
|C_BUF_3_0_4_1_val     |   in|   32|     ap_none|                           C_BUF_3_0_4_1_val|        scalar|
|C_BUF_3_0_5_1_val     |   in|   32|     ap_none|                           C_BUF_3_0_5_1_val|        scalar|
|C_BUF_3_0_6_1_val     |   in|   32|     ap_none|                           C_BUF_3_0_6_1_val|        scalar|
|C_BUF_3_0_7_1_val     |   in|   32|     ap_none|                           C_BUF_3_0_7_1_val|        scalar|
|C_BUF_0_0_0_2_val     |   in|   32|     ap_none|                           C_BUF_0_0_0_2_val|        scalar|
|C_BUF_0_0_1_2_val     |   in|   32|     ap_none|                           C_BUF_0_0_1_2_val|        scalar|
|C_BUF_0_0_2_2_val     |   in|   32|     ap_none|                           C_BUF_0_0_2_2_val|        scalar|
|C_BUF_0_0_3_2_val     |   in|   32|     ap_none|                           C_BUF_0_0_3_2_val|        scalar|
|C_BUF_0_0_4_2_val     |   in|   32|     ap_none|                           C_BUF_0_0_4_2_val|        scalar|
|C_BUF_0_0_5_2_val     |   in|   32|     ap_none|                           C_BUF_0_0_5_2_val|        scalar|
|C_BUF_0_0_6_2_val     |   in|   32|     ap_none|                           C_BUF_0_0_6_2_val|        scalar|
|C_BUF_0_0_7_2_val     |   in|   32|     ap_none|                           C_BUF_0_0_7_2_val|        scalar|
|C_BUF_1_0_0_2_val     |   in|   32|     ap_none|                           C_BUF_1_0_0_2_val|        scalar|
|C_BUF_1_0_1_2_val     |   in|   32|     ap_none|                           C_BUF_1_0_1_2_val|        scalar|
|C_BUF_1_0_2_2_val     |   in|   32|     ap_none|                           C_BUF_1_0_2_2_val|        scalar|
|C_BUF_1_0_3_2_val     |   in|   32|     ap_none|                           C_BUF_1_0_3_2_val|        scalar|
|C_BUF_1_0_4_2_val     |   in|   32|     ap_none|                           C_BUF_1_0_4_2_val|        scalar|
|C_BUF_1_0_5_2_val     |   in|   32|     ap_none|                           C_BUF_1_0_5_2_val|        scalar|
|C_BUF_1_0_6_2_val     |   in|   32|     ap_none|                           C_BUF_1_0_6_2_val|        scalar|
|C_BUF_1_0_7_2_val     |   in|   32|     ap_none|                           C_BUF_1_0_7_2_val|        scalar|
|C_BUF_2_0_0_2_val     |   in|   32|     ap_none|                           C_BUF_2_0_0_2_val|        scalar|
|C_BUF_2_0_1_2_val     |   in|   32|     ap_none|                           C_BUF_2_0_1_2_val|        scalar|
|C_BUF_2_0_2_2_val     |   in|   32|     ap_none|                           C_BUF_2_0_2_2_val|        scalar|
|C_BUF_2_0_3_2_val     |   in|   32|     ap_none|                           C_BUF_2_0_3_2_val|        scalar|
|C_BUF_2_0_4_2_val     |   in|   32|     ap_none|                           C_BUF_2_0_4_2_val|        scalar|
|C_BUF_2_0_5_2_val     |   in|   32|     ap_none|                           C_BUF_2_0_5_2_val|        scalar|
|C_BUF_2_0_6_2_val     |   in|   32|     ap_none|                           C_BUF_2_0_6_2_val|        scalar|
|C_BUF_2_0_7_2_val     |   in|   32|     ap_none|                           C_BUF_2_0_7_2_val|        scalar|
|C_BUF_3_0_0_2_val     |   in|   32|     ap_none|                           C_BUF_3_0_0_2_val|        scalar|
|C_BUF_3_0_1_2_val     |   in|   32|     ap_none|                           C_BUF_3_0_1_2_val|        scalar|
|C_BUF_3_0_2_2_val     |   in|   32|     ap_none|                           C_BUF_3_0_2_2_val|        scalar|
|C_BUF_3_0_3_2_val     |   in|   32|     ap_none|                           C_BUF_3_0_3_2_val|        scalar|
|C_BUF_3_0_4_2_val     |   in|   32|     ap_none|                           C_BUF_3_0_4_2_val|        scalar|
|C_BUF_3_0_5_2_val     |   in|   32|     ap_none|                           C_BUF_3_0_5_2_val|        scalar|
|C_BUF_3_0_6_2_val     |   in|   32|     ap_none|                           C_BUF_3_0_6_2_val|        scalar|
|C_BUF_3_0_7_2_val     |   in|   32|     ap_none|                           C_BUF_3_0_7_2_val|        scalar|
|C_BUF_0_0_0_3_val     |   in|   32|     ap_none|                           C_BUF_0_0_0_3_val|        scalar|
|C_BUF_0_0_1_3_val     |   in|   32|     ap_none|                           C_BUF_0_0_1_3_val|        scalar|
|C_BUF_0_0_2_3_val     |   in|   32|     ap_none|                           C_BUF_0_0_2_3_val|        scalar|
|C_BUF_0_0_3_3_val     |   in|   32|     ap_none|                           C_BUF_0_0_3_3_val|        scalar|
|C_BUF_0_0_4_3_val     |   in|   32|     ap_none|                           C_BUF_0_0_4_3_val|        scalar|
|C_BUF_0_0_5_3_val     |   in|   32|     ap_none|                           C_BUF_0_0_5_3_val|        scalar|
|C_BUF_0_0_6_3_val     |   in|   32|     ap_none|                           C_BUF_0_0_6_3_val|        scalar|
|C_BUF_0_0_7_3_val     |   in|   32|     ap_none|                           C_BUF_0_0_7_3_val|        scalar|
|C_BUF_1_0_0_3_val     |   in|   32|     ap_none|                           C_BUF_1_0_0_3_val|        scalar|
|C_BUF_1_0_1_3_val     |   in|   32|     ap_none|                           C_BUF_1_0_1_3_val|        scalar|
|C_BUF_1_0_2_3_val     |   in|   32|     ap_none|                           C_BUF_1_0_2_3_val|        scalar|
|C_BUF_1_0_3_3_val     |   in|   32|     ap_none|                           C_BUF_1_0_3_3_val|        scalar|
|C_BUF_1_0_4_3_val     |   in|   32|     ap_none|                           C_BUF_1_0_4_3_val|        scalar|
|C_BUF_1_0_5_3_val     |   in|   32|     ap_none|                           C_BUF_1_0_5_3_val|        scalar|
|C_BUF_1_0_6_3_val     |   in|   32|     ap_none|                           C_BUF_1_0_6_3_val|        scalar|
|C_BUF_1_0_7_3_val     |   in|   32|     ap_none|                           C_BUF_1_0_7_3_val|        scalar|
|C_BUF_2_0_0_3_val     |   in|   32|     ap_none|                           C_BUF_2_0_0_3_val|        scalar|
|C_BUF_2_0_1_3_val     |   in|   32|     ap_none|                           C_BUF_2_0_1_3_val|        scalar|
|C_BUF_2_0_2_3_val     |   in|   32|     ap_none|                           C_BUF_2_0_2_3_val|        scalar|
|C_BUF_2_0_3_3_val     |   in|   32|     ap_none|                           C_BUF_2_0_3_3_val|        scalar|
|C_BUF_2_0_4_3_val     |   in|   32|     ap_none|                           C_BUF_2_0_4_3_val|        scalar|
|C_BUF_2_0_5_3_val     |   in|   32|     ap_none|                           C_BUF_2_0_5_3_val|        scalar|
|C_BUF_2_0_6_3_val     |   in|   32|     ap_none|                           C_BUF_2_0_6_3_val|        scalar|
|C_BUF_2_0_7_3_val     |   in|   32|     ap_none|                           C_BUF_2_0_7_3_val|        scalar|
|C_BUF_3_0_0_3_val     |   in|   32|     ap_none|                           C_BUF_3_0_0_3_val|        scalar|
|C_BUF_3_0_1_3_val     |   in|   32|     ap_none|                           C_BUF_3_0_1_3_val|        scalar|
|C_BUF_3_0_2_3_val     |   in|   32|     ap_none|                           C_BUF_3_0_2_3_val|        scalar|
|C_BUF_3_0_3_3_val     |   in|   32|     ap_none|                           C_BUF_3_0_3_3_val|        scalar|
|C_BUF_3_0_4_3_val     |   in|   32|     ap_none|                           C_BUF_3_0_4_3_val|        scalar|
|C_BUF_3_0_5_3_val     |   in|   32|     ap_none|                           C_BUF_3_0_5_3_val|        scalar|
|C_BUF_3_0_6_3_val     |   in|   32|     ap_none|                           C_BUF_3_0_6_3_val|        scalar|
|C_BUF_3_0_7_3_val     |   in|   32|     ap_none|                           C_BUF_3_0_7_3_val|        scalar|
|C_BUF_0_0_0_4_val     |   in|   32|     ap_none|                           C_BUF_0_0_0_4_val|        scalar|
|C_BUF_0_0_1_4_val     |   in|   32|     ap_none|                           C_BUF_0_0_1_4_val|        scalar|
|C_BUF_0_0_2_4_val     |   in|   32|     ap_none|                           C_BUF_0_0_2_4_val|        scalar|
|C_BUF_0_0_3_4_val     |   in|   32|     ap_none|                           C_BUF_0_0_3_4_val|        scalar|
|C_BUF_0_0_4_4_val     |   in|   32|     ap_none|                           C_BUF_0_0_4_4_val|        scalar|
|C_BUF_0_0_5_4_val     |   in|   32|     ap_none|                           C_BUF_0_0_5_4_val|        scalar|
|C_BUF_0_0_6_4_val     |   in|   32|     ap_none|                           C_BUF_0_0_6_4_val|        scalar|
|C_BUF_0_0_7_4_val     |   in|   32|     ap_none|                           C_BUF_0_0_7_4_val|        scalar|
|C_BUF_1_0_0_4_val     |   in|   32|     ap_none|                           C_BUF_1_0_0_4_val|        scalar|
|C_BUF_1_0_1_4_val     |   in|   32|     ap_none|                           C_BUF_1_0_1_4_val|        scalar|
|C_BUF_1_0_2_4_val     |   in|   32|     ap_none|                           C_BUF_1_0_2_4_val|        scalar|
|C_BUF_1_0_3_4_val     |   in|   32|     ap_none|                           C_BUF_1_0_3_4_val|        scalar|
|C_BUF_1_0_4_4_val     |   in|   32|     ap_none|                           C_BUF_1_0_4_4_val|        scalar|
|C_BUF_1_0_5_4_val     |   in|   32|     ap_none|                           C_BUF_1_0_5_4_val|        scalar|
|C_BUF_1_0_6_4_val     |   in|   32|     ap_none|                           C_BUF_1_0_6_4_val|        scalar|
|C_BUF_1_0_7_4_val     |   in|   32|     ap_none|                           C_BUF_1_0_7_4_val|        scalar|
|C_BUF_2_0_0_4_val     |   in|   32|     ap_none|                           C_BUF_2_0_0_4_val|        scalar|
|C_BUF_2_0_1_4_val     |   in|   32|     ap_none|                           C_BUF_2_0_1_4_val|        scalar|
|C_BUF_2_0_2_4_val     |   in|   32|     ap_none|                           C_BUF_2_0_2_4_val|        scalar|
|C_BUF_2_0_3_4_val     |   in|   32|     ap_none|                           C_BUF_2_0_3_4_val|        scalar|
|C_BUF_2_0_4_4_val     |   in|   32|     ap_none|                           C_BUF_2_0_4_4_val|        scalar|
|C_BUF_2_0_5_4_val     |   in|   32|     ap_none|                           C_BUF_2_0_5_4_val|        scalar|
|C_BUF_2_0_6_4_val     |   in|   32|     ap_none|                           C_BUF_2_0_6_4_val|        scalar|
|C_BUF_2_0_7_4_val     |   in|   32|     ap_none|                           C_BUF_2_0_7_4_val|        scalar|
|C_BUF_3_0_0_4_val     |   in|   32|     ap_none|                           C_BUF_3_0_0_4_val|        scalar|
|C_BUF_3_0_1_4_val     |   in|   32|     ap_none|                           C_BUF_3_0_1_4_val|        scalar|
|C_BUF_3_0_2_4_val     |   in|   32|     ap_none|                           C_BUF_3_0_2_4_val|        scalar|
|C_BUF_3_0_3_4_val     |   in|   32|     ap_none|                           C_BUF_3_0_3_4_val|        scalar|
|C_BUF_3_0_4_4_val     |   in|   32|     ap_none|                           C_BUF_3_0_4_4_val|        scalar|
|C_BUF_3_0_5_4_val     |   in|   32|     ap_none|                           C_BUF_3_0_5_4_val|        scalar|
|C_BUF_3_0_6_4_val     |   in|   32|     ap_none|                           C_BUF_3_0_6_4_val|        scalar|
|C_BUF_3_0_7_4_val     |   in|   32|     ap_none|                           C_BUF_3_0_7_4_val|        scalar|
|C_BUF_0_0_0_5_val     |   in|   32|     ap_none|                           C_BUF_0_0_0_5_val|        scalar|
|C_BUF_0_0_1_5_val     |   in|   32|     ap_none|                           C_BUF_0_0_1_5_val|        scalar|
|C_BUF_0_0_2_5_val     |   in|   32|     ap_none|                           C_BUF_0_0_2_5_val|        scalar|
|C_BUF_0_0_3_5_val     |   in|   32|     ap_none|                           C_BUF_0_0_3_5_val|        scalar|
|C_BUF_0_0_4_5_val     |   in|   32|     ap_none|                           C_BUF_0_0_4_5_val|        scalar|
|C_BUF_0_0_5_5_val     |   in|   32|     ap_none|                           C_BUF_0_0_5_5_val|        scalar|
|C_BUF_0_0_6_5_val     |   in|   32|     ap_none|                           C_BUF_0_0_6_5_val|        scalar|
|C_BUF_0_0_7_5_val     |   in|   32|     ap_none|                           C_BUF_0_0_7_5_val|        scalar|
|C_BUF_1_0_0_5_val     |   in|   32|     ap_none|                           C_BUF_1_0_0_5_val|        scalar|
|C_BUF_1_0_1_5_val     |   in|   32|     ap_none|                           C_BUF_1_0_1_5_val|        scalar|
|C_BUF_1_0_2_5_val     |   in|   32|     ap_none|                           C_BUF_1_0_2_5_val|        scalar|
|C_BUF_1_0_3_5_val     |   in|   32|     ap_none|                           C_BUF_1_0_3_5_val|        scalar|
|C_BUF_1_0_4_5_val     |   in|   32|     ap_none|                           C_BUF_1_0_4_5_val|        scalar|
|C_BUF_1_0_5_5_val     |   in|   32|     ap_none|                           C_BUF_1_0_5_5_val|        scalar|
|C_BUF_1_0_6_5_val     |   in|   32|     ap_none|                           C_BUF_1_0_6_5_val|        scalar|
|C_BUF_1_0_7_5_val     |   in|   32|     ap_none|                           C_BUF_1_0_7_5_val|        scalar|
|C_BUF_2_0_0_5_val     |   in|   32|     ap_none|                           C_BUF_2_0_0_5_val|        scalar|
|C_BUF_2_0_1_5_val     |   in|   32|     ap_none|                           C_BUF_2_0_1_5_val|        scalar|
|C_BUF_2_0_2_5_val     |   in|   32|     ap_none|                           C_BUF_2_0_2_5_val|        scalar|
|C_BUF_2_0_3_5_val     |   in|   32|     ap_none|                           C_BUF_2_0_3_5_val|        scalar|
|C_BUF_2_0_4_5_val     |   in|   32|     ap_none|                           C_BUF_2_0_4_5_val|        scalar|
|C_BUF_2_0_5_5_val     |   in|   32|     ap_none|                           C_BUF_2_0_5_5_val|        scalar|
|C_BUF_2_0_6_5_val     |   in|   32|     ap_none|                           C_BUF_2_0_6_5_val|        scalar|
|C_BUF_2_0_7_5_val     |   in|   32|     ap_none|                           C_BUF_2_0_7_5_val|        scalar|
|C_BUF_3_0_0_5_val     |   in|   32|     ap_none|                           C_BUF_3_0_0_5_val|        scalar|
|C_BUF_3_0_1_5_val     |   in|   32|     ap_none|                           C_BUF_3_0_1_5_val|        scalar|
|C_BUF_3_0_2_5_val     |   in|   32|     ap_none|                           C_BUF_3_0_2_5_val|        scalar|
|C_BUF_3_0_3_5_val     |   in|   32|     ap_none|                           C_BUF_3_0_3_5_val|        scalar|
|C_BUF_3_0_4_5_val     |   in|   32|     ap_none|                           C_BUF_3_0_4_5_val|        scalar|
|C_BUF_3_0_5_5_val     |   in|   32|     ap_none|                           C_BUF_3_0_5_5_val|        scalar|
|C_BUF_3_0_6_5_val     |   in|   32|     ap_none|                           C_BUF_3_0_6_5_val|        scalar|
|C_BUF_3_0_7_5_val     |   in|   32|     ap_none|                           C_BUF_3_0_7_5_val|        scalar|
|C_BUF_0_0_0_6_val     |   in|   32|     ap_none|                           C_BUF_0_0_0_6_val|        scalar|
|C_BUF_0_0_1_6_val     |   in|   32|     ap_none|                           C_BUF_0_0_1_6_val|        scalar|
|C_BUF_0_0_2_6_val     |   in|   32|     ap_none|                           C_BUF_0_0_2_6_val|        scalar|
|C_BUF_0_0_3_6_val     |   in|   32|     ap_none|                           C_BUF_0_0_3_6_val|        scalar|
|C_BUF_0_0_4_6_val     |   in|   32|     ap_none|                           C_BUF_0_0_4_6_val|        scalar|
|C_BUF_0_0_5_6_val     |   in|   32|     ap_none|                           C_BUF_0_0_5_6_val|        scalar|
|C_BUF_0_0_6_6_val     |   in|   32|     ap_none|                           C_BUF_0_0_6_6_val|        scalar|
|C_BUF_0_0_7_6_val     |   in|   32|     ap_none|                           C_BUF_0_0_7_6_val|        scalar|
|C_BUF_1_0_0_6_val     |   in|   32|     ap_none|                           C_BUF_1_0_0_6_val|        scalar|
|C_BUF_1_0_1_6_val     |   in|   32|     ap_none|                           C_BUF_1_0_1_6_val|        scalar|
|C_BUF_1_0_2_6_val     |   in|   32|     ap_none|                           C_BUF_1_0_2_6_val|        scalar|
|C_BUF_1_0_3_6_val     |   in|   32|     ap_none|                           C_BUF_1_0_3_6_val|        scalar|
|C_BUF_1_0_4_6_val     |   in|   32|     ap_none|                           C_BUF_1_0_4_6_val|        scalar|
|C_BUF_1_0_5_6_val     |   in|   32|     ap_none|                           C_BUF_1_0_5_6_val|        scalar|
|C_BUF_1_0_6_6_val     |   in|   32|     ap_none|                           C_BUF_1_0_6_6_val|        scalar|
|C_BUF_1_0_7_6_val     |   in|   32|     ap_none|                           C_BUF_1_0_7_6_val|        scalar|
|C_BUF_2_0_0_6_val     |   in|   32|     ap_none|                           C_BUF_2_0_0_6_val|        scalar|
|C_BUF_2_0_1_6_val     |   in|   32|     ap_none|                           C_BUF_2_0_1_6_val|        scalar|
|C_BUF_2_0_2_6_val     |   in|   32|     ap_none|                           C_BUF_2_0_2_6_val|        scalar|
|C_BUF_2_0_3_6_val     |   in|   32|     ap_none|                           C_BUF_2_0_3_6_val|        scalar|
|C_BUF_2_0_4_6_val     |   in|   32|     ap_none|                           C_BUF_2_0_4_6_val|        scalar|
|C_BUF_2_0_5_6_val     |   in|   32|     ap_none|                           C_BUF_2_0_5_6_val|        scalar|
|C_BUF_2_0_6_6_val     |   in|   32|     ap_none|                           C_BUF_2_0_6_6_val|        scalar|
|C_BUF_2_0_7_6_val     |   in|   32|     ap_none|                           C_BUF_2_0_7_6_val|        scalar|
|C_BUF_3_0_0_6_val     |   in|   32|     ap_none|                           C_BUF_3_0_0_6_val|        scalar|
|C_BUF_3_0_1_6_val     |   in|   32|     ap_none|                           C_BUF_3_0_1_6_val|        scalar|
|C_BUF_3_0_2_6_val     |   in|   32|     ap_none|                           C_BUF_3_0_2_6_val|        scalar|
|C_BUF_3_0_3_6_val     |   in|   32|     ap_none|                           C_BUF_3_0_3_6_val|        scalar|
|C_BUF_3_0_4_6_val     |   in|   32|     ap_none|                           C_BUF_3_0_4_6_val|        scalar|
|C_BUF_3_0_5_6_val     |   in|   32|     ap_none|                           C_BUF_3_0_5_6_val|        scalar|
|C_BUF_3_0_6_6_val     |   in|   32|     ap_none|                           C_BUF_3_0_6_6_val|        scalar|
|C_BUF_3_0_7_6_val     |   in|   32|     ap_none|                           C_BUF_3_0_7_6_val|        scalar|
|C_BUF_0_0_0_7_val     |   in|   32|     ap_none|                           C_BUF_0_0_0_7_val|        scalar|
|C_BUF_0_0_1_7_val     |   in|   32|     ap_none|                           C_BUF_0_0_1_7_val|        scalar|
|C_BUF_0_0_2_7_val     |   in|   32|     ap_none|                           C_BUF_0_0_2_7_val|        scalar|
|C_BUF_0_0_3_7_val     |   in|   32|     ap_none|                           C_BUF_0_0_3_7_val|        scalar|
|C_BUF_0_0_4_7_val     |   in|   32|     ap_none|                           C_BUF_0_0_4_7_val|        scalar|
|C_BUF_0_0_5_7_val     |   in|   32|     ap_none|                           C_BUF_0_0_5_7_val|        scalar|
|C_BUF_0_0_6_7_val     |   in|   32|     ap_none|                           C_BUF_0_0_6_7_val|        scalar|
|C_BUF_0_0_7_7_val     |   in|   32|     ap_none|                           C_BUF_0_0_7_7_val|        scalar|
|C_BUF_1_0_0_7_val     |   in|   32|     ap_none|                           C_BUF_1_0_0_7_val|        scalar|
|C_BUF_1_0_1_7_val     |   in|   32|     ap_none|                           C_BUF_1_0_1_7_val|        scalar|
|C_BUF_1_0_2_7_val     |   in|   32|     ap_none|                           C_BUF_1_0_2_7_val|        scalar|
|C_BUF_1_0_3_7_val     |   in|   32|     ap_none|                           C_BUF_1_0_3_7_val|        scalar|
|C_BUF_1_0_4_7_val     |   in|   32|     ap_none|                           C_BUF_1_0_4_7_val|        scalar|
|C_BUF_1_0_5_7_val     |   in|   32|     ap_none|                           C_BUF_1_0_5_7_val|        scalar|
|C_BUF_1_0_6_7_val     |   in|   32|     ap_none|                           C_BUF_1_0_6_7_val|        scalar|
|C_BUF_1_0_7_7_val     |   in|   32|     ap_none|                           C_BUF_1_0_7_7_val|        scalar|
|C_BUF_2_0_0_7_val     |   in|   32|     ap_none|                           C_BUF_2_0_0_7_val|        scalar|
|C_BUF_2_0_1_7_val     |   in|   32|     ap_none|                           C_BUF_2_0_1_7_val|        scalar|
|C_BUF_2_0_2_7_val     |   in|   32|     ap_none|                           C_BUF_2_0_2_7_val|        scalar|
|C_BUF_2_0_3_7_val     |   in|   32|     ap_none|                           C_BUF_2_0_3_7_val|        scalar|
|C_BUF_2_0_4_7_val     |   in|   32|     ap_none|                           C_BUF_2_0_4_7_val|        scalar|
|C_BUF_2_0_5_7_val     |   in|   32|     ap_none|                           C_BUF_2_0_5_7_val|        scalar|
|C_BUF_2_0_6_7_val     |   in|   32|     ap_none|                           C_BUF_2_0_6_7_val|        scalar|
|C_BUF_2_0_7_7_val     |   in|   32|     ap_none|                           C_BUF_2_0_7_7_val|        scalar|
|C_BUF_3_0_0_7_val     |   in|   32|     ap_none|                           C_BUF_3_0_0_7_val|        scalar|
|C_BUF_3_0_1_7_val     |   in|   32|     ap_none|                           C_BUF_3_0_1_7_val|        scalar|
|C_BUF_3_0_2_7_val     |   in|   32|     ap_none|                           C_BUF_3_0_2_7_val|        scalar|
|C_BUF_3_0_3_7_val     |   in|   32|     ap_none|                           C_BUF_3_0_3_7_val|        scalar|
|C_BUF_3_0_4_7_val     |   in|   32|     ap_none|                           C_BUF_3_0_4_7_val|        scalar|
|C_BUF_3_0_5_7_val     |   in|   32|     ap_none|                           C_BUF_3_0_5_7_val|        scalar|
|C_BUF_3_0_6_7_val     |   in|   32|     ap_none|                           C_BUF_3_0_6_7_val|        scalar|
|C_BUF_3_0_7_7_val     |   in|   32|     ap_none|                           C_BUF_3_0_7_7_val|        scalar|
|C_BUF_0_1_0_0_val     |   in|   32|     ap_none|                           C_BUF_0_1_0_0_val|        scalar|
|C_BUF_0_1_1_0_val     |   in|   32|     ap_none|                           C_BUF_0_1_1_0_val|        scalar|
|C_BUF_0_1_2_0_val     |   in|   32|     ap_none|                           C_BUF_0_1_2_0_val|        scalar|
|C_BUF_0_1_3_0_val     |   in|   32|     ap_none|                           C_BUF_0_1_3_0_val|        scalar|
|C_BUF_0_1_4_0_val     |   in|   32|     ap_none|                           C_BUF_0_1_4_0_val|        scalar|
|C_BUF_0_1_5_0_val     |   in|   32|     ap_none|                           C_BUF_0_1_5_0_val|        scalar|
|C_BUF_0_1_6_0_val     |   in|   32|     ap_none|                           C_BUF_0_1_6_0_val|        scalar|
|C_BUF_0_1_7_0_val     |   in|   32|     ap_none|                           C_BUF_0_1_7_0_val|        scalar|
|C_BUF_1_1_0_0_val     |   in|   32|     ap_none|                           C_BUF_1_1_0_0_val|        scalar|
|C_BUF_1_1_1_0_val     |   in|   32|     ap_none|                           C_BUF_1_1_1_0_val|        scalar|
|C_BUF_1_1_2_0_val     |   in|   32|     ap_none|                           C_BUF_1_1_2_0_val|        scalar|
|C_BUF_1_1_3_0_val     |   in|   32|     ap_none|                           C_BUF_1_1_3_0_val|        scalar|
|C_BUF_1_1_4_0_val     |   in|   32|     ap_none|                           C_BUF_1_1_4_0_val|        scalar|
|C_BUF_1_1_5_0_val     |   in|   32|     ap_none|                           C_BUF_1_1_5_0_val|        scalar|
|C_BUF_1_1_6_0_val     |   in|   32|     ap_none|                           C_BUF_1_1_6_0_val|        scalar|
|C_BUF_1_1_7_0_val     |   in|   32|     ap_none|                           C_BUF_1_1_7_0_val|        scalar|
|C_BUF_2_1_0_0_val     |   in|   32|     ap_none|                           C_BUF_2_1_0_0_val|        scalar|
|C_BUF_2_1_1_0_val     |   in|   32|     ap_none|                           C_BUF_2_1_1_0_val|        scalar|
|C_BUF_2_1_2_0_val     |   in|   32|     ap_none|                           C_BUF_2_1_2_0_val|        scalar|
|C_BUF_2_1_3_0_val     |   in|   32|     ap_none|                           C_BUF_2_1_3_0_val|        scalar|
|C_BUF_2_1_4_0_val     |   in|   32|     ap_none|                           C_BUF_2_1_4_0_val|        scalar|
|C_BUF_2_1_5_0_val     |   in|   32|     ap_none|                           C_BUF_2_1_5_0_val|        scalar|
|C_BUF_2_1_6_0_val     |   in|   32|     ap_none|                           C_BUF_2_1_6_0_val|        scalar|
|C_BUF_2_1_7_0_val     |   in|   32|     ap_none|                           C_BUF_2_1_7_0_val|        scalar|
|C_BUF_3_1_0_0_val     |   in|   32|     ap_none|                           C_BUF_3_1_0_0_val|        scalar|
|C_BUF_3_1_1_0_val     |   in|   32|     ap_none|                           C_BUF_3_1_1_0_val|        scalar|
|C_BUF_3_1_2_0_val     |   in|   32|     ap_none|                           C_BUF_3_1_2_0_val|        scalar|
|C_BUF_3_1_3_0_val     |   in|   32|     ap_none|                           C_BUF_3_1_3_0_val|        scalar|
|C_BUF_3_1_4_0_val     |   in|   32|     ap_none|                           C_BUF_3_1_4_0_val|        scalar|
|C_BUF_3_1_5_0_val     |   in|   32|     ap_none|                           C_BUF_3_1_5_0_val|        scalar|
|C_BUF_3_1_6_0_val     |   in|   32|     ap_none|                           C_BUF_3_1_6_0_val|        scalar|
|C_BUF_3_1_7_0_val     |   in|   32|     ap_none|                           C_BUF_3_1_7_0_val|        scalar|
|C_BUF_0_1_0_1_val     |   in|   32|     ap_none|                           C_BUF_0_1_0_1_val|        scalar|
|C_BUF_0_1_1_1_val     |   in|   32|     ap_none|                           C_BUF_0_1_1_1_val|        scalar|
|C_BUF_0_1_2_1_val     |   in|   32|     ap_none|                           C_BUF_0_1_2_1_val|        scalar|
|C_BUF_0_1_3_1_val     |   in|   32|     ap_none|                           C_BUF_0_1_3_1_val|        scalar|
|C_BUF_0_1_4_1_val     |   in|   32|     ap_none|                           C_BUF_0_1_4_1_val|        scalar|
|C_BUF_0_1_5_1_val     |   in|   32|     ap_none|                           C_BUF_0_1_5_1_val|        scalar|
|C_BUF_0_1_6_1_val     |   in|   32|     ap_none|                           C_BUF_0_1_6_1_val|        scalar|
|C_BUF_0_1_7_1_val     |   in|   32|     ap_none|                           C_BUF_0_1_7_1_val|        scalar|
|C_BUF_1_1_0_1_val     |   in|   32|     ap_none|                           C_BUF_1_1_0_1_val|        scalar|
|C_BUF_1_1_1_1_val     |   in|   32|     ap_none|                           C_BUF_1_1_1_1_val|        scalar|
|C_BUF_1_1_2_1_val     |   in|   32|     ap_none|                           C_BUF_1_1_2_1_val|        scalar|
|C_BUF_1_1_3_1_val     |   in|   32|     ap_none|                           C_BUF_1_1_3_1_val|        scalar|
|C_BUF_1_1_4_1_val     |   in|   32|     ap_none|                           C_BUF_1_1_4_1_val|        scalar|
|C_BUF_1_1_5_1_val     |   in|   32|     ap_none|                           C_BUF_1_1_5_1_val|        scalar|
|C_BUF_1_1_6_1_val     |   in|   32|     ap_none|                           C_BUF_1_1_6_1_val|        scalar|
|C_BUF_1_1_7_1_val     |   in|   32|     ap_none|                           C_BUF_1_1_7_1_val|        scalar|
|C_BUF_2_1_0_1_val     |   in|   32|     ap_none|                           C_BUF_2_1_0_1_val|        scalar|
|C_BUF_2_1_1_1_val     |   in|   32|     ap_none|                           C_BUF_2_1_1_1_val|        scalar|
|C_BUF_2_1_2_1_val     |   in|   32|     ap_none|                           C_BUF_2_1_2_1_val|        scalar|
|C_BUF_2_1_3_1_val     |   in|   32|     ap_none|                           C_BUF_2_1_3_1_val|        scalar|
|C_BUF_2_1_4_1_val     |   in|   32|     ap_none|                           C_BUF_2_1_4_1_val|        scalar|
|C_BUF_2_1_5_1_val     |   in|   32|     ap_none|                           C_BUF_2_1_5_1_val|        scalar|
|C_BUF_2_1_6_1_val     |   in|   32|     ap_none|                           C_BUF_2_1_6_1_val|        scalar|
|C_BUF_2_1_7_1_val     |   in|   32|     ap_none|                           C_BUF_2_1_7_1_val|        scalar|
|C_BUF_3_1_0_1_val     |   in|   32|     ap_none|                           C_BUF_3_1_0_1_val|        scalar|
|C_BUF_3_1_1_1_val     |   in|   32|     ap_none|                           C_BUF_3_1_1_1_val|        scalar|
|C_BUF_3_1_2_1_val     |   in|   32|     ap_none|                           C_BUF_3_1_2_1_val|        scalar|
|C_BUF_3_1_3_1_val     |   in|   32|     ap_none|                           C_BUF_3_1_3_1_val|        scalar|
|C_BUF_3_1_4_1_val     |   in|   32|     ap_none|                           C_BUF_3_1_4_1_val|        scalar|
|C_BUF_3_1_5_1_val     |   in|   32|     ap_none|                           C_BUF_3_1_5_1_val|        scalar|
|C_BUF_3_1_6_1_val     |   in|   32|     ap_none|                           C_BUF_3_1_6_1_val|        scalar|
|C_BUF_3_1_7_1_val     |   in|   32|     ap_none|                           C_BUF_3_1_7_1_val|        scalar|
|C_BUF_0_1_0_2_val     |   in|   32|     ap_none|                           C_BUF_0_1_0_2_val|        scalar|
|C_BUF_0_1_1_2_val     |   in|   32|     ap_none|                           C_BUF_0_1_1_2_val|        scalar|
|C_BUF_0_1_2_2_val     |   in|   32|     ap_none|                           C_BUF_0_1_2_2_val|        scalar|
|C_BUF_0_1_3_2_val     |   in|   32|     ap_none|                           C_BUF_0_1_3_2_val|        scalar|
|C_BUF_0_1_4_2_val     |   in|   32|     ap_none|                           C_BUF_0_1_4_2_val|        scalar|
|C_BUF_0_1_5_2_val     |   in|   32|     ap_none|                           C_BUF_0_1_5_2_val|        scalar|
|C_BUF_0_1_6_2_val     |   in|   32|     ap_none|                           C_BUF_0_1_6_2_val|        scalar|
|C_BUF_0_1_7_2_val     |   in|   32|     ap_none|                           C_BUF_0_1_7_2_val|        scalar|
|C_BUF_1_1_0_2_val     |   in|   32|     ap_none|                           C_BUF_1_1_0_2_val|        scalar|
|C_BUF_1_1_1_2_val     |   in|   32|     ap_none|                           C_BUF_1_1_1_2_val|        scalar|
|C_BUF_1_1_2_2_val     |   in|   32|     ap_none|                           C_BUF_1_1_2_2_val|        scalar|
|C_BUF_1_1_3_2_val     |   in|   32|     ap_none|                           C_BUF_1_1_3_2_val|        scalar|
|C_BUF_1_1_4_2_val     |   in|   32|     ap_none|                           C_BUF_1_1_4_2_val|        scalar|
|C_BUF_1_1_5_2_val     |   in|   32|     ap_none|                           C_BUF_1_1_5_2_val|        scalar|
|C_BUF_1_1_6_2_val     |   in|   32|     ap_none|                           C_BUF_1_1_6_2_val|        scalar|
|C_BUF_1_1_7_2_val     |   in|   32|     ap_none|                           C_BUF_1_1_7_2_val|        scalar|
|C_BUF_2_1_0_2_val     |   in|   32|     ap_none|                           C_BUF_2_1_0_2_val|        scalar|
|C_BUF_2_1_1_2_val     |   in|   32|     ap_none|                           C_BUF_2_1_1_2_val|        scalar|
|C_BUF_2_1_2_2_val     |   in|   32|     ap_none|                           C_BUF_2_1_2_2_val|        scalar|
|C_BUF_2_1_3_2_val     |   in|   32|     ap_none|                           C_BUF_2_1_3_2_val|        scalar|
|C_BUF_2_1_4_2_val     |   in|   32|     ap_none|                           C_BUF_2_1_4_2_val|        scalar|
|C_BUF_2_1_5_2_val     |   in|   32|     ap_none|                           C_BUF_2_1_5_2_val|        scalar|
|C_BUF_2_1_6_2_val     |   in|   32|     ap_none|                           C_BUF_2_1_6_2_val|        scalar|
|C_BUF_2_1_7_2_val     |   in|   32|     ap_none|                           C_BUF_2_1_7_2_val|        scalar|
|C_BUF_3_1_0_2_val     |   in|   32|     ap_none|                           C_BUF_3_1_0_2_val|        scalar|
|C_BUF_3_1_1_2_val     |   in|   32|     ap_none|                           C_BUF_3_1_1_2_val|        scalar|
|C_BUF_3_1_2_2_val     |   in|   32|     ap_none|                           C_BUF_3_1_2_2_val|        scalar|
|C_BUF_3_1_3_2_val     |   in|   32|     ap_none|                           C_BUF_3_1_3_2_val|        scalar|
|C_BUF_3_1_4_2_val     |   in|   32|     ap_none|                           C_BUF_3_1_4_2_val|        scalar|
|C_BUF_3_1_5_2_val     |   in|   32|     ap_none|                           C_BUF_3_1_5_2_val|        scalar|
|C_BUF_3_1_6_2_val     |   in|   32|     ap_none|                           C_BUF_3_1_6_2_val|        scalar|
|C_BUF_3_1_7_2_val     |   in|   32|     ap_none|                           C_BUF_3_1_7_2_val|        scalar|
|C_BUF_0_1_0_3_val     |   in|   32|     ap_none|                           C_BUF_0_1_0_3_val|        scalar|
|C_BUF_0_1_1_3_val     |   in|   32|     ap_none|                           C_BUF_0_1_1_3_val|        scalar|
|C_BUF_0_1_2_3_val     |   in|   32|     ap_none|                           C_BUF_0_1_2_3_val|        scalar|
|C_BUF_0_1_3_3_val     |   in|   32|     ap_none|                           C_BUF_0_1_3_3_val|        scalar|
|C_BUF_0_1_4_3_val     |   in|   32|     ap_none|                           C_BUF_0_1_4_3_val|        scalar|
|C_BUF_0_1_5_3_val     |   in|   32|     ap_none|                           C_BUF_0_1_5_3_val|        scalar|
|C_BUF_0_1_6_3_val     |   in|   32|     ap_none|                           C_BUF_0_1_6_3_val|        scalar|
|C_BUF_0_1_7_3_val     |   in|   32|     ap_none|                           C_BUF_0_1_7_3_val|        scalar|
|C_BUF_1_1_0_3_val     |   in|   32|     ap_none|                           C_BUF_1_1_0_3_val|        scalar|
|C_BUF_1_1_1_3_val     |   in|   32|     ap_none|                           C_BUF_1_1_1_3_val|        scalar|
|C_BUF_1_1_2_3_val     |   in|   32|     ap_none|                           C_BUF_1_1_2_3_val|        scalar|
|C_BUF_1_1_3_3_val     |   in|   32|     ap_none|                           C_BUF_1_1_3_3_val|        scalar|
|C_BUF_1_1_4_3_val     |   in|   32|     ap_none|                           C_BUF_1_1_4_3_val|        scalar|
|C_BUF_1_1_5_3_val     |   in|   32|     ap_none|                           C_BUF_1_1_5_3_val|        scalar|
|C_BUF_1_1_6_3_val     |   in|   32|     ap_none|                           C_BUF_1_1_6_3_val|        scalar|
|C_BUF_1_1_7_3_val     |   in|   32|     ap_none|                           C_BUF_1_1_7_3_val|        scalar|
|C_BUF_2_1_0_3_val     |   in|   32|     ap_none|                           C_BUF_2_1_0_3_val|        scalar|
|C_BUF_2_1_1_3_val     |   in|   32|     ap_none|                           C_BUF_2_1_1_3_val|        scalar|
|C_BUF_2_1_2_3_val     |   in|   32|     ap_none|                           C_BUF_2_1_2_3_val|        scalar|
|C_BUF_2_1_3_3_val     |   in|   32|     ap_none|                           C_BUF_2_1_3_3_val|        scalar|
|C_BUF_2_1_4_3_val     |   in|   32|     ap_none|                           C_BUF_2_1_4_3_val|        scalar|
|C_BUF_2_1_5_3_val     |   in|   32|     ap_none|                           C_BUF_2_1_5_3_val|        scalar|
|C_BUF_2_1_6_3_val     |   in|   32|     ap_none|                           C_BUF_2_1_6_3_val|        scalar|
|C_BUF_2_1_7_3_val     |   in|   32|     ap_none|                           C_BUF_2_1_7_3_val|        scalar|
|C_BUF_3_1_0_3_val     |   in|   32|     ap_none|                           C_BUF_3_1_0_3_val|        scalar|
|C_BUF_3_1_1_3_val     |   in|   32|     ap_none|                           C_BUF_3_1_1_3_val|        scalar|
|C_BUF_3_1_2_3_val     |   in|   32|     ap_none|                           C_BUF_3_1_2_3_val|        scalar|
|C_BUF_3_1_3_3_val     |   in|   32|     ap_none|                           C_BUF_3_1_3_3_val|        scalar|
|C_BUF_3_1_4_3_val     |   in|   32|     ap_none|                           C_BUF_3_1_4_3_val|        scalar|
|C_BUF_3_1_5_3_val     |   in|   32|     ap_none|                           C_BUF_3_1_5_3_val|        scalar|
|C_BUF_3_1_6_3_val     |   in|   32|     ap_none|                           C_BUF_3_1_6_3_val|        scalar|
|C_BUF_3_1_7_3_val     |   in|   32|     ap_none|                           C_BUF_3_1_7_3_val|        scalar|
|C_BUF_0_1_0_4_val     |   in|   32|     ap_none|                           C_BUF_0_1_0_4_val|        scalar|
|C_BUF_0_1_1_4_val     |   in|   32|     ap_none|                           C_BUF_0_1_1_4_val|        scalar|
|C_BUF_0_1_2_4_val     |   in|   32|     ap_none|                           C_BUF_0_1_2_4_val|        scalar|
|C_BUF_0_1_3_4_val     |   in|   32|     ap_none|                           C_BUF_0_1_3_4_val|        scalar|
|C_BUF_0_1_4_4_val     |   in|   32|     ap_none|                           C_BUF_0_1_4_4_val|        scalar|
|C_BUF_0_1_5_4_val     |   in|   32|     ap_none|                           C_BUF_0_1_5_4_val|        scalar|
|C_BUF_0_1_6_4_val     |   in|   32|     ap_none|                           C_BUF_0_1_6_4_val|        scalar|
|C_BUF_0_1_7_4_val     |   in|   32|     ap_none|                           C_BUF_0_1_7_4_val|        scalar|
|C_BUF_1_1_0_4_val     |   in|   32|     ap_none|                           C_BUF_1_1_0_4_val|        scalar|
|C_BUF_1_1_1_4_val     |   in|   32|     ap_none|                           C_BUF_1_1_1_4_val|        scalar|
|C_BUF_1_1_2_4_val     |   in|   32|     ap_none|                           C_BUF_1_1_2_4_val|        scalar|
|C_BUF_1_1_3_4_val     |   in|   32|     ap_none|                           C_BUF_1_1_3_4_val|        scalar|
|C_BUF_1_1_4_4_val     |   in|   32|     ap_none|                           C_BUF_1_1_4_4_val|        scalar|
|C_BUF_1_1_5_4_val     |   in|   32|     ap_none|                           C_BUF_1_1_5_4_val|        scalar|
|C_BUF_1_1_6_4_val     |   in|   32|     ap_none|                           C_BUF_1_1_6_4_val|        scalar|
|C_BUF_1_1_7_4_val     |   in|   32|     ap_none|                           C_BUF_1_1_7_4_val|        scalar|
|C_BUF_2_1_0_4_val     |   in|   32|     ap_none|                           C_BUF_2_1_0_4_val|        scalar|
|C_BUF_2_1_1_4_val     |   in|   32|     ap_none|                           C_BUF_2_1_1_4_val|        scalar|
|C_BUF_2_1_2_4_val     |   in|   32|     ap_none|                           C_BUF_2_1_2_4_val|        scalar|
|C_BUF_2_1_3_4_val     |   in|   32|     ap_none|                           C_BUF_2_1_3_4_val|        scalar|
|C_BUF_2_1_4_4_val     |   in|   32|     ap_none|                           C_BUF_2_1_4_4_val|        scalar|
|C_BUF_2_1_5_4_val     |   in|   32|     ap_none|                           C_BUF_2_1_5_4_val|        scalar|
|C_BUF_2_1_6_4_val     |   in|   32|     ap_none|                           C_BUF_2_1_6_4_val|        scalar|
|C_BUF_2_1_7_4_val     |   in|   32|     ap_none|                           C_BUF_2_1_7_4_val|        scalar|
|C_BUF_3_1_0_4_val     |   in|   32|     ap_none|                           C_BUF_3_1_0_4_val|        scalar|
|C_BUF_3_1_1_4_val     |   in|   32|     ap_none|                           C_BUF_3_1_1_4_val|        scalar|
|C_BUF_3_1_2_4_val     |   in|   32|     ap_none|                           C_BUF_3_1_2_4_val|        scalar|
|C_BUF_3_1_3_4_val     |   in|   32|     ap_none|                           C_BUF_3_1_3_4_val|        scalar|
|C_BUF_3_1_4_4_val     |   in|   32|     ap_none|                           C_BUF_3_1_4_4_val|        scalar|
|C_BUF_3_1_5_4_val     |   in|   32|     ap_none|                           C_BUF_3_1_5_4_val|        scalar|
|C_BUF_3_1_6_4_val     |   in|   32|     ap_none|                           C_BUF_3_1_6_4_val|        scalar|
|C_BUF_3_1_7_4_val     |   in|   32|     ap_none|                           C_BUF_3_1_7_4_val|        scalar|
|C_BUF_0_1_0_5_val     |   in|   32|     ap_none|                           C_BUF_0_1_0_5_val|        scalar|
|C_BUF_0_1_1_5_val     |   in|   32|     ap_none|                           C_BUF_0_1_1_5_val|        scalar|
|C_BUF_0_1_2_5_val     |   in|   32|     ap_none|                           C_BUF_0_1_2_5_val|        scalar|
|C_BUF_0_1_3_5_val     |   in|   32|     ap_none|                           C_BUF_0_1_3_5_val|        scalar|
|C_BUF_0_1_4_5_val     |   in|   32|     ap_none|                           C_BUF_0_1_4_5_val|        scalar|
|C_BUF_0_1_5_5_val     |   in|   32|     ap_none|                           C_BUF_0_1_5_5_val|        scalar|
|C_BUF_0_1_6_5_val     |   in|   32|     ap_none|                           C_BUF_0_1_6_5_val|        scalar|
|C_BUF_0_1_7_5_val     |   in|   32|     ap_none|                           C_BUF_0_1_7_5_val|        scalar|
|C_BUF_1_1_0_5_val     |   in|   32|     ap_none|                           C_BUF_1_1_0_5_val|        scalar|
|C_BUF_1_1_1_5_val     |   in|   32|     ap_none|                           C_BUF_1_1_1_5_val|        scalar|
|C_BUF_1_1_2_5_val     |   in|   32|     ap_none|                           C_BUF_1_1_2_5_val|        scalar|
|C_BUF_1_1_3_5_val     |   in|   32|     ap_none|                           C_BUF_1_1_3_5_val|        scalar|
|C_BUF_1_1_4_5_val     |   in|   32|     ap_none|                           C_BUF_1_1_4_5_val|        scalar|
|C_BUF_1_1_5_5_val     |   in|   32|     ap_none|                           C_BUF_1_1_5_5_val|        scalar|
|C_BUF_1_1_6_5_val     |   in|   32|     ap_none|                           C_BUF_1_1_6_5_val|        scalar|
|C_BUF_1_1_7_5_val     |   in|   32|     ap_none|                           C_BUF_1_1_7_5_val|        scalar|
|C_BUF_2_1_0_5_val     |   in|   32|     ap_none|                           C_BUF_2_1_0_5_val|        scalar|
|C_BUF_2_1_1_5_val     |   in|   32|     ap_none|                           C_BUF_2_1_1_5_val|        scalar|
|C_BUF_2_1_2_5_val     |   in|   32|     ap_none|                           C_BUF_2_1_2_5_val|        scalar|
|C_BUF_2_1_3_5_val     |   in|   32|     ap_none|                           C_BUF_2_1_3_5_val|        scalar|
|C_BUF_2_1_4_5_val     |   in|   32|     ap_none|                           C_BUF_2_1_4_5_val|        scalar|
|C_BUF_2_1_5_5_val     |   in|   32|     ap_none|                           C_BUF_2_1_5_5_val|        scalar|
|C_BUF_2_1_6_5_val     |   in|   32|     ap_none|                           C_BUF_2_1_6_5_val|        scalar|
|C_BUF_2_1_7_5_val     |   in|   32|     ap_none|                           C_BUF_2_1_7_5_val|        scalar|
|C_BUF_3_1_0_5_val     |   in|   32|     ap_none|                           C_BUF_3_1_0_5_val|        scalar|
|C_BUF_3_1_1_5_val     |   in|   32|     ap_none|                           C_BUF_3_1_1_5_val|        scalar|
|C_BUF_3_1_2_5_val     |   in|   32|     ap_none|                           C_BUF_3_1_2_5_val|        scalar|
|C_BUF_3_1_3_5_val     |   in|   32|     ap_none|                           C_BUF_3_1_3_5_val|        scalar|
|C_BUF_3_1_4_5_val     |   in|   32|     ap_none|                           C_BUF_3_1_4_5_val|        scalar|
|C_BUF_3_1_5_5_val     |   in|   32|     ap_none|                           C_BUF_3_1_5_5_val|        scalar|
|C_BUF_3_1_6_5_val     |   in|   32|     ap_none|                           C_BUF_3_1_6_5_val|        scalar|
|C_BUF_3_1_7_5_val     |   in|   32|     ap_none|                           C_BUF_3_1_7_5_val|        scalar|
|C_BUF_0_1_0_6_val     |   in|   32|     ap_none|                           C_BUF_0_1_0_6_val|        scalar|
|C_BUF_0_1_1_6_val     |   in|   32|     ap_none|                           C_BUF_0_1_1_6_val|        scalar|
|C_BUF_0_1_2_6_val     |   in|   32|     ap_none|                           C_BUF_0_1_2_6_val|        scalar|
|C_BUF_0_1_3_6_val     |   in|   32|     ap_none|                           C_BUF_0_1_3_6_val|        scalar|
|C_BUF_0_1_4_6_val     |   in|   32|     ap_none|                           C_BUF_0_1_4_6_val|        scalar|
|C_BUF_0_1_5_6_val     |   in|   32|     ap_none|                           C_BUF_0_1_5_6_val|        scalar|
|C_BUF_0_1_6_6_val     |   in|   32|     ap_none|                           C_BUF_0_1_6_6_val|        scalar|
|C_BUF_0_1_7_6_val     |   in|   32|     ap_none|                           C_BUF_0_1_7_6_val|        scalar|
|C_BUF_1_1_0_6_val     |   in|   32|     ap_none|                           C_BUF_1_1_0_6_val|        scalar|
|C_BUF_1_1_1_6_val     |   in|   32|     ap_none|                           C_BUF_1_1_1_6_val|        scalar|
|C_BUF_1_1_2_6_val     |   in|   32|     ap_none|                           C_BUF_1_1_2_6_val|        scalar|
|C_BUF_1_1_3_6_val     |   in|   32|     ap_none|                           C_BUF_1_1_3_6_val|        scalar|
|C_BUF_1_1_4_6_val     |   in|   32|     ap_none|                           C_BUF_1_1_4_6_val|        scalar|
|C_BUF_1_1_5_6_val     |   in|   32|     ap_none|                           C_BUF_1_1_5_6_val|        scalar|
|C_BUF_1_1_6_6_val     |   in|   32|     ap_none|                           C_BUF_1_1_6_6_val|        scalar|
|C_BUF_1_1_7_6_val     |   in|   32|     ap_none|                           C_BUF_1_1_7_6_val|        scalar|
|C_BUF_2_1_0_6_val     |   in|   32|     ap_none|                           C_BUF_2_1_0_6_val|        scalar|
|C_BUF_2_1_1_6_val     |   in|   32|     ap_none|                           C_BUF_2_1_1_6_val|        scalar|
|C_BUF_2_1_2_6_val     |   in|   32|     ap_none|                           C_BUF_2_1_2_6_val|        scalar|
|C_BUF_2_1_3_6_val     |   in|   32|     ap_none|                           C_BUF_2_1_3_6_val|        scalar|
|C_BUF_2_1_4_6_val     |   in|   32|     ap_none|                           C_BUF_2_1_4_6_val|        scalar|
|C_BUF_2_1_5_6_val     |   in|   32|     ap_none|                           C_BUF_2_1_5_6_val|        scalar|
|C_BUF_2_1_6_6_val     |   in|   32|     ap_none|                           C_BUF_2_1_6_6_val|        scalar|
|C_BUF_2_1_7_6_val     |   in|   32|     ap_none|                           C_BUF_2_1_7_6_val|        scalar|
|C_BUF_3_1_0_6_val     |   in|   32|     ap_none|                           C_BUF_3_1_0_6_val|        scalar|
|C_BUF_3_1_1_6_val     |   in|   32|     ap_none|                           C_BUF_3_1_1_6_val|        scalar|
|C_BUF_3_1_2_6_val     |   in|   32|     ap_none|                           C_BUF_3_1_2_6_val|        scalar|
|C_BUF_3_1_3_6_val     |   in|   32|     ap_none|                           C_BUF_3_1_3_6_val|        scalar|
|C_BUF_3_1_4_6_val     |   in|   32|     ap_none|                           C_BUF_3_1_4_6_val|        scalar|
|C_BUF_3_1_5_6_val     |   in|   32|     ap_none|                           C_BUF_3_1_5_6_val|        scalar|
|C_BUF_3_1_6_6_val     |   in|   32|     ap_none|                           C_BUF_3_1_6_6_val|        scalar|
|C_BUF_3_1_7_6_val     |   in|   32|     ap_none|                           C_BUF_3_1_7_6_val|        scalar|
|C_BUF_0_1_0_7_val     |   in|   32|     ap_none|                           C_BUF_0_1_0_7_val|        scalar|
|C_BUF_0_1_1_7_val     |   in|   32|     ap_none|                           C_BUF_0_1_1_7_val|        scalar|
|C_BUF_0_1_2_7_val     |   in|   32|     ap_none|                           C_BUF_0_1_2_7_val|        scalar|
|C_BUF_0_1_3_7_val     |   in|   32|     ap_none|                           C_BUF_0_1_3_7_val|        scalar|
|C_BUF_0_1_4_7_val     |   in|   32|     ap_none|                           C_BUF_0_1_4_7_val|        scalar|
|C_BUF_0_1_5_7_val     |   in|   32|     ap_none|                           C_BUF_0_1_5_7_val|        scalar|
|C_BUF_0_1_6_7_val     |   in|   32|     ap_none|                           C_BUF_0_1_6_7_val|        scalar|
|C_BUF_0_1_7_7_val     |   in|   32|     ap_none|                           C_BUF_0_1_7_7_val|        scalar|
|C_BUF_1_1_0_7_val     |   in|   32|     ap_none|                           C_BUF_1_1_0_7_val|        scalar|
|C_BUF_1_1_1_7_val     |   in|   32|     ap_none|                           C_BUF_1_1_1_7_val|        scalar|
|C_BUF_1_1_2_7_val     |   in|   32|     ap_none|                           C_BUF_1_1_2_7_val|        scalar|
|C_BUF_1_1_3_7_val     |   in|   32|     ap_none|                           C_BUF_1_1_3_7_val|        scalar|
|C_BUF_1_1_4_7_val     |   in|   32|     ap_none|                           C_BUF_1_1_4_7_val|        scalar|
|C_BUF_1_1_5_7_val     |   in|   32|     ap_none|                           C_BUF_1_1_5_7_val|        scalar|
|C_BUF_1_1_6_7_val     |   in|   32|     ap_none|                           C_BUF_1_1_6_7_val|        scalar|
|C_BUF_1_1_7_7_val     |   in|   32|     ap_none|                           C_BUF_1_1_7_7_val|        scalar|
|C_BUF_2_1_0_7_val     |   in|   32|     ap_none|                           C_BUF_2_1_0_7_val|        scalar|
|C_BUF_2_1_1_7_val     |   in|   32|     ap_none|                           C_BUF_2_1_1_7_val|        scalar|
|C_BUF_2_1_2_7_val     |   in|   32|     ap_none|                           C_BUF_2_1_2_7_val|        scalar|
|C_BUF_2_1_3_7_val     |   in|   32|     ap_none|                           C_BUF_2_1_3_7_val|        scalar|
|C_BUF_2_1_4_7_val     |   in|   32|     ap_none|                           C_BUF_2_1_4_7_val|        scalar|
|C_BUF_2_1_5_7_val     |   in|   32|     ap_none|                           C_BUF_2_1_5_7_val|        scalar|
|C_BUF_2_1_6_7_val     |   in|   32|     ap_none|                           C_BUF_2_1_6_7_val|        scalar|
|C_BUF_2_1_7_7_val     |   in|   32|     ap_none|                           C_BUF_2_1_7_7_val|        scalar|
|C_BUF_3_1_0_7_val     |   in|   32|     ap_none|                           C_BUF_3_1_0_7_val|        scalar|
|C_BUF_3_1_1_7_val     |   in|   32|     ap_none|                           C_BUF_3_1_1_7_val|        scalar|
|C_BUF_3_1_2_7_val     |   in|   32|     ap_none|                           C_BUF_3_1_2_7_val|        scalar|
|C_BUF_3_1_3_7_val     |   in|   32|     ap_none|                           C_BUF_3_1_3_7_val|        scalar|
|C_BUF_3_1_4_7_val     |   in|   32|     ap_none|                           C_BUF_3_1_4_7_val|        scalar|
|C_BUF_3_1_5_7_val     |   in|   32|     ap_none|                           C_BUF_3_1_5_7_val|        scalar|
|C_BUF_3_1_6_7_val     |   in|   32|     ap_none|                           C_BUF_3_1_6_7_val|        scalar|
|C_BUF_3_1_7_7_val     |   in|   32|     ap_none|                           C_BUF_3_1_7_7_val|        scalar|
+----------------------+-----+-----+------------+--------------------------------------------+--------------+

