

================================================================
== Vitis HLS Report for 'stream_to_C_Buf_Loop_VITIS_LOOP_6_1_proc2'
================================================================
* Date:           Tue Jul 28 13:11:38 2026

* Version:        2023.2 (Build 4023990 on Oct 11 2023)
* Project:        hls_project
* Solution:       gemm2 (Vitis Kernel Flow Target)
* Product family: versalaicore
* Target device:  xcvc1902-vsva2197-2MP-e-S


================================================================
== Performance Estimates
================================================================
+ Timing: 
    * Summary: 
    +--------+---------+----------+------------+
    |  Clock |  Target | Estimated| Uncertainty|
    +--------+---------+----------+------------+
    |ap_clk  |  3.33 ns|  2.120 ns|     0.90 ns|
    +--------+---------+----------+------------+

+ Latency: 
    * Summary: 
    +---------+---------+-----------+-----------+-----+-----+---------+
    |  Latency (cycles) |   Latency (absolute)  |  Interval | Pipeline|
    |   min   |   max   |    min    |    max    | min | max |   Type  |
    +---------+---------+-----------+-----------+-----+-----+---------+
    |       18|       18|  59.994 ns|  59.994 ns|   18|   18|       no|
    +---------+---------+-----------+-----------+-----+-----+---------+

    + Detail: 
        * Instance: 
        N/A

        * Loop: 
        +------------------+---------+---------+----------+-----------+-----------+------+----------+
        |                  |  Latency (cycles) | Iteration|  Initiation Interval  | Trip |          |
        |     Loop Name    |   min   |   max   |  Latency |  achieved |   target  | Count| Pipelined|
        +------------------+---------+---------+----------+-----------+-----------+------+----------+
        |- VITIS_LOOP_6_1  |       16|       16|         3|          2|          2|     8|       yes|
        +------------------+---------+---------+----------+-----------+-----------+------+----------+



================================================================
== Utilization Estimates
================================================================
* Summary: 
+-----------------+---------+------+---------+--------+-----+
|       Name      | BRAM_18K|  DSP |    FF   |   LUT  | URAM|
+-----------------+---------+------+---------+--------+-----+
|DSP              |        -|     -|        -|       -|    -|
|Expression       |        -|     -|        0|      38|    -|
|FIFO             |        -|     -|        -|       -|    -|
|Instance         |        -|     -|        -|       -|    -|
|Memory           |        -|     -|        -|       -|    -|
|Multiplexer      |        -|     -|        -|    1428|    -|
|Register         |        -|     -|      269|       -|    -|
+-----------------+---------+------+---------+--------+-----+
|Total            |        0|     0|      269|    1466|    0|
+-----------------+---------+------+---------+--------+-----+
|Available        |     1934|  1968|  1799680|  899840|  463|
+-----------------+---------+------+---------+--------+-----+
|Utilization (%)  |        0|     0|       ~0|      ~0|    0|
+-----------------+---------+------+---------+--------+-----+

+ Detail: 
    * Instance: 
    N/A

    * DSP: 
    N/A

    * Memory: 
    N/A

    * FIFO: 
    N/A

    * Expression: 
    +----------------------------------+----------+----+---+----+------------+------------+
    |           Variable Name          | Operation| DSP| FF| LUT| Bitwidth P0| Bitwidth P1|
    +----------------------------------+----------+----+---+----+------------+------------+
    |add_ln6_fu_777_p2                 |         +|   0|  0|   5|           4|           1|
    |ap_condition_1105                 |       and|   0|  0|   2|           1|           1|
    |ap_condition_1144                 |       and|   0|  0|   2|           1|           1|
    |ap_predicate_op100_read_state2    |       and|   0|  0|   2|           1|           1|
    |ap_predicate_op107_read_state2    |       and|   0|  0|   2|           1|           1|
    |ap_predicate_op124_read_state2    |       and|   0|  0|   2|           1|           1|
    |ap_predicate_op141_read_state2    |       and|   0|  0|   2|           1|           1|
    |ap_predicate_op158_read_state2    |       and|   0|  0|   2|           1|           1|
    |ap_predicate_op175_read_state2    |       and|   0|  0|   2|           1|           1|
    |ap_predicate_op192_read_state2    |       and|   0|  0|   2|           1|           1|
    |ap_predicate_op209_read_state2    |       and|   0|  0|   2|           1|           1|
    |icmp_ln6_fu_783_p2                |      icmp|   0|  0|   5|           4|           5|
    |ap_block_pp0_stage0_01001         |        or|   0|  0|   2|           1|           1|
    |ap_block_pp0_stage1_11001         |        or|   0|  0|   2|           1|           1|
    |ap_block_state2_pp0_stage1_iter0  |        or|   0|  0|   2|           1|           1|
    |ap_enable_pp0                     |       xor|   0|  0|   2|           1|           2|
    +----------------------------------+----------+----+---+----+------------+------------+
    |Total                             |          |   0|  0|  38|          22|          21|
    +----------------------------------+----------+----+---+----+------------+------------+

    * Multiplexer: 
    +---------------------------------------+-----+-----------+-----+-----------+
    |                  Name                 | LUT | Input Size| Bits| Total Bits|
    +---------------------------------------+-----+-----------+-----+-----------+
    |C_out_2_blk_n                          |    2|          2|    1|          2|
    |C_stream_0_0_blk_n                     |    2|          2|    1|          2|
    |C_stream_0_1_blk_n                     |    2|          2|    1|          2|
    |C_stream_0_2_blk_n                     |    2|          2|    1|          2|
    |C_stream_0_3_blk_n                     |    2|          2|    1|          2|
    |C_stream_0_4_blk_n                     |    2|          2|    1|          2|
    |C_stream_0_5_blk_n                     |    2|          2|    1|          2|
    |C_stream_0_6_blk_n                     |    2|          2|    1|          2|
    |C_stream_0_7_blk_n                     |    2|          2|    1|          2|
    |C_stream_1_0_blk_n                     |    2|          2|    1|          2|
    |C_stream_1_1_blk_n                     |    2|          2|    1|          2|
    |C_stream_1_2_blk_n                     |    2|          2|    1|          2|
    |C_stream_1_3_blk_n                     |    2|          2|    1|          2|
    |C_stream_1_4_blk_n                     |    2|          2|    1|          2|
    |C_stream_1_5_blk_n                     |    2|          2|    1|          2|
    |C_stream_1_6_blk_n                     |    2|          2|    1|          2|
    |C_stream_1_7_blk_n                     |    2|          2|    1|          2|
    |C_stream_2_0_blk_n                     |    2|          2|    1|          2|
    |C_stream_2_1_blk_n                     |    2|          2|    1|          2|
    |C_stream_2_2_blk_n                     |    2|          2|    1|          2|
    |C_stream_2_3_blk_n                     |    2|          2|    1|          2|
    |C_stream_2_4_blk_n                     |    2|          2|    1|          2|
    |C_stream_2_5_blk_n                     |    2|          2|    1|          2|
    |C_stream_2_6_blk_n                     |    2|          2|    1|          2|
    |C_stream_2_7_blk_n                     |    2|          2|    1|          2|
    |C_stream_3_0_blk_n                     |    2|          2|    1|          2|
    |C_stream_3_1_blk_n                     |    2|          2|    1|          2|
    |C_stream_3_2_blk_n                     |    2|          2|    1|          2|
    |C_stream_3_3_blk_n                     |    2|          2|    1|          2|
    |C_stream_3_4_blk_n                     |    2|          2|    1|          2|
    |C_stream_3_5_blk_n                     |    2|          2|    1|          2|
    |C_stream_3_6_blk_n                     |    2|          2|    1|          2|
    |C_stream_3_7_blk_n                     |    2|          2|    1|          2|
    |C_stream_4_0_blk_n                     |    2|          2|    1|          2|
    |C_stream_4_1_blk_n                     |    2|          2|    1|          2|
    |C_stream_4_2_blk_n                     |    2|          2|    1|          2|
    |C_stream_4_3_blk_n                     |    2|          2|    1|          2|
    |C_stream_4_4_blk_n                     |    2|          2|    1|          2|
    |C_stream_4_5_blk_n                     |    2|          2|    1|          2|
    |C_stream_4_6_blk_n                     |    2|          2|    1|          2|
    |C_stream_4_7_blk_n                     |    2|          2|    1|          2|
    |C_stream_5_0_blk_n                     |    2|          2|    1|          2|
    |C_stream_5_1_blk_n                     |    2|          2|    1|          2|
    |C_stream_5_2_blk_n                     |    2|          2|    1|          2|
    |C_stream_5_3_blk_n                     |    2|          2|    1|          2|
    |C_stream_5_4_blk_n                     |    2|          2|    1|          2|
    |C_stream_5_5_blk_n                     |    2|          2|    1|          2|
    |C_stream_5_6_blk_n                     |    2|          2|    1|          2|
    |C_stream_5_7_blk_n                     |    2|          2|    1|          2|
    |C_stream_6_0_blk_n                     |    2|          2|    1|          2|
    |C_stream_6_1_blk_n                     |    2|          2|    1|          2|
    |C_stream_6_2_blk_n                     |    2|          2|    1|          2|
    |C_stream_6_3_blk_n                     |    2|          2|    1|          2|
    |C_stream_6_4_blk_n                     |    2|          2|    1|          2|
    |C_stream_6_5_blk_n                     |    2|          2|    1|          2|
    |C_stream_6_6_blk_n                     |    2|          2|    1|          2|
    |C_stream_6_7_blk_n                     |    2|          2|    1|          2|
    |C_stream_7_0_blk_n                     |    2|          2|    1|          2|
    |C_stream_7_1_blk_n                     |    2|          2|    1|          2|
    |C_stream_7_2_blk_n                     |    2|          2|    1|          2|
    |C_stream_7_3_blk_n                     |    2|          2|    1|          2|
    |C_stream_7_4_blk_n                     |    2|          2|    1|          2|
    |C_stream_7_5_blk_n                     |    2|          2|    1|          2|
    |C_stream_7_6_blk_n                     |    2|          2|    1|          2|
    |C_stream_7_7_blk_n                     |    2|          2|    1|          2|
    |ap_NS_fsm                              |    2|          3|    1|          3|
    |ap_done_int                            |    2|          2|    1|          2|
    |ap_enable_reg_pp0_iter0                |    2|          2|    1|          2|
    |ap_enable_reg_pp0_iter0_reg            |    2|          2|    1|          2|
    |ap_enable_reg_pp0_iter1                |    2|          2|    1|          2|
    |ap_phi_reg_pp0_iter1_empty_32_reg_596  |  160|          9|   32|        288|
    |ap_phi_reg_pp0_iter1_empty_33_reg_617  |  160|          9|   32|        288|
    |ap_phi_reg_pp0_iter1_empty_34_reg_638  |  160|          9|   32|        288|
    |ap_phi_reg_pp0_iter1_empty_35_reg_659  |  160|          9|   32|        288|
    |ap_phi_reg_pp0_iter1_empty_36_reg_680  |  160|          9|   32|        288|
    |ap_phi_reg_pp0_iter1_empty_37_reg_701  |  160|          9|   32|        288|
    |ap_phi_reg_pp0_iter1_empty_38_reg_722  |  160|          9|   32|        288|
    |ap_phi_reg_pp0_iter1_empty_reg_575     |  160|          9|   32|        288|
    |ap_sig_allocacmp_i_1                   |    4|          2|    4|          8|
    |i_fu_180                               |    4|          2|    4|          8|
    +---------------------------------------+-----+-----------+-----+-----------+
    |Total                                  | 1428|        217|  334|       2461|
    +---------------------------------------+-----+-----------+-----+-----------+

    * Register: 
    +---------------------------------------+----+----+-----+-----------+
    |                  Name                 | FF | LUT| Bits| Const Bits|
    +---------------------------------------+----+----+-----+-----------+
    |ap_CS_fsm                              |   2|   0|    2|          0|
    |ap_done_reg                            |   1|   0|    1|          0|
    |ap_enable_reg_pp0_iter0_reg            |   1|   0|    1|          0|
    |ap_enable_reg_pp0_iter1                |   1|   0|    1|          0|
    |ap_phi_reg_pp0_iter1_empty_32_reg_596  |  32|   0|   32|          0|
    |ap_phi_reg_pp0_iter1_empty_33_reg_617  |  32|   0|   32|          0|
    |ap_phi_reg_pp0_iter1_empty_34_reg_638  |  32|   0|   32|          0|
    |ap_phi_reg_pp0_iter1_empty_35_reg_659  |  32|   0|   32|          0|
    |ap_phi_reg_pp0_iter1_empty_36_reg_680  |  32|   0|   32|          0|
    |ap_phi_reg_pp0_iter1_empty_37_reg_701  |  32|   0|   32|          0|
    |ap_phi_reg_pp0_iter1_empty_38_reg_722  |  32|   0|   32|          0|
    |ap_phi_reg_pp0_iter1_empty_reg_575     |  32|   0|   32|          0|
    |i_fu_180                               |   4|   0|    4|          0|
    |icmp_ln6_reg_840                       |   1|   0|    1|          0|
    |trunc_ln6_reg_844                      |   3|   0|    3|          0|
    +---------------------------------------+----+----+-----+-----------+
    |Total                                  | 269|   0|  269|          0|
    +---------------------------------------+----+----+-----+-----------+



================================================================
== Interface
================================================================
* Summary: 
+-----------------------------+-----+-----+------------+-------------------------------------------+--------------+
|          RTL Ports          | Dir | Bits|  Protocol  |               Source Object               |    C Type    |
+-----------------------------+-----+-----+------------+-------------------------------------------+--------------+
|ap_clk                       |   in|    1|  ap_ctrl_hs|  stream_to_C_Buf_Loop_VITIS_LOOP_6_1_proc2|  return value|
|ap_rst                       |   in|    1|  ap_ctrl_hs|  stream_to_C_Buf_Loop_VITIS_LOOP_6_1_proc2|  return value|
|ap_start                     |   in|    1|  ap_ctrl_hs|  stream_to_C_Buf_Loop_VITIS_LOOP_6_1_proc2|  return value|
|ap_done                      |  out|    1|  ap_ctrl_hs|  stream_to_C_Buf_Loop_VITIS_LOOP_6_1_proc2|  return value|
|ap_continue                  |   in|    1|  ap_ctrl_hs|  stream_to_C_Buf_Loop_VITIS_LOOP_6_1_proc2|  return value|
|ap_idle                      |  out|    1|  ap_ctrl_hs|  stream_to_C_Buf_Loop_VITIS_LOOP_6_1_proc2|  return value|
|ap_ready                     |  out|    1|  ap_ctrl_hs|  stream_to_C_Buf_Loop_VITIS_LOOP_6_1_proc2|  return value|
|C_out_2_din                  |  out|  256|     ap_fifo|                                    C_out_2|       pointer|
|C_out_2_num_data_valid       |   in|    4|     ap_fifo|                                    C_out_2|       pointer|
|C_out_2_fifo_cap             |   in|    4|     ap_fifo|                                    C_out_2|       pointer|
|C_out_2_full_n               |   in|    1|     ap_fifo|                                    C_out_2|       pointer|
|C_out_2_write                |  out|    1|     ap_fifo|                                    C_out_2|       pointer|
|C_stream_6_0_dout            |   in|   32|     ap_fifo|                               C_stream_6_0|       pointer|
|C_stream_6_0_num_data_valid  |   in|    4|     ap_fifo|                               C_stream_6_0|       pointer|
|C_stream_6_0_fifo_cap        |   in|    4|     ap_fifo|                               C_stream_6_0|       pointer|
|C_stream_6_0_empty_n         |   in|    1|     ap_fifo|                               C_stream_6_0|       pointer|
|C_stream_6_0_read            |  out|    1|     ap_fifo|                               C_stream_6_0|       pointer|
|C_stream_6_1_dout            |   in|   32|     ap_fifo|                               C_stream_6_1|       pointer|
|C_stream_6_1_num_data_valid  |   in|    4|     ap_fifo|                               C_stream_6_1|       pointer|
|C_stream_6_1_fifo_cap        |   in|    4|     ap_fifo|                               C_stream_6_1|       pointer|
|C_stream_6_1_empty_n         |   in|    1|     ap_fifo|                               C_stream_6_1|       pointer|
|C_stream_6_1_read            |  out|    1|     ap_fifo|                               C_stream_6_1|       pointer|
|C_stream_6_2_dout            |   in|   32|     ap_fifo|                               C_stream_6_2|       pointer|
|C_stream_6_2_num_data_valid  |   in|    4|     ap_fifo|                               C_stream_6_2|       pointer|
|C_stream_6_2_fifo_cap        |   in|    4|     ap_fifo|                               C_stream_6_2|       pointer|
|C_stream_6_2_empty_n         |   in|    1|     ap_fifo|                               C_stream_6_2|       pointer|
|C_stream_6_2_read            |  out|    1|     ap_fifo|                               C_stream_6_2|       pointer|
|C_stream_6_3_dout            |   in|   32|     ap_fifo|                               C_stream_6_3|       pointer|
|C_stream_6_3_num_data_valid  |   in|    4|     ap_fifo|                               C_stream_6_3|       pointer|
|C_stream_6_3_fifo_cap        |   in|    4|     ap_fifo|                               C_stream_6_3|       pointer|
|C_stream_6_3_empty_n         |   in|    1|     ap_fifo|                               C_stream_6_3|       pointer|
|C_stream_6_3_read            |  out|    1|     ap_fifo|                               C_stream_6_3|       pointer|
|C_stream_6_4_dout            |   in|   32|     ap_fifo|                               C_stream_6_4|       pointer|
|C_stream_6_4_num_data_valid  |   in|    4|     ap_fifo|                               C_stream_6_4|       pointer|
|C_stream_6_4_fifo_cap        |   in|    4|     ap_fifo|                               C_stream_6_4|       pointer|
|C_stream_6_4_empty_n         |   in|    1|     ap_fifo|                               C_stream_6_4|       pointer|
|C_stream_6_4_read            |  out|    1|     ap_fifo|                               C_stream_6_4|       pointer|
|C_stream_6_5_dout            |   in|   32|     ap_fifo|                               C_stream_6_5|       pointer|
|C_stream_6_5_num_data_valid  |   in|    4|     ap_fifo|                               C_stream_6_5|       pointer|
|C_stream_6_5_fifo_cap        |   in|    4|     ap_fifo|                               C_stream_6_5|       pointer|
|C_stream_6_5_empty_n         |   in|    1|     ap_fifo|                               C_stream_6_5|       pointer|
|C_stream_6_5_read            |  out|    1|     ap_fifo|                               C_stream_6_5|       pointer|
|C_stream_6_6_dout            |   in|   32|     ap_fifo|                               C_stream_6_6|       pointer|
|C_stream_6_6_num_data_valid  |   in|    4|     ap_fifo|                               C_stream_6_6|       pointer|
|C_stream_6_6_fifo_cap        |   in|    4|     ap_fifo|                               C_stream_6_6|       pointer|
|C_stream_6_6_empty_n         |   in|    1|     ap_fifo|                               C_stream_6_6|       pointer|
|C_stream_6_6_read            |  out|    1|     ap_fifo|                               C_stream_6_6|       pointer|
|C_stream_6_7_dout            |   in|   32|     ap_fifo|                               C_stream_6_7|       pointer|
|C_stream_6_7_num_data_valid  |   in|    4|     ap_fifo|                               C_stream_6_7|       pointer|
|C_stream_6_7_fifo_cap        |   in|    4|     ap_fifo|                               C_stream_6_7|       pointer|
|C_stream_6_7_empty_n         |   in|    1|     ap_fifo|                               C_stream_6_7|       pointer|
|C_stream_6_7_read            |  out|    1|     ap_fifo|                               C_stream_6_7|       pointer|
|C_stream_5_0_dout            |   in|   32|     ap_fifo|                               C_stream_5_0|       pointer|
|C_stream_5_0_num_data_valid  |   in|    4|     ap_fifo|                               C_stream_5_0|       pointer|
|C_stream_5_0_fifo_cap        |   in|    4|     ap_fifo|                               C_stream_5_0|       pointer|
|C_stream_5_0_empty_n         |   in|    1|     ap_fifo|                               C_stream_5_0|       pointer|
|C_stream_5_0_read            |  out|    1|     ap_fifo|                               C_stream_5_0|       pointer|
|C_stream_5_1_dout            |   in|   32|     ap_fifo|                               C_stream_5_1|       pointer|
|C_stream_5_1_num_data_valid  |   in|    4|     ap_fifo|                               C_stream_5_1|       pointer|
|C_stream_5_1_fifo_cap        |   in|    4|     ap_fifo|                               C_stream_5_1|       pointer|
|C_stream_5_1_empty_n         |   in|    1|     ap_fifo|                               C_stream_5_1|       pointer|
|C_stream_5_1_read            |  out|    1|     ap_fifo|                               C_stream_5_1|       pointer|
|C_stream_5_2_dout            |   in|   32|     ap_fifo|                               C_stream_5_2|       pointer|
|C_stream_5_2_num_data_valid  |   in|    4|     ap_fifo|                               C_stream_5_2|       pointer|
|C_stream_5_2_fifo_cap        |   in|    4|     ap_fifo|                               C_stream_5_2|       pointer|
|C_stream_5_2_empty_n         |   in|    1|     ap_fifo|                               C_stream_5_2|       pointer|
|C_stream_5_2_read            |  out|    1|     ap_fifo|                               C_stream_5_2|       pointer|
|C_stream_5_3_dout            |   in|   32|     ap_fifo|                               C_stream_5_3|       pointer|
|C_stream_5_3_num_data_valid  |   in|    4|     ap_fifo|                               C_stream_5_3|       pointer|
|C_stream_5_3_fifo_cap        |   in|    4|     ap_fifo|                               C_stream_5_3|       pointer|
|C_stream_5_3_empty_n         |   in|    1|     ap_fifo|                               C_stream_5_3|       pointer|
|C_stream_5_3_read            |  out|    1|     ap_fifo|                               C_stream_5_3|       pointer|
|C_stream_5_4_dout            |   in|   32|     ap_fifo|                               C_stream_5_4|       pointer|
|C_stream_5_4_num_data_valid  |   in|    4|     ap_fifo|                               C_stream_5_4|       pointer|
|C_stream_5_4_fifo_cap        |   in|    4|     ap_fifo|                               C_stream_5_4|       pointer|
|C_stream_5_4_empty_n         |   in|    1|     ap_fifo|                               C_stream_5_4|       pointer|
|C_stream_5_4_read            |  out|    1|     ap_fifo|                               C_stream_5_4|       pointer|
|C_stream_5_5_dout            |   in|   32|     ap_fifo|                               C_stream_5_5|       pointer|
|C_stream_5_5_num_data_valid  |   in|    4|     ap_fifo|                               C_stream_5_5|       pointer|
|C_stream_5_5_fifo_cap        |   in|    4|     ap_fifo|                               C_stream_5_5|       pointer|
|C_stream_5_5_empty_n         |   in|    1|     ap_fifo|                               C_stream_5_5|       pointer|
|C_stream_5_5_read            |  out|    1|     ap_fifo|                               C_stream_5_5|       pointer|
|C_stream_5_6_dout            |   in|   32|     ap_fifo|                               C_stream_5_6|       pointer|
|C_stream_5_6_num_data_valid  |   in|    4|     ap_fifo|                               C_stream_5_6|       pointer|
|C_stream_5_6_fifo_cap        |   in|    4|     ap_fifo|                               C_stream_5_6|       pointer|
|C_stream_5_6_empty_n         |   in|    1|     ap_fifo|                               C_stream_5_6|       pointer|
|C_stream_5_6_read            |  out|    1|     ap_fifo|                               C_stream_5_6|       pointer|
|C_stream_5_7_dout            |   in|   32|     ap_fifo|                               C_stream_5_7|       pointer|
|C_stream_5_7_num_data_valid  |   in|    4|     ap_fifo|                               C_stream_5_7|       pointer|
|C_stream_5_7_fifo_cap        |   in|    4|     ap_fifo|                               C_stream_5_7|       pointer|
|C_stream_5_7_empty_n         |   in|    1|     ap_fifo|                               C_stream_5_7|       pointer|
|C_stream_5_7_read            |  out|    1|     ap_fifo|                               C_stream_5_7|       pointer|
|C_stream_4_0_dout            |   in|   32|     ap_fifo|                               C_stream_4_0|       pointer|
|C_stream_4_0_num_data_valid  |   in|    4|     ap_fifo|                               C_stream_4_0|       pointer|
|C_stream_4_0_fifo_cap        |   in|    4|     ap_fifo|                               C_stream_4_0|       pointer|
|C_stream_4_0_empty_n         |   in|    1|     ap_fifo|                               C_stream_4_0|       pointer|
|C_stream_4_0_read            |  out|    1|     ap_fifo|                               C_stream_4_0|       pointer|
|C_stream_4_1_dout            |   in|   32|     ap_fifo|                               C_stream_4_1|       pointer|
|C_stream_4_1_num_data_valid  |   in|    4|     ap_fifo|                               C_stream_4_1|       pointer|
|C_stream_4_1_fifo_cap        |   in|    4|     ap_fifo|                               C_stream_4_1|       pointer|
|C_stream_4_1_empty_n         |   in|    1|     ap_fifo|                               C_stream_4_1|       pointer|
|C_stream_4_1_read            |  out|    1|     ap_fifo|                               C_stream_4_1|       pointer|
|C_stream_4_2_dout            |   in|   32|     ap_fifo|                               C_stream_4_2|       pointer|
|C_stream_4_2_num_data_valid  |   in|    4|     ap_fifo|                               C_stream_4_2|       pointer|
|C_stream_4_2_fifo_cap        |   in|    4|     ap_fifo|                               C_stream_4_2|       pointer|
|C_stream_4_2_empty_n         |   in|    1|     ap_fifo|                               C_stream_4_2|       pointer|
|C_stream_4_2_read            |  out|    1|     ap_fifo|                               C_stream_4_2|       pointer|
|C_stream_4_3_dout            |   in|   32|     ap_fifo|                               C_stream_4_3|       pointer|
|C_stream_4_3_num_data_valid  |   in|    4|     ap_fifo|                               C_stream_4_3|       pointer|
|C_stream_4_3_fifo_cap        |   in|    4|     ap_fifo|                               C_stream_4_3|       pointer|
|C_stream_4_3_empty_n         |   in|    1|     ap_fifo|                               C_stream_4_3|       pointer|
|C_stream_4_3_read            |  out|    1|     ap_fifo|                               C_stream_4_3|       pointer|
|C_stream_4_4_dout            |   in|   32|     ap_fifo|                               C_stream_4_4|       pointer|
|C_stream_4_4_num_data_valid  |   in|    4|     ap_fifo|                               C_stream_4_4|       pointer|
|C_stream_4_4_fifo_cap        |   in|    4|     ap_fifo|                               C_stream_4_4|       pointer|
|C_stream_4_4_empty_n         |   in|    1|     ap_fifo|                               C_stream_4_4|       pointer|
|C_stream_4_4_read            |  out|    1|     ap_fifo|                               C_stream_4_4|       pointer|
|C_stream_4_5_dout            |   in|   32|     ap_fifo|                               C_stream_4_5|       pointer|
|C_stream_4_5_num_data_valid  |   in|    4|     ap_fifo|                               C_stream_4_5|       pointer|
|C_stream_4_5_fifo_cap        |   in|    4|     ap_fifo|                               C_stream_4_5|       pointer|
|C_stream_4_5_empty_n         |   in|    1|     ap_fifo|                               C_stream_4_5|       pointer|
|C_stream_4_5_read            |  out|    1|     ap_fifo|                               C_stream_4_5|       pointer|
|C_stream_4_6_dout            |   in|   32|     ap_fifo|                               C_stream_4_6|       pointer|
|C_stream_4_6_num_data_valid  |   in|    4|     ap_fifo|                               C_stream_4_6|       pointer|
|C_stream_4_6_fifo_cap        |   in|    4|     ap_fifo|                               C_stream_4_6|       pointer|
|C_stream_4_6_empty_n         |   in|    1|     ap_fifo|                               C_stream_4_6|       pointer|
|C_stream_4_6_read            |  out|    1|     ap_fifo|                               C_stream_4_6|       pointer|
|C_stream_4_7_dout            |   in|   32|     ap_fifo|                               C_stream_4_7|       pointer|
|C_stream_4_7_num_data_valid  |   in|    4|     ap_fifo|                               C_stream_4_7|       pointer|
|C_stream_4_7_fifo_cap        |   in|    4|     ap_fifo|                               C_stream_4_7|       pointer|
|C_stream_4_7_empty_n         |   in|    1|     ap_fifo|                               C_stream_4_7|       pointer|
|C_stream_4_7_read            |  out|    1|     ap_fifo|                               C_stream_4_7|       pointer|
|C_stream_3_0_dout            |   in|   32|     ap_fifo|                               C_stream_3_0|       pointer|
|C_stream_3_0_num_data_valid  |   in|    4|     ap_fifo|                               C_stream_3_0|       pointer|
|C_stream_3_0_fifo_cap        |   in|    4|     ap_fifo|                               C_stream_3_0|       pointer|
|C_stream_3_0_empty_n         |   in|    1|     ap_fifo|                               C_stream_3_0|       pointer|
|C_stream_3_0_read            |  out|    1|     ap_fifo|                               C_stream_3_0|       pointer|
|C_stream_3_1_dout            |   in|   32|     ap_fifo|                               C_stream_3_1|       pointer|
|C_stream_3_1_num_data_valid  |   in|    4|     ap_fifo|                               C_stream_3_1|       pointer|
|C_stream_3_1_fifo_cap        |   in|    4|     ap_fifo|                               C_stream_3_1|       pointer|
|C_stream_3_1_empty_n         |   in|    1|     ap_fifo|                               C_stream_3_1|       pointer|
|C_stream_3_1_read            |  out|    1|     ap_fifo|                               C_stream_3_1|       pointer|
|C_stream_3_2_dout            |   in|   32|     ap_fifo|                               C_stream_3_2|       pointer|
|C_stream_3_2_num_data_valid  |   in|    4|     ap_fifo|                               C_stream_3_2|       pointer|
|C_stream_3_2_fifo_cap        |   in|    4|     ap_fifo|                               C_stream_3_2|       pointer|
|C_stream_3_2_empty_n         |   in|    1|     ap_fifo|                               C_stream_3_2|       pointer|
|C_stream_3_2_read            |  out|    1|     ap_fifo|                               C_stream_3_2|       pointer|
|C_stream_3_3_dout            |   in|   32|     ap_fifo|                               C_stream_3_3|       pointer|
|C_stream_3_3_num_data_valid  |   in|    4|     ap_fifo|                               C_stream_3_3|       pointer|
|C_stream_3_3_fifo_cap        |   in|    4|     ap_fifo|                               C_stream_3_3|       pointer|
|C_stream_3_3_empty_n         |   in|    1|     ap_fifo|                               C_stream_3_3|       pointer|
|C_stream_3_3_read            |  out|    1|     ap_fifo|                               C_stream_3_3|       pointer|
|C_stream_3_4_dout            |   in|   32|     ap_fifo|                               C_stream_3_4|       pointer|
|C_stream_3_4_num_data_valid  |   in|    4|     ap_fifo|                               C_stream_3_4|       pointer|
|C_stream_3_4_fifo_cap        |   in|    4|     ap_fifo|                               C_stream_3_4|       pointer|
|C_stream_3_4_empty_n         |   in|    1|     ap_fifo|                               C_stream_3_4|       pointer|
|C_stream_3_4_read            |  out|    1|     ap_fifo|                               C_stream_3_4|       pointer|
|C_stream_3_5_dout            |   in|   32|     ap_fifo|                               C_stream_3_5|       pointer|
|C_stream_3_5_num_data_valid  |   in|    4|     ap_fifo|                               C_stream_3_5|       pointer|
|C_stream_3_5_fifo_cap        |   in|    4|     ap_fifo|                               C_stream_3_5|       pointer|
|C_stream_3_5_empty_n         |   in|    1|     ap_fifo|                               C_stream_3_5|       pointer|
|C_stream_3_5_read            |  out|    1|     ap_fifo|                               C_stream_3_5|       pointer|
|C_stream_3_6_dout            |   in|   32|     ap_fifo|                               C_stream_3_6|       pointer|
|C_stream_3_6_num_data_valid  |   in|    4|     ap_fifo|                               C_stream_3_6|       pointer|
|C_stream_3_6_fifo_cap        |   in|    4|     ap_fifo|                               C_stream_3_6|       pointer|
|C_stream_3_6_empty_n         |   in|    1|     ap_fifo|                               C_stream_3_6|       pointer|
|C_stream_3_6_read            |  out|    1|     ap_fifo|                               C_stream_3_6|       pointer|
|C_stream_3_7_dout            |   in|   32|     ap_fifo|                               C_stream_3_7|       pointer|
|C_stream_3_7_num_data_valid  |   in|    4|     ap_fifo|                               C_stream_3_7|       pointer|
|C_stream_3_7_fifo_cap        |   in|    4|     ap_fifo|                               C_stream_3_7|       pointer|
|C_stream_3_7_empty_n         |   in|    1|     ap_fifo|                               C_stream_3_7|       pointer|
|C_stream_3_7_read            |  out|    1|     ap_fifo|                               C_stream_3_7|       pointer|
|C_stream_2_0_dout            |   in|   32|     ap_fifo|                               C_stream_2_0|       pointer|
|C_stream_2_0_num_data_valid  |   in|    4|     ap_fifo|                               C_stream_2_0|       pointer|
|C_stream_2_0_fifo_cap        |   in|    4|     ap_fifo|                               C_stream_2_0|       pointer|
|C_stream_2_0_empty_n         |   in|    1|     ap_fifo|                               C_stream_2_0|       pointer|
|C_stream_2_0_read            |  out|    1|     ap_fifo|                               C_stream_2_0|       pointer|
|C_stream_2_1_dout            |   in|   32|     ap_fifo|                               C_stream_2_1|       pointer|
|C_stream_2_1_num_data_valid  |   in|    4|     ap_fifo|                               C_stream_2_1|       pointer|
|C_stream_2_1_fifo_cap        |   in|    4|     ap_fifo|                               C_stream_2_1|       pointer|
|C_stream_2_1_empty_n         |   in|    1|     ap_fifo|                               C_stream_2_1|       pointer|
|C_stream_2_1_read            |  out|    1|     ap_fifo|                               C_stream_2_1|       pointer|
|C_stream_2_2_dout            |   in|   32|     ap_fifo|                               C_stream_2_2|       pointer|
|C_stream_2_2_num_data_valid  |   in|    4|     ap_fifo|                               C_stream_2_2|       pointer|
|C_stream_2_2_fifo_cap        |   in|    4|     ap_fifo|                               C_stream_2_2|       pointer|
|C_stream_2_2_empty_n         |   in|    1|     ap_fifo|                               C_stream_2_2|       pointer|
|C_stream_2_2_read            |  out|    1|     ap_fifo|                               C_stream_2_2|       pointer|
|C_stream_2_3_dout            |   in|   32|     ap_fifo|                               C_stream_2_3|       pointer|
|C_stream_2_3_num_data_valid  |   in|    4|     ap_fifo|                               C_stream_2_3|       pointer|
|C_stream_2_3_fifo_cap        |   in|    4|     ap_fifo|                               C_stream_2_3|       pointer|
|C_stream_2_3_empty_n         |   in|    1|     ap_fifo|                               C_stream_2_3|       pointer|
|C_stream_2_3_read            |  out|    1|     ap_fifo|                               C_stream_2_3|       pointer|
|C_stream_2_4_dout            |   in|   32|     ap_fifo|                               C_stream_2_4|       pointer|
|C_stream_2_4_num_data_valid  |   in|    4|     ap_fifo|                               C_stream_2_4|       pointer|
|C_stream_2_4_fifo_cap        |   in|    4|     ap_fifo|                               C_stream_2_4|       pointer|
|C_stream_2_4_empty_n         |   in|    1|     ap_fifo|                               C_stream_2_4|       pointer|
|C_stream_2_4_read            |  out|    1|     ap_fifo|                               C_stream_2_4|       pointer|
|C_stream_2_5_dout            |   in|   32|     ap_fifo|                               C_stream_2_5|       pointer|
|C_stream_2_5_num_data_valid  |   in|    4|     ap_fifo|                               C_stream_2_5|       pointer|
|C_stream_2_5_fifo_cap        |   in|    4|     ap_fifo|                               C_stream_2_5|       pointer|
|C_stream_2_5_empty_n         |   in|    1|     ap_fifo|                               C_stream_2_5|       pointer|
|C_stream_2_5_read            |  out|    1|     ap_fifo|                               C_stream_2_5|       pointer|
|C_stream_2_6_dout            |   in|   32|     ap_fifo|                               C_stream_2_6|       pointer|
|C_stream_2_6_num_data_valid  |   in|    4|     ap_fifo|                               C_stream_2_6|       pointer|
|C_stream_2_6_fifo_cap        |   in|    4|     ap_fifo|                               C_stream_2_6|       pointer|
|C_stream_2_6_empty_n         |   in|    1|     ap_fifo|                               C_stream_2_6|       pointer|
|C_stream_2_6_read            |  out|    1|     ap_fifo|                               C_stream_2_6|       pointer|
|C_stream_2_7_dout            |   in|   32|     ap_fifo|                               C_stream_2_7|       pointer|
|C_stream_2_7_num_data_valid  |   in|    4|     ap_fifo|                               C_stream_2_7|       pointer|
|C_stream_2_7_fifo_cap        |   in|    4|     ap_fifo|                               C_stream_2_7|       pointer|
|C_stream_2_7_empty_n         |   in|    1|     ap_fifo|                               C_stream_2_7|       pointer|
|C_stream_2_7_read            |  out|    1|     ap_fifo|                               C_stream_2_7|       pointer|
|C_stream_1_0_dout            |   in|   32|     ap_fifo|                               C_stream_1_0|       pointer|
|C_stream_1_0_num_data_valid  |   in|    4|     ap_fifo|                               C_stream_1_0|       pointer|
|C_stream_1_0_fifo_cap        |   in|    4|     ap_fifo|                               C_stream_1_0|       pointer|
|C_stream_1_0_empty_n         |   in|    1|     ap_fifo|                               C_stream_1_0|       pointer|
|C_stream_1_0_read            |  out|    1|     ap_fifo|                               C_stream_1_0|       pointer|
|C_stream_1_1_dout            |   in|   32|     ap_fifo|                               C_stream_1_1|       pointer|
|C_stream_1_1_num_data_valid  |   in|    4|     ap_fifo|                               C_stream_1_1|       pointer|
|C_stream_1_1_fifo_cap        |   in|    4|     ap_fifo|                               C_stream_1_1|       pointer|
|C_stream_1_1_empty_n         |   in|    1|     ap_fifo|                               C_stream_1_1|       pointer|
|C_stream_1_1_read            |  out|    1|     ap_fifo|                               C_stream_1_1|       pointer|
|C_stream_1_2_dout            |   in|   32|     ap_fifo|                               C_stream_1_2|       pointer|
|C_stream_1_2_num_data_valid  |   in|    4|     ap_fifo|                               C_stream_1_2|       pointer|
|C_stream_1_2_fifo_cap        |   in|    4|     ap_fifo|                               C_stream_1_2|       pointer|
|C_stream_1_2_empty_n         |   in|    1|     ap_fifo|                               C_stream_1_2|       pointer|
|C_stream_1_2_read            |  out|    1|     ap_fifo|                               C_stream_1_2|       pointer|
|C_stream_1_3_dout            |   in|   32|     ap_fifo|                               C_stream_1_3|       pointer|
|C_stream_1_3_num_data_valid  |   in|    4|     ap_fifo|                               C_stream_1_3|       pointer|
|C_stream_1_3_fifo_cap        |   in|    4|     ap_fifo|                               C_stream_1_3|       pointer|
|C_stream_1_3_empty_n         |   in|    1|     ap_fifo|                               C_stream_1_3|       pointer|
|C_stream_1_3_read            |  out|    1|     ap_fifo|                               C_stream_1_3|       pointer|
|C_stream_1_4_dout            |   in|   32|     ap_fifo|                               C_stream_1_4|       pointer|
|C_stream_1_4_num_data_valid  |   in|    4|     ap_fifo|                               C_stream_1_4|       pointer|
|C_stream_1_4_fifo_cap        |   in|    4|     ap_fifo|                               C_stream_1_4|       pointer|
|C_stream_1_4_empty_n         |   in|    1|     ap_fifo|                               C_stream_1_4|       pointer|
|C_stream_1_4_read            |  out|    1|     ap_fifo|                               C_stream_1_4|       pointer|
|C_stream_1_5_dout            |   in|   32|     ap_fifo|                               C_stream_1_5|       pointer|
|C_stream_1_5_num_data_valid  |   in|    4|     ap_fifo|                               C_stream_1_5|       pointer|
|C_stream_1_5_fifo_cap        |   in|    4|     ap_fifo|                               C_stream_1_5|       pointer|
|C_stream_1_5_empty_n         |   in|    1|     ap_fifo|                               C_stream_1_5|       pointer|
|C_stream_1_5_read            |  out|    1|     ap_fifo|                               C_stream_1_5|       pointer|
|C_stream_1_6_dout            |   in|   32|     ap_fifo|                               C_stream_1_6|       pointer|
|C_stream_1_6_num_data_valid  |   in|    4|     ap_fifo|                               C_stream_1_6|       pointer|
|C_stream_1_6_fifo_cap        |   in|    4|     ap_fifo|                               C_stream_1_6|       pointer|
|C_stream_1_6_empty_n         |   in|    1|     ap_fifo|                               C_stream_1_6|       pointer|
|C_stream_1_6_read            |  out|    1|     ap_fifo|                               C_stream_1_6|       pointer|
|C_stream_1_7_dout            |   in|   32|     ap_fifo|                               C_stream_1_7|       pointer|
|C_stream_1_7_num_data_valid  |   in|    4|     ap_fifo|                               C_stream_1_7|       pointer|
|C_stream_1_7_fifo_cap        |   in|    4|     ap_fifo|                               C_stream_1_7|       pointer|
|C_stream_1_7_empty_n         |   in|    1|     ap_fifo|                               C_stream_1_7|       pointer|
|C_stream_1_7_read            |  out|    1|     ap_fifo|                               C_stream_1_7|       pointer|
|C_stream_0_0_dout            |   in|   32|     ap_fifo|                               C_stream_0_0|       pointer|
|C_stream_0_0_num_data_valid  |   in|    4|     ap_fifo|                               C_stream_0_0|       pointer|
|C_stream_0_0_fifo_cap        |   in|    4|     ap_fifo|                               C_stream_0_0|       pointer|
|C_stream_0_0_empty_n         |   in|    1|     ap_fifo|                               C_stream_0_0|       pointer|
|C_stream_0_0_read            |  out|    1|     ap_fifo|                               C_stream_0_0|       pointer|
|C_stream_0_1_dout            |   in|   32|     ap_fifo|                               C_stream_0_1|       pointer|
|C_stream_0_1_num_data_valid  |   in|    4|     ap_fifo|                               C_stream_0_1|       pointer|
|C_stream_0_1_fifo_cap        |   in|    4|     ap_fifo|                               C_stream_0_1|       pointer|
|C_stream_0_1_empty_n         |   in|    1|     ap_fifo|                               C_stream_0_1|       pointer|
|C_stream_0_1_read            |  out|    1|     ap_fifo|                               C_stream_0_1|       pointer|
|C_stream_0_2_dout            |   in|   32|     ap_fifo|                               C_stream_0_2|       pointer|
|C_stream_0_2_num_data_valid  |   in|    4|     ap_fifo|                               C_stream_0_2|       pointer|
|C_stream_0_2_fifo_cap        |   in|    4|     ap_fifo|                               C_stream_0_2|       pointer|
|C_stream_0_2_empty_n         |   in|    1|     ap_fifo|                               C_stream_0_2|       pointer|
|C_stream_0_2_read            |  out|    1|     ap_fifo|                               C_stream_0_2|       pointer|
|C_stream_0_3_dout            |   in|   32|     ap_fifo|                               C_stream_0_3|       pointer|
|C_stream_0_3_num_data_valid  |   in|    4|     ap_fifo|                               C_stream_0_3|       pointer|
|C_stream_0_3_fifo_cap        |   in|    4|     ap_fifo|                               C_stream_0_3|       pointer|
|C_stream_0_3_empty_n         |   in|    1|     ap_fifo|                               C_stream_0_3|       pointer|
|C_stream_0_3_read            |  out|    1|     ap_fifo|                               C_stream_0_3|       pointer|
|C_stream_0_4_dout            |   in|   32|     ap_fifo|                               C_stream_0_4|       pointer|
|C_stream_0_4_num_data_valid  |   in|    4|     ap_fifo|                               C_stream_0_4|       pointer|
|C_stream_0_4_fifo_cap        |   in|    4|     ap_fifo|                               C_stream_0_4|       pointer|
|C_stream_0_4_empty_n         |   in|    1|     ap_fifo|                               C_stream_0_4|       pointer|
|C_stream_0_4_read            |  out|    1|     ap_fifo|                               C_stream_0_4|       pointer|
|C_stream_0_5_dout            |   in|   32|     ap_fifo|                               C_stream_0_5|       pointer|
|C_stream_0_5_num_data_valid  |   in|    4|     ap_fifo|                               C_stream_0_5|       pointer|
|C_stream_0_5_fifo_cap        |   in|    4|     ap_fifo|                               C_stream_0_5|       pointer|
|C_stream_0_5_empty_n         |   in|    1|     ap_fifo|                               C_stream_0_5|       pointer|
|C_stream_0_5_read            |  out|    1|     ap_fifo|                               C_stream_0_5|       pointer|
|C_stream_0_6_dout            |   in|   32|     ap_fifo|                               C_stream_0_6|       pointer|
|C_stream_0_6_num_data_valid  |   in|    4|     ap_fifo|                               C_stream_0_6|       pointer|
|C_stream_0_6_fifo_cap        |   in|    4|     ap_fifo|                               C_stream_0_6|       pointer|
|C_stream_0_6_empty_n         |   in|    1|     ap_fifo|                               C_stream_0_6|       pointer|
|C_stream_0_6_read            |  out|    1|     ap_fifo|                               C_stream_0_6|       pointer|
|C_stream_0_7_dout            |   in|   32|     ap_fifo|                               C_stream_0_7|       pointer|
|C_stream_0_7_num_data_valid  |   in|    4|     ap_fifo|                               C_stream_0_7|       pointer|
|C_stream_0_7_fifo_cap        |   in|    4|     ap_fifo|                               C_stream_0_7|       pointer|
|C_stream_0_7_empty_n         |   in|    1|     ap_fifo|                               C_stream_0_7|       pointer|
|C_stream_0_7_read            |  out|    1|     ap_fifo|                               C_stream_0_7|       pointer|
|C_stream_7_0_dout            |   in|   32|     ap_fifo|                               C_stream_7_0|       pointer|
|C_stream_7_0_num_data_valid  |   in|    4|     ap_fifo|                               C_stream_7_0|       pointer|
|C_stream_7_0_fifo_cap        |   in|    4|     ap_fifo|                               C_stream_7_0|       pointer|
|C_stream_7_0_empty_n         |   in|    1|     ap_fifo|                               C_stream_7_0|       pointer|
|C_stream_7_0_read            |  out|    1|     ap_fifo|                               C_stream_7_0|       pointer|
|C_stream_7_1_dout            |   in|   32|     ap_fifo|                               C_stream_7_1|       pointer|
|C_stream_7_1_num_data_valid  |   in|    4|     ap_fifo|                               C_stream_7_1|       pointer|
|C_stream_7_1_fifo_cap        |   in|    4|     ap_fifo|                               C_stream_7_1|       pointer|
|C_stream_7_1_empty_n         |   in|    1|     ap_fifo|                               C_stream_7_1|       pointer|
|C_stream_7_1_read            |  out|    1|     ap_fifo|                               C_stream_7_1|       pointer|
|C_stream_7_2_dout            |   in|   32|     ap_fifo|                               C_stream_7_2|       pointer|
|C_stream_7_2_num_data_valid  |   in|    4|     ap_fifo|                               C_stream_7_2|       pointer|
|C_stream_7_2_fifo_cap        |   in|    4|     ap_fifo|                               C_stream_7_2|       pointer|
|C_stream_7_2_empty_n         |   in|    1|     ap_fifo|                               C_stream_7_2|       pointer|
|C_stream_7_2_read            |  out|    1|     ap_fifo|                               C_stream_7_2|       pointer|
|C_stream_7_3_dout            |   in|   32|     ap_fifo|                               C_stream_7_3|       pointer|
|C_stream_7_3_num_data_valid  |   in|    4|     ap_fifo|                               C_stream_7_3|       pointer|
|C_stream_7_3_fifo_cap        |   in|    4|     ap_fifo|                               C_stream_7_3|       pointer|
|C_stream_7_3_empty_n         |   in|    1|     ap_fifo|                               C_stream_7_3|       pointer|
|C_stream_7_3_read            |  out|    1|     ap_fifo|                               C_stream_7_3|       pointer|
|C_stream_7_4_dout            |   in|   32|     ap_fifo|                               C_stream_7_4|       pointer|
|C_stream_7_4_num_data_valid  |   in|    4|     ap_fifo|                               C_stream_7_4|       pointer|
|C_stream_7_4_fifo_cap        |   in|    4|     ap_fifo|                               C_stream_7_4|       pointer|
|C_stream_7_4_empty_n         |   in|    1|     ap_fifo|                               C_stream_7_4|       pointer|
|C_stream_7_4_read            |  out|    1|     ap_fifo|                               C_stream_7_4|       pointer|
|C_stream_7_5_dout            |   in|   32|     ap_fifo|                               C_stream_7_5|       pointer|
|C_stream_7_5_num_data_valid  |   in|    4|     ap_fifo|                               C_stream_7_5|       pointer|
|C_stream_7_5_fifo_cap        |   in|    4|     ap_fifo|                               C_stream_7_5|       pointer|
|C_stream_7_5_empty_n         |   in|    1|     ap_fifo|                               C_stream_7_5|       pointer|
|C_stream_7_5_read            |  out|    1|     ap_fifo|                               C_stream_7_5|       pointer|
|C_stream_7_6_dout            |   in|   32|     ap_fifo|                               C_stream_7_6|       pointer|
|C_stream_7_6_num_data_valid  |   in|    4|     ap_fifo|                               C_stream_7_6|       pointer|
|C_stream_7_6_fifo_cap        |   in|    4|     ap_fifo|                               C_stream_7_6|       pointer|
|C_stream_7_6_empty_n         |   in|    1|     ap_fifo|                               C_stream_7_6|       pointer|
|C_stream_7_6_read            |  out|    1|     ap_fifo|                               C_stream_7_6|       pointer|
|C_stream_7_7_dout            |   in|   32|     ap_fifo|                               C_stream_7_7|       pointer|
|C_stream_7_7_num_data_valid  |   in|    4|     ap_fifo|                               C_stream_7_7|       pointer|
|C_stream_7_7_fifo_cap        |   in|    4|     ap_fifo|                               C_stream_7_7|       pointer|
|C_stream_7_7_empty_n         |   in|    1|     ap_fifo|                               C_stream_7_7|       pointer|
|C_stream_7_7_read            |  out|    1|     ap_fifo|                               C_stream_7_7|       pointer|
+-----------------------------+-----+-----+------------+-------------------------------------------+--------------+

