

================================================================
== Vitis HLS Report for 'stream_to_C_Buf'
================================================================
* Date:           Tue Jul 28 13:11:38 2026

* Version:        2023.2 (Build 4023990 on Oct 11 2023)
* Project:        hls_project
* Solution:       gemm2 (Vitis Kernel Flow Target)
* Product family: versalaicore
* Target device:  xcvc1902-vsva2197-2MP-e-S


================================================================
== Performance Estimates
================================================================
+ Timing: 
    * Summary: 
    +--------+---------+----------+------------+
    |  Clock |  Target | Estimated| Uncertainty|
    +--------+---------+----------+------------+
    |ap_clk  |  3.33 ns|  2.120 ns|     0.90 ns|
    +--------+---------+----------+------------+

+ Latency: 
    * Summary: 
    +---------+---------+-----------+-----------+-----+-----+----------+
    |  Latency (cycles) |   Latency (absolute)  |  Interval | Pipeline |
    |   min   |   max   |    min    |    max    | min | max |   Type   |
    +---------+---------+-----------+-----------+-----+-----+----------+
    |       18|       18|  59.994 ns|  59.994 ns|   19|   19|  dataflow|
    +---------+---------+-----------+-----------+-----+-----+----------+

    + Detail: 
        * Instance: 
        +----------------------------------------------+-------------------------------------------+---------+---------+-----------+-----------+-----+-----+---------+
        |                                              |                                           |  Latency (cycles) |   Latency (absolute)  |  Interval | Pipeline|
        |                   Instance                   |                   Module                  |   min   |   max   |    min    |    max    | min | max |   Type  |
        +----------------------------------------------+-------------------------------------------+---------+---------+-----------+-----------+-----+-----+---------+
        |stream_to_C_Buf_Loop_VITIS_LOOP_6_1_proc2_U0  |stream_to_C_Buf_Loop_VITIS_LOOP_6_1_proc2  |       18|       18|  59.994 ns|  59.994 ns|   18|   18|       no|
        +----------------------------------------------+-------------------------------------------+---------+---------+-----------+-----------+-----+-----+---------+

        * Loop: 
        N/A



================================================================
== Utilization Estimates
================================================================
* Summary: 
+-----------------+---------+------+---------+--------+-----+
|       Name      | BRAM_18K|  DSP |    FF   |   LUT  | URAM|
+-----------------+---------+------+---------+--------+-----+
|DSP              |        -|     -|        -|       -|    -|
|Expression       |        -|     -|        -|       -|    -|
|FIFO             |        -|     -|        -|       -|    -|
|Instance         |        -|     -|      269|    1466|    -|
|Memory           |        -|     -|        -|       -|    -|
|Multiplexer      |        -|     -|        -|       -|    -|
|Register         |        -|     -|        -|       -|    -|
+-----------------+---------+------+---------+--------+-----+
|Total            |        0|     0|      269|    1466|    0|
+-----------------+---------+------+---------+--------+-----+
|Available        |     1934|  1968|  1799680|  899840|  463|
+-----------------+---------+------+---------+--------+-----+
|Utilization (%)  |        0|     0|       ~0|      ~0|    0|
+-----------------+---------+------+---------+--------+-----+

+ Detail: 
    * Instance: 
    +----------------------------------------------+-------------------------------------------+---------+----+-----+------+-----+
    |                   Instance                   |                   Module                  | BRAM_18K| DSP|  FF |  LUT | URAM|
    +----------------------------------------------+-------------------------------------------+---------+----+-----+------+-----+
    |stream_to_C_Buf_Loop_VITIS_LOOP_6_1_proc2_U0  |stream_to_C_Buf_Loop_VITIS_LOOP_6_1_proc2  |        0|   0|  269|  1466|    0|
    +----------------------------------------------+-------------------------------------------+---------+----+-----+------+-----+
    |Total                                         |                                           |        0|   0|  269|  1466|    0|
    +----------------------------------------------+-------------------------------------------+---------+----+-----+------+-----+

    * DSP: 
    N/A

    * Memory: 
    N/A

    * FIFO: 
    N/A

    * Expression: 
    N/A

    * Multiplexer: 
    N/A

    * Register: 
    N/A



================================================================
== Interface
================================================================
* Summary: 
+----------------------+-----+-----+------------+-----------------+--------------+
|       RTL Ports      | Dir | Bits|  Protocol  |  Source Object  |    C Type    |
+----------------------+-----+-----+------------+-----------------+--------------+
|C_stream_0_0_dout     |   in|   32|     ap_fifo|     C_stream_0_0|       pointer|
|C_stream_0_0_empty_n  |   in|    1|     ap_fifo|     C_stream_0_0|       pointer|
|C_stream_0_0_read     |  out|    1|     ap_fifo|     C_stream_0_0|       pointer|
|C_stream_0_1_dout     |   in|   32|     ap_fifo|     C_stream_0_1|       pointer|
|C_stream_0_1_empty_n  |   in|    1|     ap_fifo|     C_stream_0_1|       pointer|
|C_stream_0_1_read     |  out|    1|     ap_fifo|     C_stream_0_1|       pointer|
|C_stream_0_2_dout     |   in|   32|     ap_fifo|     C_stream_0_2|       pointer|
|C_stream_0_2_empty_n  |   in|    1|     ap_fifo|     C_stream_0_2|       pointer|
|C_stream_0_2_read     |  out|    1|     ap_fifo|     C_stream_0_2|       pointer|
|C_stream_0_3_dout     |   in|   32|     ap_fifo|     C_stream_0_3|       pointer|
|C_stream_0_3_empty_n  |   in|    1|     ap_fifo|     C_stream_0_3|       pointer|
|C_stream_0_3_read     |  out|    1|     ap_fifo|     C_stream_0_3|       pointer|
|C_stream_0_4_dout     |   in|   32|     ap_fifo|     C_stream_0_4|       pointer|
|C_stream_0_4_empty_n  |   in|    1|     ap_fifo|     C_stream_0_4|       pointer|
|C_stream_0_4_read     |  out|    1|     ap_fifo|     C_stream_0_4|       pointer|
|C_stream_0_5_dout     |   in|   32|     ap_fifo|     C_stream_0_5|       pointer|
|C_stream_0_5_empty_n  |   in|    1|     ap_fifo|     C_stream_0_5|       pointer|
|C_stream_0_5_read     |  out|    1|     ap_fifo|     C_stream_0_5|       pointer|
|C_stream_0_6_dout     |   in|   32|     ap_fifo|     C_stream_0_6|       pointer|
|C_stream_0_6_empty_n  |   in|    1|     ap_fifo|     C_stream_0_6|       pointer|
|C_stream_0_6_read     |  out|    1|     ap_fifo|     C_stream_0_6|       pointer|
|C_stream_0_7_dout     |   in|   32|     ap_fifo|     C_stream_0_7|       pointer|
|C_stream_0_7_empty_n  |   in|    1|     ap_fifo|     C_stream_0_7|       pointer|
|C_stream_0_7_read     |  out|    1|     ap_fifo|     C_stream_0_7|       pointer|
|C_stream_1_0_dout     |   in|   32|     ap_fifo|     C_stream_1_0|       pointer|
|C_stream_1_0_empty_n  |   in|    1|     ap_fifo|     C_stream_1_0|       pointer|
|C_stream_1_0_read     |  out|    1|     ap_fifo|     C_stream_1_0|       pointer|
|C_stream_1_1_dout     |   in|   32|     ap_fifo|     C_stream_1_1|       pointer|
|C_stream_1_1_empty_n  |   in|    1|     ap_fifo|     C_stream_1_1|       pointer|
|C_stream_1_1_read     |  out|    1|     ap_fifo|     C_stream_1_1|       pointer|
|C_stream_1_2_dout     |   in|   32|     ap_fifo|     C_stream_1_2|       pointer|
|C_stream_1_2_empty_n  |   in|    1|     ap_fifo|     C_stream_1_2|       pointer|
|C_stream_1_2_read     |  out|    1|     ap_fifo|     C_stream_1_2|       pointer|
|C_stream_1_3_dout     |   in|   32|     ap_fifo|     C_stream_1_3|       pointer|
|C_stream_1_3_empty_n  |   in|    1|     ap_fifo|     C_stream_1_3|       pointer|
|C_stream_1_3_read     |  out|    1|     ap_fifo|     C_stream_1_3|       pointer|
|C_stream_1_4_dout     |   in|   32|     ap_fifo|     C_stream_1_4|       pointer|
|C_stream_1_4_empty_n  |   in|    1|     ap_fifo|     C_stream_1_4|       pointer|
|C_stream_1_4_read     |  out|    1|     ap_fifo|     C_stream_1_4|       pointer|
|C_stream_1_5_dout     |   in|   32|     ap_fifo|     C_stream_1_5|       pointer|
|C_stream_1_5_empty_n  |   in|    1|     ap_fifo|     C_stream_1_5|       pointer|
|C_stream_1_5_read     |  out|    1|     ap_fifo|     C_stream_1_5|       pointer|
|C_stream_1_6_dout     |   in|   32|     ap_fifo|     C_stream_1_6|       pointer|
|C_stream_1_6_empty_n  |   in|    1|     ap_fifo|     C_stream_1_6|       pointer|
|C_stream_1_6_read     |  out|    1|     ap_fifo|     C_stream_1_6|       pointer|
|C_stream_1_7_dout     |   in|   32|     ap_fifo|     C_stream_1_7|       pointer|
|C_stream_1_7_empty_n  |   in|    1|     ap_fifo|     C_stream_1_7|       pointer|
|C_stream_1_7_read     |  out|    1|     ap_fifo|     C_stream_1_7|       pointer|
|C_stream_2_0_dout     |   in|   32|     ap_fifo|     C_stream_2_0|       pointer|
|C_stream_2_0_empty_n  |   in|    1|     ap_fifo|     C_stream_2_0|       pointer|
|C_stream_2_0_read     |  out|    1|     ap_fifo|     C_stream_2_0|       pointer|
|C_stream_2_1_dout     |   in|   32|     ap_fifo|     C_stream_2_1|       pointer|
|C_stream_2_1_empty_n  |   in|    1|     ap_fifo|     C_stream_2_1|       pointer|
|C_stream_2_1_read     |  out|    1|     ap_fifo|     C_stream_2_1|       pointer|
|C_stream_2_2_dout     |   in|   32|     ap_fifo|     C_stream_2_2|       pointer|
|C_stream_2_2_empty_n  |   in|    1|     ap_fifo|     C_stream_2_2|       pointer|
|C_stream_2_2_read     |  out|    1|     ap_fifo|     C_stream_2_2|       pointer|
|C_stream_2_3_dout     |   in|   32|     ap_fifo|     C_stream_2_3|       pointer|
|C_stream_2_3_empty_n  |   in|    1|     ap_fifo|     C_stream_2_3|       pointer|
|C_stream_2_3_read     |  out|    1|     ap_fifo|     C_stream_2_3|       pointer|
|C_stream_2_4_dout     |   in|   32|     ap_fifo|     C_stream_2_4|       pointer|
|C_stream_2_4_empty_n  |   in|    1|     ap_fifo|     C_stream_2_4|       pointer|
|C_stream_2_4_read     |  out|    1|     ap_fifo|     C_stream_2_4|       pointer|
|C_stream_2_5_dout     |   in|   32|     ap_fifo|     C_stream_2_5|       pointer|
|C_stream_2_5_empty_n  |   in|    1|     ap_fifo|     C_stream_2_5|       pointer|
|C_stream_2_5_read     |  out|    1|     ap_fifo|     C_stream_2_5|       pointer|
|C_stream_2_6_dout     |   in|   32|     ap_fifo|     C_stream_2_6|       pointer|
|C_stream_2_6_empty_n  |   in|    1|     ap_fifo|     C_stream_2_6|       pointer|
|C_stream_2_6_read     |  out|    1|     ap_fifo|     C_stream_2_6|       pointer|
|C_stream_2_7_dout     |   in|   32|     ap_fifo|     C_stream_2_7|       pointer|
|C_stream_2_7_empty_n  |   in|    1|     ap_fifo|     C_stream_2_7|       pointer|
|C_stream_2_7_read     |  out|    1|     ap_fifo|     C_stream_2_7|       pointer|
|C_stream_3_0_dout     |   in|   32|     ap_fifo|     C_stream_3_0|       pointer|
|C_stream_3_0_empty_n  |   in|    1|     ap_fifo|     C_stream_3_0|       pointer|
|C_stream_3_0_read     |  out|    1|     ap_fifo|     C_stream_3_0|       pointer|
|C_stream_3_1_dout     |   in|   32|     ap_fifo|     C_stream_3_1|       pointer|
|C_stream_3_1_empty_n  |   in|    1|     ap_fifo|     C_stream_3_1|       pointer|
|C_stream_3_1_read     |  out|    1|     ap_fifo|     C_stream_3_1|       pointer|
|C_stream_3_2_dout     |   in|   32|     ap_fifo|     C_stream_3_2|       pointer|
|C_stream_3_2_empty_n  |   in|    1|     ap_fifo|     C_stream_3_2|       pointer|
|C_stream_3_2_read     |  out|    1|     ap_fifo|     C_stream_3_2|       pointer|
|C_stream_3_3_dout     |   in|   32|     ap_fifo|     C_stream_3_3|       pointer|
|C_stream_3_3_empty_n  |   in|    1|     ap_fifo|     C_stream_3_3|       pointer|
|C_stream_3_3_read     |  out|    1|     ap_fifo|     C_stream_3_3|       pointer|
|C_stream_3_4_dout     |   in|   32|     ap_fifo|     C_stream_3_4|       pointer|
|C_stream_3_4_empty_n  |   in|    1|     ap_fifo|     C_stream_3_4|       pointer|
|C_stream_3_4_read     |  out|    1|     ap_fifo|     C_stream_3_4|       pointer|
|C_stream_3_5_dout     |   in|   32|     ap_fifo|     C_stream_3_5|       pointer|
|C_stream_3_5_empty_n  |   in|    1|     ap_fifo|     C_stream_3_5|       pointer|
|C_stream_3_5_read     |  out|    1|     ap_fifo|     C_stream_3_5|       pointer|
|C_stream_3_6_dout     |   in|   32|     ap_fifo|     C_stream_3_6|       pointer|
|C_stream_3_6_empty_n  |   in|    1|     ap_fifo|     C_stream_3_6|       pointer|
|C_stream_3_6_read     |  out|    1|     ap_fifo|     C_stream_3_6|       pointer|
|C_stream_3_7_dout     |   in|   32|     ap_fifo|     C_stream_3_7|       pointer|
|C_stream_3_7_empty_n  |   in|    1|     ap_fifo|     C_stream_3_7|       pointer|
|C_stream_3_7_read     |  out|    1|     ap_fifo|     C_stream_3_7|       pointer|
|C_stream_4_0_dout     |   in|   32|     ap_fifo|     C_stream_4_0|       pointer|
|C_stream_4_0_empty_n  |   in|    1|     ap_fifo|     C_stream_4_0|       pointer|
|C_stream_4_0_read     |  out|    1|     ap_fifo|     C_stream_4_0|       pointer|
|C_stream_4_1_dout     |   in|   32|     ap_fifo|     C_stream_4_1|       pointer|
|C_stream_4_1_empty_n  |   in|    1|     ap_fifo|     C_stream_4_1|       pointer|
|C_stream_4_1_read     |  out|    1|     ap_fifo|     C_stream_4_1|       pointer|
|C_stream_4_2_dout     |   in|   32|     ap_fifo|     C_stream_4_2|       pointer|
|C_stream_4_2_empty_n  |   in|    1|     ap_fifo|     C_stream_4_2|       pointer|
|C_stream_4_2_read     |  out|    1|     ap_fifo|     C_stream_4_2|       pointer|
|C_stream_4_3_dout     |   in|   32|     ap_fifo|     C_stream_4_3|       pointer|
|C_stream_4_3_empty_n  |   in|    1|     ap_fifo|     C_stream_4_3|       pointer|
|C_stream_4_3_read     |  out|    1|     ap_fifo|     C_stream_4_3|       pointer|
|C_stream_4_4_dout     |   in|   32|     ap_fifo|     C_stream_4_4|       pointer|
|C_stream_4_4_empty_n  |   in|    1|     ap_fifo|     C_stream_4_4|       pointer|
|C_stream_4_4_read     |  out|    1|     ap_fifo|     C_stream_4_4|       pointer|
|C_stream_4_5_dout     |   in|   32|     ap_fifo|     C_stream_4_5|       pointer|
|C_stream_4_5_empty_n  |   in|    1|     ap_fifo|     C_stream_4_5|       pointer|
|C_stream_4_5_read     |  out|    1|     ap_fifo|     C_stream_4_5|       pointer|
|C_stream_4_6_dout     |   in|   32|     ap_fifo|     C_stream_4_6|       pointer|
|C_stream_4_6_empty_n  |   in|    1|     ap_fifo|     C_stream_4_6|       pointer|
|C_stream_4_6_read     |  out|    1|     ap_fifo|     C_stream_4_6|       pointer|
|C_stream_4_7_dout     |   in|   32|     ap_fifo|     C_stream_4_7|       pointer|
|C_stream_4_7_empty_n  |   in|    1|     ap_fifo|     C_stream_4_7|       pointer|
|C_stream_4_7_read     |  out|    1|     ap_fifo|     C_stream_4_7|       pointer|
|C_stream_5_0_dout     |   in|   32|     ap_fifo|     C_stream_5_0|       pointer|
|C_stream_5_0_empty_n  |   in|    1|     ap_fifo|     C_stream_5_0|       pointer|
|C_stream_5_0_read     |  out|    1|     ap_fifo|     C_stream_5_0|       pointer|
|C_stream_5_1_dout     |   in|   32|     ap_fifo|     C_stream_5_1|       pointer|
|C_stream_5_1_empty_n  |   in|    1|     ap_fifo|     C_stream_5_1|       pointer|
|C_stream_5_1_read     |  out|    1|     ap_fifo|     C_stream_5_1|       pointer|
|C_stream_5_2_dout     |   in|   32|     ap_fifo|     C_stream_5_2|       pointer|
|C_stream_5_2_empty_n  |   in|    1|     ap_fifo|     C_stream_5_2|       pointer|
|C_stream_5_2_read     |  out|    1|     ap_fifo|     C_stream_5_2|       pointer|
|C_stream_5_3_dout     |   in|   32|     ap_fifo|     C_stream_5_3|       pointer|
|C_stream_5_3_empty_n  |   in|    1|     ap_fifo|     C_stream_5_3|       pointer|
|C_stream_5_3_read     |  out|    1|     ap_fifo|     C_stream_5_3|       pointer|
|C_stream_5_4_dout     |   in|   32|     ap_fifo|     C_stream_5_4|       pointer|
|C_stream_5_4_empty_n  |   in|    1|     ap_fifo|     C_stream_5_4|       pointer|
|C_stream_5_4_read     |  out|    1|     ap_fifo|     C_stream_5_4|       pointer|
|C_stream_5_5_dout     |   in|   32|     ap_fifo|     C_stream_5_5|       pointer|
|C_stream_5_5_empty_n  |   in|    1|     ap_fifo|     C_stream_5_5|       pointer|
|C_stream_5_5_read     |  out|    1|     ap_fifo|     C_stream_5_5|       pointer|
|C_stream_5_6_dout     |   in|   32|     ap_fifo|     C_stream_5_6|       pointer|
|C_stream_5_6_empty_n  |   in|    1|     ap_fifo|     C_stream_5_6|       pointer|
|C_stream_5_6_read     |  out|    1|     ap_fifo|     C_stream_5_6|       pointer|
|C_stream_5_7_dout     |   in|   32|     ap_fifo|     C_stream_5_7|       pointer|
|C_stream_5_7_empty_n  |   in|    1|     ap_fifo|     C_stream_5_7|       pointer|
|C_stream_5_7_read     |  out|    1|     ap_fifo|     C_stream_5_7|       pointer|
|C_stream_6_0_dout     |   in|   32|     ap_fifo|     C_stream_6_0|       pointer|
|C_stream_6_0_empty_n  |   in|    1|     ap_fifo|     C_stream_6_0|       pointer|
|C_stream_6_0_read     |  out|    1|     ap_fifo|     C_stream_6_0|       pointer|
|C_stream_6_1_dout     |   in|   32|     ap_fifo|     C_stream_6_1|       pointer|
|C_stream_6_1_empty_n  |   in|    1|     ap_fifo|     C_stream_6_1|       pointer|
|C_stream_6_1_read     |  out|    1|     ap_fifo|     C_stream_6_1|       pointer|
|C_stream_6_2_dout     |   in|   32|     ap_fifo|     C_stream_6_2|       pointer|
|C_stream_6_2_empty_n  |   in|    1|     ap_fifo|     C_stream_6_2|       pointer|
|C_stream_6_2_read     |  out|    1|     ap_fifo|     C_stream_6_2|       pointer|
|C_stream_6_3_dout     |   in|   32|     ap_fifo|     C_stream_6_3|       pointer|
|C_stream_6_3_empty_n  |   in|    1|     ap_fifo|     C_stream_6_3|       pointer|
|C_stream_6_3_read     |  out|    1|     ap_fifo|     C_stream_6_3|       pointer|
|C_stream_6_4_dout     |   in|   32|     ap_fifo|     C_stream_6_4|       pointer|
|C_stream_6_4_empty_n  |   in|    1|     ap_fifo|     C_stream_6_4|       pointer|
|C_stream_6_4_read     |  out|    1|     ap_fifo|     C_stream_6_4|       pointer|
|C_stream_6_5_dout     |   in|   32|     ap_fifo|     C_stream_6_5|       pointer|
|C_stream_6_5_empty_n  |   in|    1|     ap_fifo|     C_stream_6_5|       pointer|
|C_stream_6_5_read     |  out|    1|     ap_fifo|     C_stream_6_5|       pointer|
|C_stream_6_6_dout     |   in|   32|     ap_fifo|     C_stream_6_6|       pointer|
|C_stream_6_6_empty_n  |   in|    1|     ap_fifo|     C_stream_6_6|       pointer|
|C_stream_6_6_read     |  out|    1|     ap_fifo|     C_stream_6_6|       pointer|
|C_stream_6_7_dout     |   in|   32|     ap_fifo|     C_stream_6_7|       pointer|
|C_stream_6_7_empty_n  |   in|    1|     ap_fifo|     C_stream_6_7|       pointer|
|C_stream_6_7_read     |  out|    1|     ap_fifo|     C_stream_6_7|       pointer|
|C_stream_7_0_dout     |   in|   32|     ap_fifo|     C_stream_7_0|       pointer|
|C_stream_7_0_empty_n  |   in|    1|     ap_fifo|     C_stream_7_0|       pointer|
|C_stream_7_0_read     |  out|    1|     ap_fifo|     C_stream_7_0|       pointer|
|C_stream_7_1_dout     |   in|   32|     ap_fifo|     C_stream_7_1|       pointer|
|C_stream_7_1_empty_n  |   in|    1|     ap_fifo|     C_stream_7_1|       pointer|
|C_stream_7_1_read     |  out|    1|     ap_fifo|     C_stream_7_1|       pointer|
|C_stream_7_2_dout     |   in|   32|     ap_fifo|     C_stream_7_2|       pointer|
|C_stream_7_2_empty_n  |   in|    1|     ap_fifo|     C_stream_7_2|       pointer|
|C_stream_7_2_read     |  out|    1|     ap_fifo|     C_stream_7_2|       pointer|
|C_stream_7_3_dout     |   in|   32|     ap_fifo|     C_stream_7_3|       pointer|
|C_stream_7_3_empty_n  |   in|    1|     ap_fifo|     C_stream_7_3|       pointer|
|C_stream_7_3_read     |  out|    1|     ap_fifo|     C_stream_7_3|       pointer|
|C_stream_7_4_dout     |   in|   32|     ap_fifo|     C_stream_7_4|       pointer|
|C_stream_7_4_empty_n  |   in|    1|     ap_fifo|     C_stream_7_4|       pointer|
|C_stream_7_4_read     |  out|    1|     ap_fifo|     C_stream_7_4|       pointer|
|C_stream_7_5_dout     |   in|   32|     ap_fifo|     C_stream_7_5|       pointer|
|C_stream_7_5_empty_n  |   in|    1|     ap_fifo|     C_stream_7_5|       pointer|
|C_stream_7_5_read     |  out|    1|     ap_fifo|     C_stream_7_5|       pointer|
|C_stream_7_6_dout     |   in|   32|     ap_fifo|     C_stream_7_6|       pointer|
|C_stream_7_6_empty_n  |   in|    1|     ap_fifo|     C_stream_7_6|       pointer|
|C_stream_7_6_read     |  out|    1|     ap_fifo|     C_stream_7_6|       pointer|
|C_stream_7_7_dout     |   in|   32|     ap_fifo|     C_stream_7_7|       pointer|
|C_stream_7_7_empty_n  |   in|    1|     ap_fifo|     C_stream_7_7|       pointer|
|C_stream_7_7_read     |  out|    1|     ap_fifo|     C_stream_7_7|       pointer|
|C_out_2_din           |  out|  256|     ap_fifo|          C_out_2|       pointer|
|C_out_2_full_n        |   in|    1|     ap_fifo|          C_out_2|       pointer|
|C_out_2_write         |  out|    1|     ap_fifo|          C_out_2|       pointer|
|ap_clk                |   in|    1|  ap_ctrl_hs|  stream_to_C_Buf|  return value|
|ap_rst                |   in|    1|  ap_ctrl_hs|  stream_to_C_Buf|  return value|
|ap_start              |   in|    1|  ap_ctrl_hs|  stream_to_C_Buf|  return value|
|ap_done               |  out|    1|  ap_ctrl_hs|  stream_to_C_Buf|  return value|
|ap_ready              |  out|    1|  ap_ctrl_hs|  stream_to_C_Buf|  return value|
|ap_idle               |  out|    1|  ap_ctrl_hs|  stream_to_C_Buf|  return value|
|ap_continue           |   in|    1|  ap_ctrl_hs|  stream_to_C_Buf|  return value|
+----------------------+-----+-----+------------+-----------------+--------------+

