

================================================================
== Vitis HLS Report for 'tile_loop_A_proc75'
================================================================
* Date:           Mon Aug 31 18:31:35 2026

* Version:        2023.2 (Build 4023990 on Oct 11 2023)
* Project:        hls_project
* Solution:       gemm2 (Vitis Kernel Flow Target)
* Product family: versalaicore
* Target device:  xcvc1902-vsva2197-2MP-e-S


================================================================
== Performance Estimates
================================================================
+ Timing: 
    * Summary: 
    +--------+---------+----------+------------+
    |  Clock |  Target | Estimated| Uncertainty|
    +--------+---------+----------+------------+
    |ap_clk  |  3.33 ns|  2.641 ns|     0.90 ns|
    +--------+---------+----------+------------+

+ Latency: 
    * Summary: 
    +---------+---------+----------+----------+-----+-----+---------+
    |  Latency (cycles) |  Latency (absolute) |  Interval | Pipeline|
    |   min   |   max   |    min   |    max   | min | max |   Type  |
    +---------+---------+----------+----------+-----+-----+---------+
    |       77|       77|  0.257 us|  0.257 us|   77|   77|       no|
    +---------+---------+----------+----------+-----+-----+---------+

    + Detail: 
        * Instance: 
        +-----------------------------------+--------------------------------+---------+---------+----------+----------+-----+-----+----------+
        |                                   |                                |  Latency (cycles) |  Latency (absolute) |  Interval | Pipeline |
        |              Instance             |             Module             |   min   |   max   |    min   |    max   | min | max |   Type   |
        +-----------------------------------+--------------------------------+---------+---------+----------+----------+-----+-----+----------+
        |dataflow_in_loop_tile_loop_A76_U0  |dataflow_in_loop_tile_loop_A76  |       36|       36|  0.120 us|  0.120 us|   13|   13|  dataflow|
        +-----------------------------------+--------------------------------+---------+---------+----------+----------+-----+-----+----------+

        * Loop: 
        +---------------+---------+---------+----------+-----------+-----------+------+----------+
        |               |  Latency (cycles) | Iteration|  Initiation Interval  | Trip |          |
        |   Loop Name   |   min   |   max   |  Latency |  achieved |   target  | Count| Pipelined|
        +---------------+---------+---------+----------+-----------+-----------+------+----------+
        |- tile_loop_A  |       76|       76|        38|          -|          -|     4|        no|
        +---------------+---------+---------+----------+-----------+-----------+------+----------+



================================================================
== Utilization Estimates
================================================================
* Summary: 
+-----------------+---------+------+---------+--------+-----+
|       Name      | BRAM_18K|  DSP |    FF   |   LUT  | URAM|
+-----------------+---------+------+---------+--------+-----+
|DSP              |        -|     -|        -|       -|    -|
|Expression       |        -|     -|       57|      24|    -|
|FIFO             |        -|     -|        -|       -|    -|
|Instance         |        0|    64|    38424|   28760|    -|
|Memory           |        -|     -|        -|       -|    -|
|Multiplexer      |        -|     -|        -|       6|    -|
|Register         |        -|     -|        6|       -|    -|
+-----------------+---------+------+---------+--------+-----+
|Total            |        0|    64|    38487|   28790|    0|
+-----------------+---------+------+---------+--------+-----+
|Available        |     1934|  1968|  1799680|  899840|  463|
+-----------------+---------+------+---------+--------+-----+
|Utilization (%)  |        0|     3|        2|       3|    0|
+-----------------+---------+------+---------+--------+-----+

+ Detail: 
    * Instance: 
    +-----------------------------------+--------------------------------+---------+----+-------+-------+-----+
    |              Instance             |             Module             | BRAM_18K| DSP|   FF  |  LUT  | URAM|
    +-----------------------------------+--------------------------------+---------+----+-------+-------+-----+
    |dataflow_in_loop_tile_loop_A76_U0  |dataflow_in_loop_tile_loop_A76  |        0|  64|  38424|  28760|    0|
    +-----------------------------------+--------------------------------+---------+----+-------+-------+-----+
    |Total                              |                                |        0|  64|  38424|  28760|    0|
    +-----------------------------------+--------------------------------+---------+----+-------+-------+-----+

    * DSP: 
    N/A

    * Memory: 
    N/A

    * FIFO: 
    N/A

    * Expression: 
    +----------------------------+----------+----+----+----+------------+------------+
    |        Variable Name       | Operation| DSP| FF | LUT| Bitwidth P0| Bitwidth P1|
    +----------------------------+----------+----+----+----+------------+------------+
    |loop_dataflow_input_count   |         +|   0|  19|   8|           3|           1|
    |loop_dataflow_output_count  |         +|   0|  19|   8|           3|           1|
    |bound_minus_1               |         -|   0|  19|   8|           4|           1|
    +----------------------------+----------+----+----+----+------------+------------+
    |Total                       |          |   0|  57|  24|          10|           3|
    +----------------------------+----------+----+----+----+------------+------------+

    * Multiplexer: 
    +----------------------------+----+-----------+-----+-----------+
    |            Name            | LUT| Input Size| Bits| Total Bits|
    +----------------------------+----+-----------+-----+-----------+
    |loop_dataflow_input_count   |   3|          2|    3|          6|
    |loop_dataflow_output_count  |   3|          2|    3|          6|
    +----------------------------+----+-----------+-----+-----------+
    |Total                       |   6|          4|    6|         12|
    +----------------------------+----+-----------+-----+-----------+

    * Register: 
    +----------------------------+---+----+-----+-----------+
    |            Name            | FF| LUT| Bits| Const Bits|
    +----------------------------+---+----+-----+-----------+
    |loop_dataflow_input_count   |  3|   0|    3|          0|
    |loop_dataflow_output_count  |  3|   0|    3|          0|
    +----------------------------+---+----+-----+-----------+
    |Total                       |  6|   0|    6|          0|
    +----------------------------+---+----+-----+-----------+



================================================================
== Interface
================================================================
* Summary: 
+--------------------+-----+-----+------------+--------------------+--------------+
|      RTL Ports     | Dir | Bits|  Protocol  |    Source Object   |    C Type    |
+--------------------+-----+-----+------------+--------------------+--------------+
|B_TILE_i            |   in|   32|     ap_none|            B_TILE_i|       pointer|
|B_TILE_i_ap_vld     |   in|    1|     ap_none|            B_TILE_i|       pointer|
|B_TILE_1_i          |   in|   32|     ap_none|          B_TILE_1_i|       pointer|
|B_TILE_1_i_ap_vld   |   in|    1|     ap_none|          B_TILE_1_i|       pointer|
|B_TILE_2_i          |   in|   32|     ap_none|          B_TILE_2_i|       pointer|
|B_TILE_2_i_ap_vld   |   in|    1|     ap_none|          B_TILE_2_i|       pointer|
|B_TILE_3_i          |   in|   32|     ap_none|          B_TILE_3_i|       pointer|
|B_TILE_3_i_ap_vld   |   in|    1|     ap_none|          B_TILE_3_i|       pointer|
|B_TILE_4_i          |   in|   32|     ap_none|          B_TILE_4_i|       pointer|
|B_TILE_4_i_ap_vld   |   in|    1|     ap_none|          B_TILE_4_i|       pointer|
|B_TILE_5_i          |   in|   32|     ap_none|          B_TILE_5_i|       pointer|
|B_TILE_5_i_ap_vld   |   in|    1|     ap_none|          B_TILE_5_i|       pointer|
|B_TILE_6_i          |   in|   32|     ap_none|          B_TILE_6_i|       pointer|
|B_TILE_6_i_ap_vld   |   in|    1|     ap_none|          B_TILE_6_i|       pointer|
|B_TILE_7_i          |   in|   32|     ap_none|          B_TILE_7_i|       pointer|
|B_TILE_7_i_ap_vld   |   in|    1|     ap_none|          B_TILE_7_i|       pointer|
|B_TILE_8_i          |   in|   32|     ap_none|          B_TILE_8_i|       pointer|
|B_TILE_8_i_ap_vld   |   in|    1|     ap_none|          B_TILE_8_i|       pointer|
|B_TILE_9_i          |   in|   32|     ap_none|          B_TILE_9_i|       pointer|
|B_TILE_9_i_ap_vld   |   in|    1|     ap_none|          B_TILE_9_i|       pointer|
|B_TILE_10_i         |   in|   32|     ap_none|         B_TILE_10_i|       pointer|
|B_TILE_10_i_ap_vld  |   in|    1|     ap_none|         B_TILE_10_i|       pointer|
|B_TILE_11_i         |   in|   32|     ap_none|         B_TILE_11_i|       pointer|
|B_TILE_11_i_ap_vld  |   in|    1|     ap_none|         B_TILE_11_i|       pointer|
|B_TILE_12_i         |   in|   32|     ap_none|         B_TILE_12_i|       pointer|
|B_TILE_12_i_ap_vld  |   in|    1|     ap_none|         B_TILE_12_i|       pointer|
|B_TILE_13_i         |   in|   32|     ap_none|         B_TILE_13_i|       pointer|
|B_TILE_13_i_ap_vld  |   in|    1|     ap_none|         B_TILE_13_i|       pointer|
|B_TILE_14_i         |   in|   32|     ap_none|         B_TILE_14_i|       pointer|
|B_TILE_14_i_ap_vld  |   in|    1|     ap_none|         B_TILE_14_i|       pointer|
|B_TILE_15_i         |   in|   32|     ap_none|         B_TILE_15_i|       pointer|
|B_TILE_15_i_ap_vld  |   in|    1|     ap_none|         B_TILE_15_i|       pointer|
|B_TILE_16_i         |   in|   32|     ap_none|         B_TILE_16_i|       pointer|
|B_TILE_16_i_ap_vld  |   in|    1|     ap_none|         B_TILE_16_i|       pointer|
|B_TILE_17_i         |   in|   32|     ap_none|         B_TILE_17_i|       pointer|
|B_TILE_17_i_ap_vld  |   in|    1|     ap_none|         B_TILE_17_i|       pointer|
|B_TILE_18_i         |   in|   32|     ap_none|         B_TILE_18_i|       pointer|
|B_TILE_18_i_ap_vld  |   in|    1|     ap_none|         B_TILE_18_i|       pointer|
|B_TILE_19_i         |   in|   32|     ap_none|         B_TILE_19_i|       pointer|
|B_TILE_19_i_ap_vld  |   in|    1|     ap_none|         B_TILE_19_i|       pointer|
|B_TILE_20_i         |   in|   32|     ap_none|         B_TILE_20_i|       pointer|
|B_TILE_20_i_ap_vld  |   in|    1|     ap_none|         B_TILE_20_i|       pointer|
|B_TILE_21_i         |   in|   32|     ap_none|         B_TILE_21_i|       pointer|
|B_TILE_21_i_ap_vld  |   in|    1|     ap_none|         B_TILE_21_i|       pointer|
|B_TILE_22_i         |   in|   32|     ap_none|         B_TILE_22_i|       pointer|
|B_TILE_22_i_ap_vld  |   in|    1|     ap_none|         B_TILE_22_i|       pointer|
|B_TILE_23_i         |   in|   32|     ap_none|         B_TILE_23_i|       pointer|
|B_TILE_23_i_ap_vld  |   in|    1|     ap_none|         B_TILE_23_i|       pointer|
|B_TILE_24_i         |   in|   32|     ap_none|         B_TILE_24_i|       pointer|
|B_TILE_24_i_ap_vld  |   in|    1|     ap_none|         B_TILE_24_i|       pointer|
|B_TILE_25_i         |   in|   32|     ap_none|         B_TILE_25_i|       pointer|
|B_TILE_25_i_ap_vld  |   in|    1|     ap_none|         B_TILE_25_i|       pointer|
|B_TILE_26_i         |   in|   32|     ap_none|         B_TILE_26_i|       pointer|
|B_TILE_26_i_ap_vld  |   in|    1|     ap_none|         B_TILE_26_i|       pointer|
|B_TILE_27_i         |   in|   32|     ap_none|         B_TILE_27_i|       pointer|
|B_TILE_27_i_ap_vld  |   in|    1|     ap_none|         B_TILE_27_i|       pointer|
|B_TILE_28_i         |   in|   32|     ap_none|         B_TILE_28_i|       pointer|
|B_TILE_28_i_ap_vld  |   in|    1|     ap_none|         B_TILE_28_i|       pointer|
|B_TILE_29_i         |   in|   32|     ap_none|         B_TILE_29_i|       pointer|
|B_TILE_29_i_ap_vld  |   in|    1|     ap_none|         B_TILE_29_i|       pointer|
|B_TILE_30_i         |   in|   32|     ap_none|         B_TILE_30_i|       pointer|
|B_TILE_30_i_ap_vld  |   in|    1|     ap_none|         B_TILE_30_i|       pointer|
|B_TILE_31_i         |   in|   32|     ap_none|         B_TILE_31_i|       pointer|
|B_TILE_31_i_ap_vld  |   in|    1|     ap_none|         B_TILE_31_i|       pointer|
|B_TILE_32_i         |   in|   32|     ap_none|         B_TILE_32_i|       pointer|
|B_TILE_32_i_ap_vld  |   in|    1|     ap_none|         B_TILE_32_i|       pointer|
|B_TILE_33_i         |   in|   32|     ap_none|         B_TILE_33_i|       pointer|
|B_TILE_33_i_ap_vld  |   in|    1|     ap_none|         B_TILE_33_i|       pointer|
|B_TILE_34_i         |   in|   32|     ap_none|         B_TILE_34_i|       pointer|
|B_TILE_34_i_ap_vld  |   in|    1|     ap_none|         B_TILE_34_i|       pointer|
|B_TILE_35_i         |   in|   32|     ap_none|         B_TILE_35_i|       pointer|
|B_TILE_35_i_ap_vld  |   in|    1|     ap_none|         B_TILE_35_i|       pointer|
|B_TILE_36_i         |   in|   32|     ap_none|         B_TILE_36_i|       pointer|
|B_TILE_36_i_ap_vld  |   in|    1|     ap_none|         B_TILE_36_i|       pointer|
|B_TILE_37_i         |   in|   32|     ap_none|         B_TILE_37_i|       pointer|
|B_TILE_37_i_ap_vld  |   in|    1|     ap_none|         B_TILE_37_i|       pointer|
|B_TILE_38_i         |   in|   32|     ap_none|         B_TILE_38_i|       pointer|
|B_TILE_38_i_ap_vld  |   in|    1|     ap_none|         B_TILE_38_i|       pointer|
|B_TILE_39_i         |   in|   32|     ap_none|         B_TILE_39_i|       pointer|
|B_TILE_39_i_ap_vld  |   in|    1|     ap_none|         B_TILE_39_i|       pointer|
|B_TILE_40_i         |   in|   32|     ap_none|         B_TILE_40_i|       pointer|
|B_TILE_40_i_ap_vld  |   in|    1|     ap_none|         B_TILE_40_i|       pointer|
|B_TILE_41_i         |   in|   32|     ap_none|         B_TILE_41_i|       pointer|
|B_TILE_41_i_ap_vld  |   in|    1|     ap_none|         B_TILE_41_i|       pointer|
|B_TILE_42_i         |   in|   32|     ap_none|         B_TILE_42_i|       pointer|
|B_TILE_42_i_ap_vld  |   in|    1|     ap_none|         B_TILE_42_i|       pointer|
|B_TILE_43_i         |   in|   32|     ap_none|         B_TILE_43_i|       pointer|
|B_TILE_43_i_ap_vld  |   in|    1|     ap_none|         B_TILE_43_i|       pointer|
|B_TILE_44_i         |   in|   32|     ap_none|         B_TILE_44_i|       pointer|
|B_TILE_44_i_ap_vld  |   in|    1|     ap_none|         B_TILE_44_i|       pointer|
|B_TILE_45_i         |   in|   32|     ap_none|         B_TILE_45_i|       pointer|
|B_TILE_45_i_ap_vld  |   in|    1|     ap_none|         B_TILE_45_i|       pointer|
|B_TILE_46_i         |   in|   32|     ap_none|         B_TILE_46_i|       pointer|
|B_TILE_46_i_ap_vld  |   in|    1|     ap_none|         B_TILE_46_i|       pointer|
|B_TILE_47_i         |   in|   32|     ap_none|         B_TILE_47_i|       pointer|
|B_TILE_47_i_ap_vld  |   in|    1|     ap_none|         B_TILE_47_i|       pointer|
|B_TILE_48_i         |   in|   32|     ap_none|         B_TILE_48_i|       pointer|
|B_TILE_48_i_ap_vld  |   in|    1|     ap_none|         B_TILE_48_i|       pointer|
|B_TILE_49_i         |   in|   32|     ap_none|         B_TILE_49_i|       pointer|
|B_TILE_49_i_ap_vld  |   in|    1|     ap_none|         B_TILE_49_i|       pointer|
|B_TILE_50_i         |   in|   32|     ap_none|         B_TILE_50_i|       pointer|
|B_TILE_50_i_ap_vld  |   in|    1|     ap_none|         B_TILE_50_i|       pointer|
|B_TILE_51_i         |   in|   32|     ap_none|         B_TILE_51_i|       pointer|
|B_TILE_51_i_ap_vld  |   in|    1|     ap_none|         B_TILE_51_i|       pointer|
|B_TILE_52_i         |   in|   32|     ap_none|         B_TILE_52_i|       pointer|
|B_TILE_52_i_ap_vld  |   in|    1|     ap_none|         B_TILE_52_i|       pointer|
|B_TILE_53_i         |   in|   32|     ap_none|         B_TILE_53_i|       pointer|
|B_TILE_53_i_ap_vld  |   in|    1|     ap_none|         B_TILE_53_i|       pointer|
|B_TILE_54_i         |   in|   32|     ap_none|         B_TILE_54_i|       pointer|
|B_TILE_54_i_ap_vld  |   in|    1|     ap_none|         B_TILE_54_i|       pointer|
|B_TILE_55_i         |   in|   32|     ap_none|         B_TILE_55_i|       pointer|
|B_TILE_55_i_ap_vld  |   in|    1|     ap_none|         B_TILE_55_i|       pointer|
|B_TILE_56_i         |   in|   32|     ap_none|         B_TILE_56_i|       pointer|
|B_TILE_56_i_ap_vld  |   in|    1|     ap_none|         B_TILE_56_i|       pointer|
|B_TILE_57_i         |   in|   32|     ap_none|         B_TILE_57_i|       pointer|
|B_TILE_57_i_ap_vld  |   in|    1|     ap_none|         B_TILE_57_i|       pointer|
|B_TILE_58_i         |   in|   32|     ap_none|         B_TILE_58_i|       pointer|
|B_TILE_58_i_ap_vld  |   in|    1|     ap_none|         B_TILE_58_i|       pointer|
|B_TILE_59_i         |   in|   32|     ap_none|         B_TILE_59_i|       pointer|
|B_TILE_59_i_ap_vld  |   in|    1|     ap_none|         B_TILE_59_i|       pointer|
|B_TILE_60_i         |   in|   32|     ap_none|         B_TILE_60_i|       pointer|
|B_TILE_60_i_ap_vld  |   in|    1|     ap_none|         B_TILE_60_i|       pointer|
|B_TILE_61_i         |   in|   32|     ap_none|         B_TILE_61_i|       pointer|
|B_TILE_61_i_ap_vld  |   in|    1|     ap_none|         B_TILE_61_i|       pointer|
|B_TILE_62_i         |   in|   32|     ap_none|         B_TILE_62_i|       pointer|
|B_TILE_62_i_ap_vld  |   in|    1|     ap_none|         B_TILE_62_i|       pointer|
|B_TILE_63_i         |   in|   32|     ap_none|         B_TILE_63_i|       pointer|
|B_TILE_63_i_ap_vld  |   in|    1|     ap_none|         B_TILE_63_i|       pointer|
|A_in_dout           |   in|  256|     ap_fifo|                A_in|       pointer|
|A_in_empty_n        |   in|    1|     ap_fifo|                A_in|       pointer|
|A_in_read           |  out|    1|     ap_fifo|                A_in|       pointer|
|tileB               |   in|    1|     ap_none|               tileB|       pointer|
|tileB_ap_vld        |   in|    1|     ap_none|               tileB|       pointer|
|C_out_2_1_din       |  out|  256|     ap_fifo|           C_out_2_1|       pointer|
|C_out_2_1_full_n    |   in|    1|     ap_fifo|           C_out_2_1|       pointer|
|C_out_2_1_write     |  out|    1|     ap_fifo|           C_out_2_1|       pointer|
|C_out_2_0_din       |  out|  256|     ap_fifo|           C_out_2_0|       pointer|
|C_out_2_0_full_n    |   in|    1|     ap_fifo|           C_out_2_0|       pointer|
|C_out_2_0_write     |  out|    1|     ap_fifo|           C_out_2_0|       pointer|
|C_out_1_1_din       |  out|  256|     ap_fifo|           C_out_1_1|       pointer|
|C_out_1_1_full_n    |   in|    1|     ap_fifo|           C_out_1_1|       pointer|
|C_out_1_1_write     |  out|    1|     ap_fifo|           C_out_1_1|       pointer|
|C_out_1_0_din       |  out|  256|     ap_fifo|           C_out_1_0|       pointer|
|C_out_1_0_full_n    |   in|    1|     ap_fifo|           C_out_1_0|       pointer|
|C_out_1_0_write     |  out|    1|     ap_fifo|           C_out_1_0|       pointer|
|C_out_0_1_din       |  out|  256|     ap_fifo|           C_out_0_1|       pointer|
|C_out_0_1_full_n    |   in|    1|     ap_fifo|           C_out_0_1|       pointer|
|C_out_0_1_write     |  out|    1|     ap_fifo|           C_out_0_1|       pointer|
|C_out_0_0_din       |  out|  256|     ap_fifo|           C_out_0_0|       pointer|
|C_out_0_0_full_n    |   in|    1|     ap_fifo|           C_out_0_0|       pointer|
|C_out_0_0_write     |  out|    1|     ap_fifo|           C_out_0_0|       pointer|
|C_out_3_1_din       |  out|  256|     ap_fifo|           C_out_3_1|       pointer|
|C_out_3_1_full_n    |   in|    1|     ap_fifo|           C_out_3_1|       pointer|
|C_out_3_1_write     |  out|    1|     ap_fifo|           C_out_3_1|       pointer|
|C_out_3_0_din       |  out|  256|     ap_fifo|           C_out_3_0|       pointer|
|C_out_3_0_full_n    |   in|    1|     ap_fifo|           C_out_3_0|       pointer|
|C_out_3_0_write     |  out|    1|     ap_fifo|           C_out_3_0|       pointer|
|ap_clk              |   in|    1|  ap_ctrl_hs|  tile_loop_A_proc75|  return value|
|ap_rst              |   in|    1|  ap_ctrl_hs|  tile_loop_A_proc75|  return value|
|ap_start            |   in|    1|  ap_ctrl_hs|  tile_loop_A_proc75|  return value|
|ap_done             |  out|    1|  ap_ctrl_hs|  tile_loop_A_proc75|  return value|
|ap_ready            |  out|    1|  ap_ctrl_hs|  tile_loop_A_proc75|  return value|
|ap_idle             |  out|    1|  ap_ctrl_hs|  tile_loop_A_proc75|  return value|
|ap_continue         |   in|    1|  ap_ctrl_hs|  tile_loop_A_proc75|  return value|
+--------------------+-----+-----+------------+--------------------+--------------+

