

================================================================
== Vitis HLS Report for 'tile_A_to_stream_Pipeline_VITIS_LOOP_53_1'
================================================================
* Date:           Sun Aug  2 09:34:12 2026

* Version:        2023.2.2 (Build 4101106 on Feb  9 2024)
* Project:        hls_project
* Solution:       gemm2 (Vitis Kernel Flow Target)
* Product family: versalaicore
* Target device:  xcvc1902-vsva2197-2MP-e-S


================================================================
== Performance Estimates
================================================================
+ Timing: 
    * Summary: 
    +--------+---------+----------+------------+
    |  Clock |  Target | Estimated| Uncertainty|
    +--------+---------+----------+------------+
    |ap_clk  |  3.33 ns|  1.397 ns|     0.90 ns|
    +--------+---------+----------+------------+

+ Latency: 
    * Summary: 
    +---------+---------+-----------+-----------+-----+-----+---------+
    |  Latency (cycles) |   Latency (absolute)  |  Interval | Pipeline|
    |   min   |   max   |    min    |    max    | min | max |   Type  |
    +---------+---------+-----------+-----------+-----+-----+---------+
    |       10|       10|  33.330 ns|  33.330 ns|   10|   10|       no|
    +---------+---------+-----------+-----------+-----+-----+---------+

    + Detail: 
        * Instance: 
        N/A

        * Loop: 
        +-------------------+---------+---------+----------+-----------+-----------+------+----------+
        |                   |  Latency (cycles) | Iteration|  Initiation Interval  | Trip |          |
        |     Loop Name     |   min   |   max   |  Latency |  achieved |   target  | Count| Pipelined|
        +-------------------+---------+---------+----------+-----------+-----------+------+----------+
        |- VITIS_LOOP_53_1  |        8|        8|         2|          1|          1|     8|       yes|
        +-------------------+---------+---------+----------+-----------+-----------+------+----------+



================================================================
== Utilization Estimates
================================================================
* Summary: 
+-----------------+---------+------+---------+--------+-----+
|       Name      | BRAM_18K|  DSP |    FF   |   LUT  | URAM|
+-----------------+---------+------+---------+--------+-----+
|DSP              |        -|     -|        -|       -|    -|
|Expression       |        -|     -|        0|      16|    -|
|FIFO             |        -|     -|        -|       -|    -|
|Instance         |        -|     -|        0|     744|    -|
|Memory           |        -|     -|        -|       -|    -|
|Multiplexer      |        -|     -|        -|      28|    -|
|Register         |        -|     -|      263|       -|    -|
+-----------------+---------+------+---------+--------+-----+
|Total            |        0|     0|      263|     788|    0|
+-----------------+---------+------+---------+--------+-----+
|Available        |     1934|  1968|  1799680|  899840|  463|
+-----------------+---------+------+---------+--------+-----+
|Utilization (%)  |        0|     0|       ~0|      ~0|    0|
+-----------------+---------+------+---------+--------+-----+

+ Detail: 
    * Instance: 
    +----------------------------+-----------------------+---------+----+---+----+-----+
    |          Instance          |         Module        | BRAM_18K| DSP| FF| LUT| URAM|
    +----------------------------+-----------------------+---------+----+---+----+-----+
    |sparsemux_17_3_32_1_1_U105  |sparsemux_17_3_32_1_1  |        0|   0|  0|  93|    0|
    |sparsemux_17_3_32_1_1_U106  |sparsemux_17_3_32_1_1  |        0|   0|  0|  93|    0|
    |sparsemux_17_3_32_1_1_U107  |sparsemux_17_3_32_1_1  |        0|   0|  0|  93|    0|
    |sparsemux_17_3_32_1_1_U108  |sparsemux_17_3_32_1_1  |        0|   0|  0|  93|    0|
    |sparsemux_17_3_32_1_1_U109  |sparsemux_17_3_32_1_1  |        0|   0|  0|  93|    0|
    |sparsemux_17_3_32_1_1_U110  |sparsemux_17_3_32_1_1  |        0|   0|  0|  93|    0|
    |sparsemux_17_3_32_1_1_U111  |sparsemux_17_3_32_1_1  |        0|   0|  0|  93|    0|
    |sparsemux_17_3_32_1_1_U112  |sparsemux_17_3_32_1_1  |        0|   0|  0|  93|    0|
    +----------------------------+-----------------------+---------+----+---+----+-----+
    |Total                       |                       |        0|   0|  0| 744|    0|
    +----------------------------+-----------------------+---------+----+---+----+-----+

    * DSP: 
    N/A

    * Memory: 
    N/A

    * FIFO: 
    N/A

    * Expression: 
    +----------------------------------+----------+----+---+----+------------+------------+
    |           Variable Name          | Operation| DSP| FF| LUT| Bitwidth P0| Bitwidth P1|
    +----------------------------------+----------+----+---+----+------------+------------+
    |add_ln53_fu_786_p2                |         +|   0|  0|   5|           4|           1|
    |ap_block_pp0_stage0_01001         |       and|   0|  0|   2|           1|           1|
    |icmp_ln53_fu_792_p2               |      icmp|   0|  0|   5|           4|           5|
    |ap_block_state2_pp0_stage0_iter1  |        or|   0|  0|   2|           1|           1|
    |ap_enable_pp0                     |       xor|   0|  0|   2|           1|           2|
    +----------------------------------+----------+----+---+----+------------+------------+
    |Total                             |          |   0|  0|  16|          11|          10|
    +----------------------------------+----------+----+---+----+------------+------------+

    * Multiplexer: 
    +-------------------------+----+-----------+-----+-----------+
    |           Name          | LUT| Input Size| Bits| Total Bits|
    +-------------------------+----+-----------+-----+-----------+
    |A_stream_0_0_blk_n       |   2|          2|    1|          2|
    |A_stream_1_0_blk_n       |   2|          2|    1|          2|
    |A_stream_2_0_blk_n       |   2|          2|    1|          2|
    |A_stream_3_0_blk_n       |   2|          2|    1|          2|
    |A_stream_4_0_blk_n       |   2|          2|    1|          2|
    |A_stream_5_0_blk_n       |   2|          2|    1|          2|
    |A_stream_6_0_blk_n       |   2|          2|    1|          2|
    |A_stream_7_0_blk_n       |   2|          2|    1|          2|
    |ap_done_int              |   2|          2|    1|          2|
    |ap_enable_reg_pp0_iter1  |   2|          2|    1|          2|
    |ap_sig_allocacmp_k_1     |   4|          2|    4|          8|
    |k_fu_196                 |   4|          2|    4|          8|
    +-------------------------+----+-----------+-----+-----------+
    |Total                    |  28|         24|   18|         36|
    +-------------------------+----+-----------+-----+-----------+

    * Register: 
    +-------------------------+----+----+-----+-----------+
    |           Name          | FF | LUT| Bits| Const Bits|
    +-------------------------+----+----+-----+-----------+
    |ap_CS_fsm                |   1|   0|    1|          0|
    |ap_done_reg              |   1|   0|    1|          0|
    |ap_enable_reg_pp0_iter1  |   1|   0|    1|          0|
    |k_fu_196                 |   4|   0|    4|          0|
    |tmp_1_reg_1216           |  32|   0|   32|          0|
    |tmp_2_reg_1221           |  32|   0|   32|          0|
    |tmp_3_reg_1226           |  32|   0|   32|          0|
    |tmp_4_reg_1231           |  32|   0|   32|          0|
    |tmp_5_reg_1236           |  32|   0|   32|          0|
    |tmp_6_reg_1241           |  32|   0|   32|          0|
    |tmp_7_reg_1246           |  32|   0|   32|          0|
    |tmp_reg_1211             |  32|   0|   32|          0|
    +-------------------------+----+----+-----+-----------+
    |Total                    | 263|   0|  263|          0|
    +-------------------------+----+----+-----+-----------+



================================================================
== Interface
================================================================
* Summary: 
+-----------------------------+-----+-----+------------+-------------------------------------------+--------------+
|          RTL Ports          | Dir | Bits|  Protocol  |               Source Object               |    C Type    |
+-----------------------------+-----+-----+------------+-------------------------------------------+--------------+
|ap_clk                       |   in|    1|  ap_ctrl_hs|  tile_A_to_stream_Pipeline_VITIS_LOOP_53_1|  return value|
|ap_rst                       |   in|    1|  ap_ctrl_hs|  tile_A_to_stream_Pipeline_VITIS_LOOP_53_1|  return value|
|ap_start                     |   in|    1|  ap_ctrl_hs|  tile_A_to_stream_Pipeline_VITIS_LOOP_53_1|  return value|
|ap_done                      |  out|    1|  ap_ctrl_hs|  tile_A_to_stream_Pipeline_VITIS_LOOP_53_1|  return value|
|ap_idle                      |  out|    1|  ap_ctrl_hs|  tile_A_to_stream_Pipeline_VITIS_LOOP_53_1|  return value|
|ap_ready                     |  out|    1|  ap_ctrl_hs|  tile_A_to_stream_Pipeline_VITIS_LOOP_53_1|  return value|
|A_stream_0_0_din             |  out|   32|     ap_fifo|                               A_stream_0_0|       pointer|
|A_stream_0_0_num_data_valid  |   in|    4|     ap_fifo|                               A_stream_0_0|       pointer|
|A_stream_0_0_fifo_cap        |   in|    4|     ap_fifo|                               A_stream_0_0|       pointer|
|A_stream_0_0_full_n          |   in|    1|     ap_fifo|                               A_stream_0_0|       pointer|
|A_stream_0_0_write           |  out|    1|     ap_fifo|                               A_stream_0_0|       pointer|
|A_stream_1_0_din             |  out|   32|     ap_fifo|                               A_stream_1_0|       pointer|
|A_stream_1_0_num_data_valid  |   in|    4|     ap_fifo|                               A_stream_1_0|       pointer|
|A_stream_1_0_fifo_cap        |   in|    4|     ap_fifo|                               A_stream_1_0|       pointer|
|A_stream_1_0_full_n          |   in|    1|     ap_fifo|                               A_stream_1_0|       pointer|
|A_stream_1_0_write           |  out|    1|     ap_fifo|                               A_stream_1_0|       pointer|
|A_stream_2_0_din             |  out|   32|     ap_fifo|                               A_stream_2_0|       pointer|
|A_stream_2_0_num_data_valid  |   in|    4|     ap_fifo|                               A_stream_2_0|       pointer|
|A_stream_2_0_fifo_cap        |   in|    4|     ap_fifo|                               A_stream_2_0|       pointer|
|A_stream_2_0_full_n          |   in|    1|     ap_fifo|                               A_stream_2_0|       pointer|
|A_stream_2_0_write           |  out|    1|     ap_fifo|                               A_stream_2_0|       pointer|
|A_stream_3_0_din             |  out|   32|     ap_fifo|                               A_stream_3_0|       pointer|
|A_stream_3_0_num_data_valid  |   in|    4|     ap_fifo|                               A_stream_3_0|       pointer|
|A_stream_3_0_fifo_cap        |   in|    4|     ap_fifo|                               A_stream_3_0|       pointer|
|A_stream_3_0_full_n          |   in|    1|     ap_fifo|                               A_stream_3_0|       pointer|
|A_stream_3_0_write           |  out|    1|     ap_fifo|                               A_stream_3_0|       pointer|
|A_stream_4_0_din             |  out|   32|     ap_fifo|                               A_stream_4_0|       pointer|
|A_stream_4_0_num_data_valid  |   in|    4|     ap_fifo|                               A_stream_4_0|       pointer|
|A_stream_4_0_fifo_cap        |   in|    4|     ap_fifo|                               A_stream_4_0|       pointer|
|A_stream_4_0_full_n          |   in|    1|     ap_fifo|                               A_stream_4_0|       pointer|
|A_stream_4_0_write           |  out|    1|     ap_fifo|                               A_stream_4_0|       pointer|
|A_stream_5_0_din             |  out|   32|     ap_fifo|                               A_stream_5_0|       pointer|
|A_stream_5_0_num_data_valid  |   in|    4|     ap_fifo|                               A_stream_5_0|       pointer|
|A_stream_5_0_fifo_cap        |   in|    4|     ap_fifo|                               A_stream_5_0|       pointer|
|A_stream_5_0_full_n          |   in|    1|     ap_fifo|                               A_stream_5_0|       pointer|
|A_stream_5_0_write           |  out|    1|     ap_fifo|                               A_stream_5_0|       pointer|
|A_stream_6_0_din             |  out|   32|     ap_fifo|                               A_stream_6_0|       pointer|
|A_stream_6_0_num_data_valid  |   in|    4|     ap_fifo|                               A_stream_6_0|       pointer|
|A_stream_6_0_fifo_cap        |   in|    4|     ap_fifo|                               A_stream_6_0|       pointer|
|A_stream_6_0_full_n          |   in|    1|     ap_fifo|                               A_stream_6_0|       pointer|
|A_stream_6_0_write           |  out|    1|     ap_fifo|                               A_stream_6_0|       pointer|
|A_stream_7_0_din             |  out|   32|     ap_fifo|                               A_stream_7_0|       pointer|
|A_stream_7_0_num_data_valid  |   in|    4|     ap_fifo|                               A_stream_7_0|       pointer|
|A_stream_7_0_fifo_cap        |   in|    4|     ap_fifo|                               A_stream_7_0|       pointer|
|A_stream_7_0_full_n          |   in|    1|     ap_fifo|                               A_stream_7_0|       pointer|
|A_stream_7_0_write           |  out|    1|     ap_fifo|                               A_stream_7_0|       pointer|
|A_TILE_0_load                |   in|   32|     ap_none|                              A_TILE_0_load|        scalar|
|A_TILE_1_load                |   in|   32|     ap_none|                              A_TILE_1_load|        scalar|
|A_TILE_2_load                |   in|   32|     ap_none|                              A_TILE_2_load|        scalar|
|A_TILE_3_load                |   in|   32|     ap_none|                              A_TILE_3_load|        scalar|
|A_TILE_4_load                |   in|   32|     ap_none|                              A_TILE_4_load|        scalar|
|A_TILE_5_load                |   in|   32|     ap_none|                              A_TILE_5_load|        scalar|
|A_TILE_6_load                |   in|   32|     ap_none|                              A_TILE_6_load|        scalar|
|A_TILE_7_load                |   in|   32|     ap_none|                              A_TILE_7_load|        scalar|
|A_TILE_0_load_1              |   in|   32|     ap_none|                            A_TILE_0_load_1|        scalar|
|A_TILE_1_load_1              |   in|   32|     ap_none|                            A_TILE_1_load_1|        scalar|
|A_TILE_2_load_1              |   in|   32|     ap_none|                            A_TILE_2_load_1|        scalar|
|A_TILE_3_load_1              |   in|   32|     ap_none|                            A_TILE_3_load_1|        scalar|
|A_TILE_4_load_1              |   in|   32|     ap_none|                            A_TILE_4_load_1|        scalar|
|A_TILE_5_load_1              |   in|   32|     ap_none|                            A_TILE_5_load_1|        scalar|
|A_TILE_6_load_1              |   in|   32|     ap_none|                            A_TILE_6_load_1|        scalar|
|A_TILE_7_load_1              |   in|   32|     ap_none|                            A_TILE_7_load_1|        scalar|
|A_TILE_0_load_2              |   in|   32|     ap_none|                            A_TILE_0_load_2|        scalar|
|A_TILE_1_load_2              |   in|   32|     ap_none|                            A_TILE_1_load_2|        scalar|
|A_TILE_2_load_2              |   in|   32|     ap_none|                            A_TILE_2_load_2|        scalar|
|A_TILE_3_load_2              |   in|   32|     ap_none|                            A_TILE_3_load_2|        scalar|
|A_TILE_4_load_2              |   in|   32|     ap_none|                            A_TILE_4_load_2|        scalar|
|A_TILE_5_load_2              |   in|   32|     ap_none|                            A_TILE_5_load_2|        scalar|
|A_TILE_6_load_2              |   in|   32|     ap_none|                            A_TILE_6_load_2|        scalar|
|A_TILE_7_load_2              |   in|   32|     ap_none|                            A_TILE_7_load_2|        scalar|
|A_TILE_0_load_3              |   in|   32|     ap_none|                            A_TILE_0_load_3|        scalar|
|A_TILE_1_load_3              |   in|   32|     ap_none|                            A_TILE_1_load_3|        scalar|
|A_TILE_2_load_3              |   in|   32|     ap_none|                            A_TILE_2_load_3|        scalar|
|A_TILE_3_load_3              |   in|   32|     ap_none|                            A_TILE_3_load_3|        scalar|
|A_TILE_4_load_3              |   in|   32|     ap_none|                            A_TILE_4_load_3|        scalar|
|A_TILE_5_load_3              |   in|   32|     ap_none|                            A_TILE_5_load_3|        scalar|
|A_TILE_6_load_3              |   in|   32|     ap_none|                            A_TILE_6_load_3|        scalar|
|A_TILE_7_load_3              |   in|   32|     ap_none|                            A_TILE_7_load_3|        scalar|
|A_TILE_0_load_4              |   in|   32|     ap_none|                            A_TILE_0_load_4|        scalar|
|A_TILE_1_load_4              |   in|   32|     ap_none|                            A_TILE_1_load_4|        scalar|
|A_TILE_2_load_4              |   in|   32|     ap_none|                            A_TILE_2_load_4|        scalar|
|A_TILE_3_load_4              |   in|   32|     ap_none|                            A_TILE_3_load_4|        scalar|
|A_TILE_4_load_4              |   in|   32|     ap_none|                            A_TILE_4_load_4|        scalar|
|A_TILE_5_load_4              |   in|   32|     ap_none|                            A_TILE_5_load_4|        scalar|
|A_TILE_6_load_4              |   in|   32|     ap_none|                            A_TILE_6_load_4|        scalar|
|A_TILE_7_load_4              |   in|   32|     ap_none|                            A_TILE_7_load_4|        scalar|
|A_TILE_0_load_5              |   in|   32|     ap_none|                            A_TILE_0_load_5|        scalar|
|A_TILE_1_load_5              |   in|   32|     ap_none|                            A_TILE_1_load_5|        scalar|
|A_TILE_2_load_5              |   in|   32|     ap_none|                            A_TILE_2_load_5|        scalar|
|A_TILE_3_load_5              |   in|   32|     ap_none|                            A_TILE_3_load_5|        scalar|
|A_TILE_4_load_5              |   in|   32|     ap_none|                            A_TILE_4_load_5|        scalar|
|A_TILE_5_load_5              |   in|   32|     ap_none|                            A_TILE_5_load_5|        scalar|
|A_TILE_6_load_5              |   in|   32|     ap_none|                            A_TILE_6_load_5|        scalar|
|A_TILE_7_load_5              |   in|   32|     ap_none|                            A_TILE_7_load_5|        scalar|
|A_TILE_0_load_6              |   in|   32|     ap_none|                            A_TILE_0_load_6|        scalar|
|A_TILE_1_load_6              |   in|   32|     ap_none|                            A_TILE_1_load_6|        scalar|
|A_TILE_2_load_6              |   in|   32|     ap_none|                            A_TILE_2_load_6|        scalar|
|A_TILE_3_load_6              |   in|   32|     ap_none|                            A_TILE_3_load_6|        scalar|
|A_TILE_4_load_6              |   in|   32|     ap_none|                            A_TILE_4_load_6|        scalar|
|A_TILE_5_load_6              |   in|   32|     ap_none|                            A_TILE_5_load_6|        scalar|
|A_TILE_6_load_6              |   in|   32|     ap_none|                            A_TILE_6_load_6|        scalar|
|A_TILE_7_load_6              |   in|   32|     ap_none|                            A_TILE_7_load_6|        scalar|
|A_TILE_0_load_7              |   in|   32|     ap_none|                            A_TILE_0_load_7|        scalar|
|A_TILE_1_load_7              |   in|   32|     ap_none|                            A_TILE_1_load_7|        scalar|
|A_TILE_2_load_7              |   in|   32|     ap_none|                            A_TILE_2_load_7|        scalar|
|A_TILE_3_load_7              |   in|   32|     ap_none|                            A_TILE_3_load_7|        scalar|
|A_TILE_4_load_7              |   in|   32|     ap_none|                            A_TILE_4_load_7|        scalar|
|A_TILE_5_load_7              |   in|   32|     ap_none|                            A_TILE_5_load_7|        scalar|
|A_TILE_6_load_7              |   in|   32|     ap_none|                            A_TILE_6_load_7|        scalar|
|A_TILE_7_load_7              |   in|   32|     ap_none|                            A_TILE_7_load_7|        scalar|
+-----------------------------+-----+-----+------------+-------------------------------------------+--------------+

