

================================================================
== Vitis HLS Report for 'tile_A_to_stream'
================================================================
* Date:           Sun Aug  2 09:34:12 2026

* Version:        2023.2.2 (Build 4101106 on Feb  9 2024)
* Project:        hls_project
* Solution:       gemm2 (Vitis Kernel Flow Target)
* Product family: versalaicore
* Target device:  xcvc1902-vsva2197-2MP-e-S


================================================================
== Performance Estimates
================================================================
+ Timing: 
    * Summary: 
    +--------+---------+----------+------------+
    |  Clock |  Target | Estimated| Uncertainty|
    +--------+---------+----------+------------+
    |ap_clk  |  3.33 ns|  1.397 ns|     0.90 ns|
    +--------+---------+----------+------------+

+ Latency: 
    * Summary: 
    +---------+---------+-----------+-----------+-----+-----+---------+
    |  Latency (cycles) |   Latency (absolute)  |  Interval | Pipeline|
    |   min   |   max   |    min    |    max    | min | max |   Type  |
    +---------+---------+-----------+-----------+-----+-----+---------+
    |       12|       12|  39.996 ns|  39.996 ns|   12|   12|       no|
    +---------+---------+-----------+-----------+-----+-----+---------+

    + Detail: 
        * Instance: 
        +------------------------------------------------------+-------------------------------------------+---------+---------+-----------+-----------+-----+-----+---------+
        |                                                      |                                           |  Latency (cycles) |   Latency (absolute)  |  Interval | Pipeline|
        |                       Instance                       |                   Module                  |   min   |   max   |    min    |    max    | min | max |   Type  |
        +------------------------------------------------------+-------------------------------------------+---------+---------+-----------+-----------+-----+-----+---------+
        |grp_tile_A_to_stream_Pipeline_VITIS_LOOP_53_1_fu_910  |tile_A_to_stream_Pipeline_VITIS_LOOP_53_1  |       10|       10|  33.330 ns|  33.330 ns|   10|   10|       no|
        +------------------------------------------------------+-------------------------------------------+---------+---------+-----------+-----------+-----+-----+---------+

        * Loop: 
        N/A



================================================================
== Utilization Estimates
================================================================
* Summary: 
+-----------------+---------+------+---------+--------+-----+
|       Name      | BRAM_18K|  DSP |    FF   |   LUT  | URAM|
+-----------------+---------+------+---------+--------+-----+
|DSP              |        -|     -|        -|       -|    -|
|Expression       |        -|     -|        0|       2|    -|
|FIFO             |        -|     -|        -|       -|    -|
|Instance         |        -|     -|      263|     788|    -|
|Memory           |        -|     -|        -|       -|    -|
|Multiplexer      |        -|     -|        -|      20|    -|
|Register         |        -|     -|     2053|       -|    -|
+-----------------+---------+------+---------+--------+-----+
|Total            |        0|     0|     2316|     810|    0|
+-----------------+---------+------+---------+--------+-----+
|Available        |     1934|  1968|  1799680|  899840|  463|
+-----------------+---------+------+---------+--------+-----+
|Utilization (%)  |        0|     0|       ~0|      ~0|    0|
+-----------------+---------+------+---------+--------+-----+

+ Detail: 
    * Instance: 
    +------------------------------------------------------+-------------------------------------------+---------+----+-----+-----+-----+
    |                       Instance                       |                   Module                  | BRAM_18K| DSP|  FF | LUT | URAM|
    +------------------------------------------------------+-------------------------------------------+---------+----+-----+-----+-----+
    |grp_tile_A_to_stream_Pipeline_VITIS_LOOP_53_1_fu_910  |tile_A_to_stream_Pipeline_VITIS_LOOP_53_1  |        0|   0|  263|  788|    0|
    +------------------------------------------------------+-------------------------------------------+---------+----+-----+-----+-----+
    |Total                                                 |                                           |        0|   0|  263|  788|    0|
    +------------------------------------------------------+-------------------------------------------+---------+----+-----+-----+-----+

    * DSP: 
    N/A

    * Memory: 
    N/A

    * FIFO: 
    N/A

    * Expression: 
    +-----------------+----------+----+---+----+------------+------------+
    |  Variable Name  | Operation| DSP| FF| LUT| Bitwidth P0| Bitwidth P1|
    +-----------------+----------+----+---+----+------------+------------+
    |ap_block_state1  |        or|   0|  0|   2|           1|           1|
    +-----------------+----------+----+---+----+------------+------------+
    |Total            |          |   0|  0|   2|           1|           1|
    +-----------------+----------+----+---+----+------------+------------+

    * Multiplexer: 
    +--------------------+----+-----------+-----+-----------+
    |        Name        | LUT| Input Size| Bits| Total Bits|
    +--------------------+----+-----------+-----+-----------+
    |A_stream_0_0_write  |   2|          2|    1|          2|
    |A_stream_1_0_write  |   2|          2|    1|          2|
    |A_stream_2_0_write  |   2|          2|    1|          2|
    |A_stream_3_0_write  |   2|          2|    1|          2|
    |A_stream_4_0_write  |   2|          2|    1|          2|
    |A_stream_5_0_write  |   2|          2|    1|          2|
    |A_stream_6_0_write  |   2|          2|    1|          2|
    |A_stream_7_0_write  |   2|          2|    1|          2|
    |ap_NS_fsm           |   2|          4|    1|          4|
    |ap_done             |   2|          2|    1|          2|
    +--------------------+----+-----------+-----+-----------+
    |Total               |  20|         22|   10|         22|
    +--------------------+----+-----------+-----+-----------+

    * Register: 
    +-------------------------------------------------------------------+----+----+-----+-----------+
    |                                Name                               | FF | LUT| Bits| Const Bits|
    +-------------------------------------------------------------------+----+----+-----+-----------+
    |A_TILE_0_load_1_reg_1674                                           |  32|   0|   32|          0|
    |A_TILE_0_load_2_reg_1714                                           |  32|   0|   32|          0|
    |A_TILE_0_load_3_reg_1754                                           |  32|   0|   32|          0|
    |A_TILE_0_load_4_reg_1794                                           |  32|   0|   32|          0|
    |A_TILE_0_load_5_reg_1834                                           |  32|   0|   32|          0|
    |A_TILE_0_load_6_reg_1874                                           |  32|   0|   32|          0|
    |A_TILE_0_load_7_reg_1914                                           |  32|   0|   32|          0|
    |A_TILE_0_load_reg_1634                                             |  32|   0|   32|          0|
    |A_TILE_1_load_1_reg_1679                                           |  32|   0|   32|          0|
    |A_TILE_1_load_2_reg_1719                                           |  32|   0|   32|          0|
    |A_TILE_1_load_3_reg_1759                                           |  32|   0|   32|          0|
    |A_TILE_1_load_4_reg_1799                                           |  32|   0|   32|          0|
    |A_TILE_1_load_5_reg_1839                                           |  32|   0|   32|          0|
    |A_TILE_1_load_6_reg_1879                                           |  32|   0|   32|          0|
    |A_TILE_1_load_7_reg_1919                                           |  32|   0|   32|          0|
    |A_TILE_1_load_reg_1639                                             |  32|   0|   32|          0|
    |A_TILE_2_load_1_reg_1684                                           |  32|   0|   32|          0|
    |A_TILE_2_load_2_reg_1724                                           |  32|   0|   32|          0|
    |A_TILE_2_load_3_reg_1764                                           |  32|   0|   32|          0|
    |A_TILE_2_load_4_reg_1804                                           |  32|   0|   32|          0|
    |A_TILE_2_load_5_reg_1844                                           |  32|   0|   32|          0|
    |A_TILE_2_load_6_reg_1884                                           |  32|   0|   32|          0|
    |A_TILE_2_load_7_reg_1924                                           |  32|   0|   32|          0|
    |A_TILE_2_load_reg_1644                                             |  32|   0|   32|          0|
    |A_TILE_3_load_1_reg_1689                                           |  32|   0|   32|          0|
    |A_TILE_3_load_2_reg_1729                                           |  32|   0|   32|          0|
    |A_TILE_3_load_3_reg_1769                                           |  32|   0|   32|          0|
    |A_TILE_3_load_4_reg_1809                                           |  32|   0|   32|          0|
    |A_TILE_3_load_5_reg_1849                                           |  32|   0|   32|          0|
    |A_TILE_3_load_6_reg_1889                                           |  32|   0|   32|          0|
    |A_TILE_3_load_7_reg_1929                                           |  32|   0|   32|          0|
    |A_TILE_3_load_reg_1649                                             |  32|   0|   32|          0|
    |A_TILE_4_load_1_reg_1694                                           |  32|   0|   32|          0|
    |A_TILE_4_load_2_reg_1734                                           |  32|   0|   32|          0|
    |A_TILE_4_load_3_reg_1774                                           |  32|   0|   32|          0|
    |A_TILE_4_load_4_reg_1814                                           |  32|   0|   32|          0|
    |A_TILE_4_load_5_reg_1854                                           |  32|   0|   32|          0|
    |A_TILE_4_load_6_reg_1894                                           |  32|   0|   32|          0|
    |A_TILE_4_load_7_reg_1934                                           |  32|   0|   32|          0|
    |A_TILE_4_load_reg_1654                                             |  32|   0|   32|          0|
    |A_TILE_5_load_1_reg_1699                                           |  32|   0|   32|          0|
    |A_TILE_5_load_2_reg_1739                                           |  32|   0|   32|          0|
    |A_TILE_5_load_3_reg_1779                                           |  32|   0|   32|          0|
    |A_TILE_5_load_4_reg_1819                                           |  32|   0|   32|          0|
    |A_TILE_5_load_5_reg_1859                                           |  32|   0|   32|          0|
    |A_TILE_5_load_6_reg_1899                                           |  32|   0|   32|          0|
    |A_TILE_5_load_7_reg_1939                                           |  32|   0|   32|          0|
    |A_TILE_5_load_reg_1659                                             |  32|   0|   32|          0|
    |A_TILE_6_load_1_reg_1704                                           |  32|   0|   32|          0|
    |A_TILE_6_load_2_reg_1744                                           |  32|   0|   32|          0|
    |A_TILE_6_load_3_reg_1784                                           |  32|   0|   32|          0|
    |A_TILE_6_load_4_reg_1824                                           |  32|   0|   32|          0|
    |A_TILE_6_load_5_reg_1864                                           |  32|   0|   32|          0|
    |A_TILE_6_load_6_reg_1904                                           |  32|   0|   32|          0|
    |A_TILE_6_load_7_reg_1944                                           |  32|   0|   32|          0|
    |A_TILE_6_load_reg_1664                                             |  32|   0|   32|          0|
    |A_TILE_7_load_1_reg_1709                                           |  32|   0|   32|          0|
    |A_TILE_7_load_2_reg_1749                                           |  32|   0|   32|          0|
    |A_TILE_7_load_3_reg_1789                                           |  32|   0|   32|          0|
    |A_TILE_7_load_4_reg_1829                                           |  32|   0|   32|          0|
    |A_TILE_7_load_5_reg_1869                                           |  32|   0|   32|          0|
    |A_TILE_7_load_6_reg_1909                                           |  32|   0|   32|          0|
    |A_TILE_7_load_7_reg_1949                                           |  32|   0|   32|          0|
    |A_TILE_7_load_reg_1669                                             |  32|   0|   32|          0|
    |ap_CS_fsm                                                          |   3|   0|    3|          0|
    |ap_done_reg                                                        |   1|   0|    1|          0|
    |grp_tile_A_to_stream_Pipeline_VITIS_LOOP_53_1_fu_910_ap_start_reg  |   1|   0|    1|          0|
    +-------------------------------------------------------------------+----+----+-----+-----------+
    |Total                                                              |2053|   0| 2053|          0|
    +-------------------------------------------------------------------+----+----+-----+-----------+



================================================================
== Interface
================================================================
* Summary: 
+-----------------------------+-----+-----+------------+------------------+--------------+
|          RTL Ports          | Dir | Bits|  Protocol  |   Source Object  |    C Type    |
+-----------------------------+-----+-----+------------+------------------+--------------+
|ap_clk                       |   in|    1|  ap_ctrl_hs|  tile_A_to_stream|  return value|
|ap_rst                       |   in|    1|  ap_ctrl_hs|  tile_A_to_stream|  return value|
|ap_start                     |   in|    1|  ap_ctrl_hs|  tile_A_to_stream|  return value|
|ap_done                      |  out|    1|  ap_ctrl_hs|  tile_A_to_stream|  return value|
|ap_continue                  |   in|    1|  ap_ctrl_hs|  tile_A_to_stream|  return value|
|ap_idle                      |  out|    1|  ap_ctrl_hs|  tile_A_to_stream|  return value|
|ap_ready                     |  out|    1|  ap_ctrl_hs|  tile_A_to_stream|  return value|
|A_TILE_0_address0            |  out|    3|   ap_memory|          A_TILE_0|         array|
|A_TILE_0_ce0                 |  out|    1|   ap_memory|          A_TILE_0|         array|
|A_TILE_0_q0                  |   in|   32|   ap_memory|          A_TILE_0|         array|
|A_TILE_0_address1            |  out|    3|   ap_memory|          A_TILE_0|         array|
|A_TILE_0_ce1                 |  out|    1|   ap_memory|          A_TILE_0|         array|
|A_TILE_0_q1                  |   in|   32|   ap_memory|          A_TILE_0|         array|
|A_TILE_0_address2            |  out|    3|   ap_memory|          A_TILE_0|         array|
|A_TILE_0_ce2                 |  out|    1|   ap_memory|          A_TILE_0|         array|
|A_TILE_0_q2                  |   in|   32|   ap_memory|          A_TILE_0|         array|
|A_TILE_0_address3            |  out|    3|   ap_memory|          A_TILE_0|         array|
|A_TILE_0_ce3                 |  out|    1|   ap_memory|          A_TILE_0|         array|
|A_TILE_0_q3                  |   in|   32|   ap_memory|          A_TILE_0|         array|
|A_TILE_0_address4            |  out|    3|   ap_memory|          A_TILE_0|         array|
|A_TILE_0_ce4                 |  out|    1|   ap_memory|          A_TILE_0|         array|
|A_TILE_0_q4                  |   in|   32|   ap_memory|          A_TILE_0|         array|
|A_TILE_0_address5            |  out|    3|   ap_memory|          A_TILE_0|         array|
|A_TILE_0_ce5                 |  out|    1|   ap_memory|          A_TILE_0|         array|
|A_TILE_0_q5                  |   in|   32|   ap_memory|          A_TILE_0|         array|
|A_TILE_0_address6            |  out|    3|   ap_memory|          A_TILE_0|         array|
|A_TILE_0_ce6                 |  out|    1|   ap_memory|          A_TILE_0|         array|
|A_TILE_0_q6                  |   in|   32|   ap_memory|          A_TILE_0|         array|
|A_TILE_0_address7            |  out|    3|   ap_memory|          A_TILE_0|         array|
|A_TILE_0_ce7                 |  out|    1|   ap_memory|          A_TILE_0|         array|
|A_TILE_0_q7                  |   in|   32|   ap_memory|          A_TILE_0|         array|
|A_TILE_1_address0            |  out|    3|   ap_memory|          A_TILE_1|         array|
|A_TILE_1_ce0                 |  out|    1|   ap_memory|          A_TILE_1|         array|
|A_TILE_1_q0                  |   in|   32|   ap_memory|          A_TILE_1|         array|
|A_TILE_1_address1            |  out|    3|   ap_memory|          A_TILE_1|         array|
|A_TILE_1_ce1                 |  out|    1|   ap_memory|          A_TILE_1|         array|
|A_TILE_1_q1                  |   in|   32|   ap_memory|          A_TILE_1|         array|
|A_TILE_1_address2            |  out|    3|   ap_memory|          A_TILE_1|         array|
|A_TILE_1_ce2                 |  out|    1|   ap_memory|          A_TILE_1|         array|
|A_TILE_1_q2                  |   in|   32|   ap_memory|          A_TILE_1|         array|
|A_TILE_1_address3            |  out|    3|   ap_memory|          A_TILE_1|         array|
|A_TILE_1_ce3                 |  out|    1|   ap_memory|          A_TILE_1|         array|
|A_TILE_1_q3                  |   in|   32|   ap_memory|          A_TILE_1|         array|
|A_TILE_1_address4            |  out|    3|   ap_memory|          A_TILE_1|         array|
|A_TILE_1_ce4                 |  out|    1|   ap_memory|          A_TILE_1|         array|
|A_TILE_1_q4                  |   in|   32|   ap_memory|          A_TILE_1|         array|
|A_TILE_1_address5            |  out|    3|   ap_memory|          A_TILE_1|         array|
|A_TILE_1_ce5                 |  out|    1|   ap_memory|          A_TILE_1|         array|
|A_TILE_1_q5                  |   in|   32|   ap_memory|          A_TILE_1|         array|
|A_TILE_1_address6            |  out|    3|   ap_memory|          A_TILE_1|         array|
|A_TILE_1_ce6                 |  out|    1|   ap_memory|          A_TILE_1|         array|
|A_TILE_1_q6                  |   in|   32|   ap_memory|          A_TILE_1|         array|
|A_TILE_1_address7            |  out|    3|   ap_memory|          A_TILE_1|         array|
|A_TILE_1_ce7                 |  out|    1|   ap_memory|          A_TILE_1|         array|
|A_TILE_1_q7                  |   in|   32|   ap_memory|          A_TILE_1|         array|
|A_TILE_2_address0            |  out|    3|   ap_memory|          A_TILE_2|         array|
|A_TILE_2_ce0                 |  out|    1|   ap_memory|          A_TILE_2|         array|
|A_TILE_2_q0                  |   in|   32|   ap_memory|          A_TILE_2|         array|
|A_TILE_2_address1            |  out|    3|   ap_memory|          A_TILE_2|         array|
|A_TILE_2_ce1                 |  out|    1|   ap_memory|          A_TILE_2|         array|
|A_TILE_2_q1                  |   in|   32|   ap_memory|          A_TILE_2|         array|
|A_TILE_2_address2            |  out|    3|   ap_memory|          A_TILE_2|         array|
|A_TILE_2_ce2                 |  out|    1|   ap_memory|          A_TILE_2|         array|
|A_TILE_2_q2                  |   in|   32|   ap_memory|          A_TILE_2|         array|
|A_TILE_2_address3            |  out|    3|   ap_memory|          A_TILE_2|         array|
|A_TILE_2_ce3                 |  out|    1|   ap_memory|          A_TILE_2|         array|
|A_TILE_2_q3                  |   in|   32|   ap_memory|          A_TILE_2|         array|
|A_TILE_2_address4            |  out|    3|   ap_memory|          A_TILE_2|         array|
|A_TILE_2_ce4                 |  out|    1|   ap_memory|          A_TILE_2|         array|
|A_TILE_2_q4                  |   in|   32|   ap_memory|          A_TILE_2|         array|
|A_TILE_2_address5            |  out|    3|   ap_memory|          A_TILE_2|         array|
|A_TILE_2_ce5                 |  out|    1|   ap_memory|          A_TILE_2|         array|
|A_TILE_2_q5                  |   in|   32|   ap_memory|          A_TILE_2|         array|
|A_TILE_2_address6            |  out|    3|   ap_memory|          A_TILE_2|         array|
|A_TILE_2_ce6                 |  out|    1|   ap_memory|          A_TILE_2|         array|
|A_TILE_2_q6                  |   in|   32|   ap_memory|          A_TILE_2|         array|
|A_TILE_2_address7            |  out|    3|   ap_memory|          A_TILE_2|         array|
|A_TILE_2_ce7                 |  out|    1|   ap_memory|          A_TILE_2|         array|
|A_TILE_2_q7                  |   in|   32|   ap_memory|          A_TILE_2|         array|
|A_TILE_3_address0            |  out|    3|   ap_memory|          A_TILE_3|         array|
|A_TILE_3_ce0                 |  out|    1|   ap_memory|          A_TILE_3|         array|
|A_TILE_3_q0                  |   in|   32|   ap_memory|          A_TILE_3|         array|
|A_TILE_3_address1            |  out|    3|   ap_memory|          A_TILE_3|         array|
|A_TILE_3_ce1                 |  out|    1|   ap_memory|          A_TILE_3|         array|
|A_TILE_3_q1                  |   in|   32|   ap_memory|          A_TILE_3|         array|
|A_TILE_3_address2            |  out|    3|   ap_memory|          A_TILE_3|         array|
|A_TILE_3_ce2                 |  out|    1|   ap_memory|          A_TILE_3|         array|
|A_TILE_3_q2                  |   in|   32|   ap_memory|          A_TILE_3|         array|
|A_TILE_3_address3            |  out|    3|   ap_memory|          A_TILE_3|         array|
|A_TILE_3_ce3                 |  out|    1|   ap_memory|          A_TILE_3|         array|
|A_TILE_3_q3                  |   in|   32|   ap_memory|          A_TILE_3|         array|
|A_TILE_3_address4            |  out|    3|   ap_memory|          A_TILE_3|         array|
|A_TILE_3_ce4                 |  out|    1|   ap_memory|          A_TILE_3|         array|
|A_TILE_3_q4                  |   in|   32|   ap_memory|          A_TILE_3|         array|
|A_TILE_3_address5            |  out|    3|   ap_memory|          A_TILE_3|         array|
|A_TILE_3_ce5                 |  out|    1|   ap_memory|          A_TILE_3|         array|
|A_TILE_3_q5                  |   in|   32|   ap_memory|          A_TILE_3|         array|
|A_TILE_3_address6            |  out|    3|   ap_memory|          A_TILE_3|         array|
|A_TILE_3_ce6                 |  out|    1|   ap_memory|          A_TILE_3|         array|
|A_TILE_3_q6                  |   in|   32|   ap_memory|          A_TILE_3|         array|
|A_TILE_3_address7            |  out|    3|   ap_memory|          A_TILE_3|         array|
|A_TILE_3_ce7                 |  out|    1|   ap_memory|          A_TILE_3|         array|
|A_TILE_3_q7                  |   in|   32|   ap_memory|          A_TILE_3|         array|
|A_TILE_4_address0            |  out|    3|   ap_memory|          A_TILE_4|         array|
|A_TILE_4_ce0                 |  out|    1|   ap_memory|          A_TILE_4|         array|
|A_TILE_4_q0                  |   in|   32|   ap_memory|          A_TILE_4|         array|
|A_TILE_4_address1            |  out|    3|   ap_memory|          A_TILE_4|         array|
|A_TILE_4_ce1                 |  out|    1|   ap_memory|          A_TILE_4|         array|
|A_TILE_4_q1                  |   in|   32|   ap_memory|          A_TILE_4|         array|
|A_TILE_4_address2            |  out|    3|   ap_memory|          A_TILE_4|         array|
|A_TILE_4_ce2                 |  out|    1|   ap_memory|          A_TILE_4|         array|
|A_TILE_4_q2                  |   in|   32|   ap_memory|          A_TILE_4|         array|
|A_TILE_4_address3            |  out|    3|   ap_memory|          A_TILE_4|         array|
|A_TILE_4_ce3                 |  out|    1|   ap_memory|          A_TILE_4|         array|
|A_TILE_4_q3                  |   in|   32|   ap_memory|          A_TILE_4|         array|
|A_TILE_4_address4            |  out|    3|   ap_memory|          A_TILE_4|         array|
|A_TILE_4_ce4                 |  out|    1|   ap_memory|          A_TILE_4|         array|
|A_TILE_4_q4                  |   in|   32|   ap_memory|          A_TILE_4|         array|
|A_TILE_4_address5            |  out|    3|   ap_memory|          A_TILE_4|         array|
|A_TILE_4_ce5                 |  out|    1|   ap_memory|          A_TILE_4|         array|
|A_TILE_4_q5                  |   in|   32|   ap_memory|          A_TILE_4|         array|
|A_TILE_4_address6            |  out|    3|   ap_memory|          A_TILE_4|         array|
|A_TILE_4_ce6                 |  out|    1|   ap_memory|          A_TILE_4|         array|
|A_TILE_4_q6                  |   in|   32|   ap_memory|          A_TILE_4|         array|
|A_TILE_4_address7            |  out|    3|   ap_memory|          A_TILE_4|         array|
|A_TILE_4_ce7                 |  out|    1|   ap_memory|          A_TILE_4|         array|
|A_TILE_4_q7                  |   in|   32|   ap_memory|          A_TILE_4|         array|
|A_TILE_5_address0            |  out|    3|   ap_memory|          A_TILE_5|         array|
|A_TILE_5_ce0                 |  out|    1|   ap_memory|          A_TILE_5|         array|
|A_TILE_5_q0                  |   in|   32|   ap_memory|          A_TILE_5|         array|
|A_TILE_5_address1            |  out|    3|   ap_memory|          A_TILE_5|         array|
|A_TILE_5_ce1                 |  out|    1|   ap_memory|          A_TILE_5|         array|
|A_TILE_5_q1                  |   in|   32|   ap_memory|          A_TILE_5|         array|
|A_TILE_5_address2            |  out|    3|   ap_memory|          A_TILE_5|         array|
|A_TILE_5_ce2                 |  out|    1|   ap_memory|          A_TILE_5|         array|
|A_TILE_5_q2                  |   in|   32|   ap_memory|          A_TILE_5|         array|
|A_TILE_5_address3            |  out|    3|   ap_memory|          A_TILE_5|         array|
|A_TILE_5_ce3                 |  out|    1|   ap_memory|          A_TILE_5|         array|
|A_TILE_5_q3                  |   in|   32|   ap_memory|          A_TILE_5|         array|
|A_TILE_5_address4            |  out|    3|   ap_memory|          A_TILE_5|         array|
|A_TILE_5_ce4                 |  out|    1|   ap_memory|          A_TILE_5|         array|
|A_TILE_5_q4                  |   in|   32|   ap_memory|          A_TILE_5|         array|
|A_TILE_5_address5            |  out|    3|   ap_memory|          A_TILE_5|         array|
|A_TILE_5_ce5                 |  out|    1|   ap_memory|          A_TILE_5|         array|
|A_TILE_5_q5                  |   in|   32|   ap_memory|          A_TILE_5|         array|
|A_TILE_5_address6            |  out|    3|   ap_memory|          A_TILE_5|         array|
|A_TILE_5_ce6                 |  out|    1|   ap_memory|          A_TILE_5|         array|
|A_TILE_5_q6                  |   in|   32|   ap_memory|          A_TILE_5|         array|
|A_TILE_5_address7            |  out|    3|   ap_memory|          A_TILE_5|         array|
|A_TILE_5_ce7                 |  out|    1|   ap_memory|          A_TILE_5|         array|
|A_TILE_5_q7                  |   in|   32|   ap_memory|          A_TILE_5|         array|
|A_TILE_6_address0            |  out|    3|   ap_memory|          A_TILE_6|         array|
|A_TILE_6_ce0                 |  out|    1|   ap_memory|          A_TILE_6|         array|
|A_TILE_6_q0                  |   in|   32|   ap_memory|          A_TILE_6|         array|
|A_TILE_6_address1            |  out|    3|   ap_memory|          A_TILE_6|         array|
|A_TILE_6_ce1                 |  out|    1|   ap_memory|          A_TILE_6|         array|
|A_TILE_6_q1                  |   in|   32|   ap_memory|          A_TILE_6|         array|
|A_TILE_6_address2            |  out|    3|   ap_memory|          A_TILE_6|         array|
|A_TILE_6_ce2                 |  out|    1|   ap_memory|          A_TILE_6|         array|
|A_TILE_6_q2                  |   in|   32|   ap_memory|          A_TILE_6|         array|
|A_TILE_6_address3            |  out|    3|   ap_memory|          A_TILE_6|         array|
|A_TILE_6_ce3                 |  out|    1|   ap_memory|          A_TILE_6|         array|
|A_TILE_6_q3                  |   in|   32|   ap_memory|          A_TILE_6|         array|
|A_TILE_6_address4            |  out|    3|   ap_memory|          A_TILE_6|         array|
|A_TILE_6_ce4                 |  out|    1|   ap_memory|          A_TILE_6|         array|
|A_TILE_6_q4                  |   in|   32|   ap_memory|          A_TILE_6|         array|
|A_TILE_6_address5            |  out|    3|   ap_memory|          A_TILE_6|         array|
|A_TILE_6_ce5                 |  out|    1|   ap_memory|          A_TILE_6|         array|
|A_TILE_6_q5                  |   in|   32|   ap_memory|          A_TILE_6|         array|
|A_TILE_6_address6            |  out|    3|   ap_memory|          A_TILE_6|         array|
|A_TILE_6_ce6                 |  out|    1|   ap_memory|          A_TILE_6|         array|
|A_TILE_6_q6                  |   in|   32|   ap_memory|          A_TILE_6|         array|
|A_TILE_6_address7            |  out|    3|   ap_memory|          A_TILE_6|         array|
|A_TILE_6_ce7                 |  out|    1|   ap_memory|          A_TILE_6|         array|
|A_TILE_6_q7                  |   in|   32|   ap_memory|          A_TILE_6|         array|
|A_TILE_7_address0            |  out|    3|   ap_memory|          A_TILE_7|         array|
|A_TILE_7_ce0                 |  out|    1|   ap_memory|          A_TILE_7|         array|
|A_TILE_7_q0                  |   in|   32|   ap_memory|          A_TILE_7|         array|
|A_TILE_7_address1            |  out|    3|   ap_memory|          A_TILE_7|         array|
|A_TILE_7_ce1                 |  out|    1|   ap_memory|          A_TILE_7|         array|
|A_TILE_7_q1                  |   in|   32|   ap_memory|          A_TILE_7|         array|
|A_TILE_7_address2            |  out|    3|   ap_memory|          A_TILE_7|         array|
|A_TILE_7_ce2                 |  out|    1|   ap_memory|          A_TILE_7|         array|
|A_TILE_7_q2                  |   in|   32|   ap_memory|          A_TILE_7|         array|
|A_TILE_7_address3            |  out|    3|   ap_memory|          A_TILE_7|         array|
|A_TILE_7_ce3                 |  out|    1|   ap_memory|          A_TILE_7|         array|
|A_TILE_7_q3                  |   in|   32|   ap_memory|          A_TILE_7|         array|
|A_TILE_7_address4            |  out|    3|   ap_memory|          A_TILE_7|         array|
|A_TILE_7_ce4                 |  out|    1|   ap_memory|          A_TILE_7|         array|
|A_TILE_7_q4                  |   in|   32|   ap_memory|          A_TILE_7|         array|
|A_TILE_7_address5            |  out|    3|   ap_memory|          A_TILE_7|         array|
|A_TILE_7_ce5                 |  out|    1|   ap_memory|          A_TILE_7|         array|
|A_TILE_7_q5                  |   in|   32|   ap_memory|          A_TILE_7|         array|
|A_TILE_7_address6            |  out|    3|   ap_memory|          A_TILE_7|         array|
|A_TILE_7_ce6                 |  out|    1|   ap_memory|          A_TILE_7|         array|
|A_TILE_7_q6                  |   in|   32|   ap_memory|          A_TILE_7|         array|
|A_TILE_7_address7            |  out|    3|   ap_memory|          A_TILE_7|         array|
|A_TILE_7_ce7                 |  out|    1|   ap_memory|          A_TILE_7|         array|
|A_TILE_7_q7                  |   in|   32|   ap_memory|          A_TILE_7|         array|
|A_stream_0_0_din             |  out|   32|     ap_fifo|      A_stream_0_0|       pointer|
|A_stream_0_0_num_data_valid  |   in|    4|     ap_fifo|      A_stream_0_0|       pointer|
|A_stream_0_0_fifo_cap        |   in|    4|     ap_fifo|      A_stream_0_0|       pointer|
|A_stream_0_0_full_n          |   in|    1|     ap_fifo|      A_stream_0_0|       pointer|
|A_stream_0_0_write           |  out|    1|     ap_fifo|      A_stream_0_0|       pointer|
|A_stream_1_0_din             |  out|   32|     ap_fifo|      A_stream_1_0|       pointer|
|A_stream_1_0_num_data_valid  |   in|    4|     ap_fifo|      A_stream_1_0|       pointer|
|A_stream_1_0_fifo_cap        |   in|    4|     ap_fifo|      A_stream_1_0|       pointer|
|A_stream_1_0_full_n          |   in|    1|     ap_fifo|      A_stream_1_0|       pointer|
|A_stream_1_0_write           |  out|    1|     ap_fifo|      A_stream_1_0|       pointer|
|A_stream_2_0_din             |  out|   32|     ap_fifo|      A_stream_2_0|       pointer|
|A_stream_2_0_num_data_valid  |   in|    4|     ap_fifo|      A_stream_2_0|       pointer|
|A_stream_2_0_fifo_cap        |   in|    4|     ap_fifo|      A_stream_2_0|       pointer|
|A_stream_2_0_full_n          |   in|    1|     ap_fifo|      A_stream_2_0|       pointer|
|A_stream_2_0_write           |  out|    1|     ap_fifo|      A_stream_2_0|       pointer|
|A_stream_3_0_din             |  out|   32|     ap_fifo|      A_stream_3_0|       pointer|
|A_stream_3_0_num_data_valid  |   in|    4|     ap_fifo|      A_stream_3_0|       pointer|
|A_stream_3_0_fifo_cap        |   in|    4|     ap_fifo|      A_stream_3_0|       pointer|
|A_stream_3_0_full_n          |   in|    1|     ap_fifo|      A_stream_3_0|       pointer|
|A_stream_3_0_write           |  out|    1|     ap_fifo|      A_stream_3_0|       pointer|
|A_stream_4_0_din             |  out|   32|     ap_fifo|      A_stream_4_0|       pointer|
|A_stream_4_0_num_data_valid  |   in|    4|     ap_fifo|      A_stream_4_0|       pointer|
|A_stream_4_0_fifo_cap        |   in|    4|     ap_fifo|      A_stream_4_0|       pointer|
|A_stream_4_0_full_n          |   in|    1|     ap_fifo|      A_stream_4_0|       pointer|
|A_stream_4_0_write           |  out|    1|     ap_fifo|      A_stream_4_0|       pointer|
|A_stream_5_0_din             |  out|   32|     ap_fifo|      A_stream_5_0|       pointer|
|A_stream_5_0_num_data_valid  |   in|    4|     ap_fifo|      A_stream_5_0|       pointer|
|A_stream_5_0_fifo_cap        |   in|    4|     ap_fifo|      A_stream_5_0|       pointer|
|A_stream_5_0_full_n          |   in|    1|     ap_fifo|      A_stream_5_0|       pointer|
|A_stream_5_0_write           |  out|    1|     ap_fifo|      A_stream_5_0|       pointer|
|A_stream_6_0_din             |  out|   32|     ap_fifo|      A_stream_6_0|       pointer|
|A_stream_6_0_num_data_valid  |   in|    4|     ap_fifo|      A_stream_6_0|       pointer|
|A_stream_6_0_fifo_cap        |   in|    4|     ap_fifo|      A_stream_6_0|       pointer|
|A_stream_6_0_full_n          |   in|    1|     ap_fifo|      A_stream_6_0|       pointer|
|A_stream_6_0_write           |  out|    1|     ap_fifo|      A_stream_6_0|       pointer|
|A_stream_7_0_din             |  out|   32|     ap_fifo|      A_stream_7_0|       pointer|
|A_stream_7_0_num_data_valid  |   in|    4|     ap_fifo|      A_stream_7_0|       pointer|
|A_stream_7_0_fifo_cap        |   in|    4|     ap_fifo|      A_stream_7_0|       pointer|
|A_stream_7_0_full_n          |   in|    1|     ap_fifo|      A_stream_7_0|       pointer|
|A_stream_7_0_write           |  out|    1|     ap_fifo|      A_stream_7_0|       pointer|
+-----------------------------+-----+-----+------------+------------------+--------------+

