

================================================================
== Vitis HLS Report for 'tile_loop_A_proc'
================================================================
* Date:           Wed Jul 29 13:34:19 2026

* Version:        2023.2 (Build 4023990 on Oct 11 2023)
* Project:        hls_project
* Solution:       gemm2 (Vitis Kernel Flow Target)
* Product family: versalaicore
* Target device:  xcvc1902-vsva2197-2MP-e-S


================================================================
== Performance Estimates
================================================================
+ Timing: 
    * Summary: 
    +--------+---------+----------+------------+
    |  Clock |  Target | Estimated| Uncertainty|
    +--------+---------+----------+------------+
    |ap_clk  |  3.33 ns|  2.856 ns|     0.90 ns|
    +--------+---------+----------+------------+

+ Latency: 
    * Summary: 
    +---------+---------+----------+----------+-----+-----+---------+
    |  Latency (cycles) |  Latency (absolute) |  Interval | Pipeline|
    |   min   |   max   |    min   |    max   | min | max |   Type  |
    +---------+---------+----------+----------+-----+-----+---------+
    |      147|      147|  0.490 us|  0.490 us|  147|  147|       no|
    +---------+---------+----------+----------+-----+-----+---------+

    + Detail: 
        * Instance: 
        +---------------------------------+------------------------------+---------+---------+----------+----------+-----+-----+----------+
        |                                 |                              |  Latency (cycles) |  Latency (absolute) |  Interval | Pipeline |
        |             Instance            |            Module            |   min   |   max   |    min   |    max   | min | max |   Type   |
        +---------------------------------+------------------------------+---------+---------+----------+----------+-----+-----+----------+
        |dataflow_in_loop_tile_loop_A_U0  |dataflow_in_loop_tile_loop_A  |       40|       40|  0.133 us|  0.133 us|   35|   35|  dataflow|
        +---------------------------------+------------------------------+---------+---------+----------+----------+-----+-----+----------+

        * Loop: 
        +---------------+---------+---------+----------+-----------+-----------+------+----------+
        |               |  Latency (cycles) | Iteration|  Initiation Interval  | Trip |          |
        |   Loop Name   |   min   |   max   |  Latency |  achieved |   target  | Count| Pipelined|
        +---------------+---------+---------+----------+-----------+-----------+------+----------+
        |- tile_loop_A  |      146|      146|        42|          -|          -|     4|        no|
        +---------------+---------+---------+----------+-----------+-----------+------+----------+



================================================================
== Utilization Estimates
================================================================
* Summary: 
+-----------------+---------+------+---------+--------+-----+
|       Name      | BRAM_18K|  DSP |    FF   |   LUT  | URAM|
+-----------------+---------+------+---------+--------+-----+
|DSP              |        -|     -|        -|       -|    -|
|Expression       |        -|     -|       57|      24|    -|
|FIFO             |        -|     -|        -|       -|    -|
|Instance         |        0|    64|    50077|   33167|    -|
|Memory           |        -|     -|        -|       -|    -|
|Multiplexer      |        -|     -|        -|       6|    -|
|Register         |        -|     -|        6|       -|    -|
+-----------------+---------+------+---------+--------+-----+
|Total            |        0|    64|    50140|   33197|    0|
+-----------------+---------+------+---------+--------+-----+
|Available        |     1934|  1968|  1799680|  899840|  463|
+-----------------+---------+------+---------+--------+-----+
|Utilization (%)  |        0|     3|        2|       3|    0|
+-----------------+---------+------+---------+--------+-----+

+ Detail: 
    * Instance: 
    +---------------------------------+------------------------------+---------+----+-------+-------+-----+
    |             Instance            |            Module            | BRAM_18K| DSP|   FF  |  LUT  | URAM|
    +---------------------------------+------------------------------+---------+----+-------+-------+-----+
    |dataflow_in_loop_tile_loop_A_U0  |dataflow_in_loop_tile_loop_A  |        0|  64|  50077|  33167|    0|
    +---------------------------------+------------------------------+---------+----+-------+-------+-----+
    |Total                            |                              |        0|  64|  50077|  33167|    0|
    +---------------------------------+------------------------------+---------+----+-------+-------+-----+

    * DSP: 
    N/A

    * Memory: 
    N/A

    * FIFO: 
    N/A

    * Expression: 
    +----------------------------+----------+----+----+----+------------+------------+
    |        Variable Name       | Operation| DSP| FF | LUT| Bitwidth P0| Bitwidth P1|
    +----------------------------+----------+----+----+----+------------+------------+
    |loop_dataflow_input_count   |         +|   0|  19|   8|           3|           1|
    |loop_dataflow_output_count  |         +|   0|  19|   8|           3|           1|
    |bound_minus_1               |         -|   0|  19|   8|           4|           1|
    +----------------------------+----------+----+----+----+------------+------------+
    |Total                       |          |   0|  57|  24|          10|           3|
    +----------------------------+----------+----+----+----+------------+------------+

    * Multiplexer: 
    +----------------------------+----+-----------+-----+-----------+
    |            Name            | LUT| Input Size| Bits| Total Bits|
    +----------------------------+----+-----------+-----+-----------+
    |loop_dataflow_input_count   |   3|          2|    3|          6|
    |loop_dataflow_output_count  |   3|          2|    3|          6|
    +----------------------------+----+-----------+-----+-----------+
    |Total                       |   6|          4|    6|         12|
    +----------------------------+----+-----------+-----+-----------+

    * Register: 
    +----------------------------+---+----+-----+-----------+
    |            Name            | FF| LUT| Bits| Const Bits|
    +----------------------------+---+----+-----+-----------+
    |loop_dataflow_input_count   |  3|   0|    3|          0|
    |loop_dataflow_output_count  |  3|   0|    3|          0|
    +----------------------------+---+----+-----+-----------+
    |Total                       |  6|   0|    6|          0|
    +----------------------------+---+----+-----+-----------+



================================================================
== Interface
================================================================
* Summary: 
+-----------------+-----+-----+------------+------------------+--------------+
|    RTL Ports    | Dir | Bits|  Protocol  |   Source Object  |    C Type    |
+-----------------+-----+-----+------------+------------------+--------------+
|A_in_2_dout      |   in|  256|     ap_fifo|            A_in_2|       pointer|
|A_in_2_empty_n   |   in|    1|     ap_fifo|            A_in_2|       pointer|
|A_in_2_read      |  out|    1|     ap_fifo|            A_in_2|       pointer|
|A_in_1_dout      |   in|  256|     ap_fifo|            A_in_1|       pointer|
|A_in_1_empty_n   |   in|    1|     ap_fifo|            A_in_1|       pointer|
|A_in_1_read      |  out|    1|     ap_fifo|            A_in_1|       pointer|
|A_in_0_dout      |   in|  256|     ap_fifo|            A_in_0|       pointer|
|A_in_0_empty_n   |   in|    1|     ap_fifo|            A_in_0|       pointer|
|A_in_0_read      |  out|    1|     ap_fifo|            A_in_0|       pointer|
|A_in_3_dout      |   in|  256|     ap_fifo|            A_in_3|       pointer|
|A_in_3_empty_n   |   in|    1|     ap_fifo|            A_in_3|       pointer|
|A_in_3_read      |  out|    1|     ap_fifo|            A_in_3|       pointer|
|p_read           |   in|   32|     ap_none|            p_read|        scalar|
|p_read_ap_vld    |   in|    1|     ap_none|            p_read|        scalar|
|p_read1          |   in|   32|     ap_none|           p_read1|        scalar|
|p_read1_ap_vld   |   in|    1|     ap_none|           p_read1|        scalar|
|p_read2          |   in|   32|     ap_none|           p_read2|        scalar|
|p_read2_ap_vld   |   in|    1|     ap_none|           p_read2|        scalar|
|p_read3          |   in|   32|     ap_none|           p_read3|        scalar|
|p_read3_ap_vld   |   in|    1|     ap_none|           p_read3|        scalar|
|p_read4          |   in|   32|     ap_none|           p_read4|        scalar|
|p_read4_ap_vld   |   in|    1|     ap_none|           p_read4|        scalar|
|p_read5          |   in|   32|     ap_none|           p_read5|        scalar|
|p_read5_ap_vld   |   in|    1|     ap_none|           p_read5|        scalar|
|p_read6          |   in|   32|     ap_none|           p_read6|        scalar|
|p_read6_ap_vld   |   in|    1|     ap_none|           p_read6|        scalar|
|p_read7          |   in|   32|     ap_none|           p_read7|        scalar|
|p_read7_ap_vld   |   in|    1|     ap_none|           p_read7|        scalar|
|p_read8          |   in|   32|     ap_none|           p_read8|        scalar|
|p_read8_ap_vld   |   in|    1|     ap_none|           p_read8|        scalar|
|p_read9          |   in|   32|     ap_none|           p_read9|        scalar|
|p_read9_ap_vld   |   in|    1|     ap_none|           p_read9|        scalar|
|p_read10         |   in|   32|     ap_none|          p_read10|        scalar|
|p_read10_ap_vld  |   in|    1|     ap_none|          p_read10|        scalar|
|p_read11         |   in|   32|     ap_none|          p_read11|        scalar|
|p_read11_ap_vld  |   in|    1|     ap_none|          p_read11|        scalar|
|p_read12         |   in|   32|     ap_none|          p_read12|        scalar|
|p_read12_ap_vld  |   in|    1|     ap_none|          p_read12|        scalar|
|p_read13         |   in|   32|     ap_none|          p_read13|        scalar|
|p_read13_ap_vld  |   in|    1|     ap_none|          p_read13|        scalar|
|p_read14         |   in|   32|     ap_none|          p_read14|        scalar|
|p_read14_ap_vld  |   in|    1|     ap_none|          p_read14|        scalar|
|p_read15         |   in|   32|     ap_none|          p_read15|        scalar|
|p_read15_ap_vld  |   in|    1|     ap_none|          p_read15|        scalar|
|p_read16         |   in|   32|     ap_none|          p_read16|        scalar|
|p_read16_ap_vld  |   in|    1|     ap_none|          p_read16|        scalar|
|p_read17         |   in|   32|     ap_none|          p_read17|        scalar|
|p_read17_ap_vld  |   in|    1|     ap_none|          p_read17|        scalar|
|p_read18         |   in|   32|     ap_none|          p_read18|        scalar|
|p_read18_ap_vld  |   in|    1|     ap_none|          p_read18|        scalar|
|p_read19         |   in|   32|     ap_none|          p_read19|        scalar|
|p_read19_ap_vld  |   in|    1|     ap_none|          p_read19|        scalar|
|p_read20         |   in|   32|     ap_none|          p_read20|        scalar|
|p_read20_ap_vld  |   in|    1|     ap_none|          p_read20|        scalar|
|p_read21         |   in|   32|     ap_none|          p_read21|        scalar|
|p_read21_ap_vld  |   in|    1|     ap_none|          p_read21|        scalar|
|p_read22         |   in|   32|     ap_none|          p_read22|        scalar|
|p_read22_ap_vld  |   in|    1|     ap_none|          p_read22|        scalar|
|p_read23         |   in|   32|     ap_none|          p_read23|        scalar|
|p_read23_ap_vld  |   in|    1|     ap_none|          p_read23|        scalar|
|p_read24         |   in|   32|     ap_none|          p_read24|        scalar|
|p_read24_ap_vld  |   in|    1|     ap_none|          p_read24|        scalar|
|p_read25         |   in|   32|     ap_none|          p_read25|        scalar|
|p_read25_ap_vld  |   in|    1|     ap_none|          p_read25|        scalar|
|p_read26         |   in|   32|     ap_none|          p_read26|        scalar|
|p_read26_ap_vld  |   in|    1|     ap_none|          p_read26|        scalar|
|p_read27         |   in|   32|     ap_none|          p_read27|        scalar|
|p_read27_ap_vld  |   in|    1|     ap_none|          p_read27|        scalar|
|p_read28         |   in|   32|     ap_none|          p_read28|        scalar|
|p_read28_ap_vld  |   in|    1|     ap_none|          p_read28|        scalar|
|p_read29         |   in|   32|     ap_none|          p_read29|        scalar|
|p_read29_ap_vld  |   in|    1|     ap_none|          p_read29|        scalar|
|p_read30         |   in|   32|     ap_none|          p_read30|        scalar|
|p_read30_ap_vld  |   in|    1|     ap_none|          p_read30|        scalar|
|p_read31         |   in|   32|     ap_none|          p_read31|        scalar|
|p_read31_ap_vld  |   in|    1|     ap_none|          p_read31|        scalar|
|p_read32         |   in|   32|     ap_none|          p_read32|        scalar|
|p_read32_ap_vld  |   in|    1|     ap_none|          p_read32|        scalar|
|p_read33         |   in|   32|     ap_none|          p_read33|        scalar|
|p_read33_ap_vld  |   in|    1|     ap_none|          p_read33|        scalar|
|p_read34         |   in|   32|     ap_none|          p_read34|        scalar|
|p_read34_ap_vld  |   in|    1|     ap_none|          p_read34|        scalar|
|p_read35         |   in|   32|     ap_none|          p_read35|        scalar|
|p_read35_ap_vld  |   in|    1|     ap_none|          p_read35|        scalar|
|p_read36         |   in|   32|     ap_none|          p_read36|        scalar|
|p_read36_ap_vld  |   in|    1|     ap_none|          p_read36|        scalar|
|p_read37         |   in|   32|     ap_none|          p_read37|        scalar|
|p_read37_ap_vld  |   in|    1|     ap_none|          p_read37|        scalar|
|p_read38         |   in|   32|     ap_none|          p_read38|        scalar|
|p_read38_ap_vld  |   in|    1|     ap_none|          p_read38|        scalar|
|p_read39         |   in|   32|     ap_none|          p_read39|        scalar|
|p_read39_ap_vld  |   in|    1|     ap_none|          p_read39|        scalar|
|p_read40         |   in|   32|     ap_none|          p_read40|        scalar|
|p_read40_ap_vld  |   in|    1|     ap_none|          p_read40|        scalar|
|p_read41         |   in|   32|     ap_none|          p_read41|        scalar|
|p_read41_ap_vld  |   in|    1|     ap_none|          p_read41|        scalar|
|p_read42         |   in|   32|     ap_none|          p_read42|        scalar|
|p_read42_ap_vld  |   in|    1|     ap_none|          p_read42|        scalar|
|p_read43         |   in|   32|     ap_none|          p_read43|        scalar|
|p_read43_ap_vld  |   in|    1|     ap_none|          p_read43|        scalar|
|p_read44         |   in|   32|     ap_none|          p_read44|        scalar|
|p_read44_ap_vld  |   in|    1|     ap_none|          p_read44|        scalar|
|p_read45         |   in|   32|     ap_none|          p_read45|        scalar|
|p_read45_ap_vld  |   in|    1|     ap_none|          p_read45|        scalar|
|p_read46         |   in|   32|     ap_none|          p_read46|        scalar|
|p_read46_ap_vld  |   in|    1|     ap_none|          p_read46|        scalar|
|p_read47         |   in|   32|     ap_none|          p_read47|        scalar|
|p_read47_ap_vld  |   in|    1|     ap_none|          p_read47|        scalar|
|p_read48         |   in|   32|     ap_none|          p_read48|        scalar|
|p_read48_ap_vld  |   in|    1|     ap_none|          p_read48|        scalar|
|p_read49         |   in|   32|     ap_none|          p_read49|        scalar|
|p_read49_ap_vld  |   in|    1|     ap_none|          p_read49|        scalar|
|p_read50         |   in|   32|     ap_none|          p_read50|        scalar|
|p_read50_ap_vld  |   in|    1|     ap_none|          p_read50|        scalar|
|p_read51         |   in|   32|     ap_none|          p_read51|        scalar|
|p_read51_ap_vld  |   in|    1|     ap_none|          p_read51|        scalar|
|p_read52         |   in|   32|     ap_none|          p_read52|        scalar|
|p_read52_ap_vld  |   in|    1|     ap_none|          p_read52|        scalar|
|p_read53         |   in|   32|     ap_none|          p_read53|        scalar|
|p_read53_ap_vld  |   in|    1|     ap_none|          p_read53|        scalar|
|p_read54         |   in|   32|     ap_none|          p_read54|        scalar|
|p_read54_ap_vld  |   in|    1|     ap_none|          p_read54|        scalar|
|p_read55         |   in|   32|     ap_none|          p_read55|        scalar|
|p_read55_ap_vld  |   in|    1|     ap_none|          p_read55|        scalar|
|p_read56         |   in|   32|     ap_none|          p_read56|        scalar|
|p_read56_ap_vld  |   in|    1|     ap_none|          p_read56|        scalar|
|p_read57         |   in|   32|     ap_none|          p_read57|        scalar|
|p_read57_ap_vld  |   in|    1|     ap_none|          p_read57|        scalar|
|p_read58         |   in|   32|     ap_none|          p_read58|        scalar|
|p_read58_ap_vld  |   in|    1|     ap_none|          p_read58|        scalar|
|p_read59         |   in|   32|     ap_none|          p_read59|        scalar|
|p_read59_ap_vld  |   in|    1|     ap_none|          p_read59|        scalar|
|p_read60         |   in|   32|     ap_none|          p_read60|        scalar|
|p_read60_ap_vld  |   in|    1|     ap_none|          p_read60|        scalar|
|p_read61         |   in|   32|     ap_none|          p_read61|        scalar|
|p_read61_ap_vld  |   in|    1|     ap_none|          p_read61|        scalar|
|p_read62         |   in|   32|     ap_none|          p_read62|        scalar|
|p_read62_ap_vld  |   in|    1|     ap_none|          p_read62|        scalar|
|p_read63         |   in|   32|     ap_none|          p_read63|        scalar|
|p_read63_ap_vld  |   in|    1|     ap_none|          p_read63|        scalar|
|C_out_2_din      |  out|  256|     ap_fifo|           C_out_2|       pointer|
|C_out_2_full_n   |   in|    1|     ap_fifo|           C_out_2|       pointer|
|C_out_2_write    |  out|    1|     ap_fifo|           C_out_2|       pointer|
|C_out_1_din      |  out|  256|     ap_fifo|           C_out_1|       pointer|
|C_out_1_full_n   |   in|    1|     ap_fifo|           C_out_1|       pointer|
|C_out_1_write    |  out|    1|     ap_fifo|           C_out_1|       pointer|
|C_out_0_din      |  out|  256|     ap_fifo|           C_out_0|       pointer|
|C_out_0_full_n   |   in|    1|     ap_fifo|           C_out_0|       pointer|
|C_out_0_write    |  out|    1|     ap_fifo|           C_out_0|       pointer|
|C_out_3_din      |  out|  256|     ap_fifo|           C_out_3|       pointer|
|C_out_3_full_n   |   in|    1|     ap_fifo|           C_out_3|       pointer|
|C_out_3_write    |  out|    1|     ap_fifo|           C_out_3|       pointer|
|ap_clk           |   in|    1|  ap_ctrl_hs|  tile_loop_A_proc|  return value|
|ap_rst           |   in|    1|  ap_ctrl_hs|  tile_loop_A_proc|  return value|
|ap_start         |   in|    1|  ap_ctrl_hs|  tile_loop_A_proc|  return value|
|ap_done          |  out|    1|  ap_ctrl_hs|  tile_loop_A_proc|  return value|
|ap_ready         |  out|    1|  ap_ctrl_hs|  tile_loop_A_proc|  return value|
|ap_idle          |  out|    1|  ap_ctrl_hs|  tile_loop_A_proc|  return value|
|ap_continue      |   in|    1|  ap_ctrl_hs|  tile_loop_A_proc|  return value|
+-----------------+-----+-----+------------+------------------+--------------+

