

================================================================
== Vitis HLS Report for 'tm_A_Block_entry1_proc42'
================================================================
* Date:           Thu Jul 16 14:01:22 2026

* Version:        2023.2 (Build 4023990 on Oct 11 2023)
* Project:        hls_project
* Solution:       gemm2 (Vitis Kernel Flow Target)
* Product family: versalaicore
* Target device:  xcvc1902-vsva2197-2MP-e-S


================================================================
== Performance Estimates
================================================================
+ Timing: 
    * Summary: 
    +--------+---------+----------+------------+
    |  Clock |  Target | Estimated| Uncertainty|
    +--------+---------+----------+------------+
    |ap_clk  |  3.33 ns|  1.268 ns|     0.90 ns|
    +--------+---------+----------+------------+

+ Latency: 
    * Summary: 
    +---------+---------+-----------+-----------+-----+-----+---------+
    |  Latency (cycles) |   Latency (absolute)  |  Interval | Pipeline|
    |   min   |   max   |    min    |    max    | min | max |   Type  |
    +---------+---------+-----------+-----------+-----+-----+---------+
    |       24|       24|  79.992 ns|  79.992 ns|   24|   24|       no|
    +---------+---------+-----------+-----------+-----+-----+---------+

    + Detail: 
        * Instance: 
        +-----------------------------+------------------+---------+---------+-----------+-----------+-----+-----+----------+
        |                             |                  |  Latency (cycles) |   Latency (absolute)  |  Interval | Pipeline |
        |           Instance          |      Module      |   min   |   max   |    min    |    max    | min | max |   Type   |
        +-----------------------------+------------------+---------+---------+-----------+-----------+-----+-----+----------+
        |grp_load_tile_A_fu_268       |load_tile_A       |        2|        2|   6.666 ns|   6.666 ns|    3|    3|  dataflow|
        |grp_tile_A_to_stream_fu_307  |tile_A_to_stream  |       18|       18|  59.994 ns|  59.994 ns|   18|   18|        no|
        +-----------------------------+------------------+---------+---------+-----------+-----------+-----+-----+----------+

        * Loop: 
        N/A



================================================================
== Utilization Estimates
================================================================
* Summary: 
+-----------------+---------+------+---------+--------+-----+
|       Name      | BRAM_18K|  DSP |    FF   |   LUT  | URAM|
+-----------------+---------+------+---------+--------+-----+
|DSP              |        -|     -|        -|       -|    -|
|Expression       |        -|     -|        0|       8|    -|
|FIFO             |        -|     -|        -|       -|    -|
|Instance         |        -|     -|      657|    1530|    -|
|Memory           |        -|     -|        -|       -|    -|
|Multiplexer      |        -|     -|        -|    1592|    -|
|Register         |        -|     -|     2061|       -|    -|
+-----------------+---------+------+---------+--------+-----+
|Total            |        0|     0|     2718|    3130|    0|
+-----------------+---------+------+---------+--------+-----+
|Available        |     1934|  1968|  1799680|  899840|  463|
+-----------------+---------+------+---------+--------+-----+
|Utilization (%)  |        0|     0|       ~0|      ~0|    0|
+-----------------+---------+------+---------+--------+-----+

+ Detail: 
    * Instance: 
    +-----------------------------+------------------+---------+----+-----+-----+-----+
    |           Instance          |      Module      | BRAM_18K| DSP|  FF | LUT | URAM|
    +-----------------------------+------------------+---------+----+-----+-----+-----+
    |grp_load_tile_A_fu_268       |load_tile_A       |        0|   0|  516|  966|    0|
    |grp_tile_A_to_stream_fu_307  |tile_A_to_stream  |        0|   0|  141|  564|    0|
    +-----------------------------+------------------+---------+----+-----+-----+-----+
    |Total                        |                  |        0|   0|  657| 1530|    0|
    +-----------------------------+------------------+---------+----+-----+-----+-----+

    * DSP: 
    N/A

    * Memory: 
    N/A

    * FIFO: 
    N/A

    * Expression: 
    +-----------------------------------------+----------+----+---+----+------------+------------+
    |              Variable Name              | Operation| DSP| FF| LUT| Bitwidth P0| Bitwidth P1|
    +-----------------------------------------+----------+----+---+----+------------+------------+
    |ap_block_state1                          |        or|   0|  0|   2|           1|           1|
    |ap_block_state5_on_subcall_done          |        or|   0|  0|   2|           1|           1|
    |ap_sync_grp_load_tile_A_fu_268_ap_done   |        or|   0|  0|   2|           1|           1|
    |ap_sync_grp_load_tile_A_fu_268_ap_ready  |        or|   0|  0|   2|           1|           1|
    +-----------------------------------------+----------+----+---+----+------------+------------+
    |Total                                    |          |   0|  0|   8|           4|           4|
    +-----------------------------------------+----------+----+---+----+------------+------------+

    * Multiplexer: 
    +------------------------------------------------------------------------+----+-----------+-----+-----------+
    |                                  Name                                  | LUT| Input Size| Bits| Total Bits|
    +------------------------------------------------------------------------+----+-----------+-----+-----------+
    |A_BUF_0_0_ce0                                                           |   2|          2|    1|          2|
    |A_BUF_0_0_ce1                                                           |   2|          2|    1|          2|
    |A_BUF_0_1_ce0                                                           |   2|          2|    1|          2|
    |A_BUF_0_1_ce1                                                           |   2|          2|    1|          2|
    |A_BUF_0_2_ce0                                                           |   2|          2|    1|          2|
    |A_BUF_0_2_ce1                                                           |   2|          2|    1|          2|
    |A_BUF_0_3_ce0                                                           |   2|          2|    1|          2|
    |A_BUF_0_3_ce1                                                           |   2|          2|    1|          2|
    |A_BUF_1_0_ce0                                                           |   2|          2|    1|          2|
    |A_BUF_1_0_ce1                                                           |   2|          2|    1|          2|
    |A_BUF_1_1_ce0                                                           |   2|          2|    1|          2|
    |A_BUF_1_1_ce1                                                           |   2|          2|    1|          2|
    |A_BUF_1_2_ce0                                                           |   2|          2|    1|          2|
    |A_BUF_1_2_ce1                                                           |   2|          2|    1|          2|
    |A_BUF_1_3_ce0                                                           |   2|          2|    1|          2|
    |A_BUF_1_3_ce1                                                           |   2|          2|    1|          2|
    |A_stream_14_write                                                       |   2|          2|    1|          2|
    |A_stream_19_write                                                       |   2|          2|    1|          2|
    |A_stream_4_write                                                        |   2|          2|    1|          2|
    |A_stream_9_write                                                        |   2|          2|    1|          2|
    |ap_NS_fsm                                                               |  10|          9|    1|          9|
    |ap_done                                                                 |   2|          2|    1|          2|
    |grp_load_tile_A_fu_268_tileA                                            |   2|          3|    1|          3|
    |grp_tile_A_to_stream_fu_307_p_read                                      |  32|          3|   32|         96|
    |grp_tile_A_to_stream_fu_307_p_read1                                     |  32|          3|   32|         96|
    |grp_tile_A_to_stream_fu_307_p_read10                                    |  32|          3|   32|         96|
    |grp_tile_A_to_stream_fu_307_p_read11                                    |  32|          3|   32|         96|
    |grp_tile_A_to_stream_fu_307_p_read12                                    |  32|          3|   32|         96|
    |grp_tile_A_to_stream_fu_307_p_read13                                    |  32|          3|   32|         96|
    |grp_tile_A_to_stream_fu_307_p_read14                                    |  32|          3|   32|         96|
    |grp_tile_A_to_stream_fu_307_p_read15                                    |  32|          3|   32|         96|
    |grp_tile_A_to_stream_fu_307_p_read2                                     |  32|          3|   32|         96|
    |grp_tile_A_to_stream_fu_307_p_read3                                     |  32|          3|   32|         96|
    |grp_tile_A_to_stream_fu_307_p_read4                                     |  32|          3|   32|         96|
    |grp_tile_A_to_stream_fu_307_p_read5                                     |  32|          3|   32|         96|
    |grp_tile_A_to_stream_fu_307_p_read6                                     |  32|          3|   32|         96|
    |grp_tile_A_to_stream_fu_307_p_read7                                     |  32|          3|   32|         96|
    |grp_tile_A_to_stream_fu_307_p_read8                                     |  32|          3|   32|         96|
    |grp_tile_A_to_stream_fu_307_p_read9                                     |  32|          3|   32|         96|
    |p_ZZ4tm_APA4_fPA5_N3hls6streamIfLi0EEEiE6A_TILE_0_0_0_loc2_i_i_fu_130   |  32|          2|   32|         64|
    |p_ZZ4tm_APA4_fPA5_N3hls6streamIfLi0EEEiE6A_TILE_0_0_1_loc4_i_i_fu_138   |  32|          2|   32|         64|
    |p_ZZ4tm_APA4_fPA5_N3hls6streamIfLi0EEEiE6A_TILE_0_0_2_loc6_i_i_fu_146   |  32|          2|   32|         64|
    |p_ZZ4tm_APA4_fPA5_N3hls6streamIfLi0EEEiE6A_TILE_0_0_3_loc8_i_i_fu_154   |  32|          2|   32|         64|
    |p_ZZ4tm_APA4_fPA5_N3hls6streamIfLi0EEEiE6A_TILE_0_1_0_loc10_i_i_fu_162  |  32|          2|   32|         64|
    |p_ZZ4tm_APA4_fPA5_N3hls6streamIfLi0EEEiE6A_TILE_0_1_1_loc12_i_i_fu_170  |  32|          2|   32|         64|
    |p_ZZ4tm_APA4_fPA5_N3hls6streamIfLi0EEEiE6A_TILE_0_1_2_loc14_i_i_fu_178  |  32|          2|   32|         64|
    |p_ZZ4tm_APA4_fPA5_N3hls6streamIfLi0EEEiE6A_TILE_0_1_3_loc16_i_i_fu_186  |  32|          2|   32|         64|
    |p_ZZ4tm_APA4_fPA5_N3hls6streamIfLi0EEEiE6A_TILE_0_2_0_loc18_i_i_fu_194  |  32|          2|   32|         64|
    |p_ZZ4tm_APA4_fPA5_N3hls6streamIfLi0EEEiE6A_TILE_0_2_1_loc20_i_i_fu_202  |  32|          2|   32|         64|
    |p_ZZ4tm_APA4_fPA5_N3hls6streamIfLi0EEEiE6A_TILE_0_2_2_loc22_i_i_fu_210  |  32|          2|   32|         64|
    |p_ZZ4tm_APA4_fPA5_N3hls6streamIfLi0EEEiE6A_TILE_0_2_3_loc24_i_i_fu_218  |  32|          2|   32|         64|
    |p_ZZ4tm_APA4_fPA5_N3hls6streamIfLi0EEEiE6A_TILE_0_3_0_loc26_i_i_fu_226  |  32|          2|   32|         64|
    |p_ZZ4tm_APA4_fPA5_N3hls6streamIfLi0EEEiE6A_TILE_0_3_1_loc28_i_i_fu_234  |  32|          2|   32|         64|
    |p_ZZ4tm_APA4_fPA5_N3hls6streamIfLi0EEEiE6A_TILE_0_3_2_loc30_i_i_fu_242  |  32|          2|   32|         64|
    |p_ZZ4tm_APA4_fPA5_N3hls6streamIfLi0EEEiE6A_TILE_0_3_3_loc32_i_i_fu_250  |  32|          2|   32|         64|
    |p_ZZ4tm_APA4_fPA5_N3hls6streamIfLi0EEEiE6A_TILE_1_0_0_loc1_i_i_fu_126   |  32|          2|   32|         64|
    |p_ZZ4tm_APA4_fPA5_N3hls6streamIfLi0EEEiE6A_TILE_1_0_1_loc3_i_i_fu_134   |  32|          2|   32|         64|
    |p_ZZ4tm_APA4_fPA5_N3hls6streamIfLi0EEEiE6A_TILE_1_0_2_loc5_i_i_fu_142   |  32|          2|   32|         64|
    |p_ZZ4tm_APA4_fPA5_N3hls6streamIfLi0EEEiE6A_TILE_1_0_3_loc7_i_i_fu_150   |  32|          2|   32|         64|
    |p_ZZ4tm_APA4_fPA5_N3hls6streamIfLi0EEEiE6A_TILE_1_1_0_loc9_i_i_fu_158   |  32|          2|   32|         64|
    |p_ZZ4tm_APA4_fPA5_N3hls6streamIfLi0EEEiE6A_TILE_1_1_1_loc11_i_i_fu_166  |  32|          2|   32|         64|
    |p_ZZ4tm_APA4_fPA5_N3hls6streamIfLi0EEEiE6A_TILE_1_1_2_loc13_i_i_fu_174  |  32|          2|   32|         64|
    |p_ZZ4tm_APA4_fPA5_N3hls6streamIfLi0EEEiE6A_TILE_1_1_3_loc15_i_i_fu_182  |  32|          2|   32|         64|
    |p_ZZ4tm_APA4_fPA5_N3hls6streamIfLi0EEEiE6A_TILE_1_2_0_loc17_i_i_fu_190  |  32|          2|   32|         64|
    |p_ZZ4tm_APA4_fPA5_N3hls6streamIfLi0EEEiE6A_TILE_1_2_1_loc19_i_i_fu_198  |  32|          2|   32|         64|
    |p_ZZ4tm_APA4_fPA5_N3hls6streamIfLi0EEEiE6A_TILE_1_2_2_loc21_i_i_fu_206  |  32|          2|   32|         64|
    |p_ZZ4tm_APA4_fPA5_N3hls6streamIfLi0EEEiE6A_TILE_1_2_3_loc23_i_i_fu_214  |  32|          2|   32|         64|
    |p_ZZ4tm_APA4_fPA5_N3hls6streamIfLi0EEEiE6A_TILE_1_3_0_loc25_i_i_fu_222  |  32|          2|   32|         64|
    |p_ZZ4tm_APA4_fPA5_N3hls6streamIfLi0EEEiE6A_TILE_1_3_1_loc27_i_i_fu_230  |  32|          2|   32|         64|
    |p_ZZ4tm_APA4_fPA5_N3hls6streamIfLi0EEEiE6A_TILE_1_3_2_loc29_i_i_fu_238  |  32|          2|   32|         64|
    |p_ZZ4tm_APA4_fPA5_N3hls6streamIfLi0EEEiE6A_TILE_1_3_3_loc31_i_i_fu_246  |  32|          2|   32|         64|
    |t_0_c_blk_n                                                             |   2|          2|    1|          2|
    +------------------------------------------------------------------------+----+-----------+-----+-----------+
    |Total                                                                   |1592|        168| 1560|       3640|
    +------------------------------------------------------------------------+----+-----------+-----+-----------+

    * Register: 
    +------------------------------------------------------------------------+----+----+-----+-----------+
    |                                  Name                                  | FF | LUT| Bits| Const Bits|
    +------------------------------------------------------------------------+----+----+-----+-----------+
    |ap_CS_fsm                                                               |   8|   0|    8|          0|
    |ap_done_reg                                                             |   1|   0|    1|          0|
    |ap_sync_reg_grp_load_tile_A_fu_268_ap_done                              |   1|   0|    1|          0|
    |ap_sync_reg_grp_load_tile_A_fu_268_ap_ready                             |   1|   0|    1|          0|
    |grp_load_tile_A_fu_268_ap_start_reg                                     |   1|   0|    1|          0|
    |grp_tile_A_to_stream_fu_307_ap_start_reg                                |   1|   0|    1|          0|
    |p_ZZ4tm_APA4_fPA5_N3hls6streamIfLi0EEEiE6A_TILE_0_0_0                   |  32|   0|   32|          0|
    |p_ZZ4tm_APA4_fPA5_N3hls6streamIfLi0EEEiE6A_TILE_0_0_0_loc2_i_i_fu_130   |  32|   0|   32|          0|
    |p_ZZ4tm_APA4_fPA5_N3hls6streamIfLi0EEEiE6A_TILE_0_0_1                   |  32|   0|   32|          0|
    |p_ZZ4tm_APA4_fPA5_N3hls6streamIfLi0EEEiE6A_TILE_0_0_1_loc4_i_i_fu_138   |  32|   0|   32|          0|
    |p_ZZ4tm_APA4_fPA5_N3hls6streamIfLi0EEEiE6A_TILE_0_0_2                   |  32|   0|   32|          0|
    |p_ZZ4tm_APA4_fPA5_N3hls6streamIfLi0EEEiE6A_TILE_0_0_2_loc6_i_i_fu_146   |  32|   0|   32|          0|
    |p_ZZ4tm_APA4_fPA5_N3hls6streamIfLi0EEEiE6A_TILE_0_0_3                   |  32|   0|   32|          0|
    |p_ZZ4tm_APA4_fPA5_N3hls6streamIfLi0EEEiE6A_TILE_0_0_3_loc8_i_i_fu_154   |  32|   0|   32|          0|
    |p_ZZ4tm_APA4_fPA5_N3hls6streamIfLi0EEEiE6A_TILE_0_1_0                   |  32|   0|   32|          0|
    |p_ZZ4tm_APA4_fPA5_N3hls6streamIfLi0EEEiE6A_TILE_0_1_0_loc10_i_i_fu_162  |  32|   0|   32|          0|
    |p_ZZ4tm_APA4_fPA5_N3hls6streamIfLi0EEEiE6A_TILE_0_1_1                   |  32|   0|   32|          0|
    |p_ZZ4tm_APA4_fPA5_N3hls6streamIfLi0EEEiE6A_TILE_0_1_1_loc12_i_i_fu_170  |  32|   0|   32|          0|
    |p_ZZ4tm_APA4_fPA5_N3hls6streamIfLi0EEEiE6A_TILE_0_1_2                   |  32|   0|   32|          0|
    |p_ZZ4tm_APA4_fPA5_N3hls6streamIfLi0EEEiE6A_TILE_0_1_2_loc14_i_i_fu_178  |  32|   0|   32|          0|
    |p_ZZ4tm_APA4_fPA5_N3hls6streamIfLi0EEEiE6A_TILE_0_1_3                   |  32|   0|   32|          0|
    |p_ZZ4tm_APA4_fPA5_N3hls6streamIfLi0EEEiE6A_TILE_0_1_3_loc16_i_i_fu_186  |  32|   0|   32|          0|
    |p_ZZ4tm_APA4_fPA5_N3hls6streamIfLi0EEEiE6A_TILE_0_2_0                   |  32|   0|   32|          0|
    |p_ZZ4tm_APA4_fPA5_N3hls6streamIfLi0EEEiE6A_TILE_0_2_0_loc18_i_i_fu_194  |  32|   0|   32|          0|
    |p_ZZ4tm_APA4_fPA5_N3hls6streamIfLi0EEEiE6A_TILE_0_2_1                   |  32|   0|   32|          0|
    |p_ZZ4tm_APA4_fPA5_N3hls6streamIfLi0EEEiE6A_TILE_0_2_1_loc20_i_i_fu_202  |  32|   0|   32|          0|
    |p_ZZ4tm_APA4_fPA5_N3hls6streamIfLi0EEEiE6A_TILE_0_2_2                   |  32|   0|   32|          0|
    |p_ZZ4tm_APA4_fPA5_N3hls6streamIfLi0EEEiE6A_TILE_0_2_2_loc22_i_i_fu_210  |  32|   0|   32|          0|
    |p_ZZ4tm_APA4_fPA5_N3hls6streamIfLi0EEEiE6A_TILE_0_2_3                   |  32|   0|   32|          0|
    |p_ZZ4tm_APA4_fPA5_N3hls6streamIfLi0EEEiE6A_TILE_0_2_3_loc24_i_i_fu_218  |  32|   0|   32|          0|
    |p_ZZ4tm_APA4_fPA5_N3hls6streamIfLi0EEEiE6A_TILE_0_3_0                   |  32|   0|   32|          0|
    |p_ZZ4tm_APA4_fPA5_N3hls6streamIfLi0EEEiE6A_TILE_0_3_0_loc26_i_i_fu_226  |  32|   0|   32|          0|
    |p_ZZ4tm_APA4_fPA5_N3hls6streamIfLi0EEEiE6A_TILE_0_3_1                   |  32|   0|   32|          0|
    |p_ZZ4tm_APA4_fPA5_N3hls6streamIfLi0EEEiE6A_TILE_0_3_1_loc28_i_i_fu_234  |  32|   0|   32|          0|
    |p_ZZ4tm_APA4_fPA5_N3hls6streamIfLi0EEEiE6A_TILE_0_3_2                   |  32|   0|   32|          0|
    |p_ZZ4tm_APA4_fPA5_N3hls6streamIfLi0EEEiE6A_TILE_0_3_2_loc30_i_i_fu_242  |  32|   0|   32|          0|
    |p_ZZ4tm_APA4_fPA5_N3hls6streamIfLi0EEEiE6A_TILE_0_3_3                   |  32|   0|   32|          0|
    |p_ZZ4tm_APA4_fPA5_N3hls6streamIfLi0EEEiE6A_TILE_0_3_3_loc32_i_i_fu_250  |  32|   0|   32|          0|
    |p_ZZ4tm_APA4_fPA5_N3hls6streamIfLi0EEEiE6A_TILE_1_0_0                   |  32|   0|   32|          0|
    |p_ZZ4tm_APA4_fPA5_N3hls6streamIfLi0EEEiE6A_TILE_1_0_0_loc1_i_i_fu_126   |  32|   0|   32|          0|
    |p_ZZ4tm_APA4_fPA5_N3hls6streamIfLi0EEEiE6A_TILE_1_0_1                   |  32|   0|   32|          0|
    |p_ZZ4tm_APA4_fPA5_N3hls6streamIfLi0EEEiE6A_TILE_1_0_1_loc3_i_i_fu_134   |  32|   0|   32|          0|
    |p_ZZ4tm_APA4_fPA5_N3hls6streamIfLi0EEEiE6A_TILE_1_0_2                   |  32|   0|   32|          0|
    |p_ZZ4tm_APA4_fPA5_N3hls6streamIfLi0EEEiE6A_TILE_1_0_2_loc5_i_i_fu_142   |  32|   0|   32|          0|
    |p_ZZ4tm_APA4_fPA5_N3hls6streamIfLi0EEEiE6A_TILE_1_0_3                   |  32|   0|   32|          0|
    |p_ZZ4tm_APA4_fPA5_N3hls6streamIfLi0EEEiE6A_TILE_1_0_3_loc7_i_i_fu_150   |  32|   0|   32|          0|
    |p_ZZ4tm_APA4_fPA5_N3hls6streamIfLi0EEEiE6A_TILE_1_1_0                   |  32|   0|   32|          0|
    |p_ZZ4tm_APA4_fPA5_N3hls6streamIfLi0EEEiE6A_TILE_1_1_0_loc9_i_i_fu_158   |  32|   0|   32|          0|
    |p_ZZ4tm_APA4_fPA5_N3hls6streamIfLi0EEEiE6A_TILE_1_1_1                   |  32|   0|   32|          0|
    |p_ZZ4tm_APA4_fPA5_N3hls6streamIfLi0EEEiE6A_TILE_1_1_1_loc11_i_i_fu_166  |  32|   0|   32|          0|
    |p_ZZ4tm_APA4_fPA5_N3hls6streamIfLi0EEEiE6A_TILE_1_1_2                   |  32|   0|   32|          0|
    |p_ZZ4tm_APA4_fPA5_N3hls6streamIfLi0EEEiE6A_TILE_1_1_2_loc13_i_i_fu_174  |  32|   0|   32|          0|
    |p_ZZ4tm_APA4_fPA5_N3hls6streamIfLi0EEEiE6A_TILE_1_1_3                   |  32|   0|   32|          0|
    |p_ZZ4tm_APA4_fPA5_N3hls6streamIfLi0EEEiE6A_TILE_1_1_3_loc15_i_i_fu_182  |  32|   0|   32|          0|
    |p_ZZ4tm_APA4_fPA5_N3hls6streamIfLi0EEEiE6A_TILE_1_2_0                   |  32|   0|   32|          0|
    |p_ZZ4tm_APA4_fPA5_N3hls6streamIfLi0EEEiE6A_TILE_1_2_0_loc17_i_i_fu_190  |  32|   0|   32|          0|
    |p_ZZ4tm_APA4_fPA5_N3hls6streamIfLi0EEEiE6A_TILE_1_2_1                   |  32|   0|   32|          0|
    |p_ZZ4tm_APA4_fPA5_N3hls6streamIfLi0EEEiE6A_TILE_1_2_1_loc19_i_i_fu_198  |  32|   0|   32|          0|
    |p_ZZ4tm_APA4_fPA5_N3hls6streamIfLi0EEEiE6A_TILE_1_2_2                   |  32|   0|   32|          0|
    |p_ZZ4tm_APA4_fPA5_N3hls6streamIfLi0EEEiE6A_TILE_1_2_2_loc21_i_i_fu_206  |  32|   0|   32|          0|
    |p_ZZ4tm_APA4_fPA5_N3hls6streamIfLi0EEEiE6A_TILE_1_2_3                   |  32|   0|   32|          0|
    |p_ZZ4tm_APA4_fPA5_N3hls6streamIfLi0EEEiE6A_TILE_1_2_3_loc23_i_i_fu_214  |  32|   0|   32|          0|
    |p_ZZ4tm_APA4_fPA5_N3hls6streamIfLi0EEEiE6A_TILE_1_3_0                   |  32|   0|   32|          0|
    |p_ZZ4tm_APA4_fPA5_N3hls6streamIfLi0EEEiE6A_TILE_1_3_0_loc25_i_i_fu_222  |  32|   0|   32|          0|
    |p_ZZ4tm_APA4_fPA5_N3hls6streamIfLi0EEEiE6A_TILE_1_3_1                   |  32|   0|   32|          0|
    |p_ZZ4tm_APA4_fPA5_N3hls6streamIfLi0EEEiE6A_TILE_1_3_1_loc27_i_i_fu_230  |  32|   0|   32|          0|
    |p_ZZ4tm_APA4_fPA5_N3hls6streamIfLi0EEEiE6A_TILE_1_3_2                   |  32|   0|   32|          0|
    |p_ZZ4tm_APA4_fPA5_N3hls6streamIfLi0EEEiE6A_TILE_1_3_2_loc29_i_i_fu_238  |  32|   0|   32|          0|
    |p_ZZ4tm_APA4_fPA5_N3hls6streamIfLi0EEEiE6A_TILE_1_3_3                   |  32|   0|   32|          0|
    |p_ZZ4tm_APA4_fPA5_N3hls6streamIfLi0EEEiE6A_TILE_1_3_3_loc31_i_i_fu_246  |  32|   0|   32|          0|
    +------------------------------------------------------------------------+----+----+-----+-----------+
    |Total                                                                   |2061|   0| 2061|          0|
    +------------------------------------------------------------------------+----+----+-----+-----------+



================================================================
== Interface
================================================================
* Summary: 
+----------------------------+-----+-----+------------+--------------------------+--------------+
|          RTL Ports         | Dir | Bits|  Protocol  |       Source Object      |    C Type    |
+----------------------------+-----+-----+------------+--------------------------+--------------+
|ap_clk                      |   in|    1|  ap_ctrl_hs|  tm_A_Block_entry1_proc42|  return value|
|ap_rst                      |   in|    1|  ap_ctrl_hs|  tm_A_Block_entry1_proc42|  return value|
|ap_start                    |   in|    1|  ap_ctrl_hs|  tm_A_Block_entry1_proc42|  return value|
|ap_done                     |  out|    1|  ap_ctrl_hs|  tm_A_Block_entry1_proc42|  return value|
|ap_continue                 |   in|    1|  ap_ctrl_hs|  tm_A_Block_entry1_proc42|  return value|
|ap_idle                     |  out|    1|  ap_ctrl_hs|  tm_A_Block_entry1_proc42|  return value|
|ap_ready                    |  out|    1|  ap_ctrl_hs|  tm_A_Block_entry1_proc42|  return value|
|t_0                         |   in|    1|     ap_none|                       t_0|        scalar|
|A_BUF_0_0_address0          |  out|    2|   ap_memory|                 A_BUF_0_0|         array|
|A_BUF_0_0_ce0               |  out|    1|   ap_memory|                 A_BUF_0_0|         array|
|A_BUF_0_0_q0                |   in|   32|   ap_memory|                 A_BUF_0_0|         array|
|A_BUF_0_0_address1          |  out|    2|   ap_memory|                 A_BUF_0_0|         array|
|A_BUF_0_0_ce1               |  out|    1|   ap_memory|                 A_BUF_0_0|         array|
|A_BUF_0_0_q1                |   in|   32|   ap_memory|                 A_BUF_0_0|         array|
|A_BUF_0_1_address0          |  out|    2|   ap_memory|                 A_BUF_0_1|         array|
|A_BUF_0_1_ce0               |  out|    1|   ap_memory|                 A_BUF_0_1|         array|
|A_BUF_0_1_q0                |   in|   32|   ap_memory|                 A_BUF_0_1|         array|
|A_BUF_0_1_address1          |  out|    2|   ap_memory|                 A_BUF_0_1|         array|
|A_BUF_0_1_ce1               |  out|    1|   ap_memory|                 A_BUF_0_1|         array|
|A_BUF_0_1_q1                |   in|   32|   ap_memory|                 A_BUF_0_1|         array|
|A_BUF_0_2_address0          |  out|    2|   ap_memory|                 A_BUF_0_2|         array|
|A_BUF_0_2_ce0               |  out|    1|   ap_memory|                 A_BUF_0_2|         array|
|A_BUF_0_2_q0                |   in|   32|   ap_memory|                 A_BUF_0_2|         array|
|A_BUF_0_2_address1          |  out|    2|   ap_memory|                 A_BUF_0_2|         array|
|A_BUF_0_2_ce1               |  out|    1|   ap_memory|                 A_BUF_0_2|         array|
|A_BUF_0_2_q1                |   in|   32|   ap_memory|                 A_BUF_0_2|         array|
|A_BUF_0_3_address0          |  out|    2|   ap_memory|                 A_BUF_0_3|         array|
|A_BUF_0_3_ce0               |  out|    1|   ap_memory|                 A_BUF_0_3|         array|
|A_BUF_0_3_q0                |   in|   32|   ap_memory|                 A_BUF_0_3|         array|
|A_BUF_0_3_address1          |  out|    2|   ap_memory|                 A_BUF_0_3|         array|
|A_BUF_0_3_ce1               |  out|    1|   ap_memory|                 A_BUF_0_3|         array|
|A_BUF_0_3_q1                |   in|   32|   ap_memory|                 A_BUF_0_3|         array|
|A_BUF_1_0_address0          |  out|    2|   ap_memory|                 A_BUF_1_0|         array|
|A_BUF_1_0_ce0               |  out|    1|   ap_memory|                 A_BUF_1_0|         array|
|A_BUF_1_0_q0                |   in|   32|   ap_memory|                 A_BUF_1_0|         array|
|A_BUF_1_0_address1          |  out|    2|   ap_memory|                 A_BUF_1_0|         array|
|A_BUF_1_0_ce1               |  out|    1|   ap_memory|                 A_BUF_1_0|         array|
|A_BUF_1_0_q1                |   in|   32|   ap_memory|                 A_BUF_1_0|         array|
|A_BUF_1_1_address0          |  out|    2|   ap_memory|                 A_BUF_1_1|         array|
|A_BUF_1_1_ce0               |  out|    1|   ap_memory|                 A_BUF_1_1|         array|
|A_BUF_1_1_q0                |   in|   32|   ap_memory|                 A_BUF_1_1|         array|
|A_BUF_1_1_address1          |  out|    2|   ap_memory|                 A_BUF_1_1|         array|
|A_BUF_1_1_ce1               |  out|    1|   ap_memory|                 A_BUF_1_1|         array|
|A_BUF_1_1_q1                |   in|   32|   ap_memory|                 A_BUF_1_1|         array|
|A_BUF_1_2_address0          |  out|    2|   ap_memory|                 A_BUF_1_2|         array|
|A_BUF_1_2_ce0               |  out|    1|   ap_memory|                 A_BUF_1_2|         array|
|A_BUF_1_2_q0                |   in|   32|   ap_memory|                 A_BUF_1_2|         array|
|A_BUF_1_2_address1          |  out|    2|   ap_memory|                 A_BUF_1_2|         array|
|A_BUF_1_2_ce1               |  out|    1|   ap_memory|                 A_BUF_1_2|         array|
|A_BUF_1_2_q1                |   in|   32|   ap_memory|                 A_BUF_1_2|         array|
|A_BUF_1_3_address0          |  out|    2|   ap_memory|                 A_BUF_1_3|         array|
|A_BUF_1_3_ce0               |  out|    1|   ap_memory|                 A_BUF_1_3|         array|
|A_BUF_1_3_q0                |   in|   32|   ap_memory|                 A_BUF_1_3|         array|
|A_BUF_1_3_address1          |  out|    2|   ap_memory|                 A_BUF_1_3|         array|
|A_BUF_1_3_ce1               |  out|    1|   ap_memory|                 A_BUF_1_3|         array|
|A_BUF_1_3_q1                |   in|   32|   ap_memory|                 A_BUF_1_3|         array|
|A_stream_19_din             |  out|   32|     ap_fifo|               A_stream_19|       pointer|
|A_stream_19_num_data_valid  |   in|    3|     ap_fifo|               A_stream_19|       pointer|
|A_stream_19_fifo_cap        |   in|    3|     ap_fifo|               A_stream_19|       pointer|
|A_stream_19_full_n          |   in|    1|     ap_fifo|               A_stream_19|       pointer|
|A_stream_19_write           |  out|    1|     ap_fifo|               A_stream_19|       pointer|
|A_stream_14_din             |  out|   32|     ap_fifo|               A_stream_14|       pointer|
|A_stream_14_num_data_valid  |   in|    3|     ap_fifo|               A_stream_14|       pointer|
|A_stream_14_fifo_cap        |   in|    3|     ap_fifo|               A_stream_14|       pointer|
|A_stream_14_full_n          |   in|    1|     ap_fifo|               A_stream_14|       pointer|
|A_stream_14_write           |  out|    1|     ap_fifo|               A_stream_14|       pointer|
|A_stream_9_din              |  out|   32|     ap_fifo|                A_stream_9|       pointer|
|A_stream_9_num_data_valid   |   in|    3|     ap_fifo|                A_stream_9|       pointer|
|A_stream_9_fifo_cap         |   in|    3|     ap_fifo|                A_stream_9|       pointer|
|A_stream_9_full_n           |   in|    1|     ap_fifo|                A_stream_9|       pointer|
|A_stream_9_write            |  out|    1|     ap_fifo|                A_stream_9|       pointer|
|A_stream_4_din              |  out|   32|     ap_fifo|                A_stream_4|       pointer|
|A_stream_4_num_data_valid   |   in|    3|     ap_fifo|                A_stream_4|       pointer|
|A_stream_4_fifo_cap         |   in|    3|     ap_fifo|                A_stream_4|       pointer|
|A_stream_4_full_n           |   in|    1|     ap_fifo|                A_stream_4|       pointer|
|A_stream_4_write            |  out|    1|     ap_fifo|                A_stream_4|       pointer|
|t_0_c_din                   |  out|    1|     ap_fifo|                     t_0_c|       pointer|
|t_0_c_num_data_valid        |   in|    5|     ap_fifo|                     t_0_c|       pointer|
|t_0_c_fifo_cap              |   in|    5|     ap_fifo|                     t_0_c|       pointer|
|t_0_c_full_n                |   in|    1|     ap_fifo|                     t_0_c|       pointer|
|t_0_c_write                 |  out|    1|     ap_fifo|                     t_0_c|       pointer|
+----------------------------+-----+-----+------------+--------------------------+--------------+

